Java HotSpot(TM) 64-Bit Server VM (25.111-b14) for windows-amd64 JRE (1.8.0_111-b14), built on Sep 22 2016 19:24:05 by "java_re" with MS VC++ 10.0 (VS2010)
Memory: 4k page, physical 16717800k(11160148k free), swap 33433764k(26804260k free)
CommandLine flags: -XX:GCLogFileSize=1048576 -XX:+HeapDumpOnOutOfMemoryError -XX:HeapDumpPath=./dump/ -XX:InitialHeapSize=536870912 -XX:+ManagementServer -XX:MaxHeapSize=536870912 -XX:NumberOfGCLogFiles=10 -XX:+PrintGC -XX:+PrintGCDateStamps -XX:+PrintGCDetails -XX:+PrintGCTimeStamps -XX:+UseCompressedClassPointers -XX:+UseCompressedOops -XX:+UseGCLogFileRotation -XX:-UseLargePagesIndividualAllocation -XX:+UseParallelGC -XX:+UseParallelOldGC 
2017-12-12T19:40:53.079+0300: 2.975: [GC (Allocation Failure) [PSYoungGen: 115758K->21499K(153088K)] 115758K->76292K(502784K), 0.0902370 secs] [Times: user=0.31 sys=0.00, real=0.09 secs] 
2017-12-12T19:41:09.688+0300: 19.584: [GC (Allocation Failure) [PSYoungGen: 153083K->21504K(153088K)] 207876K->170366K(502784K), 0.1333341 secs] [Times: user=0.55 sys=0.00, real=0.13 secs] 
2017-12-12T19:41:30.437+0300: 40.333: [GC (Allocation Failure) [PSYoungGen: 136108K->21472K(153088K)] 284970K->279453K(502784K), 0.1560875 secs] [Times: user=0.73 sys=0.03, real=0.16 secs] 
2017-12-12T19:41:30.594+0300: 40.489: [Full GC (Ergonomics) [PSYoungGen: 21472K->0K(153088K)] [ParOldGen: 257981K->254479K(349696K)] 279453K->254479K(502784K), [Metaspace: 9463K->9463K(1058816K)], 1.7698607 secs] [Times: user=6.79 sys=0.01, real=1.77 secs] 
2017-12-12T19:41:59.873+0300: 69.768: [Full GC (Ergonomics) [PSYoungGen: 131584K->0K(153088K)] [ParOldGen: 254479K->346605K(349696K)] 386063K->346605K(502784K), [Metaspace: 9574K->9574K(1058816K)], 1.7680831 secs] [Times: user=11.84 sys=0.01, real=1.77 secs] 
2017-12-12T19:42:23.229+0300: 93.125: [Full GC (Ergonomics) [PSYoungGen: 131584K->94421K(153088K)] [ParOldGen: 346605K->326552K(349696K)] 478189K->420974K(502784K), [Metaspace: 9649K->9649K(1058816K)], 4.6940989 secs] [Times: user=30.28 sys=0.00, real=4.69 secs] 
2017-12-12T19:42:39.876+0300: 109.771: [Full GC (Ergonomics) [PSYoungGen: 131584K->130396K(153088K)] [ParOldGen: 326552K->326527K(349696K)] 458136K->456923K(502784K), [Metaspace: 9654K->9654K(1058816K)], 4.9351219 secs] [Times: user=34.23 sys=0.05, real=4.94 secs] 
2017-12-12T19:42:44.811+0300: 114.707: [Full GC (Ergonomics) [PSYoungGen: 131584K->130486K(153088K)] [ParOldGen: 326527K->326167K(349696K)] 458111K->456653K(502784K), [Metaspace: 9654K->9533K(1058816K)], 2.1017098 secs] [Times: user=14.46 sys=0.01, real=2.10 secs] 
2017-12-12T19:42:46.913+0300: 116.809: [Full GC (Ergonomics) [PSYoungGen: 131584K->130595K(153088K)] [ParOldGen: 326167K->326167K(349696K)] 457751K->456762K(502784K), [Metaspace: 9533K->9533K(1058816K)], 1.5323934 secs] [Times: user=10.36 sys=0.00, real=1.53 secs] 
2017-12-12T19:42:48.446+0300: 118.341: [Full GC (Ergonomics) [PSYoungGen: 131584K->130680K(153088K)] [ParOldGen: 326167K->326167K(349696K)] 457751K->456847K(502784K), [Metaspace: 9533K->9533K(1058816K)], 1.4316712 secs] [Times: user=9.67 sys=0.02, real=1.43 secs] 
2017-12-12T19:43:01.539+0300: 131.434: [Full GC (Ergonomics) [PSYoungGen: 131584K->131226K(153088K)] [ParOldGen: 326167K->326142K(349696K)] 457751K->457368K(502784K), [Metaspace: 9540K->9540K(1058816K)], 2.8164432 secs] [Times: user=19.41 sys=0.05, real=2.82 secs] 
2017-12-12T19:43:04.355+0300: 134.251: [Full GC (Ergonomics) [PSYoungGen: 131584K->131227K(153088K)] [ParOldGen: 326142K->326142K(349696K)] 457726K->457370K(502784K), [Metaspace: 9540K->9540K(1058816K)], 1.4107328 secs] [Times: user=9.17 sys=0.03, real=1.41 secs] 
2017-12-12T19:43:05.766+0300: 135.662: [Full GC (Ergonomics) [PSYoungGen: 131584K->131230K(153088K)] [ParOldGen: 326142K->326139K(349696K)] 457726K->457370K(502784K), [Metaspace: 9540K->9540K(1058816K)], 1.3438439 secs] [Times: user=8.75 sys=0.05, real=1.34 secs] 
2017-12-12T19:43:07.110+0300: 137.006: [Full GC (Ergonomics) [PSYoungGen: 131584K->131233K(153088K)] [ParOldGen: 326139K->326138K(349696K)] 457723K->457372K(502784K), [Metaspace: 9540K->9540K(1058816K)], 3.2110589 secs] [Times: user=22.71 sys=0.01, real=3.21 secs] 
2017-12-12T19:43:10.323+0300: 140.218: [Full GC (Ergonomics) [PSYoungGen: 131584K->131233K(153088K)] [ParOldGen: 326138K->326138K(349696K)] 457722K->457372K(502784K), [Metaspace: 9540K->9540K(1058816K)], 1.3511314 secs] [Times: user=8.81 sys=0.00, real=1.35 secs] 
2017-12-12T19:43:11.674+0300: 141.569: [Full GC (Ergonomics) [PSYoungGen: 131584K->131232K(153088K)] [ParOldGen: 326138K->326138K(349696K)] 457722K->457371K(502784K), [Metaspace: 9540K->9540K(1058816K)], 1.4167134 secs] [Times: user=9.16 sys=0.05, real=1.42 secs] 
2017-12-12T19:43:13.091+0300: 142.987: [Full GC (Ergonomics) [PSYoungGen: 131584K->131573K(153088K)] [ParOldGen: 326138K->326138K(349696K)] 457722K->457712K(502784K), [Metaspace: 9541K->9541K(1058816K)], 1.3719521 secs] [Times: user=9.28 sys=0.02, real=1.37 secs] 
2017-12-12T19:43:14.464+0300: 144.359: [Full GC (Ergonomics) [PSYoungGen: 131584K->131573K(153088K)] [ParOldGen: 326138K->326138K(349696K)] 457722K->457712K(502784K), [Metaspace: 9541K->9541K(1058816K)], 1.3695835 secs] [Times: user=8.95 sys=0.01, real=1.37 secs] 
2017-12-12T19:43:15.833+0300: 145.729: [Full GC (Ergonomics) [PSYoungGen: 131584K->131583K(153088K)] [ParOldGen: 326138K->326138K(349696K)] 457722K->457722K(502784K), [Metaspace: 9541K->9541K(1058816K)], 1.3949051 secs] [Times: user=9.36 sys=0.02, real=1.39 secs] 
2017-12-12T19:43:17.228+0300: 147.124: [Full GC (Ergonomics) [PSYoungGen: 131583K->131583K(153088K)] [ParOldGen: 326138K->326138K(349696K)] 457722K->457722K(502784K), [Metaspace: 9541K->9541K(1058816K)], 1.3711572 secs] [Times: user=8.78 sys=0.05, real=1.37 secs] 
2017-12-12T19:43:18.600+0300: 148.495: [Full GC (Ergonomics) [PSYoungGen: 131584K->131583K(153088K)] [ParOldGen: 326138K->326138K(349696K)] 457722K->457722K(502784K), [Metaspace: 9541K->9541K(1058816K)], 1.4326634 secs] [Times: user=9.84 sys=0.03, real=1.43 secs] 
2017-12-12T19:43:20.033+0300: 149.928: [Full GC (Ergonomics) [PSYoungGen: 131583K->131583K(153088K)] [ParOldGen: 326140K->326140K(349696K)] 457724K->457724K(502784K), [Metaspace: 9541K->9541K(1058816K)], 1.3728017 secs] [Times: user=9.03 sys=0.00, real=1.37 secs] 
2017-12-12T19:43:21.406+0300: 151.301: [Full GC (Ergonomics) [PSYoungGen: 131584K->131584K(153088K)] [ParOldGen: 326141K->326141K(349696K)] 457725K->457725K(502784K), [Metaspace: 9541K->9541K(1058816K)], 1.3718512 secs] [Times: user=8.95 sys=0.02, real=1.37 secs] 
2017-12-12T19:43:22.778+0300: 152.673: [Full GC (Ergonomics) [PSYoungGen: 131584K->131583K(153088K)] [ParOldGen: 326143K->326143K(349696K)] 457727K->457727K(502784K), [Metaspace: 9541K->9541K(1058816K)], 1.3574418 secs] [Times: user=8.78 sys=0.05, real=1.36 secs] 
2017-12-12T19:43:24.135+0300: 154.031: [Full GC (Ergonomics) [PSYoungGen: 131584K->131583K(153088K)] [ParOldGen: 326143K->326143K(349696K)] 457727K->457727K(502784K), [Metaspace: 9541K->9541K(1058816K)], 1.3716975 secs] [Times: user=9.16 sys=0.02, real=1.37 secs] 
2017-12-12T19:43:25.507+0300: 155.403: [Full GC (Ergonomics) [PSYoungGen: 131583K->131583K(153088K)] [ParOldGen: 326143K->326143K(349696K)] 457727K->457727K(502784K), [Metaspace: 9541K->9541K(1058816K)], 1.3707829 secs] [Times: user=9.00 sys=0.00, real=1.37 secs] 
2017-12-12T19:43:26.878+0300: 156.774: [Full GC (Ergonomics) [PSYoungGen: 131583K->131583K(153088K)] [ParOldGen: 326144K->326144K(349696K)] 457728K->457728K(502784K), [Metaspace: 9541K->9541K(1058816K)], 1.4352470 secs] [Times: user=9.63 sys=0.03, real=1.44 secs] 
2017-12-12T19:43:28.314+0300: 158.209: [Full GC (Ergonomics) [PSYoungGen: 131584K->131584K(153088K)] [ParOldGen: 326144K->326144K(349696K)] 457728K->457728K(502784K), [Metaspace: 9541K->9541K(1058816K)], 1.4167966 secs] [Times: user=9.16 sys=0.02, real=1.42 secs] 
2017-12-12T19:43:29.732+0300: 159.627: [Full GC (Ergonomics) [PSYoungGen: 131584K->131583K(153088K)] [ParOldGen: 326155K->326142K(349696K)] 457739K->457726K(502784K), [Metaspace: 9542K->9519K(1058816K)], 3.2537566 secs] [Times: user=23.09 sys=0.06, real=3.25 secs] 
2017-12-12T19:43:32.986+0300: 162.881: [Full GC (Ergonomics) [PSYoungGen: 131584K->131584K(153088K)] [ParOldGen: 326143K->326143K(349696K)] 457727K->457727K(502784K), [Metaspace: 9519K->9519K(1058816K)], 1.4138526 secs] [Times: user=9.17 sys=0.00, real=1.41 secs] 
2017-12-12T19:43:34.400+0300: 164.295: [Full GC (Ergonomics) [PSYoungGen: 131584K->131584K(153088K)] [ParOldGen: 326144K->326144K(349696K)] 457728K->457728K(502784K), [Metaspace: 9519K->9519K(1058816K)], 1.3734312 secs] [Times: user=8.91 sys=0.03, real=1.37 secs] 
2017-12-12T19:43:35.773+0300: 165.669: [Full GC (Ergonomics) [PSYoungGen: 131584K->131584K(153088K)] [ParOldGen: 326146K->326146K(349696K)] 457730K->457730K(502784K), [Metaspace: 9519K->9519K(1058816K)], 1.4114615 secs] [Times: user=9.34 sys=0.02, real=1.41 secs] 
2017-12-12T19:43:37.185+0300: 167.080: [Full GC (Ergonomics) [PSYoungGen: 131584K->131584K(153088K)] [ParOldGen: 326147K->326147K(349696K)] 457731K->457731K(502784K), [Metaspace: 9519K->9519K(1058816K)], 1.3539413 secs] [Times: user=8.81 sys=0.00, real=1.35 secs] 
2017-12-12T19:43:38.539+0300: 168.434: [Full GC (Ergonomics) [PSYoungGen: 131584K->131583K(153088K)] [ParOldGen: 326149K->326149K(349696K)] 457733K->457733K(502784K), [Metaspace: 9519K->9519K(1058816K)], 1.4381986 secs] [Times: user=9.89 sys=0.00, real=1.44 secs] 
2017-12-12T19:43:39.977+0300: 169.873: [Full GC (Ergonomics) [PSYoungGen: 131583K->131583K(153088K)] [ParOldGen: 326150K->326150K(349696K)] 457734K->457734K(502784K), [Metaspace: 9519K->9519K(1058816K)], 1.3754198 secs] [Times: user=8.94 sys=0.01, real=1.38 secs] 
2017-12-12T19:43:41.353+0300: 171.249: [Full GC (Ergonomics) [PSYoungGen: 131583K->131583K(153088K)] [ParOldGen: 326152K->326134K(349696K)] 457736K->457718K(502784K), [Metaspace: 9519K->9519K(1058816K)], 3.1647261 secs] [Times: user=22.20 sys=0.03, real=3.16 secs] 
2017-12-12T19:43:44.518+0300: 174.414: [Full GC (Ergonomics) [PSYoungGen: 131584K->131584K(153088K)] [ParOldGen: 326144K->326144K(349696K)] 457728K->457728K(502784K), [Metaspace: 9519K->9519K(1058816K)], 1.4327868 secs] [Times: user=9.81 sys=0.00, real=1.43 secs] 
2017-12-12T19:43:45.952+0300: 175.847: [Full GC (Ergonomics) [PSYoungGen: 131584K->131584K(153088K)] [ParOldGen: 326146K->326146K(349696K)] 457730K->457730K(502784K), [Metaspace: 9519K->9519K(1058816K)], 1.3747960 secs] [Times: user=9.33 sys=0.02, real=1.38 secs] 
2017-12-12T19:43:47.327+0300: 177.222: [Full GC (Ergonomics) [PSYoungGen: 131584K->131584K(153088K)] [ParOldGen: 326147K->326147K(349696K)] 457731K->457731K(502784K), [Metaspace: 9519K->9519K(1058816K)], 1.3651849 secs] [Times: user=8.92 sys=0.03, real=1.37 secs] 
2017-12-12T19:43:48.692+0300: 178.587: [Full GC (Ergonomics) [PSYoungGen: 131584K->131584K(153088K)] [ParOldGen: 326149K->326148K(349696K)] 457733K->457732K(502784K), [Metaspace: 9519K->9519K(1058816K)], 1.3666823 secs] [Times: user=8.97 sys=0.02, real=1.37 secs] 
2017-12-12T19:43:50.059+0300: 179.954: [Full GC (Ergonomics) [PSYoungGen: 131584K->131584K(153088K)] [ParOldGen: 326150K->326150K(349696K)] 457734K->457734K(502784K), [Metaspace: 9519K->9519K(1058816K)], 1.3707108 secs] [Times: user=9.16 sys=0.02, real=1.37 secs] 
2017-12-12T19:43:51.430+0300: 181.325: [Full GC (Ergonomics) [PSYoungGen: 131584K->131584K(153088K)] [ParOldGen: 326151K->326151K(349696K)] 457735K->457735K(502784K), [Metaspace: 9519K->9519K(1058816K)], 1.4077837 secs] [Times: user=9.25 sys=0.03, real=1.41 secs] 
2017-12-12T19:43:52.838+0300: 182.733: [Full GC (Ergonomics) [PSYoungGen: 131584K->131584K(153088K)] [ParOldGen: 326153K->326153K(349696K)] 457737K->457737K(502784K), [Metaspace: 9519K->9519K(1058816K)], 1.3730275 secs] [Times: user=9.13 sys=0.03, real=1.37 secs] 
2017-12-12T19:43:54.211+0300: 184.106: [Full GC (Ergonomics) [PSYoungGen: 131584K->131583K(153088K)] [ParOldGen: 326154K->326152K(349696K)] 457738K->457736K(502784K), [Metaspace: 9519K->9515K(1058816K)], 3.2644410 secs] [Times: user=23.20 sys=0.03, real=3.26 secs] 
2017-12-12T19:43:57.476+0300: 187.371: [Full GC (Ergonomics) [PSYoungGen: 131583K->131583K(153088K)] [ParOldGen: 326152K->326152K(349696K)] 457736K->457736K(502784K), [Metaspace: 9515K->9515K(1058816K)], 1.4388398 secs] [Times: user=10.11 sys=0.02, real=1.44 secs] 
2017-12-12T19:43:58.915+0300: 188.810: [Full GC (Ergonomics) [PSYoungGen: 131583K->131583K(153088K)] [ParOldGen: 326154K->326154K(349696K)] 457738K->457738K(502784K), [Metaspace: 9515K->9515K(1058816K)], 1.4171008 secs] [Times: user=9.94 sys=0.01, real=1.42 secs] 
2017-12-12T19:44:00.332+0300: 190.228: [Full GC (Ergonomics) [PSYoungGen: 131583K->131583K(153088K)] [ParOldGen: 326155K->326155K(349696K)] 457739K->457739K(502784K), [Metaspace: 9515K->9515K(1058816K)], 1.3923232 secs] [Times: user=9.36 sys=0.05, real=1.39 secs] 
2017-12-12T19:44:01.724+0300: 191.620: [Full GC (Ergonomics) [PSYoungGen: 131583K->131583K(153088K)] [ParOldGen: 326157K->326157K(349696K)] 457741K->457741K(502784K), [Metaspace: 9515K->9515K(1058816K)], 1.3679524 secs] [Times: user=9.25 sys=0.00, real=1.37 secs] 
2017-12-12T19:44:03.094+0300: 192.988: [Full GC (Ergonomics) [PSYoungGen: 131583K->131583K(153088K)] [ParOldGen: 326159K->326159K(349696K)] 457743K->457743K(502784K), [Metaspace: 9515K->9515K(1058816K)], 1.3660750 secs] [Times: user=8.83 sys=0.03, real=1.37 secs] 
2017-12-12T19:44:04.460+0300: 194.355: [Full GC (Ergonomics) [PSYoungGen: 131583K->131583K(153088K)] [ParOldGen: 326162K->326162K(349696K)] 457746K->457746K(502784K), [Metaspace: 9515K->9515K(1058816K)], 1.3638224 secs] [Times: user=8.97 sys=0.00, real=1.36 secs] 
2017-12-12T19:44:05.824+0300: 195.719: [Full GC (Ergonomics) [PSYoungGen: 131583K->131583K(153088K)] [ParOldGen: 326163K->326163K(349696K)] 457747K->457747K(502784K), [Metaspace: 9515K->9515K(1058816K)], 1.3234526 secs] [Times: user=8.75 sys=0.00, real=1.32 secs] 
2017-12-12T19:44:07.148+0300: 197.043: [Full GC (Ergonomics) [PSYoungGen: 131583K->131583K(153088K)] [ParOldGen: 326165K->326165K(349696K)] 457749K->457749K(502784K), [Metaspace: 9515K->9515K(1058816K)], 1.3259144 secs] [Times: user=8.74 sys=0.03, real=1.33 secs] 
2017-12-12T19:44:08.474+0300: 198.369: [Full GC (Ergonomics) [PSYoungGen: 131583K->131583K(153088K)] [ParOldGen: 326166K->326166K(349696K)] 457750K->457750K(502784K), [Metaspace: 9515K->9515K(1058816K)], 1.3320256 secs] [Times: user=8.64 sys=0.05, real=1.33 secs] 
2017-12-12T19:44:09.806+0300: 199.701: [Full GC (Ergonomics) [PSYoungGen: 131583K->131583K(153088K)] [ParOldGen: 326168K->326159K(349696K)] 457752K->457743K(502784K), [Metaspace: 9515K->9496K(1058816K)], 3.2580921 secs] [Times: user=23.02 sys=0.05, real=3.26 secs] 
2017-12-12T19:44:13.064+0300: 202.959: [Full GC (Ergonomics) [PSYoungGen: 131583K->131583K(153088K)] [ParOldGen: 326160K->326160K(349696K)] 457744K->457744K(502784K), [Metaspace: 9496K->9496K(1058816K)], 1.3698435 secs] [Times: user=8.99 sys=0.00, real=1.37 secs] 
2017-12-12T19:44:14.434+0300: 204.329: [Full GC (Ergonomics) [PSYoungGen: 131583K->131583K(153088K)] [ParOldGen: 326162K->326162K(349696K)] 457746K->457746K(502784K), [Metaspace: 9496K->9496K(1058816K)], 1.4136228 secs] [Times: user=9.20 sys=0.00, real=1.41 secs] 
2017-12-12T19:44:15.848+0300: 205.743: [Full GC (Ergonomics) [PSYoungGen: 131583K->131583K(153088K)] [ParOldGen: 326162K->326152K(349696K)] 457746K->457736K(502784K), [Metaspace: 9496K->9481K(1058816K)], 3.1739514 secs] [Times: user=22.46 sys=0.02, real=3.17 secs] 
2017-12-12T19:44:19.022+0300: 208.918: [Full GC (Ergonomics) [PSYoungGen: 131583K->131583K(153088K)] [ParOldGen: 326153K->326153K(349696K)] 457737K->457737K(502784K), [Metaspace: 9481K->9481K(1058816K)], 1.4320752 secs] [Times: user=9.72 sys=0.01, real=1.43 secs] 
2017-12-12T19:44:20.455+0300: 210.350: [Full GC (Ergonomics) [PSYoungGen: 131584K->131584K(153088K)] [ParOldGen: 326153K->326153K(349696K)] 457737K->457737K(502784K), [Metaspace: 9481K->9481K(1058816K)], 1.4137235 secs] [Times: user=9.64 sys=0.02, real=1.41 secs] 
2017-12-12T19:44:21.869+0300: 211.764: [Full GC (Ergonomics) [PSYoungGen: 131584K->131584K(153088K)] [ParOldGen: 326157K->326156K(349696K)] 457741K->457740K(502784K), [Metaspace: 9481K->9481K(1058816K)], 1.3620166 secs] [Times: user=8.94 sys=0.01, real=1.36 secs] 
2017-12-12T19:44:23.232+0300: 213.127: [Full GC (Ergonomics) [PSYoungGen: 131584K->131584K(153088K)] [ParOldGen: 326158K->326158K(349696K)] 457742K->457742K(502784K), [Metaspace: 9481K->9481K(1058816K)], 1.3715030 secs] [Times: user=9.06 sys=0.02, real=1.37 secs] 
2017-12-12T19:44:24.603+0300: 214.498: [Full GC (Ergonomics) [PSYoungGen: 131584K->131584K(153088K)] [ParOldGen: 326159K->326159K(349696K)] 457743K->457743K(502784K), [Metaspace: 9481K->9481K(1058816K)], 1.3175247 secs] [Times: user=8.61 sys=0.02, real=1.32 secs] 
2017-12-12T19:44:25.921+0300: 215.816: [Full GC (Ergonomics) [PSYoungGen: 131584K->131584K(153088K)] [ParOldGen: 326161K->326161K(349696K)] 457745K->457745K(502784K), [Metaspace: 9481K->9481K(1058816K)], 1.4047260 secs] [Times: user=9.02 sys=0.01, real=1.40 secs] 
2017-12-12T19:44:27.326+0300: 217.221: [Full GC (Ergonomics) [PSYoungGen: 131584K->131584K(153088K)] [ParOldGen: 326162K->326162K(349696K)] 457746K->457746K(502784K), [Metaspace: 9481K->9481K(1058816K)], 1.3564451 secs] [Times: user=8.64 sys=0.03, real=1.36 secs] 
2017-12-12T19:44:28.683+0300: 218.578: [Full GC (Ergonomics) [PSYoungGen: 131584K->131584K(153088K)] [ParOldGen: 326164K->326164K(349696K)] 457748K->457748K(502784K), [Metaspace: 9481K->9481K(1058816K)], 1.3654264 secs] [Times: user=9.03 sys=0.03, real=1.37 secs] 
2017-12-12T19:44:30.048+0300: 219.943: [Full GC (Ergonomics) [PSYoungGen: 131584K->131584K(153088K)] [ParOldGen: 326167K->326167K(349696K)] 457751K->457751K(502784K), [Metaspace: 9481K->9481K(1058816K)], 3.2094991 secs] [Times: user=22.68 sys=0.03, real=3.21 secs] 
2017-12-12T19:44:33.258+0300: 223.153: [Full GC (Ergonomics) [PSYoungGen: 131584K->131584K(153088K)] [ParOldGen: 326168K->326168K(349696K)] 457752K->457752K(502784K), [Metaspace: 9481K->9481K(1058816K)], 1.4150635 secs] [Times: user=9.44 sys=0.01, real=1.42 secs] 
2017-12-12T19:44:34.673+0300: 224.569: [Full GC (Ergonomics) [PSYoungGen: 131584K->131584K(153088K)] [ParOldGen: 326170K->326170K(349696K)] 457754K->457754K(502784K), [Metaspace: 9481K->9481K(1058816K)], 1.4333328 secs] [Times: user=10.00 sys=0.03, real=1.43 secs] 
2017-12-12T19:44:36.107+0300: 226.002: [Full GC (Ergonomics) [PSYoungGen: 131584K->131584K(153088K)] [ParOldGen: 326171K->326171K(349696K)] 457755K->457755K(502784K), [Metaspace: 9481K->9481K(1058816K)], 1.4158096 secs] [Times: user=9.36 sys=0.03, real=1.42 secs] 
2017-12-12T19:44:37.524+0300: 227.418: [Full GC (Ergonomics) [PSYoungGen: 131584K->131584K(153088K)] [ParOldGen: 326173K->326173K(349696K)] 457757K->457757K(502784K), [Metaspace: 9481K->9481K(1058816K)], 1.4141010 secs] [Times: user=9.73 sys=0.02, real=1.41 secs] 
2017-12-12T19:44:38.938+0300: 228.833: [Full GC (Ergonomics) [PSYoungGen: 131584K->131584K(153088K)] [ParOldGen: 326174K->326174K(349696K)] 457758K->457758K(502784K), [Metaspace: 9481K->9481K(1058816K)], 1.5202549 secs] [Times: user=9.95 sys=0.05, real=1.52 secs] 
2017-12-12T19:44:40.458+0300: 230.353: [Full GC (Ergonomics) [PSYoungGen: 131584K->131584K(153088K)] [ParOldGen: 326176K->326176K(349696K)] 457760K->457760K(502784K), [Metaspace: 9481K->9481K(1058816K)], 1.3320837 secs] [Times: user=8.81 sys=0.02, real=1.33 secs] 
2017-12-12T19:44:41.791+0300: 231.685: [Full GC (Ergonomics) [PSYoungGen: 131584K->131584K(153088K)] [ParOldGen: 326177K->326177K(349696K)] 457761K->457761K(502784K), [Metaspace: 9481K->9481K(1058816K)], 1.5646966 secs] [Times: user=10.37 sys=0.08, real=1.56 secs] 
2017-12-12T19:44:43.355+0300: 233.250: [Full GC (Ergonomics) [PSYoungGen: 131584K->131584K(153088K)] [ParOldGen: 326179K->326179K(349696K)] 457763K->457763K(502784K), [Metaspace: 9481K->9481K(1058816K)], 1.4141012 secs] [Times: user=9.27 sys=0.02, real=1.41 secs] 
2017-12-12T19:44:44.770+0300: 234.665: [Full GC (Ergonomics) [PSYoungGen: 131584K->131584K(153088K)] [ParOldGen: 326181K->326180K(349696K)] 457765K->457764K(502784K), [Metaspace: 9482K->9482K(1058816K)], 3.2456297 secs] [Times: user=23.31 sys=0.02, real=3.25 secs] 
2017-12-12T19:44:48.015+0300: 237.911: [Full GC (Ergonomics) [PSYoungGen: 131584K->131584K(153088K)] [ParOldGen: 326182K->326182K(349696K)] 457766K->457766K(502784K), [Metaspace: 9482K->9482K(1058816K)], 1.3677001 secs] [Times: user=9.02 sys=0.03, real=1.37 secs] 
2017-12-12T19:44:49.383+0300: 239.278: [Full GC (Ergonomics) [PSYoungGen: 131584K->131584K(153088K)] [ParOldGen: 326184K->326183K(349696K)] 457768K->457767K(502784K), [Metaspace: 9482K->9482K(1058816K)], 3.2247654 secs] [Times: user=22.46 sys=0.08, real=3.23 secs] 
2017-12-12T19:44:52.608+0300: 242.503: [Full GC (Ergonomics) [PSYoungGen: 131584K->131584K(153088K)] [ParOldGen: 326184K->326184K(349696K)] 457768K->457768K(502784K), [Metaspace: 9482K->9482K(1058816K)], 1.3406297 secs] [Times: user=8.88 sys=0.06, real=1.34 secs] 
2017-12-12T19:44:53.949+0300: 243.844: [Full GC (Ergonomics) [PSYoungGen: 131584K->131584K(153088K)] [ParOldGen: 326186K->326186K(349696K)] 457770K->457770K(502784K), [Metaspace: 9482K->9482K(1058816K)], 1.3695815 secs] [Times: user=9.20 sys=0.00, real=1.37 secs] 
2017-12-12T19:44:55.320+0300: 245.214: [Full GC (Ergonomics) [PSYoungGen: 131584K->131584K(153088K)] [ParOldGen: 326187K->326187K(349696K)] 457771K->457771K(502784K), [Metaspace: 9482K->9482K(1058816K)], 1.3625055 secs] [Times: user=9.00 sys=0.03, real=1.36 secs] 
2017-12-12T19:44:56.682+0300: 246.577: [Full GC (Ergonomics) [PSYoungGen: 131584K->131584K(153088K)] [ParOldGen: 326188K->326188K(349696K)] 457772K->457772K(502784K), [Metaspace: 9482K->9482K(1058816K)], 1.4167111 secs] [Times: user=9.36 sys=0.03, real=1.42 secs] 
2017-12-12T19:44:58.099+0300: 247.994: [Full GC (Ergonomics) [PSYoungGen: 131584K->131584K(153088K)] [ParOldGen: 326190K->326190K(349696K)] 457774K->457774K(502784K), [Metaspace: 9482K->9482K(1058816K)], 1.3760034 secs] [Times: user=9.11 sys=0.02, real=1.38 secs] 
2017-12-12T19:44:59.476+0300: 249.370: [Full GC (Ergonomics) [PSYoungGen: 131584K->131584K(153088K)] [ParOldGen: 326194K->326192K(349696K)] 457778K->457776K(502784K), [Metaspace: 9482K->9482K(1058816K)], 3.2140829 secs] [Times: user=22.42 sys=0.06, real=3.21 secs] 
2017-12-12T19:45:02.690+0300: 252.585: [Full GC (Ergonomics) [PSYoungGen: 131584K->131584K(153088K)] [ParOldGen: 326194K->326194K(349696K)] 457778K->457778K(502784K), [Metaspace: 9482K->9482K(1058816K)], 1.4359586 secs] [Times: user=9.97 sys=0.02, real=1.44 secs] 
2017-12-12T19:45:04.126+0300: 254.021: [Full GC (Ergonomics) [PSYoungGen: 131584K->131584K(153088K)] [ParOldGen: 326197K->326195K(349696K)] 457781K->457779K(502784K), [Metaspace: 9482K->9482K(1058816K)], 1.5731844 secs] [Times: user=10.36 sys=0.03, real=1.57 secs] 
2017-12-12T19:45:05.700+0300: 255.595: [Full GC (Ergonomics) [PSYoungGen: 131584K->131584K(153088K)] [ParOldGen: 326200K->326197K(349696K)] 457784K->457781K(502784K), [Metaspace: 9482K->9482K(1058816K)], 3.1917156 secs] [Times: user=22.35 sys=0.03, real=3.19 secs] 
2017-12-12T19:45:08.891+0300: 258.787: [Full GC (Ergonomics) [PSYoungGen: 131584K->131584K(153088K)] [ParOldGen: 326200K->326199K(349696K)] 457784K->457783K(502784K), [Metaspace: 9482K->9482K(1058816K)], 1.4180445 secs] [Times: user=9.56 sys=0.02, real=1.42 secs] 
2017-12-12T19:45:10.310+0300: 260.205: [Full GC (Ergonomics) [PSYoungGen: 131584K->131584K(153088K)] [ParOldGen: 326200K->326200K(349696K)] 457784K->457784K(502784K), [Metaspace: 9482K->9482K(1058816K)], 1.4354765 secs] [Times: user=9.77 sys=0.00, real=1.43 secs] 
2017-12-12T19:45:11.745+0300: 261.641: [Full GC (Ergonomics) [PSYoungGen: 131584K->131584K(153088K)] [ParOldGen: 326202K->326202K(349696K)] 457786K->457786K(502784K), [Metaspace: 9482K->9482K(1058816K)], 1.3719056 secs] [Times: user=9.31 sys=0.03, real=1.37 secs] 
2017-12-12T19:45:13.118+0300: 263.013: [Full GC (Ergonomics) [PSYoungGen: 131584K->131583K(153088K)] [ParOldGen: 326206K->326204K(349696K)] 457790K->457788K(502784K), [Metaspace: 9482K->9482K(1058816K)], 1.4135501 secs] [Times: user=9.22 sys=0.00, real=1.41 secs] 
2017-12-12T19:45:14.532+0300: 264.427: [Full GC (Ergonomics) [PSYoungGen: 131584K->131583K(153088K)] [ParOldGen: 326204K->326204K(349696K)] 457788K->457788K(502784K), [Metaspace: 9482K->9482K(1058816K)], 1.4136790 secs] [Times: user=9.30 sys=0.06, real=1.41 secs] 
2017-12-12T19:45:15.946+0300: 265.841: [Full GC (Ergonomics) [PSYoungGen: 131584K->131584K(153088K)] [ParOldGen: 326204K->326204K(349696K)] 457788K->457788K(502784K), [Metaspace: 9482K->9482K(1058816K)], 1.3844903 secs] [Times: user=9.33 sys=0.00, real=1.38 secs] 
2017-12-12T19:45:17.331+0300: 267.225: [Full GC (Ergonomics) [PSYoungGen: 131584K->131584K(153088K)] [ParOldGen: 326205K->326205K(349696K)] 457789K->457789K(502784K), [Metaspace: 9482K->9482K(1058816K)], 1.4463075 secs] [Times: user=9.81 sys=0.02, real=1.45 secs] 
2017-12-12T19:45:18.777+0300: 268.672: [Full GC (Ergonomics) [PSYoungGen: 131584K->131584K(153088K)] [ParOldGen: 326208K->326206K(349696K)] 457792K->457790K(502784K), [Metaspace: 9482K->9482K(1058816K)], 1.4341453 secs] [Times: user=9.89 sys=0.00, real=1.43 secs] 
2017-12-12T19:45:20.212+0300: 270.106: [Full GC (Ergonomics) [PSYoungGen: 131584K->131583K(153088K)] [ParOldGen: 326207K->326206K(349696K)] 457791K->457790K(502784K), [Metaspace: 9482K->9482K(1058816K)], 1.4401122 secs] [Times: user=9.67 sys=0.03, real=1.44 secs] 
2017-12-12T19:45:21.652+0300: 271.547: [Full GC (Ergonomics) [PSYoungGen: 131584K->131584K(153088K)] [ParOldGen: 326206K->326206K(349696K)] 457790K->457790K(502784K), [Metaspace: 9482K->9482K(1058816K)], 1.4197970 secs] [Times: user=9.55 sys=0.02, real=1.42 secs] 
2017-12-12T19:45:23.072+0300: 272.967: [Full GC (Ergonomics) [PSYoungGen: 131584K->131584K(153088K)] [ParOldGen: 326208K->326208K(349696K)] 457792K->457792K(502784K), [Metaspace: 9482K->9482K(1058816K)], 1.5053672 secs] [Times: user=9.89 sys=0.00, real=1.50 secs] 
2017-12-12T19:45:24.577+0300: 274.472: [Full GC (Ergonomics) [PSYoungGen: 131584K->131584K(153088K)] [ParOldGen: 326210K->326210K(349696K)] 457794K->457794K(502784K), [Metaspace: 9482K->9482K(1058816K)], 1.3651019 secs] [Times: user=9.05 sys=0.00, real=1.37 secs] 
2017-12-12T19:45:25.943+0300: 275.838: [Full GC (Ergonomics) [PSYoungGen: 131584K->131583K(153088K)] [ParOldGen: 326211K->326211K(349696K)] 457795K->457795K(502784K), [Metaspace: 9482K->9482K(1058816K)], 1.4116337 secs] [Times: user=9.80 sys=0.00, real=1.41 secs] 
2017-12-12T19:45:27.354+0300: 277.250: [Full GC (Ergonomics) [PSYoungGen: 131583K->131583K(153088K)] [ParOldGen: 326211K->326211K(349696K)] 457795K->457795K(502784K), [Metaspace: 9482K->9482K(1058816K)], 1.4225768 secs] [Times: user=9.80 sys=0.01, real=1.42 secs] 
2017-12-12T19:45:28.777+0300: 278.672: [Full GC (Ergonomics) [PSYoungGen: 131584K->131583K(153088K)] [ParOldGen: 326216K->326213K(349696K)] 457800K->457797K(502784K), [Metaspace: 9482K->9482K(1058816K)], 3.2438901 secs] [Times: user=22.76 sys=0.05, real=3.25 secs] 
2017-12-12T19:45:32.022+0300: 281.916: [Full GC (Ergonomics) [PSYoungGen: 131583K->131583K(153088K)] [ParOldGen: 326213K->326213K(349696K)] 457797K->457797K(502784K), [Metaspace: 9482K->9482K(1058816K)], 1.4157634 secs] [Times: user=9.39 sys=0.03, real=1.42 secs] 
2017-12-12T19:45:33.438+0300: 283.332: [Full GC (Ergonomics) [PSYoungGen: 131583K->131583K(153088K)] [ParOldGen: 326213K->326213K(349696K)] 457797K->457797K(502784K), [Metaspace: 9482K->9482K(1058816K)], 1.3992055 secs] [Times: user=9.33 sys=0.02, real=1.40 secs] 
2017-12-12T19:45:34.837+0300: 284.732: [Full GC (Ergonomics) [PSYoungGen: 131583K->131583K(153088K)] [ParOldGen: 326214K->326214K(349696K)] 457798K->457798K(502784K), [Metaspace: 9485K->9485K(1058816K)], 1.3770118 secs] [Times: user=8.77 sys=0.01, real=1.38 secs] 
2017-12-12T19:45:36.214+0300: 286.109: [Full GC (Ergonomics) [PSYoungGen: 131583K->131583K(153088K)] [ParOldGen: 326216K->326216K(349696K)] 457800K->457800K(502784K), [Metaspace: 9485K->9485K(1058816K)], 1.3665625 secs] [Times: user=9.02 sys=0.03, real=1.37 secs] 
2017-12-12T19:45:37.581+0300: 287.476: [Full GC (Ergonomics) [PSYoungGen: 131583K->131583K(153088K)] [ParOldGen: 326217K->326217K(349696K)] 457801K->457801K(502784K), [Metaspace: 9485K->9485K(1058816K)], 1.4101232 secs] [Times: user=9.67 sys=0.01, real=1.41 secs] 
2017-12-12T19:45:38.991+0300: 288.886: [Full GC (Ergonomics) [PSYoungGen: 131583K->131583K(153088K)] [ParOldGen: 326219K->326219K(349696K)] 457803K->457803K(502784K), [Metaspace: 9485K->9485K(1058816K)], 1.4217311 secs] [Times: user=9.39 sys=0.02, real=1.42 secs] 
2017-12-12T19:45:40.413+0300: 290.308: [Full GC (Ergonomics) [PSYoungGen: 131583K->131583K(153088K)] [ParOldGen: 326221K->326220K(349696K)] 457805K->457804K(502784K), [Metaspace: 9485K->9485K(1058816K)], 1.3724858 secs] [Times: user=8.91 sys=0.03, real=1.37 secs] 
2017-12-12T19:45:41.786+0300: 291.681: [Full GC (Ergonomics) [PSYoungGen: 131583K->131583K(153088K)] [ParOldGen: 326222K->326222K(349696K)] 457806K->457806K(502784K), [Metaspace: 9485K->9485K(1058816K)], 1.4379209 secs] [Times: user=9.89 sys=0.00, real=1.44 secs] 
2017-12-12T19:45:43.224+0300: 293.119: [Full GC (Ergonomics) [PSYoungGen: 131583K->131583K(153088K)] [ParOldGen: 326225K->326224K(349696K)] 457808K->457808K(502784K), [Metaspace: 9486K->9486K(1058816K)], 1.4198024 secs] [Times: user=9.61 sys=0.00, real=1.42 secs] 
2017-12-12T19:45:44.644+0300: 294.539: [Full GC (Ergonomics) [PSYoungGen: 131584K->131584K(153088K)] [ParOldGen: 326224K->326224K(349696K)] 457808K->457808K(502784K), [Metaspace: 9486K->9486K(1058816K)], 1.4118609 secs] [Times: user=9.34 sys=0.02, real=1.41 secs] 
2017-12-12T19:45:46.056+0300: 295.951: [Full GC (Ergonomics) [PSYoungGen: 131584K->131584K(153088K)] [ParOldGen: 326225K->326225K(349696K)] 457809K->457809K(502784K), [Metaspace: 9486K->9486K(1058816K)], 1.3683541 secs] [Times: user=9.17 sys=0.01, real=1.37 secs] 
2017-12-12T19:45:47.426+0300: 297.320: [Full GC (Ergonomics) [PSYoungGen: 131584K->131584K(153088K)] [ParOldGen: 326227K->326227K(349696K)] 457811K->457811K(502784K), [Metaspace: 9486K->9486K(1058816K)], 1.4189505 secs] [Times: user=9.97 sys=0.00, real=1.42 secs] 
2017-12-12T19:45:48.845+0300: 298.739: [Full GC (Ergonomics) [PSYoungGen: 131584K->131584K(153088K)] [ParOldGen: 326228K->326228K(349696K)] 457812K->457812K(502784K), [Metaspace: 9486K->9486K(1058816K)], 1.3625611 secs] [Times: user=9.13 sys=0.02, real=1.36 secs] 
2017-12-12T19:45:50.207+0300: 300.102: [Full GC (Ergonomics) [PSYoungGen: 131584K->131584K(153088K)] [ParOldGen: 326230K->326230K(349696K)] 457814K->457814K(502784K), [Metaspace: 9486K->9486K(1058816K)], 1.3728259 secs] [Times: user=8.84 sys=0.00, real=1.37 secs] 
2017-12-12T19:45:51.580+0300: 301.475: [Full GC (Ergonomics) [PSYoungGen: 131584K->131584K(153088K)] [ParOldGen: 326231K->326231K(349696K)] 457815K->457815K(502784K), [Metaspace: 9486K->9486K(1058816K)], 1.3760419 secs] [Times: user=8.88 sys=0.02, real=1.38 secs] 
2017-12-12T19:45:52.957+0300: 302.851: [Full GC (Ergonomics) [PSYoungGen: 131584K->131584K(153088K)] [ParOldGen: 326233K->326233K(349696K)] 457817K->457817K(502784K), [Metaspace: 9486K->9486K(1058816K)], 1.3607085 secs] [Times: user=8.88 sys=0.00, real=1.36 secs] 
2017-12-12T19:45:54.317+0300: 304.212: [Full GC (Ergonomics) [PSYoungGen: 131584K->131584K(153088K)] [ParOldGen: 326234K->326234K(349696K)] 457818K->457818K(502784K), [Metaspace: 9486K->9486K(1058816K)], 1.3706175 secs] [Times: user=8.95 sys=0.02, real=1.37 secs] 
2017-12-12T19:45:55.688+0300: 305.583: [Full GC (Ergonomics) [PSYoungGen: 131584K->131584K(153088K)] [ParOldGen: 326236K->326236K(349696K)] 457820K->457820K(502784K), [Metaspace: 9486K->9486K(1058816K)], 1.3659778 secs] [Times: user=8.94 sys=0.00, real=1.37 secs] 
2017-12-12T19:45:57.054+0300: 306.949: [Full GC (Ergonomics) [PSYoungGen: 131584K->131584K(153088K)] [ParOldGen: 326237K->326235K(349696K)] 457821K->457819K(502784K), [Metaspace: 9486K->9486K(1058816K)], 1.4296125 secs] [Times: user=9.84 sys=0.03, real=1.43 secs] 
2017-12-12T19:45:58.484+0300: 308.379: [Full GC (Ergonomics) [PSYoungGen: 131584K->131584K(153088K)] [ParOldGen: 326237K->326237K(349696K)] 457821K->457821K(502784K), [Metaspace: 9486K->9486K(1058816K)], 1.3745471 secs] [Times: user=9.06 sys=0.03, real=1.38 secs] 
2017-12-12T19:45:59.859+0300: 309.754: [Full GC (Ergonomics) [PSYoungGen: 131584K->131584K(153088K)] [ParOldGen: 326239K->326238K(349696K)] 457823K->457822K(502784K), [Metaspace: 9486K->9486K(1058816K)], 1.4097589 secs] [Times: user=9.34 sys=0.02, real=1.41 secs] 
2017-12-12T19:46:01.269+0300: 311.164: [Full GC (Ergonomics) [PSYoungGen: 131584K->131584K(153088K)] [ParOldGen: 326240K->326240K(349696K)] 457824K->457824K(502784K), [Metaspace: 9486K->9486K(1058816K)], 1.3290069 secs] [Times: user=8.64 sys=0.03, real=1.33 secs] 
2017-12-12T19:46:02.598+0300: 312.493: [Full GC (Ergonomics) [PSYoungGen: 131584K->131584K(153088K)] [ParOldGen: 326241K->326241K(349696K)] 457825K->457825K(502784K), [Metaspace: 9489K->9489K(1058816K)], 1.3741311 secs] [Times: user=9.22 sys=0.00, real=1.37 secs] 
2017-12-12T19:46:03.973+0300: 313.868: [Full GC (Ergonomics) [PSYoungGen: 131584K->131584K(153088K)] [ParOldGen: 326244K->326243K(349696K)] 457828K->457827K(502784K), [Metaspace: 9489K->9489K(1058816K)], 1.3673805 secs] [Times: user=9.14 sys=0.02, real=1.37 secs] 
2017-12-12T19:46:05.341+0300: 315.235: [Full GC (Ergonomics) [PSYoungGen: 131584K->131584K(153088K)] [ParOldGen: 326245K->326245K(349696K)] 457829K->457829K(502784K), [Metaspace: 9489K->9489K(1058816K)], 1.4072762 secs] [Times: user=8.92 sys=0.02, real=1.41 secs] 
2017-12-12T19:46:06.749+0300: 316.643: [Full GC (Ergonomics) [PSYoungGen: 131584K->131582K(153088K)] [ParOldGen: 326248K->326247K(349696K)] 457832K->457829K(502784K), [Metaspace: 9489K->9489K(1058816K)], 1.4094224 secs] [Times: user=9.44 sys=0.02, real=1.41 secs] 
2017-12-12T19:46:08.158+0300: 318.053: [Full GC (Ergonomics) [PSYoungGen: 131584K->131582K(153088K)] [ParOldGen: 326247K->326247K(349696K)] 457831K->457830K(502784K), [Metaspace: 9489K->9489K(1058816K)], 1.5036266 secs] [Times: user=9.92 sys=0.02, real=1.50 secs] 
2017-12-12T19:46:09.662+0300: 319.557: [Full GC (Ergonomics) [PSYoungGen: 131584K->131583K(153088K)] [ParOldGen: 326247K->326247K(349696K)] 457831K->457831K(502784K), [Metaspace: 9489K->9489K(1058816K)], 1.5066650 secs] [Times: user=9.66 sys=0.03, real=1.51 secs] 
2017-12-12T19:46:11.169+0300: 321.064: [Full GC (Ergonomics) [PSYoungGen: 131584K->131584K(153088K)] [ParOldGen: 326249K->326249K(349696K)] 457833K->457833K(502784K), [Metaspace: 9490K->9490K(1058816K)], 1.3703210 secs] [Times: user=9.03 sys=0.00, real=1.37 secs] 
2017-12-12T19:46:12.539+0300: 322.434: [Full GC (Ergonomics) [PSYoungGen: 131584K->131584K(153088K)] [ParOldGen: 326250K->326250K(349696K)] 457834K->457834K(502784K), [Metaspace: 9490K->9490K(1058816K)], 1.4016802 secs] [Times: user=8.95 sys=0.05, real=1.40 secs] 
2017-12-12T19:46:13.941+0300: 323.836: [Full GC (Ergonomics) [PSYoungGen: 131584K->131583K(153088K)] [ParOldGen: 326252K->326252K(349696K)] 457836K->457836K(502784K), [Metaspace: 9490K->9490K(1058816K)], 1.4358768 secs] [Times: user=9.58 sys=0.00, real=1.44 secs] 
2017-12-12T19:46:15.377+0300: 325.272: [Full GC (Ergonomics) [PSYoungGen: 131584K->131583K(153088K)] [ParOldGen: 326252K->326252K(349696K)] 457836K->457836K(502784K), [Metaspace: 9490K->9490K(1058816K)], 1.3690934 secs] [Times: user=8.91 sys=0.00, real=1.37 secs] 
2017-12-12T19:46:16.747+0300: 326.642: [Full GC (Ergonomics) [PSYoungGen: 131583K->131583K(153088K)] [ParOldGen: 326253K->326253K(349696K)] 457837K->457837K(502784K), [Metaspace: 9490K->9490K(1058816K)], 1.3262677 secs] [Times: user=8.88 sys=0.03, real=1.33 secs] 
2017-12-12T19:46:18.073+0300: 327.968: [Full GC (Ergonomics) [PSYoungGen: 131583K->131583K(153088K)] [ParOldGen: 326255K->326255K(349696K)] 457839K->457839K(502784K), [Metaspace: 9490K->9490K(1058816K)], 1.3377399 secs] [Times: user=8.97 sys=0.02, real=1.34 secs] 
2017-12-12T19:46:19.411+0300: 329.306: [Full GC (Ergonomics) [PSYoungGen: 131583K->131583K(153088K)] [ParOldGen: 326256K->326255K(349696K)] 457840K->457839K(502784K), [Metaspace: 9490K->9490K(1058816K)], 1.3693098 secs] [Times: user=9.16 sys=0.00, real=1.37 secs] 
2017-12-12T19:46:20.781+0300: 330.676: [Full GC (Ergonomics) [PSYoungGen: 131584K->131583K(153088K)] [ParOldGen: 326258K->326256K(349696K)] 457842K->457840K(502784K), [Metaspace: 9490K->9490K(1058816K)], 1.4515468 secs] [Times: user=9.53 sys=0.03, real=1.45 secs] 
2017-12-12T19:46:22.233+0300: 332.127: [Full GC (Ergonomics) [PSYoungGen: 131583K->131583K(153088K)] [ParOldGen: 326258K->326257K(349696K)] 457842K->457841K(502784K), [Metaspace: 9490K->9490K(1058816K)], 1.4146777 secs] [Times: user=9.38 sys=0.01, real=1.41 secs] 
2017-12-12T19:46:23.648+0300: 333.542: [Full GC (Ergonomics) [PSYoungGen: 131584K->131584K(153088K)] [ParOldGen: 326262K->326259K(349696K)] 457846K->457843K(502784K), [Metaspace: 9490K->9490K(1058816K)], 1.3666466 secs] [Times: user=8.85 sys=0.02, real=1.37 secs] 
2017-12-12T19:46:25.015+0300: 334.909: [Full GC (Ergonomics) [PSYoungGen: 131584K->131584K(153088K)] [ParOldGen: 326261K->326261K(349696K)] 457845K->457845K(502784K), [Metaspace: 9490K->9490K(1058816K)], 1.4312188 secs] [Times: user=9.80 sys=0.00, real=1.43 secs] 
2017-12-12T19:46:26.446+0300: 336.341: [Full GC (Ergonomics) [PSYoungGen: 131584K->131584K(153088K)] [ParOldGen: 326263K->326263K(349696K)] 457847K->457847K(502784K), [Metaspace: 9490K->9490K(1058816K)], 1.3708365 secs] [Times: user=9.27 sys=0.01, real=1.37 secs] 
2017-12-12T19:46:27.817+0300: 337.712: [Full GC (Ergonomics) [PSYoungGen: 131584K->131584K(153088K)] [ParOldGen: 326265K->326265K(349696K)] 457849K->457849K(502784K), [Metaspace: 9490K->9490K(1058816K)], 1.3175752 secs] [Times: user=8.84 sys=0.02, real=1.32 secs] 
2017-12-12T19:46:29.135+0300: 339.030: [Full GC (Ergonomics) [PSYoungGen: 131584K->131584K(153088K)] [ParOldGen: 326266K->326266K(349696K)] 457850K->457850K(502784K), [Metaspace: 9490K->9490K(1058816K)], 1.4117620 secs] [Times: user=9.33 sys=0.00, real=1.41 secs] 
2017-12-12T19:46:30.547+0300: 340.442: [Full GC (Ergonomics) [PSYoungGen: 131584K->131584K(153088K)] [ParOldGen: 326268K->326268K(349696K)] 457852K->457852K(502784K), [Metaspace: 9490K->9490K(1058816K)], 3.2030372 secs] [Times: user=22.67 sys=0.05, real=3.20 secs] 
2017-12-12T19:46:33.750+0300: 343.645: [Full GC (Ergonomics) [PSYoungGen: 131584K->131584K(153088K)] [ParOldGen: 326269K->326269K(349696K)] 457853K->457853K(502784K), [Metaspace: 9490K->9490K(1058816K)], 1.3633936 secs] [Times: user=8.97 sys=0.05, real=1.36 secs] 
2017-12-12T19:46:35.114+0300: 345.009: [Full GC (Ergonomics) [PSYoungGen: 131584K->131584K(153088K)] [ParOldGen: 326272K->326272K(349696K)] 457856K->457856K(502784K), [Metaspace: 9490K->9490K(1058816K)], 1.3427865 secs] [Times: user=8.94 sys=0.01, real=1.34 secs] 
2017-12-12T19:46:36.457+0300: 346.352: [Full GC (Ergonomics) [PSYoungGen: 131584K->131584K(153088K)] [ParOldGen: 326273K->326273K(349696K)] 457857K->457857K(502784K), [Metaspace: 9491K->9491K(1058816K)], 1.3683846 secs] [Times: user=9.31 sys=0.02, real=1.37 secs] 
2017-12-12T19:46:37.825+0300: 347.720: [Full GC (Ergonomics) [PSYoungGen: 131584K->131584K(153088K)] [ParOldGen: 326275K->326275K(349696K)] 457859K->457859K(502784K), [Metaspace: 9491K->9491K(1058816K)], 1.4311788 secs] [Times: user=9.61 sys=0.06, real=1.43 secs] 
2017-12-12T19:46:39.257+0300: 349.152: [Full GC (Ergonomics) [PSYoungGen: 131584K->131584K(153088K)] [ParOldGen: 326277K->326277K(349696K)] 457861K->457861K(502784K), [Metaspace: 9494K->9494K(1058816K)], 1.3726144 secs] [Times: user=9.13 sys=0.03, real=1.37 secs] 
2017-12-12T19:46:40.631+0300: 350.525: [Full GC (Ergonomics) [PSYoungGen: 131584K->131584K(153088K)] [ParOldGen: 326278K->326278K(349696K)] 457862K->457862K(502784K), [Metaspace: 9494K->9494K(1058816K)], 1.4169511 secs] [Times: user=9.41 sys=0.02, real=1.42 secs] 
2017-12-12T19:46:42.048+0300: 351.942: [Full GC (Ergonomics) [PSYoungGen: 131584K->131584K(153088K)] [ParOldGen: 326281K->326280K(349696K)] 457865K->457864K(502784K), [Metaspace: 9494K->9494K(1058816K)], 1.4134107 secs] [Times: user=9.64 sys=0.00, real=1.41 secs] 
2017-12-12T19:46:43.461+0300: 353.356: [Full GC (Ergonomics) [PSYoungGen: 131584K->131584K(153088K)] [ParOldGen: 326282K->326282K(349696K)] 457866K->457866K(502784K), [Metaspace: 9495K->9495K(1058816K)], 1.4331560 secs] [Times: user=9.88 sys=0.03, real=1.43 secs] 
2017-12-12T19:46:44.895+0300: 354.789: [Full GC (Ergonomics) [PSYoungGen: 131584K->131584K(153088K)] [ParOldGen: 326284K->326283K(349696K)] 457868K->457867K(502784K), [Metaspace: 9495K->9495K(1058816K)], 1.4166578 secs] [Times: user=9.58 sys=0.02, real=1.42 secs] 
2017-12-12T19:46:46.311+0300: 356.206: [Full GC (Ergonomics) [PSYoungGen: 131584K->131584K(153088K)] [ParOldGen: 326284K->326284K(349696K)] 457868K->457868K(502784K), [Metaspace: 9495K->9495K(1058816K)], 1.4397308 secs] [Times: user=9.98 sys=0.01, real=1.44 secs] 
2017-12-12T19:46:47.751+0300: 357.646: [Full GC (Ergonomics) [PSYoungGen: 131584K->131584K(153088K)] [ParOldGen: 326286K->326286K(349696K)] 457870K->457870K(502784K), [Metaspace: 9495K->9495K(1058816K)], 1.4100705 secs] [Times: user=9.97 sys=0.00, real=1.41 secs] 
2017-12-12T19:46:49.162+0300: 359.056: [Full GC (Ergonomics) [PSYoungGen: 131584K->131584K(153088K)] [ParOldGen: 326287K->326287K(349696K)] 457871K->457871K(502784K), [Metaspace: 9495K->9495K(1058816K)], 1.4127784 secs] [Times: user=9.58 sys=0.05, real=1.41 secs] 
2017-12-12T19:46:50.575+0300: 360.469: [Full GC (Ergonomics) [PSYoungGen: 131584K->131584K(153088K)] [ParOldGen: 326289K->326289K(349696K)] 457873K->457873K(502784K), [Metaspace: 9495K->9495K(1058816K)], 1.4358867 secs] [Times: user=9.83 sys=0.00, real=1.44 secs] 
2017-12-12T19:46:52.011+0300: 361.905: [Full GC (Ergonomics) [PSYoungGen: 131584K->131584K(153088K)] [ParOldGen: 326292K->326291K(349696K)] 457876K->457875K(502784K), [Metaspace: 9495K->9495K(1058816K)], 1.3706446 secs] [Times: user=9.24 sys=0.00, real=1.37 secs] 
2017-12-12T19:46:53.382+0300: 363.276: [Full GC (Ergonomics) [PSYoungGen: 131584K->131584K(153088K)] [ParOldGen: 326293K->326289K(349696K)] 457877K->457873K(502784K), [Metaspace: 9495K->9495K(1058816K)], 1.3299372 secs] [Times: user=8.60 sys=0.00, real=1.33 secs] 
2017-12-12T19:46:54.712+0300: 364.607: [Full GC (Ergonomics) [PSYoungGen: 131584K->131584K(153088K)] [ParOldGen: 326291K->326291K(349696K)] 457875K->457875K(502784K), [Metaspace: 9495K->9495K(1058816K)], 1.4276644 secs] [Times: user=9.89 sys=0.02, real=1.43 secs] 
2017-12-12T19:46:56.140+0300: 366.035: [Full GC (Ergonomics) [PSYoungGen: 131584K->131584K(153088K)] [ParOldGen: 326293K->326293K(349696K)] 457877K->457877K(502784K), [Metaspace: 9495K->9495K(1058816K)], 1.3647513 secs] [Times: user=8.89 sys=0.01, real=1.37 secs] 
2017-12-12T19:46:57.506+0300: 367.400: [Full GC (Ergonomics) [PSYoungGen: 131584K->131584K(153088K)] [ParOldGen: 326295K->326295K(349696K)] 457879K->457879K(502784K), [Metaspace: 9495K->9495K(1058816K)], 1.4352686 secs] [Times: user=9.92 sys=0.00, real=1.43 secs] 
2017-12-12T19:46:58.941+0300: 368.835: [Full GC (Ergonomics) [PSYoungGen: 131584K->131584K(153088K)] [ParOldGen: 326297K->326297K(349696K)] 457881K->457881K(502784K), [Metaspace: 9495K->9495K(1058816K)], 1.4155128 secs] [Times: user=9.63 sys=0.02, real=1.42 secs] 
2017-12-12T19:47:00.357+0300: 370.251: [Full GC (Ergonomics) [PSYoungGen: 131584K->131584K(153088K)] [ParOldGen: 326300K->326297K(349696K)] 457884K->457881K(502784K), [Metaspace: 9495K->9495K(1058816K)], 1.4191801 secs] [Times: user=9.89 sys=0.00, real=1.42 secs] 
2017-12-12T19:47:01.776+0300: 371.670: [Full GC (Ergonomics) [PSYoungGen: 131584K->131584K(153088K)] [ParOldGen: 326300K->326300K(349696K)] 457884K->457884K(502784K), [Metaspace: 9495K->9495K(1058816K)], 1.3630056 secs] [Times: user=8.98 sys=0.05, real=1.36 secs] 
2017-12-12T19:47:03.139+0300: 373.034: [Full GC (Ergonomics) [PSYoungGen: 131584K->131584K(153088K)] [ParOldGen: 326302K->326301K(349696K)] 457886K->457885K(502784K), [Metaspace: 9495K->9495K(1058816K)], 1.5835900 secs] [Times: user=10.36 sys=0.02, real=1.58 secs] 
2017-12-12T19:47:04.723+0300: 374.618: [Full GC (Ergonomics) [PSYoungGen: 131584K->131584K(153088K)] [ParOldGen: 326304K->326303K(349696K)] 457888K->457887K(502784K), [Metaspace: 9495K->9495K(1058816K)], 1.4181454 secs] [Times: user=9.45 sys=0.00, real=1.42 secs] 
2017-12-12T19:47:06.142+0300: 376.036: [Full GC (Ergonomics) [PSYoungGen: 131584K->131584K(153088K)] [ParOldGen: 326307K->326304K(349696K)] 457891K->457888K(502784K), [Metaspace: 9495K->9495K(1058816K)], 1.5974998 secs] [Times: user=10.92 sys=0.02, real=1.60 secs] 
2017-12-12T19:47:07.739+0300: 377.634: [Full GC (Ergonomics) [PSYoungGen: 131584K->131584K(153088K)] [ParOldGen: 326306K->326306K(349696K)] 457890K->457890K(502784K), [Metaspace: 9495K->9495K(1058816K)], 1.4028973 secs] [Times: user=9.39 sys=0.05, real=1.40 secs] 
2017-12-12T19:47:09.142+0300: 379.037: [Full GC (Ergonomics) [PSYoungGen: 131584K->131584K(153088K)] [ParOldGen: 326307K->326307K(349696K)] 457891K->457891K(502784K), [Metaspace: 9499K->9499K(1058816K)], 1.4315184 secs] [Times: user=10.03 sys=0.02, real=1.43 secs] 
2017-12-12T19:47:10.574+0300: 380.469: [Full GC (Ergonomics) [PSYoungGen: 131584K->131584K(153088K)] [ParOldGen: 326310K->326309K(349696K)] 457894K->457893K(502784K), [Metaspace: 9500K->9500K(1058816K)], 1.3727834 secs] [Times: user=9.33 sys=0.02, real=1.37 secs] 
2017-12-12T19:47:11.947+0300: 381.842: [Full GC (Ergonomics) [PSYoungGen: 131584K->131584K(153088K)] [ParOldGen: 326313K->326310K(349696K)] 457897K->457894K(502784K), [Metaspace: 9500K->9500K(1058816K)], 1.4092440 secs] [Times: user=9.44 sys=0.01, real=1.41 secs] 
2017-12-12T19:47:13.357+0300: 383.251: [Full GC (Ergonomics) [PSYoungGen: 131584K->131584K(153088K)] [ParOldGen: 326312K->326302K(349696K)] 457896K->457886K(502784K), [Metaspace: 9500K->9500K(1058816K)], 1.3664057 secs] [Times: user=8.99 sys=0.02, real=1.37 secs] 
2017-12-12T19:47:14.724+0300: 384.618: [Full GC (Ergonomics) [PSYoungGen: 131584K->131584K(153088K)] [ParOldGen: 326304K->326299K(349696K)] 457888K->457883K(502784K), [Metaspace: 9500K->9500K(1058816K)], 1.5838734 secs] [Times: user=10.65 sys=0.02, real=1.58 secs] 
2017-12-12T19:47:16.308+0300: 386.202: [Full GC (Ergonomics) [PSYoungGen: 131584K->131584K(153088K)] [ParOldGen: 326301K->326301K(349696K)] 457885K->457885K(502784K), [Metaspace: 9500K->9500K(1058816K)], 1.3723775 secs] [Times: user=9.17 sys=0.02, real=1.37 secs] 
2017-12-12T19:47:17.681+0300: 387.575: [Full GC (Ergonomics) [PSYoungGen: 131584K->131584K(153088K)] [ParOldGen: 326302K->326302K(349696K)] 457886K->457886K(502784K), [Metaspace: 9500K->9500K(1058816K)], 1.4096434 secs] [Times: user=9.39 sys=0.02, real=1.41 secs] 
2017-12-12T19:47:19.091+0300: 388.985: [Full GC (Ergonomics) [PSYoungGen: 131584K->131584K(153088K)] [ParOldGen: 326304K->326304K(349696K)] 457888K->457888K(502784K), [Metaspace: 9502K->9502K(1058816K)], 1.3502219 secs] [Times: user=8.80 sys=0.03, real=1.35 secs] 
2017-12-12T19:47:20.441+0300: 390.335: [Full GC (Ergonomics) [PSYoungGen: 131584K->131584K(153088K)] [ParOldGen: 326305K->326305K(349696K)] 457889K->457889K(502784K), [Metaspace: 9502K->9502K(1058816K)], 1.3677719 secs] [Times: user=8.92 sys=0.00, real=1.37 secs] 
2017-12-12T19:47:21.809+0300: 391.703: [Full GC (Ergonomics) [PSYoungGen: 131584K->131584K(153088K)] [ParOldGen: 326307K->326307K(349696K)] 457891K->457891K(502784K), [Metaspace: 9502K->9502K(1058816K)], 1.4049515 secs] [Times: user=9.38 sys=0.01, real=1.40 secs] 
2017-12-12T19:47:23.214+0300: 393.108: [Full GC (Ergonomics) [PSYoungGen: 131584K->131584K(153088K)] [ParOldGen: 326308K->326308K(349696K)] 457892K->457892K(502784K), [Metaspace: 9502K->9502K(1058816K)], 1.4177235 secs] [Times: user=9.80 sys=0.03, real=1.42 secs] 
2017-12-12T19:47:24.632+0300: 394.526: [Full GC (Ergonomics) [PSYoungGen: 131584K->131584K(153088K)] [ParOldGen: 326310K->326310K(349696K)] 457894K->457894K(502784K), [Metaspace: 9502K->9502K(1058816K)], 1.4096656 secs] [Times: user=9.05 sys=0.02, real=1.41 secs] 
2017-12-12T19:47:26.042+0300: 395.936: [Full GC (Ergonomics) [PSYoungGen: 131584K->131584K(153088K)] [ParOldGen: 326312K->326312K(349696K)] 457896K->457896K(502784K), [Metaspace: 9502K->9502K(1058816K)], 1.4076445 secs] [Times: user=9.22 sys=0.02, real=1.41 secs] 
2017-12-12T19:47:27.449+0300: 397.344: [Full GC (Ergonomics) [PSYoungGen: 131584K->131584K(153088K)] [ParOldGen: 326313K->326313K(349696K)] 457897K->457897K(502784K), [Metaspace: 9502K->9502K(1058816K)], 1.3656924 secs] [Times: user=8.88 sys=0.00, real=1.37 secs] 
2017-12-12T19:47:28.815+0300: 398.710: [Full GC (Ergonomics) [PSYoungGen: 131584K->131584K(153088K)] [ParOldGen: 326315K->326315K(349696K)] 457899K->457899K(502784K), [Metaspace: 9502K->9502K(1058816K)], 1.3712733 secs] [Times: user=8.94 sys=0.02, real=1.37 secs] 
2017-12-12T19:47:30.187+0300: 400.081: [Full GC (Ergonomics) [PSYoungGen: 131584K->131584K(153088K)] [ParOldGen: 326316K->326316K(349696K)] 457900K->457900K(502784K), [Metaspace: 9502K->9502K(1058816K)], 1.3646617 secs] [Times: user=9.05 sys=0.05, real=1.36 secs] 
2017-12-12T19:47:31.552+0300: 401.446: [Full GC (Ergonomics) [PSYoungGen: 131584K->131584K(153088K)] [ParOldGen: 326318K->326317K(349696K)] 457902K->457901K(502784K), [Metaspace: 9502K->9502K(1058816K)], 1.4367110 secs] [Times: user=9.89 sys=0.00, real=1.44 secs] 
2017-12-12T19:47:32.990+0300: 402.883: [Full GC (Ergonomics) [PSYoungGen: 131584K->131583K(153088K)] [ParOldGen: 326319K->326302K(349696K)] 457903K->457886K(502784K), [Metaspace: 9502K->9502K(1058816K)], 1.4272633 secs] [Times: user=9.64 sys=0.03, real=1.43 secs] 
2017-12-12T19:47:34.417+0300: 404.311: [Full GC (Ergonomics) [PSYoungGen: 131584K->131583K(153088K)] [ParOldGen: 326302K->326300K(349696K)] 457886K->457884K(502784K), [Metaspace: 9502K->9502K(1058816K)], 1.4121315 secs] [Times: user=9.28 sys=0.02, real=1.41 secs] 
2017-12-12T19:47:35.830+0300: 405.724: [Full GC (Ergonomics) [PSYoungGen: 131583K->131583K(153088K)] [ParOldGen: 326304K->326301K(349696K)] 457888K->457885K(502784K), [Metaspace: 9502K->9502K(1058816K)], 1.5293605 secs] [Times: user=10.28 sys=0.02, real=1.53 secs] 
2017-12-12T19:47:37.359+0300: 407.253: [Full GC (Ergonomics) [PSYoungGen: 131584K->131583K(153088K)] [ParOldGen: 326301K->326301K(349696K)] 457885K->457885K(502784K), [Metaspace: 9502K->9502K(1058816K)], 1.3698780 secs] [Times: user=9.11 sys=0.03, real=1.37 secs] 
2017-12-12T19:47:38.729+0300: 408.624: [Full GC (Ergonomics) [PSYoungGen: 131584K->131584K(153088K)] [ParOldGen: 326303K->326303K(349696K)] 457887K->457887K(502784K), [Metaspace: 9502K->9502K(1058816K)], 1.4356792 secs] [Times: user=10.08 sys=0.03, real=1.44 secs] 
2017-12-12T19:47:40.165+0300: 410.059: [Full GC (Ergonomics) [PSYoungGen: 131584K->131584K(153088K)] [ParOldGen: 326305K->326305K(349696K)] 457889K->457889K(502784K), [Metaspace: 9502K->9502K(1058816K)], 1.4151042 secs] [Times: user=9.77 sys=0.03, real=1.41 secs] 
2017-12-12T19:47:41.580+0300: 411.475: [Full GC (Ergonomics) [PSYoungGen: 131584K->131584K(153088K)] [ParOldGen: 326306K->326306K(349696K)] 457890K->457890K(502784K), [Metaspace: 9502K->9502K(1058816K)], 3.2515644 secs] [Times: user=22.76 sys=0.02, real=3.25 secs] 
2017-12-12T19:47:44.832+0300: 414.727: [Full GC (Ergonomics) [PSYoungGen: 131584K->131584K(153088K)] [ParOldGen: 326308K->326308K(349696K)] 457892K->457892K(502784K), [Metaspace: 9502K->9502K(1058816K)], 1.3721440 secs] [Times: user=9.38 sys=0.00, real=1.37 secs] 
2017-12-12T19:47:46.204+0300: 416.099: [Full GC (Ergonomics) [PSYoungGen: 131584K->131584K(153088K)] [ParOldGen: 326309K->326309K(349696K)] 457893K->457893K(502784K), [Metaspace: 9502K->9502K(1058816K)], 1.3683110 secs] [Times: user=9.05 sys=0.05, real=1.37 secs] 
2017-12-12T19:47:47.573+0300: 417.468: [Full GC (Ergonomics) [PSYoungGen: 131584K->131584K(153088K)] [ParOldGen: 326311K->326311K(349696K)] 457895K->457895K(502784K), [Metaspace: 9502K->9502K(1058816K)], 1.4235929 secs] [Times: user=9.73 sys=0.00, real=1.42 secs] 
2017-12-12T19:47:48.997+0300: 418.892: [Full GC (Ergonomics) [PSYoungGen: 131584K->131584K(153088K)] [ParOldGen: 326320K->326320K(349696K)] 457904K->457904K(502784K), [Metaspace: 9502K->9502K(1058816K)], 1.4142720 secs] [Times: user=9.20 sys=0.03, real=1.41 secs] 
2017-12-12T19:47:50.412+0300: 420.306: [Full GC (Ergonomics) [PSYoungGen: 131584K->131584K(153088K)] [ParOldGen: 326322K->326322K(349696K)] 457906K->457906K(502784K), [Metaspace: 9502K->9502K(1058816K)], 1.3575969 secs] [Times: user=8.74 sys=0.00, real=1.36 secs] 
2017-12-12T19:47:51.770+0300: 421.664: [Full GC (Ergonomics) [PSYoungGen: 131584K->131584K(153088K)] [ParOldGen: 326324K->326324K(349696K)] 457908K->457908K(502784K), [Metaspace: 9502K->9502K(1058816K)], 1.3745536 secs] [Times: user=9.20 sys=0.03, real=1.38 secs] 
2017-12-12T19:47:53.145+0300: 423.039: [Full GC (Ergonomics) [PSYoungGen: 131584K->131584K(153088K)] [ParOldGen: 326325K->326325K(349696K)] 457909K->457909K(502784K), [Metaspace: 9502K->9502K(1058816K)], 3.2056399 secs] [Times: user=22.87 sys=0.03, real=3.21 secs] 
2017-12-12T19:47:56.351+0300: 426.245: [Full GC (Ergonomics) [PSYoungGen: 131584K->131584K(153088K)] [ParOldGen: 326327K->326326K(349696K)] 457911K->457910K(502784K), [Metaspace: 9502K->9502K(1058816K)], 1.3665357 secs] [Times: user=9.02 sys=0.02, real=1.37 secs] 
2017-12-12T19:47:57.718+0300: 427.612: [Full GC (Ergonomics) [PSYoungGen: 131584K->131584K(153088K)] [ParOldGen: 326337K->326335K(349696K)] 457921K->457919K(502784K), [Metaspace: 9502K->9502K(1058816K)], 1.4088636 secs] [Times: user=9.30 sys=0.01, real=1.41 secs] 
2017-12-12T19:47:59.127+0300: 429.021: [Full GC (Ergonomics) [PSYoungGen: 131584K->131584K(153088K)] [ParOldGen: 326337K->326337K(349696K)] 457921K->457921K(502784K), [Metaspace: 9502K->9502K(1058816K)], 1.4320165 secs] [Times: user=9.88 sys=0.02, real=1.43 secs] 
2017-12-12T19:48:00.559+0300: 430.453: [Full GC (Ergonomics) [PSYoungGen: 131584K->131584K(153088K)] [ParOldGen: 326338K->326338K(349696K)] 457922K->457922K(502784K), [Metaspace: 9502K->9502K(1058816K)], 1.4158925 secs] [Times: user=9.81 sys=0.02, real=1.42 secs] 
2017-12-12T19:48:01.975+0300: 431.869: [Full GC (Ergonomics) [PSYoungGen: 131584K->131584K(153088K)] [ParOldGen: 326340K->326340K(349696K)] 457924K->457924K(502784K), [Metaspace: 9502K->9502K(1058816K)], 1.4307940 secs] [Times: user=9.76 sys=0.03, real=1.43 secs] 
2017-12-12T19:48:03.406+0300: 433.300: [Full GC (Ergonomics) [PSYoungGen: 131584K->131584K(153088K)] [ParOldGen: 326342K->326341K(349696K)] 457926K->457925K(502784K), [Metaspace: 9502K->9502K(1058816K)], 1.3783361 secs] [Times: user=9.03 sys=0.02, real=1.38 secs] 
2017-12-12T19:48:04.784+0300: 434.679: [Full GC (Ergonomics) [PSYoungGen: 131584K->131583K(153088K)] [ParOldGen: 326343K->326330K(349696K)] 457927K->457914K(502784K), [Metaspace: 9502K->9502K(1058816K)], 1.3789080 secs] [Times: user=9.27 sys=0.00, real=1.38 secs] 
2017-12-12T19:48:06.163+0300: 436.058: [Full GC (Ergonomics) [PSYoungGen: 131583K->131583K(153088K)] [ParOldGen: 326330K->326330K(349696K)] 457914K->457914K(502784K), [Metaspace: 9502K->9502K(1058816K)], 1.3453604 secs] [Times: user=8.63 sys=0.05, real=1.35 secs] 
2017-12-12T19:48:07.510+0300: 437.403: [Full GC (Ergonomics) [PSYoungGen: 131583K->131583K(153088K)] [ParOldGen: 326332K->326332K(349696K)] 457916K->457916K(502784K), [Metaspace: 9502K->9502K(1058816K)], 1.3694891 secs] [Times: user=9.05 sys=0.02, real=1.37 secs] 
2017-12-12T19:48:08.879+0300: 438.773: [Full GC (Ergonomics) [PSYoungGen: 131583K->131583K(153088K)] [ParOldGen: 326332K->326332K(349696K)] 457916K->457916K(502784K), [Metaspace: 9502K->9502K(1058816K)], 1.4357619 secs] [Times: user=9.88 sys=0.03, real=1.44 secs] 
2017-12-12T19:48:10.315+0300: 440.209: [Full GC (Ergonomics) [PSYoungGen: 131583K->131583K(153088K)] [ParOldGen: 326333K->326332K(349696K)] 457917K->457916K(502784K), [Metaspace: 9502K->9502K(1058816K)], 1.4193009 secs] [Times: user=9.75 sys=0.00, real=1.42 secs] 
2017-12-12T19:48:11.735+0300: 441.629: [Full GC (Ergonomics) [PSYoungGen: 131584K->131584K(153088K)] [ParOldGen: 326334K->326334K(349696K)] 457918K->457918K(502784K), [Metaspace: 9502K->9502K(1058816K)], 1.3676479 secs] [Times: user=8.97 sys=0.00, real=1.37 secs] 
2017-12-12T19:48:13.103+0300: 442.997: [Full GC (Ergonomics) [PSYoungGen: 131584K->131584K(153088K)] [ParOldGen: 326335K->326335K(349696K)] 457919K->457919K(502784K), [Metaspace: 9502K->9502K(1058816K)], 1.4119430 secs] [Times: user=9.63 sys=0.03, real=1.41 secs] 
2017-12-12T19:48:14.515+0300: 444.409: [Full GC (Ergonomics) [PSYoungGen: 131584K->131584K(153088K)] [ParOldGen: 326337K->326336K(349696K)] 457921K->457920K(502784K), [Metaspace: 9502K->9502K(1058816K)], 1.4309679 secs] [Times: user=9.94 sys=0.03, real=1.43 secs] 
2017-12-12T19:48:15.946+0300: 445.840: [Full GC (Ergonomics) [PSYoungGen: 131584K->131584K(153088K)] [ParOldGen: 326339K->326338K(349696K)] 457923K->457922K(502784K), [Metaspace: 9502K->9502K(1058816K)], 1.5738649 secs] [Times: user=10.42 sys=0.02, real=1.57 secs] 
2017-12-12T19:48:17.520+0300: 447.414: [Full GC (Ergonomics) [PSYoungGen: 131584K->131584K(153088K)] [ParOldGen: 326339K->326338K(349696K)] 457923K->457922K(502784K), [Metaspace: 9502K->9498K(1058816K)], 1.3646307 secs] [Times: user=8.89 sys=0.05, real=1.37 secs] 
2017-12-12T19:48:18.885+0300: 448.779: [Full GC (Ergonomics) [PSYoungGen: 131584K->131584K(153088K)] [ParOldGen: 326340K->326340K(349696K)] 457924K->457924K(502784K), [Metaspace: 9498K->9498K(1058816K)], 1.3702463 secs] [Times: user=9.06 sys=0.05, real=1.37 secs] 
2017-12-12T19:48:20.255+0300: 450.150: [Full GC (Ergonomics) [PSYoungGen: 131584K->131584K(153088K)] [ParOldGen: 326342K->326342K(349696K)] 457926K->457926K(502784K), [Metaspace: 9498K->9498K(1058816K)], 1.4135695 secs] [Times: user=9.30 sys=0.01, real=1.41 secs] 
2017-12-12T19:48:21.669+0300: 451.563: [Full GC (Ergonomics) [PSYoungGen: 131584K->131584K(153088K)] [ParOldGen: 326343K->326343K(349696K)] 457927K->457927K(502784K), [Metaspace: 9498K->9498K(1058816K)], 1.3689979 secs] [Times: user=9.00 sys=0.02, real=1.37 secs] 
2017-12-12T19:48:23.038+0300: 452.933: [Full GC (Ergonomics) [PSYoungGen: 131584K->131584K(153088K)] [ParOldGen: 326344K->326344K(349696K)] 457928K->457928K(502784K), [Metaspace: 9498K->9498K(1058816K)], 1.3491590 secs] [Times: user=8.97 sys=0.01, real=1.35 secs] 
2017-12-12T19:48:24.389+0300: 454.282: [Full GC (Ergonomics) [PSYoungGen: 131584K->131584K(153088K)] [ParOldGen: 326346K->326346K(349696K)] 457930K->457930K(502784K), [Metaspace: 9498K->9498K(1058816K)], 1.5755364 secs] [Times: user=10.34 sys=0.03, real=1.58 secs] 
2017-12-12T19:48:25.964+0300: 455.858: [Full GC (Ergonomics) [PSYoungGen: 131584K->131584K(153088K)] [ParOldGen: 326347K->326347K(349696K)] 457931K->457931K(502784K), [Metaspace: 9498K->9498K(1058816K)], 1.3705083 secs] [Times: user=8.84 sys=0.00, real=1.37 secs] 
2017-12-12T19:48:27.335+0300: 457.229: [Full GC (Ergonomics) [PSYoungGen: 131584K->131584K(153088K)] [ParOldGen: 326349K->326349K(349696K)] 457933K->457933K(502784K), [Metaspace: 9498K->9498K(1058816K)], 1.3678104 secs] [Times: user=9.20 sys=0.01, real=1.37 secs] 
2017-12-12T19:48:28.703+0300: 458.597: [Full GC (Ergonomics) [PSYoungGen: 131584K->131584K(153088K)] [ParOldGen: 326350K->326350K(349696K)] 457934K->457934K(502784K), [Metaspace: 9498K->9498K(1058816K)], 3.2689385 secs] [Times: user=23.60 sys=0.03, real=3.27 secs] 
2017-12-12T19:48:31.972+0300: 461.866: [Full GC (Ergonomics) [PSYoungGen: 131584K->131584K(153088K)] [ParOldGen: 326352K->326352K(349696K)] 457936K->457936K(502784K), [Metaspace: 9498K->9498K(1058816K)], 1.4330186 secs] [Times: user=9.75 sys=0.00, real=1.43 secs] 
2017-12-12T19:48:33.405+0300: 463.299: [Full GC (Ergonomics) [PSYoungGen: 131584K->131584K(153088K)] [ParOldGen: 326353K->326353K(349696K)] 457937K->457937K(502784K), [Metaspace: 9498K->9498K(1058816K)], 1.3686167 secs] [Times: user=9.03 sys=0.03, real=1.37 secs] 
2017-12-12T19:48:34.774+0300: 464.668: [Full GC (Ergonomics) [PSYoungGen: 131584K->131584K(153088K)] [ParOldGen: 326355K->326355K(349696K)] 457939K->457939K(502784K), [Metaspace: 9498K->9498K(1058816K)], 1.4085851 secs] [Times: user=9.11 sys=0.01, real=1.41 secs] 
2017-12-12T19:48:36.183+0300: 466.077: [Full GC (Ergonomics) [PSYoungGen: 131584K->131584K(153088K)] [ParOldGen: 326356K->326356K(349696K)] 457940K->457940K(502784K), [Metaspace: 9498K->9498K(1058816K)], 1.4097785 secs] [Times: user=9.41 sys=0.02, real=1.41 secs] 
2017-12-12T19:48:37.593+0300: 467.487: [Full GC (Ergonomics) [PSYoungGen: 131584K->131584K(153088K)] [ParOldGen: 326358K->326358K(349696K)] 457942K->457942K(502784K), [Metaspace: 9498K->9498K(1058816K)], 1.3216980 secs] [Times: user=8.83 sys=0.00, real=1.32 secs] 
2017-12-12T19:48:38.915+0300: 468.809: [Full GC (Ergonomics) [PSYoungGen: 131584K->131583K(153088K)] [ParOldGen: 326361K->326359K(349696K)] 457945K->457942K(502784K), [Metaspace: 9499K->9499K(1058816K)], 3.1955813 secs] [Times: user=22.42 sys=0.05, real=3.20 secs] 
2017-12-12T19:48:42.111+0300: 472.005: [Full GC (Ergonomics) [PSYoungGen: 131584K->131583K(153088K)] [ParOldGen: 326359K->326359K(349696K)] 457943K->457942K(502784K), [Metaspace: 9499K->9499K(1058816K)], 1.4203379 secs] [Times: user=9.33 sys=0.03, real=1.42 secs] 
2017-12-12T19:48:43.532+0300: 473.426: [Full GC (Ergonomics) [PSYoungGen: 131584K->131583K(153088K)] [ParOldGen: 326359K->326358K(349696K)] 457943K->457941K(502784K), [Metaspace: 9499K->9499K(1058816K)], 3.2556445 secs] [Times: user=22.59 sys=0.09, real=3.26 secs] 
2017-12-12T19:48:46.788+0300: 476.681: [Full GC (Ergonomics) [PSYoungGen: 131584K->131583K(153088K)] [ParOldGen: 326358K->326358K(349696K)] 457942K->457942K(502784K), [Metaspace: 9499K->9499K(1058816K)], 1.3351663 secs] [Times: user=8.88 sys=0.02, real=1.33 secs] 
2017-12-12T19:48:48.123+0300: 478.017: [Full GC (Ergonomics) [PSYoungGen: 131583K->131583K(153088K)] [ParOldGen: 326358K->326358K(349696K)] 457942K->457942K(502784K), [Metaspace: 9499K->9499K(1058816K)], 1.3276863 secs] [Times: user=8.99 sys=0.02, real=1.33 secs] 
2017-12-12T19:48:49.451+0300: 479.345: [Full GC (Ergonomics) [PSYoungGen: 131583K->131583K(153088K)] [ParOldGen: 326359K->326359K(349696K)] 457943K->457943K(502784K), [Metaspace: 9499K->9499K(1058816K)], 1.3435879 secs] [Times: user=8.95 sys=0.02, real=1.34 secs] 
2017-12-12T19:48:50.795+0300: 480.689: [Full GC (Ergonomics) [PSYoungGen: 131583K->131583K(153088K)] [ParOldGen: 326361K->326361K(349696K)] 457945K->457945K(502784K), [Metaspace: 9499K->9499K(1058816K)], 1.3969795 secs] [Times: user=9.13 sys=0.02, real=1.40 secs] 
2017-12-12T19:48:52.192+0300: 482.086: [Full GC (Ergonomics) [PSYoungGen: 131583K->131583K(153088K)] [ParOldGen: 326361K->326361K(349696K)] 457945K->457945K(502784K), [Metaspace: 9499K->9499K(1058816K)], 1.3756772 secs] [Times: user=9.41 sys=0.03, real=1.38 secs] 
2017-12-12T19:48:53.568+0300: 483.462: [Full GC (Ergonomics) [PSYoungGen: 131583K->131583K(153088K)] [ParOldGen: 326363K->326362K(349696K)] 457947K->457946K(502784K), [Metaspace: 9499K->9499K(1058816K)], 1.4195766 secs] [Times: user=9.52 sys=0.00, real=1.42 secs] 
2017-12-12T19:48:54.987+0300: 484.882: [Full GC (Ergonomics) [PSYoungGen: 131584K->131583K(153088K)] [ParOldGen: 326362K->326362K(349696K)] 457946K->457946K(502784K), [Metaspace: 9499K->9499K(1058816K)], 1.4399352 secs] [Times: user=10.08 sys=0.00, real=1.44 secs] 
2017-12-12T19:48:56.428+0300: 486.322: [Full GC (Ergonomics) [PSYoungGen: 131583K->131581K(153088K)] [ParOldGen: 326362K->326360K(349696K)] 457946K->457941K(502784K), [Metaspace: 9499K->9499K(1058816K)], 1.4341151 secs] [Times: user=9.78 sys=0.05, real=1.43 secs] 
2017-12-12T19:48:57.862+0300: 487.756: [Full GC (Ergonomics) [PSYoungGen: 131584K->131583K(153088K)] [ParOldGen: 326360K->326360K(349696K)] 457944K->457944K(502784K), [Metaspace: 9499K->9499K(1058816K)], 1.3719906 secs] [Times: user=8.95 sys=0.01, real=1.37 secs] 
2017-12-12T19:48:59.234+0300: 489.128: [Full GC (Ergonomics) [PSYoungGen: 131584K->131583K(153088K)] [ParOldGen: 326360K->326360K(349696K)] 457944K->457944K(502784K), [Metaspace: 9499K->9499K(1058816K)], 1.3724108 secs] [Times: user=9.11 sys=0.02, real=1.37 secs] 
2017-12-12T19:49:00.608+0300: 490.501: [Full GC (Ergonomics) [PSYoungGen: 131584K->131583K(153088K)] [ParOldGen: 326360K->326360K(349696K)] 457944K->457944K(502784K), [Metaspace: 9499K->9499K(1058816K)], 1.4097161 secs] [Times: user=9.27 sys=0.00, real=1.41 secs] 
2017-12-12T19:49:02.018+0300: 491.911: [Full GC (Ergonomics) [PSYoungGen: 131584K->131583K(153088K)] [ParOldGen: 326364K->326353K(349696K)] 457948K->457937K(502784K), [Metaspace: 9499K->9495K(1058816K)], 1.3291187 secs] [Times: user=8.52 sys=0.02, real=1.33 secs] 
2017-12-12T19:49:03.347+0300: 493.240: [Full GC (Ergonomics) [PSYoungGen: 131584K->131584K(153088K)] [ParOldGen: 326353K->326353K(349696K)] 457937K->457937K(502784K), [Metaspace: 9495K->9495K(1058816K)], 1.4163955 secs] [Times: user=9.33 sys=0.02, real=1.42 secs] 
2017-12-12T19:49:04.763+0300: 494.657: [Full GC (Ergonomics) [PSYoungGen: 131584K->131584K(153088K)] [ParOldGen: 326354K->326354K(349696K)] 457938K->457938K(502784K), [Metaspace: 9495K->9495K(1058816K)], 1.5949695 secs] [Times: user=11.08 sys=0.03, real=1.60 secs] 
2017-12-12T19:49:06.359+0300: 496.252: [Full GC (Ergonomics) [PSYoungGen: 131584K->131584K(153088K)] [ParOldGen: 326357K->326356K(349696K)] 457941K->457940K(502784K), [Metaspace: 9495K->9495K(1058816K)], 1.3671889 secs] [Times: user=9.08 sys=0.02, real=1.37 secs] 
2017-12-12T19:49:07.726+0300: 497.620: [Full GC (Ergonomics) [PSYoungGen: 131584K->131584K(153088K)] [ParOldGen: 326357K->326357K(349696K)] 457941K->457941K(502784K), [Metaspace: 9495K->9495K(1058816K)], 1.3651478 secs] [Times: user=9.11 sys=0.00, real=1.37 secs] 
2017-12-12T19:49:09.091+0300: 498.985: [Full GC (Ergonomics) [PSYoungGen: 131584K->131584K(153088K)] [ParOldGen: 326359K->326359K(349696K)] 457943K->457943K(502784K), [Metaspace: 9495K->9495K(1058816K)], 1.4099322 secs] [Times: user=9.17 sys=0.02, real=1.41 secs] 
2017-12-12T19:49:10.501+0300: 500.395: [Full GC (Ergonomics) [PSYoungGen: 131584K->131584K(153088K)] [ParOldGen: 326361K->326360K(349696K)] 457945K->457944K(502784K), [Metaspace: 9495K->9495K(1058816K)], 1.3663889 secs] [Times: user=8.83 sys=0.03, real=1.37 secs] 
2017-12-12T19:49:11.868+0300: 501.762: [Full GC (Ergonomics) [PSYoungGen: 131584K->131583K(153088K)] [ParOldGen: 326365K->326355K(349696K)] 457949K->457939K(502784K), [Metaspace: 9495K->9495K(1058816K)], 1.3634193 secs] [Times: user=8.97 sys=0.01, real=1.36 secs] 
2017-12-12T19:49:13.232+0300: 503.126: [Full GC (Ergonomics) [PSYoungGen: 131584K->131583K(153088K)] [ParOldGen: 326355K->326355K(349696K)] 457939K->457939K(502784K), [Metaspace: 9495K->9495K(1058816K)], 1.4111225 secs] [Times: user=9.24 sys=0.03, real=1.41 secs] 
2017-12-12T19:49:14.643+0300: 504.537: [Full GC (Ergonomics) [PSYoungGen: 131584K->131583K(153088K)] [ParOldGen: 326355K->326355K(349696K)] 457939K->457939K(502784K), [Metaspace: 9495K->9495K(1058816K)], 1.4183213 secs] [Times: user=9.55 sys=0.05, real=1.42 secs] 
2017-12-12T19:49:16.061+0300: 505.956: [Full GC (Ergonomics) [PSYoungGen: 131583K->131583K(153088K)] [ParOldGen: 326355K->326355K(349696K)] 457939K->457939K(502784K), [Metaspace: 9495K->9495K(1058816K)], 1.4302086 secs] [Times: user=9.35 sys=0.02, real=1.43 secs] 
2017-12-12T19:49:17.493+0300: 507.386: [Full GC (Ergonomics) [PSYoungGen: 131583K->131583K(153088K)] [ParOldGen: 326357K->326357K(349696K)] 457941K->457941K(502784K), [Metaspace: 9495K->9495K(1058816K)], 1.3692884 secs] [Times: user=9.19 sys=0.02, real=1.37 secs] 
2017-12-12T19:49:18.862+0300: 508.756: [Full GC (Ergonomics) [PSYoungGen: 131583K->131583K(153088K)] [ParOldGen: 326358K->326358K(349696K)] 457942K->457942K(502784K), [Metaspace: 9495K->9495K(1058816K)], 1.4226554 secs] [Times: user=9.16 sys=0.00, real=1.42 secs] 
2017-12-12T19:49:20.285+0300: 510.179: [Full GC (Ergonomics) [PSYoungGen: 131583K->131583K(153088K)] [ParOldGen: 326358K->326353K(349696K)] 457942K->457937K(502784K), [Metaspace: 9495K->9495K(1058816K)], 1.3678905 secs] [Times: user=9.06 sys=0.03, real=1.37 secs] 
2017-12-12T19:49:21.653+0300: 511.547: [Full GC (Ergonomics) [PSYoungGen: 131583K->131583K(153088K)] [ParOldGen: 326353K->326353K(349696K)] 457937K->457937K(502784K), [Metaspace: 9495K->9495K(1058816K)], 1.4244909 secs] [Times: user=9.88 sys=0.01, real=1.42 secs] 
2017-12-12T19:49:23.078+0300: 512.972: [Full GC (Ergonomics) [PSYoungGen: 131583K->131583K(153088K)] [ParOldGen: 326354K->326354K(349696K)] 457938K->457938K(502784K), [Metaspace: 9495K->9495K(1058816K)], 1.3748379 secs] [Times: user=8.85 sys=0.03, real=1.38 secs] 
2017-12-12T19:49:24.453+0300: 514.347: [Full GC (Ergonomics) [PSYoungGen: 131583K->131583K(153088K)] [ParOldGen: 326356K->326356K(349696K)] 457940K->457940K(502784K), [Metaspace: 9495K->9495K(1058816K)], 1.3712485 secs] [Times: user=9.06 sys=0.03, real=1.37 secs] 
2017-12-12T19:49:25.824+0300: 515.718: [Full GC (Ergonomics) [PSYoungGen: 131584K->131584K(153088K)] [ParOldGen: 326357K->326357K(349696K)] 457941K->457941K(502784K), [Metaspace: 9495K->9495K(1058816K)], 1.4386702 secs] [Times: user=9.78 sys=0.00, real=1.44 secs] 
2017-12-12T19:49:27.263+0300: 517.157: [Full GC (Ergonomics) [PSYoungGen: 131584K->131583K(153088K)] [ParOldGen: 326359K->326358K(349696K)] 457943K->457942K(502784K), [Metaspace: 9495K->9495K(1058816K)], 1.4417513 secs] [Times: user=9.94 sys=0.00, real=1.44 secs] 
2017-12-12T19:49:28.705+0300: 518.599: [Full GC (Ergonomics) [PSYoungGen: 131584K->131584K(153088K)] [ParOldGen: 326360K->326360K(349696K)] 457944K->457944K(502784K), [Metaspace: 9495K->9495K(1058816K)], 1.4491494 secs] [Times: user=9.66 sys=0.03, real=1.45 secs] 
2017-12-12T19:49:30.154+0300: 520.048: [Full GC (Ergonomics) [PSYoungGen: 131584K->131584K(153088K)] [ParOldGen: 326362K->326362K(349696K)] 457946K->457946K(502784K), [Metaspace: 9495K->9495K(1058816K)], 1.4096950 secs] [Times: user=9.08 sys=0.03, real=1.41 secs] 
2017-12-12T19:49:31.565+0300: 521.459: [Full GC (Ergonomics) [PSYoungGen: 131584K->131583K(153088K)] [ParOldGen: 326365K->326362K(349696K)] 457949K->457946K(502784K), [Metaspace: 9496K->9496K(1058816K)], 1.4170874 secs] [Times: user=9.24 sys=0.05, real=1.42 secs] 
2017-12-12T19:49:32.982+0300: 522.876: [Full GC (Ergonomics) [PSYoungGen: 131584K->131584K(153088K)] [ParOldGen: 326365K->326364K(349696K)] 457949K->457948K(502784K), [Metaspace: 9496K->9496K(1058816K)], 1.3710013 secs] [Times: user=8.95 sys=0.02, real=1.37 secs] 
2017-12-12T19:49:34.354+0300: 524.248: [Full GC (Ergonomics) [PSYoungGen: 131584K->131584K(153088K)] [ParOldGen: 326366K->326366K(349696K)] 457950K->457950K(502784K), [Metaspace: 9496K->9496K(1058816K)], 1.3491819 secs] [Times: user=8.92 sys=0.00, real=1.35 secs] 
2017-12-12T19:49:35.704+0300: 525.597: [Full GC (Ergonomics) [PSYoungGen: 131584K->131584K(153088K)] [ParOldGen: 326367K->326367K(349696K)] 457951K->457951K(502784K), [Metaspace: 9496K->9496K(1058816K)], 1.3481370 secs] [Times: user=8.81 sys=0.01, real=1.35 secs] 
2017-12-12T19:49:37.052+0300: 526.945: [Full GC (Ergonomics) [PSYoungGen: 131584K->131584K(153088K)] [ParOldGen: 326369K->326369K(349696K)] 457953K->457953K(502784K), [Metaspace: 9496K->9496K(1058816K)], 1.3200767 secs] [Times: user=8.63 sys=0.00, real=1.32 secs] 
2017-12-12T19:49:38.372+0300: 528.266: [Full GC (Ergonomics) [PSYoungGen: 131584K->131584K(153088K)] [ParOldGen: 326370K->326370K(349696K)] 457954K->457954K(502784K), [Metaspace: 9496K->9496K(1058816K)], 1.3200020 secs] [Times: user=8.83 sys=0.02, real=1.32 secs] 
2017-12-12T19:49:39.692+0300: 529.586: [Full GC (Ergonomics) [PSYoungGen: 131584K->131584K(153088K)] [ParOldGen: 326372K->326372K(349696K)] 457956K->457956K(502784K), [Metaspace: 9496K->9496K(1058816K)], 1.3625326 secs] [Times: user=8.91 sys=0.03, real=1.36 secs] 
2017-12-12T19:49:41.055+0300: 530.949: [Full GC (Ergonomics) [PSYoungGen: 131584K->131584K(153088K)] [ParOldGen: 326373K->326373K(349696K)] 457957K->457957K(502784K), [Metaspace: 9496K->9496K(1058816K)], 1.3410049 secs] [Times: user=9.09 sys=0.00, real=1.34 secs] 
2017-12-12T19:49:42.396+0300: 532.290: [Full GC (Ergonomics) [PSYoungGen: 131584K->131584K(153088K)] [ParOldGen: 326375K->326375K(349696K)] 457959K->457959K(502784K), [Metaspace: 9496K->9496K(1058816K)], 1.3663145 secs] [Times: user=9.03 sys=0.03, real=1.37 secs] 
2017-12-12T19:49:43.763+0300: 533.657: [Full GC (Ergonomics) [PSYoungGen: 131584K->131584K(153088K)] [ParOldGen: 326376K->326372K(349696K)] 457960K->457956K(502784K), [Metaspace: 9496K->9496K(1058816K)], 1.4345704 secs] [Times: user=9.91 sys=0.02, real=1.43 secs] 
2017-12-12T19:49:45.198+0300: 535.092: [Full GC (Ergonomics) [PSYoungGen: 131584K->131584K(153088K)] [ParOldGen: 326373K->326373K(349696K)] 457957K->457957K(502784K), [Metaspace: 9496K->9496K(1058816K)], 1.3736980 secs] [Times: user=9.14 sys=0.03, real=1.37 secs] 
2017-12-12T19:49:46.572+0300: 536.465: [Full GC (Ergonomics) [PSYoungGen: 131584K->131584K(153088K)] [ParOldGen: 326375K->326375K(349696K)] 457959K->457959K(502784K), [Metaspace: 9496K->9496K(1058816K)], 1.3683746 secs] [Times: user=9.14 sys=0.03, real=1.37 secs] 
2017-12-12T19:49:47.940+0300: 537.834: [Full GC (Ergonomics) [PSYoungGen: 131584K->131584K(153088K)] [ParOldGen: 326376K->326376K(349696K)] 457960K->457960K(502784K), [Metaspace: 9499K->9499K(1058816K)], 1.3709405 secs] [Times: user=8.78 sys=0.03, real=1.37 secs] 
2017-12-12T19:49:49.311+0300: 539.205: [Full GC (Ergonomics) [PSYoungGen: 131584K->131584K(153088K)] [ParOldGen: 326378K->326378K(349696K)] 457962K->457962K(502784K), [Metaspace: 9499K->9499K(1058816K)], 1.4360900 secs] [Times: user=9.56 sys=0.00, real=1.44 secs] 
2017-12-12T19:49:50.748+0300: 540.642: [Full GC (Ergonomics) [PSYoungGen: 131584K->131584K(153088K)] [ParOldGen: 326380K->326380K(349696K)] 457964K->457964K(502784K), [Metaspace: 9499K->9499K(1058816K)], 1.4173061 secs] [Times: user=9.52 sys=0.00, real=1.42 secs] 
2017-12-12T19:49:52.166+0300: 542.059: [Full GC (Ergonomics) [PSYoungGen: 131584K->131584K(153088K)] [ParOldGen: 326381K->326381K(349696K)] 457965K->457965K(502784K), [Metaspace: 9499K->9499K(1058816K)], 1.4373604 secs] [Times: user=10.16 sys=0.00, real=1.44 secs] 
2017-12-12T19:49:53.604+0300: 543.497: [Full GC (Ergonomics) [PSYoungGen: 131584K->131584K(153088K)] [ParOldGen: 326383K->326382K(349696K)] 457967K->457966K(502784K), [Metaspace: 9500K->9500K(1058816K)], 1.4214115 secs] [Times: user=9.63 sys=0.03, real=1.42 secs] 
2017-12-12T19:49:55.026+0300: 544.919: [Full GC (Ergonomics) [PSYoungGen: 131584K->131583K(153088K)] [ParOldGen: 326385K->326385K(349696K)] 457969K->457968K(502784K), [Metaspace: 9500K->9500K(1058816K)], 1.3659786 secs] [Times: user=8.91 sys=0.01, real=1.37 secs] 
2017-12-12T19:49:56.392+0300: 546.285: [Full GC (Ergonomics) [PSYoungGen: 131584K->131583K(153088K)] [ParOldGen: 326385K->326384K(349696K)] 457969K->457968K(502784K), [Metaspace: 9500K->9500K(1058816K)], 1.3777419 secs] [Times: user=8.97 sys=0.02, real=1.38 secs] 
2017-12-12T19:49:57.770+0300: 547.663: [Full GC (Ergonomics) [PSYoungGen: 131584K->131584K(153088K)] [ParOldGen: 326384K->326384K(349696K)] 457968K->457968K(502784K), [Metaspace: 9500K->9500K(1058816K)], 1.3705505 secs] [Times: user=9.22 sys=0.02, real=1.37 secs] 
2017-12-12T19:49:59.141+0300: 549.034: [Full GC (Ergonomics) [PSYoungGen: 131584K->131584K(153088K)] [ParOldGen: 326386K->326386K(349696K)] 457970K->457970K(502784K), [Metaspace: 9500K->9500K(1058816K)], 1.3335617 secs] [Times: user=8.55 sys=0.06, real=1.33 secs] 
2017-12-12T19:50:00.474+0300: 550.368: [Full GC (Ergonomics) [PSYoungGen: 131584K->131583K(153088K)] [ParOldGen: 326387K->326386K(349696K)] 457971K->457970K(502784K), [Metaspace: 9500K->9500K(1058816K)], 1.4393071 secs] [Times: user=9.95 sys=0.01, real=1.44 secs] 
2017-12-12T19:50:01.914+0300: 551.808: [Full GC (Ergonomics) [PSYoungGen: 131584K->131583K(153088K)] [ParOldGen: 326386K->326386K(349696K)] 457970K->457970K(502784K), [Metaspace: 9500K->9500K(1058816K)], 1.4185696 secs] [Times: user=9.59 sys=0.00, real=1.42 secs] 
2017-12-12T19:50:03.333+0300: 553.226: [Full GC (Ergonomics) [PSYoungGen: 131584K->131583K(153088K)] [ParOldGen: 326386K->326386K(349696K)] 457970K->457970K(502784K), [Metaspace: 9500K->9500K(1058816K)], 1.4105027 secs] [Times: user=9.44 sys=0.02, real=1.41 secs] 
2017-12-12T19:50:04.743+0300: 554.637: [Full GC (Ergonomics) [PSYoungGen: 131583K->131583K(153088K)] [ParOldGen: 326386K->326386K(349696K)] 457970K->457970K(502784K), [Metaspace: 9500K->9500K(1058816K)], 1.3250409 secs] [Times: user=8.42 sys=0.03, real=1.33 secs] 
2017-12-12T19:50:06.069+0300: 555.962: [Full GC (Ergonomics) [PSYoungGen: 131583K->131583K(153088K)] [ParOldGen: 326397K->326397K(349696K)] 457981K->457981K(502784K), [Metaspace: 9500K->9500K(1058816K)], 1.3312367 secs] [Times: user=8.63 sys=0.00, real=1.33 secs] 
2017-12-12T19:50:07.400+0300: 557.294: [Full GC (Ergonomics) [PSYoungGen: 131583K->131583K(153088K)] [ParOldGen: 326399K->326398K(349696K)] 457983K->457982K(502784K), [Metaspace: 9500K->9500K(1058816K)], 1.3323848 secs] [Times: user=8.88 sys=0.02, real=1.33 secs] 
2017-12-12T19:50:08.733+0300: 558.627: [Full GC (Ergonomics) [PSYoungGen: 131583K->131583K(153088K)] [ParOldGen: 326400K->326400K(349696K)] 457984K->457984K(502784K), [Metaspace: 9500K->9500K(1058816K)], 1.3307286 secs] [Times: user=8.64 sys=0.05, real=1.33 secs] 
2017-12-12T19:50:10.065+0300: 559.958: [Full GC (Ergonomics) [PSYoungGen: 131583K->131583K(153088K)] [ParOldGen: 326400K->326400K(349696K)] 457984K->457984K(502784K), [Metaspace: 9500K->9500K(1058816K)], 1.4253186 secs] [Times: user=9.28 sys=0.03, real=1.42 secs] 
2017-12-12T19:50:11.490+0300: 561.383: [Full GC (Ergonomics) [PSYoungGen: 131583K->131583K(153088K)] [ParOldGen: 326402K->326401K(349696K)] 457986K->457985K(502784K), [Metaspace: 9500K->9500K(1058816K)], 1.3225790 secs] [Times: user=8.67 sys=0.00, real=1.32 secs] 
2017-12-12T19:50:12.813+0300: 562.706: [Full GC (Ergonomics) [PSYoungGen: 131583K->131583K(153088K)] [ParOldGen: 326403K->326403K(349696K)] 457987K->457987K(502784K), [Metaspace: 9500K->9500K(1058816K)], 1.3246942 secs] [Times: user=8.44 sys=0.01, real=1.32 secs] 
2017-12-12T19:50:14.138+0300: 564.031: [Full GC (Ergonomics) [PSYoungGen: 131583K->131583K(153088K)] [ParOldGen: 326413K->326412K(349696K)] 457997K->457996K(502784K), [Metaspace: 9500K->9500K(1058816K)], 1.3608485 secs] [Times: user=9.03 sys=0.03, real=1.36 secs] 
2017-12-12T19:50:15.499+0300: 565.392: [Full GC (Ergonomics) [PSYoungGen: 131583K->131583K(153088K)] [ParOldGen: 326414K->326414K(349696K)] 457998K->457998K(502784K), [Metaspace: 9500K->9500K(1058816K)], 1.3341102 secs] [Times: user=8.83 sys=0.05, real=1.33 secs] 
2017-12-12T19:50:16.833+0300: 566.726: [Full GC (Ergonomics) [PSYoungGen: 131583K->131583K(153088K)] [ParOldGen: 326416K->326415K(349696K)] 458000K->457999K(502784K), [Metaspace: 9500K->9500K(1058816K)], 1.3690783 secs] [Times: user=8.83 sys=0.03, real=1.37 secs] 
2017-12-12T19:50:18.202+0300: 568.096: [Full GC (Ergonomics) [PSYoungGen: 131583K->131583K(153088K)] [ParOldGen: 326417K->326417K(349696K)] 458001K->458001K(502784K), [Metaspace: 9500K->9500K(1058816K)], 1.3485481 secs] [Times: user=8.70 sys=0.03, real=1.35 secs] 
2017-12-12T19:50:19.551+0300: 569.444: [Full GC (Ergonomics) [PSYoungGen: 131583K->131583K(153088K)] [ParOldGen: 326419K->326419K(349696K)] 458003K->458003K(502784K), [Metaspace: 9500K->9500K(1058816K)], 1.3428247 secs] [Times: user=8.92 sys=0.03, real=1.34 secs] 
2017-12-12T19:50:20.894+0300: 570.788: [Full GC (Ergonomics) [PSYoungGen: 131583K->131583K(153088K)] [ParOldGen: 326421K->326420K(349696K)] 458005K->458004K(502784K), [Metaspace: 9500K->9500K(1058816K)], 1.4115017 secs] [Times: user=9.44 sys=0.00, real=1.41 secs] 
2017-12-12T19:50:22.306+0300: 572.199: [Full GC (Ergonomics) [PSYoungGen: 131583K->131583K(153088K)] [ParOldGen: 326422K->326422K(349696K)] 458006K->458006K(502784K), [Metaspace: 9500K->9500K(1058816K)], 1.3894006 secs] [Times: user=8.99 sys=0.00, real=1.39 secs] 
2017-12-12T19:50:23.695+0300: 573.589: [Full GC (Ergonomics) [PSYoungGen: 131583K->131583K(153088K)] [ParOldGen: 326424K->326424K(349696K)] 458008K->458008K(502784K), [Metaspace: 9500K->9500K(1058816K)], 1.4192622 secs] [Times: user=9.88 sys=0.02, real=1.42 secs] 
2017-12-12T19:50:25.115+0300: 575.008: [Full GC (Ergonomics) [PSYoungGen: 131583K->131583K(153088K)] [ParOldGen: 326425K->326425K(349696K)] 458009K->458009K(502784K), [Metaspace: 9500K->9500K(1058816K)], 1.3664311 secs] [Times: user=9.27 sys=0.00, real=1.37 secs] 
2017-12-12T19:50:26.481+0300: 576.375: [Full GC (Ergonomics) [PSYoungGen: 131583K->131583K(153088K)] [ParOldGen: 326428K->326427K(349696K)] 458012K->458011K(502784K), [Metaspace: 9500K->9500K(1058816K)], 1.3866987 secs] [Times: user=9.05 sys=0.02, real=1.39 secs] 
2017-12-12T19:50:27.869+0300: 577.762: [Full GC (Ergonomics) [PSYoungGen: 131583K->131583K(153088K)] [ParOldGen: 326429K->326429K(349696K)] 458013K->458013K(502784K), [Metaspace: 9500K->9500K(1058816K)], 1.4389071 secs] [Times: user=9.94 sys=0.03, real=1.44 secs] 
2017-12-12T19:50:29.308+0300: 579.201: [Full GC (Ergonomics) [PSYoungGen: 131583K->131583K(153088K)] [ParOldGen: 326430K->326430K(349696K)] 458014K->458014K(502784K), [Metaspace: 9500K->9500K(1058816K)], 1.4297197 secs] [Times: user=9.86 sys=0.00, real=1.43 secs] 
2017-12-12T19:50:30.738+0300: 580.631: [Full GC (Ergonomics) [PSYoungGen: 131583K->131583K(153088K)] [ParOldGen: 326432K->326432K(349696K)] 458016K->458016K(502784K), [Metaspace: 9500K->9500K(1058816K)], 1.4255706 secs] [Times: user=9.53 sys=0.00, real=1.43 secs] 
2017-12-12T19:50:32.164+0300: 582.057: [Full GC (Ergonomics) [PSYoungGen: 131583K->131583K(153088K)] [ParOldGen: 326434K->326433K(349696K)] 458018K->458017K(502784K), [Metaspace: 9500K->9500K(1058816K)], 1.4093897 secs] [Times: user=9.17 sys=0.03, real=1.41 secs] 
2017-12-12T19:50:33.573+0300: 583.467: [Full GC (Ergonomics) [PSYoungGen: 131583K->131583K(153088K)] [ParOldGen: 326434K->326434K(349696K)] 458018K->458018K(502784K), [Metaspace: 9500K->9500K(1058816K)], 1.4085660 secs] [Times: user=9.19 sys=0.01, real=1.41 secs] 
2017-12-12T19:50:34.982+0300: 584.875: [Full GC (Ergonomics) [PSYoungGen: 131583K->131583K(153088K)] [ParOldGen: 326436K->326436K(349696K)] 458020K->458020K(502784K), [Metaspace: 9500K->9500K(1058816K)], 1.4127062 secs] [Times: user=9.45 sys=0.02, real=1.41 secs] 
2017-12-12T19:50:36.395+0300: 586.288: [Full GC (Ergonomics) [PSYoungGen: 131583K->131583K(153088K)] [ParOldGen: 326437K->326437K(349696K)] 458021K->458021K(502784K), [Metaspace: 9500K->9500K(1058816K)], 1.3724596 secs] [Times: user=9.14 sys=0.03, real=1.37 secs] 
2017-12-12T19:50:37.767+0300: 587.661: [Full GC (Ergonomics) [PSYoungGen: 131583K->131583K(153088K)] [ParOldGen: 326439K->326439K(349696K)] 458023K->458023K(502784K), [Metaspace: 9500K->9500K(1058816K)], 1.4350802 secs] [Times: user=9.86 sys=0.02, real=1.43 secs] 
2017-12-12T19:50:39.203+0300: 589.096: [Full GC (Ergonomics) [PSYoungGen: 131583K->131583K(153088K)] [ParOldGen: 326440K->326440K(349696K)] 458024K->458024K(502784K), [Metaspace: 9500K->9500K(1058816K)], 1.4402662 secs] [Times: user=9.72 sys=0.06, real=1.44 secs] 
2017-12-12T19:50:40.643+0300: 590.537: [Full GC (Ergonomics) [PSYoungGen: 131583K->131583K(153088K)] [ParOldGen: 326442K->326441K(349696K)] 458026K->458025K(502784K), [Metaspace: 9500K->9500K(1058816K)], 1.4214341 secs] [Times: user=9.69 sys=0.02, real=1.42 secs] 
2017-12-12T19:50:42.065+0300: 591.959: [Full GC (Ergonomics) [PSYoungGen: 131583K->131583K(153088K)] [ParOldGen: 326443K->326443K(349696K)] 458027K->458027K(502784K), [Metaspace: 9500K->9500K(1058816K)], 1.3300883 secs] [Times: user=8.89 sys=0.03, real=1.33 secs] 
2017-12-12T19:50:43.395+0300: 593.289: [Full GC (Ergonomics) [PSYoungGen: 131583K->131583K(153088K)] [ParOldGen: 326444K->326444K(349696K)] 458028K->458028K(502784K), [Metaspace: 9500K->9500K(1058816K)], 1.3652744 secs] [Times: user=8.85 sys=0.01, real=1.37 secs] 
2017-12-12T19:50:44.761+0300: 594.654: [Full GC (Ergonomics) [PSYoungGen: 131583K->131583K(153088K)] [ParOldGen: 326446K->326446K(349696K)] 458030K->458030K(502784K), [Metaspace: 9500K->9500K(1058816K)], 1.3701374 secs] [Times: user=9.11 sys=0.02, real=1.37 secs] 
2017-12-12T19:50:46.132+0300: 596.025: [Full GC (Ergonomics) [PSYoungGen: 131583K->131583K(153088K)] [ParOldGen: 326448K->326448K(349696K)] 458032K->458032K(502784K), [Metaspace: 9500K->9500K(1058816K)], 1.3331549 secs] [Times: user=8.83 sys=0.02, real=1.33 secs] 
2017-12-12T19:50:47.465+0300: 597.358: [Full GC (Ergonomics) [PSYoungGen: 131583K->131583K(153088K)] [ParOldGen: 326449K->326449K(349696K)] 458033K->458033K(502784K), [Metaspace: 9500K->9500K(1058816K)], 1.3260533 secs] [Times: user=8.63 sys=0.03, real=1.33 secs] 
2017-12-12T19:50:48.791+0300: 598.684: [Full GC (Ergonomics) [PSYoungGen: 131583K->131583K(153088K)] [ParOldGen: 326451K->326451K(349696K)] 458035K->458035K(502784K), [Metaspace: 9500K->9500K(1058816K)], 1.4177597 secs] [Times: user=9.24 sys=0.03, real=1.42 secs] 
2017-12-12T19:50:50.209+0300: 600.102: [Full GC (Ergonomics) [PSYoungGen: 131583K->131583K(153088K)] [ParOldGen: 326452K->326452K(349696K)] 458036K->458036K(502784K), [Metaspace: 9500K->9500K(1058816K)], 1.3356295 secs] [Times: user=8.95 sys=0.02, real=1.34 secs] 
2017-12-12T19:50:51.545+0300: 601.438: [Full GC (Ergonomics) [PSYoungGen: 131583K->131582K(153088K)] [ParOldGen: 326455K->326453K(349696K)] 458039K->458036K(502784K), [Metaspace: 9500K->9500K(1058816K)], 1.3685899 secs] [Times: user=8.94 sys=0.01, real=1.37 secs] 
2017-12-12T19:50:52.914+0300: 602.807: [Full GC (Ergonomics) [PSYoungGen: 131584K->131583K(153088K)] [ParOldGen: 326453K->326453K(349696K)] 458037K->458037K(502784K), [Metaspace: 9500K->9500K(1058816K)], 1.3320826 secs] [Times: user=8.58 sys=0.02, real=1.33 secs] 
2017-12-12T19:50:54.246+0300: 604.140: [Full GC (Ergonomics) [PSYoungGen: 131584K->131584K(153088K)] [ParOldGen: 326456K->326456K(349696K)] 458040K->458040K(502784K), [Metaspace: 9500K->9500K(1058816K)], 1.3686968 secs] [Times: user=8.70 sys=0.01, real=1.37 secs] 
2017-12-12T19:50:55.615+0300: 605.509: [Full GC (Ergonomics) [PSYoungGen: 131584K->131584K(153088K)] [ParOldGen: 326458K->326458K(349696K)] 458042K->458042K(502784K), [Metaspace: 9500K->9500K(1058816K)], 1.4348669 secs] [Times: user=9.66 sys=0.00, real=1.43 secs] 
2017-12-12T19:50:57.050+0300: 606.944: [Full GC (Ergonomics) [PSYoungGen: 131584K->131584K(153088K)] [ParOldGen: 326460K->326460K(349696K)] 458044K->458044K(502784K), [Metaspace: 9500K->9500K(1058816K)], 1.4365872 secs] [Times: user=9.75 sys=0.02, real=1.44 secs] 
2017-12-12T19:50:58.487+0300: 608.381: [Full GC (Ergonomics) [PSYoungGen: 131584K->131584K(153088K)] [ParOldGen: 326461K->326460K(349696K)] 458045K->458044K(502784K), [Metaspace: 9500K->9500K(1058816K)], 1.4175034 secs] [Times: user=9.27 sys=0.02, real=1.42 secs] 
2017-12-12T19:50:59.905+0300: 609.798: [Full GC (Ergonomics) [PSYoungGen: 131584K->131584K(153088K)] [ParOldGen: 326464K->326462K(349696K)] 458048K->458046K(502784K), [Metaspace: 9500K->9500K(1058816K)], 1.4258343 secs] [Times: user=10.06 sys=0.01, real=1.42 secs] 
2017-12-12T19:51:01.331+0300: 611.224: [Full GC (Ergonomics) [PSYoungGen: 131584K->131584K(153088K)] [ParOldGen: 326464K->326463K(349696K)] 458048K->458047K(502784K), [Metaspace: 9500K->9500K(1058816K)], 1.3263512 secs] [Times: user=8.86 sys=0.05, real=1.33 secs] 
2017-12-12T19:51:02.658+0300: 612.551: [Full GC (Ergonomics) [PSYoungGen: 131584K->131584K(153088K)] [ParOldGen: 326465K->326465K(349696K)] 458049K->458049K(502784K), [Metaspace: 9500K->9500K(1058816K)], 1.3250075 secs] [Times: user=8.88 sys=0.02, real=1.33 secs] 
2017-12-12T19:51:03.983+0300: 613.876: [Full GC (Ergonomics) [PSYoungGen: 131584K->131584K(153088K)] [ParOldGen: 326466K->326466K(349696K)] 458050K->458050K(502784K), [Metaspace: 9500K->9500K(1058816K)], 1.4368478 secs] [Times: user=9.97 sys=0.01, real=1.44 secs] 
2017-12-12T19:51:05.420+0300: 615.313: [Full GC (Ergonomics) [PSYoungGen: 131584K->131584K(153088K)] [ParOldGen: 326468K->326468K(349696K)] 458052K->458052K(502784K), [Metaspace: 9500K->9500K(1058816K)], 1.3724288 secs] [Times: user=9.34 sys=0.02, real=1.37 secs] 
2017-12-12T19:51:06.793+0300: 616.686: [Full GC (Ergonomics) [PSYoungGen: 131584K->131584K(153088K)] [ParOldGen: 326470K->326469K(349696K)] 458054K->458053K(502784K), [Metaspace: 9500K->9500K(1058816K)], 1.3701602 secs] [Times: user=9.17 sys=0.01, real=1.37 secs] 
2017-12-12T19:51:08.163+0300: 618.056: [Full GC (Ergonomics) [PSYoungGen: 131584K->131584K(153088K)] [ParOldGen: 326471K->326471K(349696K)] 458055K->458055K(502784K), [Metaspace: 9500K->9500K(1058816K)], 1.3649460 secs] [Times: user=8.92 sys=0.05, real=1.37 secs] 
2017-12-12T19:51:09.528+0300: 619.421: [Full GC (Ergonomics) [PSYoungGen: 131584K->131584K(153088K)] [ParOldGen: 326473K->326472K(349696K)] 458057K->458056K(502784K), [Metaspace: 9500K->9500K(1058816K)], 1.3341271 secs] [Times: user=8.81 sys=0.02, real=1.33 secs] 
2017-12-12T19:51:10.863+0300: 620.756: [Full GC (Ergonomics) [PSYoungGen: 131584K->131584K(153088K)] [ParOldGen: 326474K->326474K(349696K)] 458058K->458058K(502784K), [Metaspace: 9500K->9500K(1058816K)], 1.4076474 secs] [Times: user=9.33 sys=0.01, real=1.41 secs] 
2017-12-12T19:51:12.270+0300: 622.164: [Full GC (Ergonomics) [PSYoungGen: 131584K->131584K(153088K)] [ParOldGen: 326476K->326474K(349696K)] 458060K->458058K(502784K), [Metaspace: 9500K->9500K(1058816K)], 1.3206922 secs] [Times: user=8.66 sys=0.02, real=1.32 secs] 
2017-12-12T19:51:13.591+0300: 623.485: [Full GC (Ergonomics) [PSYoungGen: 131584K->131584K(153088K)] [ParOldGen: 326476K->326476K(349696K)] 458060K->458060K(502784K), [Metaspace: 9500K->9500K(1058816K)], 1.3670281 secs] [Times: user=8.70 sys=0.05, real=1.37 secs] 
2017-12-12T19:51:14.958+0300: 624.852: [Full GC (Ergonomics) [PSYoungGen: 131584K->131584K(153088K)] [ParOldGen: 326477K->326477K(349696K)] 458061K->458061K(502784K), [Metaspace: 9500K->9500K(1058816K)], 1.3665511 secs] [Times: user=8.98 sys=0.03, real=1.37 secs] 
2017-12-12T19:51:16.325+0300: 626.219: [Full GC (Ergonomics) [PSYoungGen: 131584K->131584K(153088K)] [ParOldGen: 326479K->326479K(349696K)] 458063K->458063K(502784K), [Metaspace: 9500K->9500K(1058816K)], 1.3242862 secs] [Times: user=8.78 sys=0.00, real=1.32 secs] 
2017-12-12T19:51:17.650+0300: 627.543: [Full GC (Ergonomics) [PSYoungGen: 131584K->131584K(153088K)] [ParOldGen: 326480K->326480K(349696K)] 458064K->458064K(502784K), [Metaspace: 9500K->9500K(1058816K)], 1.3677870 secs] [Times: user=9.13 sys=0.00, real=1.37 secs] 
2017-12-12T19:51:19.018+0300: 628.911: [Full GC (Ergonomics) [PSYoungGen: 131584K->131584K(153088K)] [ParOldGen: 326482K->326482K(349696K)] 458066K->458066K(502784K), [Metaspace: 9500K->9500K(1058816K)], 1.3691327 secs] [Times: user=8.94 sys=0.00, real=1.37 secs] 
2017-12-12T19:51:20.388+0300: 630.281: [Full GC (Ergonomics) [PSYoungGen: 131584K->131584K(153088K)] [ParOldGen: 326483K->326481K(349696K)] 458067K->458065K(502784K), [Metaspace: 9500K->9500K(1058816K)], 1.3689477 secs] [Times: user=9.06 sys=0.00, real=1.37 secs] 
2017-12-12T19:51:21.757+0300: 631.650: [Full GC (Ergonomics) [PSYoungGen: 131584K->131584K(153088K)] [ParOldGen: 326483K->326483K(349696K)] 458067K->458067K(502784K), [Metaspace: 9500K->9500K(1058816K)], 1.3478616 secs] [Times: user=8.72 sys=0.03, real=1.35 secs] 
2017-12-12T19:51:23.105+0300: 632.998: [Full GC (Ergonomics) [PSYoungGen: 131584K->131584K(153088K)] [ParOldGen: 326486K->326484K(349696K)] 458070K->458068K(502784K), [Metaspace: 9500K->9500K(1058816K)], 1.3665813 secs] [Times: user=8.46 sys=0.02, real=1.37 secs] 
2017-12-12T19:51:24.472+0300: 634.365: [Full GC (Ergonomics) [PSYoungGen: 131584K->131583K(153088K)] [ParOldGen: 326486K->326476K(349696K)] 458070K->458060K(502784K), [Metaspace: 9500K->9500K(1058816K)], 1.3770985 secs] [Times: user=9.06 sys=0.03, real=1.38 secs] 
2017-12-12T19:51:25.849+0300: 635.742: [Full GC (Ergonomics) [PSYoungGen: 131584K->131583K(153088K)] [ParOldGen: 326476K->326476K(349696K)] 458060K->458060K(502784K), [Metaspace: 9500K->9500K(1058816K)], 1.3725981 secs] [Times: user=8.97 sys=0.00, real=1.37 secs] 
2017-12-12T19:51:27.222+0300: 637.115: [Full GC (Ergonomics) [PSYoungGen: 131584K->131583K(153088K)] [ParOldGen: 326479K->326479K(349696K)] 458063K->458063K(502784K), [Metaspace: 9500K->9500K(1058816K)], 1.3755518 secs] [Times: user=9.19 sys=0.02, real=1.38 secs] 
2017-12-12T19:51:28.598+0300: 638.491: [Full GC (Ergonomics) [PSYoungGen: 131584K->131584K(153088K)] [ParOldGen: 326479K->326479K(349696K)] 458063K->458063K(502784K), [Metaspace: 9500K->9500K(1058816K)], 3.2558412 secs] [Times: user=23.01 sys=0.02, real=3.26 secs] 
2017-12-12T19:51:31.854+0300: 641.747: [Full GC (Ergonomics) [PSYoungGen: 131584K->131584K(153088K)] [ParOldGen: 326481K->326481K(349696K)] 458065K->458065K(502784K), [Metaspace: 9500K->9500K(1058816K)], 1.4252271 secs] [Times: user=9.72 sys=0.03, real=1.42 secs] 
2017-12-12T19:51:33.279+0300: 643.173: [Full GC (Ergonomics) [PSYoungGen: 131584K->131584K(153088K)] [ParOldGen: 326483K->326482K(349696K)] 458067K->458066K(502784K), [Metaspace: 9500K->9500K(1058816K)], 1.3428631 secs] [Times: user=8.85 sys=0.03, real=1.34 secs] 
2017-12-12T19:51:34.622+0300: 644.516: [Full GC (Ergonomics) [PSYoungGen: 131584K->131584K(153088K)] [ParOldGen: 326484K->326484K(349696K)] 458068K->458068K(502784K), [Metaspace: 9500K->9500K(1058816K)], 1.4083200 secs] [Times: user=9.52 sys=0.00, real=1.41 secs] 
2017-12-12T19:51:36.031+0300: 645.925: [Full GC (Ergonomics) [PSYoungGen: 131584K->131583K(153088K)] [ParOldGen: 326487K->326486K(349696K)] 458071K->458070K(502784K), [Metaspace: 9503K->9503K(1058816K)], 3.2034338 secs] [Times: user=22.70 sys=0.06, real=3.20 secs] 
2017-12-12T19:51:39.235+0300: 649.128: [Full GC (Ergonomics) [PSYoungGen: 131583K->131583K(153088K)] [ParOldGen: 326486K->326486K(349696K)] 458070K->458070K(502784K), [Metaspace: 9503K->9503K(1058816K)], 1.4263204 secs] [Times: user=9.61 sys=0.02, real=1.43 secs] 
2017-12-12T19:51:40.662+0300: 650.555: [Full GC (Ergonomics) [PSYoungGen: 131584K->131583K(153088K)] [ParOldGen: 326489K->326487K(349696K)] 458073K->458071K(502784K), [Metaspace: 9504K->9504K(1058816K)], 1.3339640 secs] [Times: user=8.74 sys=0.03, real=1.33 secs] 
2017-12-12T19:51:41.996+0300: 651.889: [Full GC (Ergonomics) [PSYoungGen: 131584K->131584K(153088K)] [ParOldGen: 326489K->326488K(349696K)] 458073K->458072K(502784K), [Metaspace: 9504K->9504K(1058816K)], 1.4282012 secs] [Times: user=9.80 sys=0.00, real=1.43 secs] 
2017-12-12T19:51:43.424+0300: 653.317: [Full GC (Ergonomics) [PSYoungGen: 131584K->131584K(153088K)] [ParOldGen: 326490K->326490K(349696K)] 458074K->458074K(502784K), [Metaspace: 9504K->9504K(1058816K)], 1.4148813 secs] [Times: user=9.11 sys=0.05, real=1.41 secs] 
2017-12-12T19:51:44.840+0300: 654.733: [Full GC (Ergonomics) [PSYoungGen: 131584K->131584K(153088K)] [ParOldGen: 326491K->326491K(349696K)] 458075K->458075K(502784K), [Metaspace: 9504K->9504K(1058816K)], 1.4239313 secs] [Times: user=9.41 sys=0.03, real=1.42 secs] 
2017-12-12T19:51:46.264+0300: 656.157: [Full GC (Ergonomics) [PSYoungGen: 131584K->131584K(153088K)] [ParOldGen: 326493K->326493K(349696K)] 458077K->458077K(502784K), [Metaspace: 9504K->9504K(1058816K)], 1.3691863 secs] [Times: user=8.97 sys=0.00, real=1.37 secs] 
2017-12-12T19:51:47.633+0300: 657.526: [Full GC (Ergonomics) [PSYoungGen: 131584K->131584K(153088K)] [ParOldGen: 326495K->326495K(349696K)] 458079K->458079K(502784K), [Metaspace: 9505K->9505K(1058816K)], 1.4370639 secs] [Times: user=9.94 sys=0.03, real=1.44 secs] 
2017-12-12T19:51:49.070+0300: 658.964: [Full GC (Ergonomics) [PSYoungGen: 131584K->131584K(153088K)] [ParOldGen: 326497K->326497K(349696K)] 458081K->458081K(502784K), [Metaspace: 9505K->9505K(1058816K)], 1.4370765 secs] [Times: user=9.98 sys=0.02, real=1.44 secs] 
2017-12-12T19:51:50.508+0300: 660.401: [Full GC (Ergonomics) [PSYoungGen: 131584K->131584K(153088K)] [ParOldGen: 326498K->326498K(349696K)] 458082K->458082K(502784K), [Metaspace: 9505K->9505K(1058816K)], 1.4105095 secs] [Times: user=9.38 sys=0.02, real=1.41 secs] 
2017-12-12T19:51:51.918+0300: 661.812: [Full GC (Ergonomics) [PSYoungGen: 131584K->131584K(153088K)] [ParOldGen: 326500K->326500K(349696K)] 458084K->458084K(502784K), [Metaspace: 9505K->9505K(1058816K)], 1.3324113 secs] [Times: user=8.74 sys=0.00, real=1.33 secs] 
2017-12-12T19:51:53.251+0300: 663.144: [Full GC (Ergonomics) [PSYoungGen: 131584K->131584K(153088K)] [ParOldGen: 326510K->326510K(349696K)] 458094K->458094K(502784K), [Metaspace: 9505K->9505K(1058816K)], 1.3740564 secs] [Times: user=8.99 sys=0.03, real=1.38 secs] 
2017-12-12T19:51:54.626+0300: 664.519: [Full GC (Ergonomics) [PSYoungGen: 131584K->131584K(153088K)] [ParOldGen: 326512K->326512K(349696K)] 458096K->458096K(502784K), [Metaspace: 9505K->9505K(1058816K)], 1.4192208 secs] [Times: user=9.64 sys=0.00, real=1.42 secs] 
2017-12-12T19:51:56.045+0300: 665.938: [Full GC (Ergonomics) [PSYoungGen: 131584K->131584K(153088K)] [ParOldGen: 326513K->326512K(349696K)] 458097K->458096K(502784K), [Metaspace: 9519K->9519K(1058816K)], 1.3720060 secs] [Times: user=8.99 sys=0.02, real=1.37 secs] 
2017-12-12T19:51:57.418+0300: 667.310: [Full GC (Ergonomics) [PSYoungGen: 131584K->131584K(153088K)] [ParOldGen: 326514K->326514K(349696K)] 458098K->458098K(502784K), [Metaspace: 9519K->9519K(1058816K)], 1.4391050 secs] [Times: user=9.87 sys=0.00, real=1.44 secs] 
2017-12-12T19:51:58.857+0300: 668.750: [Full GC (Ergonomics) [PSYoungGen: 131584K->131584K(153088K)] [ParOldGen: 326516K->326516K(349696K)] 458100K->458100K(502784K), [Metaspace: 9519K->9519K(1058816K)], 1.3314457 secs] [Times: user=8.64 sys=0.01, real=1.33 secs] 
2017-12-12T19:52:00.189+0300: 670.082: [Full GC (Ergonomics) [PSYoungGen: 131584K->131584K(153088K)] [ParOldGen: 326517K->326517K(349696K)] 458101K->458101K(502784K), [Metaspace: 9519K->9519K(1058816K)], 1.3327090 secs] [Times: user=8.41 sys=0.03, real=1.33 secs] 
2017-12-12T19:52:01.522+0300: 671.415: [Full GC (Ergonomics) [PSYoungGen: 131584K->131584K(153088K)] [ParOldGen: 326519K->326519K(349696K)] 458103K->458103K(502784K), [Metaspace: 9519K->9519K(1058816K)], 1.4295771 secs] [Times: user=9.81 sys=0.00, real=1.43 secs] 
2017-12-12T19:52:02.951+0300: 672.844: [Full GC (Ergonomics) [PSYoungGen: 131584K->131584K(153088K)] [ParOldGen: 326529K->326527K(349696K)] 458113K->458111K(502784K), [Metaspace: 9519K->9519K(1058816K)], 1.3683361 secs] [Times: user=9.06 sys=0.03, real=1.37 secs] 
2017-12-12T19:52:04.320+0300: 674.213: [Full GC (Ergonomics) [PSYoungGen: 131584K->131584K(153088K)] [ParOldGen: 326529K->326529K(349696K)] 458113K->458113K(502784K), [Metaspace: 9519K->9519K(1058816K)], 1.3605041 secs] [Times: user=8.80 sys=0.02, real=1.36 secs] 
2017-12-12T19:52:05.680+0300: 675.574: [Full GC (Ergonomics) [PSYoungGen: 131584K->131583K(153088K)] [ParOldGen: 326531K->326522K(349696K)] 458115K->458106K(502784K), [Metaspace: 9519K->9519K(1058816K)], 1.3723889 secs] [Times: user=9.02 sys=0.05, real=1.37 secs] 
2017-12-12T19:52:07.053+0300: 676.946: [Full GC (Ergonomics) [PSYoungGen: 131583K->131583K(153088K)] [ParOldGen: 326522K->326522K(349696K)] 458106K->458106K(502784K), [Metaspace: 9519K->9519K(1058816K)], 1.4132961 secs] [Times: user=9.31 sys=0.00, real=1.41 secs] 
2017-12-12T19:52:08.466+0300: 678.360: [Full GC (Ergonomics) [PSYoungGen: 131583K->131583K(153088K)] [ParOldGen: 326522K->326522K(349696K)] 458106K->458106K(502784K), [Metaspace: 9519K->9519K(1058816K)], 1.3699652 secs] [Times: user=8.97 sys=0.06, real=1.37 secs] 
2017-12-12T19:52:09.837+0300: 679.730: [Full GC (Ergonomics) [PSYoungGen: 131584K->131584K(153088K)] [ParOldGen: 326524K->326524K(349696K)] 458108K->458108K(502784K), [Metaspace: 9519K->9519K(1058816K)], 1.4344823 secs] [Times: user=9.97 sys=0.02, real=1.43 secs] 
2017-12-12T19:52:11.271+0300: 681.165: [Full GC (Ergonomics) [PSYoungGen: 131584K->131584K(153088K)] [ParOldGen: 326526K->326526K(349696K)] 458110K->458110K(502784K), [Metaspace: 9519K->9519K(1058816K)], 1.4331555 secs] [Times: user=9.70 sys=0.00, real=1.43 secs] 
2017-12-12T19:52:12.705+0300: 682.598: [Full GC (Ergonomics) [PSYoungGen: 131584K->131584K(153088K)] [ParOldGen: 326528K->326527K(349696K)] 458112K->458111K(502784K), [Metaspace: 9519K->9519K(1058816K)], 1.3725246 secs] [Times: user=9.09 sys=0.03, real=1.37 secs] 
2017-12-12T19:52:14.078+0300: 683.971: [Full GC (Ergonomics) [PSYoungGen: 131584K->131584K(153088K)] [ParOldGen: 326529K->326529K(349696K)] 458113K->458113K(502784K), [Metaspace: 9519K->9519K(1058816K)], 1.3705146 secs] [Times: user=9.27 sys=0.02, real=1.37 secs] 
2017-12-12T19:52:15.449+0300: 685.342: [Full GC (Ergonomics) [PSYoungGen: 131584K->131584K(153088K)] [ParOldGen: 326531K->326531K(349696K)] 458115K->458115K(502784K), [Metaspace: 9519K->9519K(1058816K)], 1.3636716 secs] [Times: user=8.84 sys=0.00, real=1.36 secs] 
2017-12-12T19:52:16.813+0300: 686.705: [Full GC (Ergonomics) [PSYoungGen: 131584K->131584K(153088K)] [ParOldGen: 326532K->326532K(349696K)] 458116K->458116K(502784K), [Metaspace: 9519K->9519K(1058816K)], 1.4165446 secs] [Times: user=9.34 sys=0.06, real=1.42 secs] 
2017-12-12T19:52:18.229+0300: 688.122: [Full GC (Ergonomics) [PSYoungGen: 131584K->131584K(153088K)] [ParOldGen: 326534K->326534K(349696K)] 458118K->458118K(502784K), [Metaspace: 9519K->9519K(1058816K)], 1.3763789 secs] [Times: user=9.16 sys=0.02, real=1.38 secs] 
2017-12-12T19:52:19.606+0300: 689.499: [Full GC (Ergonomics) [PSYoungGen: 131584K->131584K(153088K)] [ParOldGen: 326536K->326536K(349696K)] 458120K->458120K(502784K), [Metaspace: 9519K->9519K(1058816K)], 1.4167501 secs] [Times: user=9.20 sys=0.03, real=1.42 secs] 
2017-12-12T19:52:21.023+0300: 690.916: [Full GC (Ergonomics) [PSYoungGen: 131584K->131584K(153088K)] [ParOldGen: 326538K->326538K(349696K)] 458122K->458122K(502784K), [Metaspace: 9519K->9519K(1058816K)], 1.4135259 secs] [Times: user=9.86 sys=0.02, real=1.41 secs] 
2017-12-12T19:52:22.437+0300: 692.330: [Full GC (Ergonomics) [PSYoungGen: 131584K->131584K(153088K)] [ParOldGen: 326539K->326539K(349696K)] 458123K->458123K(502784K), [Metaspace: 9519K->9519K(1058816K)], 1.4349091 secs] [Times: user=10.02 sys=0.00, real=1.43 secs] 
2017-12-12T19:52:23.872+0300: 693.765: [Full GC (Ergonomics) [PSYoungGen: 131584K->131584K(153088K)] [ParOldGen: 326541K->326541K(349696K)] 458125K->458125K(502784K), [Metaspace: 9519K->9519K(1058816K)], 1.3744479 secs] [Times: user=9.24 sys=0.00, real=1.37 secs] 
2017-12-12T19:52:25.246+0300: 695.139: [Full GC (Ergonomics) [PSYoungGen: 131584K->131584K(153088K)] [ParOldGen: 326542K->326542K(349696K)] 458126K->458126K(502784K), [Metaspace: 9519K->9519K(1058816K)], 1.4162062 secs] [Times: user=9.42 sys=0.01, real=1.42 secs] 
2017-12-12T19:52:26.663+0300: 696.556: [Full GC (Ergonomics) [PSYoungGen: 131584K->131584K(153088K)] [ParOldGen: 326544K->326544K(349696K)] 458128K->458128K(502784K), [Metaspace: 9519K->9519K(1058816K)], 1.4341339 secs] [Times: user=10.05 sys=0.00, real=1.43 secs] 
2017-12-12T19:52:28.097+0300: 697.990: [Full GC (Ergonomics) [PSYoungGen: 131584K->131584K(153088K)] [ParOldGen: 326546K->326546K(349696K)] 458130K->458130K(502784K), [Metaspace: 9519K->9519K(1058816K)], 1.3736524 secs] [Times: user=9.34 sys=0.00, real=1.37 secs] 
2017-12-12T19:52:29.472+0300: 699.364: [Full GC (Ergonomics) [PSYoungGen: 131584K->131584K(153088K)] [ParOldGen: 326547K->326547K(349696K)] 458131K->458131K(502784K), [Metaspace: 9519K->9519K(1058816K)], 1.3450333 secs] [Times: user=8.95 sys=0.03, real=1.35 secs] 
2017-12-12T19:52:30.817+0300: 700.709: [Full GC (Ergonomics) [PSYoungGen: 131584K->131584K(153088K)] [ParOldGen: 326549K->326549K(349696K)] 458133K->458133K(502784K), [Metaspace: 9519K->9519K(1058816K)], 1.3727703 secs] [Times: user=9.30 sys=0.00, real=1.37 secs] 
2017-12-12T19:52:32.190+0300: 702.082: [Full GC (Ergonomics) [PSYoungGen: 131584K->131584K(153088K)] [ParOldGen: 326552K->326550K(349696K)] 458136K->458134K(502784K), [Metaspace: 9519K->9519K(1058816K)], 1.3695661 secs] [Times: user=8.97 sys=0.00, real=1.37 secs] 
2017-12-12T19:52:33.560+0300: 703.452: [Full GC (Ergonomics) [PSYoungGen: 131584K->131584K(153088K)] [ParOldGen: 326552K->326552K(349696K)] 458136K->458136K(502784K), [Metaspace: 9519K->9519K(1058816K)], 1.3754412 secs] [Times: user=9.06 sys=0.03, real=1.38 secs] 
2017-12-12T19:52:34.935+0300: 704.828: [Full GC (Ergonomics) [PSYoungGen: 131584K->131584K(153088K)] [ParOldGen: 326554K->326554K(349696K)] 458138K->458138K(502784K), [Metaspace: 9519K->9519K(1058816K)], 1.3726665 secs] [Times: user=9.14 sys=0.01, real=1.37 secs] 
2017-12-12T19:52:36.308+0300: 706.201: [Full GC (Ergonomics) [PSYoungGen: 131584K->131584K(153088K)] [ParOldGen: 326555K->326554K(349696K)] 458139K->458138K(502784K), [Metaspace: 9519K->9519K(1058816K)], 1.3704627 secs] [Times: user=8.99 sys=0.00, real=1.37 secs] 
2017-12-12T19:52:37.679+0300: 707.572: [Full GC (Ergonomics) [PSYoungGen: 131584K->131584K(153088K)] [ParOldGen: 326556K->326556K(349696K)] 458140K->458140K(502784K), [Metaspace: 9519K->9519K(1058816K)], 1.3210580 secs] [Times: user=8.46 sys=0.03, real=1.32 secs] 
2017-12-12T19:52:39.000+0300: 708.893: [Full GC (Ergonomics) [PSYoungGen: 131584K->131584K(153088K)] [ParOldGen: 326558K->326557K(349696K)] 458142K->458141K(502784K), [Metaspace: 9519K->9519K(1058816K)], 1.3646532 secs] [Times: user=9.08 sys=0.03, real=1.37 secs] 
2017-12-12T19:52:40.365+0300: 710.258: [Full GC (Ergonomics) [PSYoungGen: 131584K->131584K(153088K)] [ParOldGen: 326559K->326559K(349696K)] 458143K->458143K(502784K), [Metaspace: 9519K->9519K(1058816K)], 1.3272627 secs] [Times: user=8.83 sys=0.03, real=1.33 secs] 
2017-12-12T19:52:41.692+0300: 711.585: [Full GC (Ergonomics) [PSYoungGen: 131584K->131584K(153088K)] [ParOldGen: 326561K->326561K(349696K)] 458145K->458145K(502784K), [Metaspace: 9519K->9519K(1058816K)], 1.4326893 secs] [Times: user=9.55 sys=0.00, real=1.43 secs] 
2017-12-12T19:52:43.125+0300: 713.018: [Full GC (Ergonomics) [PSYoungGen: 131584K->131584K(153088K)] [ParOldGen: 326562K->326562K(349696K)] 458146K->458146K(502784K), [Metaspace: 9519K->9519K(1058816K)], 1.3301701 secs] [Times: user=8.84 sys=0.01, real=1.33 secs] 
2017-12-12T19:52:44.456+0300: 714.349: [Full GC (Ergonomics) [PSYoungGen: 131584K->131584K(153088K)] [ParOldGen: 326564K->326564K(349696K)] 458148K->458148K(502784K), [Metaspace: 9519K->9519K(1058816K)], 1.4202768 secs] [Times: user=9.52 sys=0.03, real=1.42 secs] 
2017-12-12T19:52:45.876+0300: 715.769: [Full GC (Ergonomics) [PSYoungGen: 131584K->131584K(153088K)] [ParOldGen: 326566K->326564K(349696K)] 458150K->458148K(502784K), [Metaspace: 9519K->9519K(1058816K)], 1.3696311 secs] [Times: user=8.97 sys=0.05, real=1.37 secs] 
2017-12-12T19:52:47.247+0300: 717.139: [Full GC (Ergonomics) [PSYoungGen: 131584K->131584K(153088K)] [ParOldGen: 326566K->326565K(349696K)] 458150K->458149K(502784K), [Metaspace: 9519K->9519K(1058816K)], 1.4307652 secs] [Times: user=9.89 sys=0.00, real=1.43 secs] 
2017-12-12T19:52:48.678+0300: 718.570: [Full GC (Ergonomics) [PSYoungGen: 131584K->131584K(153088K)] [ParOldGen: 326567K->326567K(349696K)] 458151K->458151K(502784K), [Metaspace: 9519K->9519K(1058816K)], 1.3674133 secs] [Times: user=9.06 sys=0.05, real=1.37 secs] 
2017-12-12T19:52:50.045+0300: 719.938: [Full GC (Ergonomics) [PSYoungGen: 131584K->131584K(153088K)] [ParOldGen: 326569K->326568K(349696K)] 458153K->458152K(502784K), [Metaspace: 9519K->9519K(1058816K)], 1.4115818 secs] [Times: user=9.33 sys=0.02, real=1.41 secs] 
2017-12-12T19:52:51.457+0300: 721.350: [Full GC (Ergonomics) [PSYoungGen: 131584K->131584K(153088K)] [ParOldGen: 326570K->326570K(349696K)] 458154K->458154K(502784K), [Metaspace: 9519K->9519K(1058816K)], 1.3693300 secs] [Times: user=9.14 sys=0.05, real=1.37 secs] 
2017-12-12T19:52:52.827+0300: 722.719: [Full GC (Ergonomics) [PSYoungGen: 131584K->131584K(153088K)] [ParOldGen: 326572K->326572K(349696K)] 458156K->458156K(502784K), [Metaspace: 9519K->9519K(1058816K)], 1.4300316 secs] [Times: user=9.83 sys=0.03, real=1.43 secs] 
2017-12-12T19:52:54.257+0300: 724.150: [Full GC (Ergonomics) [PSYoungGen: 131584K->131584K(153088K)] [ParOldGen: 326573K->326573K(349696K)] 458157K->458157K(502784K), [Metaspace: 9519K->9519K(1058816K)], 1.3742785 secs] [Times: user=9.11 sys=0.02, real=1.37 secs] 
2017-12-12T19:52:55.631+0300: 725.524: [Full GC (Ergonomics) [PSYoungGen: 131584K->131584K(153088K)] [ParOldGen: 326575K->326575K(349696K)] 458159K->458159K(502784K), [Metaspace: 9519K->9519K(1058816K)], 1.4200821 secs] [Times: user=9.34 sys=0.02, real=1.42 secs] 
2017-12-12T19:52:57.052+0300: 726.945: [Full GC (Ergonomics) [PSYoungGen: 131584K->131584K(153088K)] [ParOldGen: 326577K->326575K(349696K)] 458161K->458159K(502784K), [Metaspace: 9519K->9519K(1058816K)], 1.3780929 secs] [Times: user=9.42 sys=0.05, real=1.38 secs] 
2017-12-12T19:52:58.430+0300: 728.323: [Full GC (Ergonomics) [PSYoungGen: 131584K->131584K(153088K)] [ParOldGen: 326578K->326577K(349696K)] 458162K->458161K(502784K), [Metaspace: 9519K->9519K(1058816K)], 1.3686084 secs] [Times: user=9.14 sys=0.01, real=1.37 secs] 
2017-12-12T19:52:59.799+0300: 729.692: [Full GC (Ergonomics) [PSYoungGen: 131584K->131584K(153088K)] [ParOldGen: 326579K->326578K(349696K)] 458163K->458162K(502784K), [Metaspace: 9519K->9519K(1058816K)], 1.3261522 secs] [Times: user=8.69 sys=0.02, real=1.33 secs] 
2017-12-12T19:53:01.125+0300: 731.018: [Full GC (Ergonomics) [PSYoungGen: 131584K->131584K(153088K)] [ParOldGen: 326580K->326576K(349696K)] 458164K->458160K(502784K), [Metaspace: 9519K->9519K(1058816K)], 1.3268359 secs] [Times: user=8.81 sys=0.03, real=1.33 secs] 
2017-12-12T19:53:02.452+0300: 732.345: [Full GC (Ergonomics) [PSYoungGen: 131584K->131584K(153088K)] [ParOldGen: 326578K->326578K(349696K)] 458162K->458162K(502784K), [Metaspace: 9519K->9519K(1058816K)], 1.3733973 secs] [Times: user=9.30 sys=0.05, real=1.37 secs] 
2017-12-12T19:53:03.826+0300: 733.719: [Full GC (Ergonomics) [PSYoungGen: 131584K->131583K(153088K)] [ParOldGen: 326581K->326570K(349696K)] 458165K->458154K(502784K), [Metaspace: 9519K->9519K(1058816K)], 1.4064314 secs] [Times: user=9.52 sys=0.02, real=1.41 secs] 
2017-12-12T19:53:05.233+0300: 735.126: [Full GC (Ergonomics) [PSYoungGen: 131583K->131583K(153088K)] [ParOldGen: 326572K->326572K(349696K)] 458156K->458156K(502784K), [Metaspace: 9519K->9519K(1058816K)], 1.3718018 secs] [Times: user=9.03 sys=0.03, real=1.37 secs] 
2017-12-12T19:53:06.605+0300: 736.498: [Full GC (Ergonomics) [PSYoungGen: 131583K->131583K(153088K)] [ParOldGen: 326572K->326572K(349696K)] 458156K->458156K(502784K), [Metaspace: 9519K->9519K(1058816K)], 1.3730295 secs] [Times: user=9.20 sys=0.03, real=1.37 secs] 
2017-12-12T19:53:07.978+0300: 737.871: [Full GC (Ergonomics) [PSYoungGen: 131583K->131583K(153088K)] [ParOldGen: 326575K->326574K(349696K)] 458159K->458158K(502784K), [Metaspace: 9519K->9519K(1058816K)], 1.4363155 secs] [Times: user=10.00 sys=0.00, real=1.44 secs] 
2017-12-12T19:53:09.415+0300: 739.308: [Full GC (Ergonomics) [PSYoungGen: 131583K->131583K(153088K)] [ParOldGen: 326576K->326575K(349696K)] 458160K->458159K(502784K), [Metaspace: 9519K->9519K(1058816K)], 1.4360065 secs] [Times: user=9.77 sys=0.02, real=1.44 secs] 
2017-12-12T19:53:10.851+0300: 740.744: [Full GC (Ergonomics) [PSYoungGen: 131583K->131583K(153088K)] [ParOldGen: 326577K->326577K(349696K)] 458161K->458161K(502784K), [Metaspace: 9520K->9520K(1058816K)], 1.4152573 secs] [Times: user=9.36 sys=0.00, real=1.42 secs] 
2017-12-12T19:53:12.267+0300: 742.160: [Full GC (Ergonomics) [PSYoungGen: 131583K->131583K(153088K)] [ParOldGen: 326578K->326578K(349696K)] 458162K->458162K(502784K), [Metaspace: 9520K->9520K(1058816K)], 1.4368182 secs] [Times: user=9.97 sys=0.00, real=1.44 secs] 
2017-12-12T19:53:13.704+0300: 743.597: [Full GC (Ergonomics) [PSYoungGen: 131583K->131583K(153088K)] [ParOldGen: 326580K->326580K(349696K)] 458164K->458164K(502784K), [Metaspace: 9520K->9520K(1058816K)], 1.3850645 secs] [Times: user=9.03 sys=0.03, real=1.38 secs] 
2017-12-12T19:53:15.089+0300: 744.982: [Full GC (Ergonomics) [PSYoungGen: 131583K->131583K(153088K)] [ParOldGen: 326582K->326581K(349696K)] 458166K->458165K(502784K), [Metaspace: 9520K->9520K(1058816K)], 1.4408578 secs] [Times: user=9.94 sys=0.00, real=1.44 secs] 
2017-12-12T19:53:16.530+0300: 746.423: [Full GC (Ergonomics) [PSYoungGen: 131583K->131583K(153088K)] [ParOldGen: 326584K->326582K(349696K)] 458168K->458166K(502784K), [Metaspace: 9520K->9520K(1058816K)], 1.4089717 secs] [Times: user=8.99 sys=0.03, real=1.41 secs] 
2017-12-12T19:53:17.940+0300: 747.833: [Full GC (Ergonomics) [PSYoungGen: 131583K->131583K(153088K)] [ParOldGen: 326584K->326583K(349696K)] 458168K->458167K(502784K), [Metaspace: 9520K->9520K(1058816K)], 1.4126025 secs] [Times: user=9.53 sys=0.02, real=1.41 secs] 
2017-12-12T19:53:19.352+0300: 749.246: [Full GC (Ergonomics) [PSYoungGen: 131583K->131583K(153088K)] [ParOldGen: 326594K->326594K(349696K)] 458178K->458177K(502784K), [Metaspace: 9520K->9520K(1058816K)], 1.3680821 secs] [Times: user=8.95 sys=0.05, real=1.37 secs] 
2017-12-12T19:53:20.721+0300: 750.614: [Full GC (Ergonomics) [PSYoungGen: 131583K->131583K(153088K)] [ParOldGen: 326595K->326595K(349696K)] 458179K->458179K(502784K), [Metaspace: 9520K->9520K(1058816K)], 1.3622868 secs] [Times: user=9.24 sys=0.02, real=1.36 secs] 
2017-12-12T19:53:22.084+0300: 751.976: [Full GC (Ergonomics) [PSYoungGen: 131583K->131583K(153088K)] [ParOldGen: 326597K->326594K(349696K)] 458181K->458178K(502784K), [Metaspace: 9520K->9520K(1058816K)], 1.3648570 secs] [Times: user=9.23 sys=0.02, real=1.36 secs] 
2017-12-12T19:53:23.449+0300: 753.341: [Full GC (Ergonomics) [PSYoungGen: 131583K->131583K(153088K)] [ParOldGen: 326595K->326595K(349696K)] 458179K->458179K(502784K), [Metaspace: 9520K->9520K(1058816K)], 1.3584499 secs] [Times: user=9.05 sys=0.05, real=1.36 secs] 
2017-12-12T19:53:24.808+0300: 754.700: [Full GC (Ergonomics) [PSYoungGen: 131583K->131583K(153088K)] [ParOldGen: 326597K->326597K(349696K)] 458181K->458181K(502784K), [Metaspace: 9520K->9520K(1058816K)], 1.4353927 secs] [Times: user=9.84 sys=0.03, real=1.43 secs] 
2017-12-12T19:53:26.243+0300: 756.136: [Full GC (Ergonomics) [PSYoungGen: 131583K->131583K(153088K)] [ParOldGen: 326599K->326599K(349696K)] 458183K->458183K(502784K), [Metaspace: 9520K->9520K(1058816K)], 1.3790679 secs] [Times: user=9.14 sys=0.00, real=1.38 secs] 
2017-12-12T19:53:27.623+0300: 757.515: [Full GC (Ergonomics) [PSYoungGen: 131583K->131583K(153088K)] [ParOldGen: 326600K->326600K(349696K)] 458184K->458184K(502784K), [Metaspace: 9520K->9520K(1058816K)], 1.3819928 secs] [Times: user=8.99 sys=0.05, real=1.38 secs] 
2017-12-12T19:53:29.005+0300: 758.897: [Full GC (Ergonomics) [PSYoungGen: 131583K->131583K(153088K)] [ParOldGen: 326610K->326610K(349696K)] 458194K->458194K(502784K), [Metaspace: 9520K->9520K(1058816K)], 1.4208570 secs] [Times: user=9.88 sys=0.02, real=1.42 secs] 
2017-12-12T19:53:30.426+0300: 760.318: [Full GC (Ergonomics) [PSYoungGen: 131583K->131583K(153088K)] [ParOldGen: 326611K->326611K(349696K)] 458195K->458195K(502784K), [Metaspace: 9520K->9520K(1058816K)], 1.3688564 secs] [Times: user=8.94 sys=0.03, real=1.37 secs] 
2017-12-12T19:53:31.795+0300: 761.688: [Full GC (Ergonomics) [PSYoungGen: 131583K->131583K(153088K)] [ParOldGen: 326613K->326613K(349696K)] 458197K->458197K(502784K), [Metaspace: 9520K->9520K(1058816K)], 1.4366177 secs] [Times: user=9.77 sys=0.02, real=1.44 secs] 
2017-12-12T19:53:33.232+0300: 763.124: [Full GC (Ergonomics) [PSYoungGen: 131583K->131583K(153088K)] [ParOldGen: 326615K->326615K(349696K)] 458199K->458199K(502784K), [Metaspace: 9520K->9520K(1058816K)], 1.3793935 secs] [Times: user=9.11 sys=0.03, real=1.38 secs] 
2017-12-12T19:53:34.611+0300: 764.504: [Full GC (Ergonomics) [PSYoungGen: 131583K->131583K(153088K)] [ParOldGen: 326617K->326617K(349696K)] 458201K->458201K(502784K), [Metaspace: 9520K->9520K(1058816K)], 1.4243065 secs] [Times: user=9.39 sys=0.00, real=1.42 secs] 
2017-12-12T19:53:36.036+0300: 765.929: [Full GC (Ergonomics) [PSYoungGen: 131583K->131583K(153088K)] [ParOldGen: 326618K->326618K(349696K)] 458202K->458202K(502784K), [Metaspace: 9520K->9520K(1058816K)], 1.4173138 secs] [Times: user=9.11 sys=0.08, real=1.42 secs] 
2017-12-12T19:53:37.453+0300: 767.346: [Full GC (Ergonomics) [PSYoungGen: 131583K->131583K(153088K)] [ParOldGen: 326621K->326621K(349696K)] 458205K->458205K(502784K), [Metaspace: 9520K->9520K(1058816K)], 1.3698158 secs] [Times: user=9.05 sys=0.02, real=1.37 secs] 
2017-12-12T19:53:38.823+0300: 768.716: [Full GC (Ergonomics) [PSYoungGen: 131583K->131583K(153088K)] [ParOldGen: 326622K->326622K(349696K)] 458206K->458206K(502784K), [Metaspace: 9520K->9520K(1058816K)], 1.3750688 secs] [Times: user=9.00 sys=0.01, real=1.38 secs] 
2017-12-12T19:53:40.199+0300: 770.092: [Full GC (Ergonomics) [PSYoungGen: 131583K->131583K(153088K)] [ParOldGen: 326624K->326624K(349696K)] 458208K->458208K(502784K), [Metaspace: 9520K->9520K(1058816K)], 1.4328145 secs] [Times: user=9.78 sys=0.05, real=1.43 secs] 
2017-12-12T19:53:41.632+0300: 771.525: [Full GC (Ergonomics) [PSYoungGen: 131583K->131583K(153088K)] [ParOldGen: 326626K->326626K(349696K)] 458210K->458210K(502784K), [Metaspace: 9520K->9520K(1058816K)], 1.3822063 secs] [Times: user=9.16 sys=0.03, real=1.38 secs] 
2017-12-12T19:53:43.015+0300: 772.907: [Full GC (Ergonomics) [PSYoungGen: 131583K->131583K(153088K)] [ParOldGen: 326627K->326627K(349696K)] 458211K->458211K(502784K), [Metaspace: 9520K->9520K(1058816K)], 1.4398126 secs] [Times: user=9.83 sys=0.00, real=1.44 secs] 
2017-12-12T19:53:44.455+0300: 774.347: [Full GC (Ergonomics) [PSYoungGen: 131583K->131583K(153088K)] [ParOldGen: 326629K->326629K(349696K)] 458213K->458213K(502784K), [Metaspace: 9520K->9520K(1058816K)], 1.3785898 secs] [Times: user=9.17 sys=0.05, real=1.38 secs] 
2017-12-12T19:53:45.834+0300: 775.726: [Full GC (Ergonomics) [PSYoungGen: 131583K->131583K(153088K)] [ParOldGen: 326631K->326631K(349696K)] 458215K->458215K(502784K), [Metaspace: 9520K->9520K(1058816K)], 1.3780829 secs] [Times: user=9.20 sys=0.00, real=1.38 secs] 
2017-12-12T19:53:47.212+0300: 777.104: [Full GC (Ergonomics) [PSYoungGen: 131583K->131583K(153088K)] [ParOldGen: 326632K->326632K(349696K)] 458216K->458216K(502784K), [Metaspace: 9520K->9520K(1058816K)], 1.3758979 secs] [Times: user=9.28 sys=0.05, real=1.38 secs] 
2017-12-12T19:53:48.588+0300: 778.480: [Full GC (Ergonomics) [PSYoungGen: 131583K->131583K(153088K)] [ParOldGen: 326634K->326633K(349696K)] 458218K->458217K(502784K), [Metaspace: 9520K->9520K(1058816K)], 1.3715353 secs] [Times: user=9.17 sys=0.01, real=1.37 secs] 
2017-12-12T19:53:49.960+0300: 779.852: [Full GC (Ergonomics) [PSYoungGen: 131583K->131583K(153088K)] [ParOldGen: 326635K->326635K(349696K)] 458219K->458219K(502784K), [Metaspace: 9520K->9520K(1058816K)], 1.3419830 secs] [Times: user=8.74 sys=0.06, real=1.34 secs] 
2017-12-12T19:53:51.302+0300: 781.194: [Full GC (Ergonomics) [PSYoungGen: 131583K->131583K(153088K)] [ParOldGen: 326638K->326637K(349696K)] 458222K->458221K(502784K), [Metaspace: 9520K->9520K(1058816K)], 1.3539881 secs] [Times: user=8.91 sys=0.00, real=1.35 secs] 
2017-12-12T19:53:52.656+0300: 782.549: [Full GC (Ergonomics) [PSYoungGen: 131583K->131583K(153088K)] [ParOldGen: 326638K->326638K(349696K)] 458222K->458222K(502784K), [Metaspace: 9520K->9520K(1058816K)], 1.3771666 secs] [Times: user=9.05 sys=0.05, real=1.38 secs] 
2017-12-12T19:53:54.033+0300: 783.926: [Full GC (Ergonomics) [PSYoungGen: 131583K->131583K(153088K)] [ParOldGen: 326639K->326639K(349696K)] 458223K->458223K(502784K), [Metaspace: 9520K->9520K(1058816K)], 1.4169269 secs] [Times: user=9.17 sys=0.01, real=1.42 secs] 
2017-12-12T19:53:55.450+0300: 785.343: [Full GC (Ergonomics) [PSYoungGen: 131583K->131583K(153088K)] [ParOldGen: 326642K->326641K(349696K)] 458226K->458225K(502784K), [Metaspace: 9520K->9520K(1058816K)], 1.3927451 secs] [Times: user=9.22 sys=0.00, real=1.39 secs] 
2017-12-12T19:53:56.844+0300: 786.736: [Full GC (Ergonomics) [PSYoungGen: 131583K->131583K(153088K)] [ParOldGen: 326645K->326643K(349696K)] 458229K->458227K(502784K), [Metaspace: 9520K->9520K(1058816K)], 1.3761653 secs] [Times: user=9.02 sys=0.03, real=1.38 secs] 
2017-12-12T19:53:58.220+0300: 788.113: [Full GC (Ergonomics) [PSYoungGen: 131583K->131583K(153088K)] [ParOldGen: 326645K->326645K(349696K)] 458229K->458229K(502784K), [Metaspace: 9520K->9520K(1058816K)], 1.3766965 secs] [Times: user=9.06 sys=0.03, real=1.38 secs] 
2017-12-12T19:53:59.597+0300: 789.490: [Full GC (Ergonomics) [PSYoungGen: 131583K->131583K(153088K)] [ParOldGen: 326647K->326647K(349696K)] 458231K->458231K(502784K), [Metaspace: 9520K->9520K(1058816K)], 1.3659079 secs] [Times: user=8.94 sys=0.03, real=1.37 secs] 
2017-12-12T19:54:00.964+0300: 790.856: [Full GC (Ergonomics) [PSYoungGen: 131583K->131583K(153088K)] [ParOldGen: 326648K->326648K(349696K)] 458232K->458232K(502784K), [Metaspace: 9521K->9521K(1058816K)], 1.3805023 secs] [Times: user=8.91 sys=0.03, real=1.38 secs] 
2017-12-12T19:54:02.344+0300: 792.237: [Full GC (Ergonomics) [PSYoungGen: 131583K->131583K(153088K)] [ParOldGen: 326651K->326650K(349696K)] 458235K->458234K(502784K), [Metaspace: 9521K->9521K(1058816K)], 1.3761106 secs] [Times: user=8.69 sys=0.03, real=1.38 secs] 
2017-12-12T19:54:03.721+0300: 793.613: [Full GC (Ergonomics) [PSYoungGen: 131583K->131583K(153088K)] [ParOldGen: 326652K->326649K(349696K)] 458236K->458233K(502784K), [Metaspace: 9521K->9521K(1058816K)], 1.3771985 secs] [Times: user=8.80 sys=0.02, real=1.38 secs] 
2017-12-12T19:54:05.098+0300: 794.991: [Full GC (Ergonomics) [PSYoungGen: 131584K->131584K(153088K)] [ParOldGen: 326649K->326649K(349696K)] 458233K->458233K(502784K), [Metaspace: 9521K->9521K(1058816K)], 1.4437744 secs] [Times: user=10.19 sys=0.03, real=1.44 secs] 
2017-12-12T19:54:06.542+0300: 796.435: [Full GC (Ergonomics) [PSYoungGen: 131584K->131584K(153088K)] [ParOldGen: 326651K->326651K(349696K)] 458235K->458235K(502784K), [Metaspace: 9521K->9521K(1058816K)], 1.3790429 secs] [Times: user=8.99 sys=0.02, real=1.38 secs] 
2017-12-12T19:54:07.921+0300: 797.814: [Full GC (Ergonomics) [PSYoungGen: 131584K->131584K(153088K)] [ParOldGen: 326655K->326650K(349696K)] 458239K->458234K(502784K), [Metaspace: 9521K->9521K(1058816K)], 1.3757753 secs] [Times: user=9.09 sys=0.05, real=1.38 secs] 
2017-12-12T19:54:09.297+0300: 799.190: [Full GC (Ergonomics) [PSYoungGen: 131584K->131584K(153088K)] [ParOldGen: 326652K->326652K(349696K)] 458236K->458236K(502784K), [Metaspace: 9521K->9521K(1058816K)], 1.3820923 secs] [Times: user=8.99 sys=0.02, real=1.38 secs] 
2017-12-12T19:54:10.680+0300: 800.572: [Full GC (Ergonomics) [PSYoungGen: 131584K->131584K(153088K)] [ParOldGen: 326654K->326652K(349696K)] 458238K->458236K(502784K), [Metaspace: 9521K->9521K(1058816K)], 1.4010541 secs] [Times: user=9.27 sys=0.03, real=1.40 secs] 
2017-12-12T19:54:12.081+0300: 801.974: [Full GC (Ergonomics) [PSYoungGen: 131584K->131584K(153088K)] [ParOldGen: 326654K->326654K(349696K)] 458238K->458238K(502784K), [Metaspace: 9521K->9521K(1058816K)], 1.4172824 secs] [Times: user=9.81 sys=0.00, real=1.42 secs] 
2017-12-12T19:54:13.498+0300: 803.391: [Full GC (Ergonomics) [PSYoungGen: 131584K->131584K(153088K)] [ParOldGen: 326655K->326655K(349696K)] 458239K->458239K(502784K), [Metaspace: 9521K->9521K(1058816K)], 1.3628322 secs] [Times: user=8.92 sys=0.03, real=1.36 secs] 
2017-12-12T19:54:14.862+0300: 804.754: [Full GC (Ergonomics) [PSYoungGen: 131584K->131584K(153088K)] [ParOldGen: 326657K->326657K(349696K)] 458241K->458241K(502784K), [Metaspace: 9521K->9521K(1058816K)], 1.3793710 secs] [Times: user=9.20 sys=0.00, real=1.38 secs] 
2017-12-12T19:54:16.242+0300: 806.134: [Full GC (Ergonomics) [PSYoungGen: 131584K->131584K(153088K)] [ParOldGen: 326658K->326658K(349696K)] 458242K->458242K(502784K), [Metaspace: 9521K->9521K(1058816K)], 1.3680525 secs] [Times: user=9.13 sys=0.03, real=1.37 secs] 
2017-12-12T19:54:17.610+0300: 807.502: [Full GC (Ergonomics) [PSYoungGen: 131584K->131584K(153088K)] [ParOldGen: 326659K->326659K(349696K)] 458243K->458243K(502784K), [Metaspace: 9521K->9521K(1058816K)], 1.3675969 secs] [Times: user=8.84 sys=0.03, real=1.37 secs] 
2017-12-12T19:54:18.978+0300: 808.870: [Full GC (Ergonomics) [PSYoungGen: 131584K->131584K(153088K)] [ParOldGen: 326661K->326661K(349696K)] 458245K->458245K(502784K), [Metaspace: 9521K->9521K(1058816K)], 1.3760339 secs] [Times: user=9.22 sys=0.03, real=1.38 secs] 
2017-12-12T19:54:20.354+0300: 810.247: [Full GC (Ergonomics) [PSYoungGen: 131584K->131584K(153088K)] [ParOldGen: 326662K->326662K(349696K)] 458246K->458246K(502784K), [Metaspace: 9524K->9524K(1058816K)], 1.3240818 secs] [Times: user=8.86 sys=0.05, real=1.32 secs] 
2017-12-12T19:54:21.679+0300: 811.571: [Full GC (Ergonomics) [PSYoungGen: 131584K->131584K(153088K)] [ParOldGen: 326664K->326655K(349696K)] 458248K->458239K(502784K), [Metaspace: 9524K->9524K(1058816K)], 1.3549230 secs] [Times: user=9.03 sys=0.01, real=1.35 secs] 
2017-12-12T19:54:23.034+0300: 812.926: [Full GC (Ergonomics) [PSYoungGen: 131584K->131584K(153088K)] [ParOldGen: 326656K->326648K(349696K)] 458240K->458232K(502784K), [Metaspace: 9524K->9524K(1058816K)], 1.4345584 secs] [Times: user=9.84 sys=0.02, real=1.43 secs] 
2017-12-12T19:54:24.468+0300: 814.361: [Full GC (Ergonomics) [PSYoungGen: 131584K->131584K(153088K)] [ParOldGen: 326650K->326650K(349696K)] 458234K->458234K(502784K), [Metaspace: 9524K->9524K(1058816K)], 1.3742671 secs] [Times: user=9.13 sys=0.00, real=1.38 secs] 
2017-12-12T19:54:25.843+0300: 815.735: [Full GC (Ergonomics) [PSYoungGen: 131584K->131584K(153088K)] [ParOldGen: 326651K->326651K(349696K)] 458235K->458235K(502784K), [Metaspace: 9524K->9524K(1058816K)], 1.3531912 secs] [Times: user=8.75 sys=0.02, real=1.35 secs] 
2017-12-12T19:54:27.196+0300: 817.089: [Full GC (Ergonomics) [PSYoungGen: 131584K->131584K(153088K)] [ParOldGen: 326653K->326653K(349696K)] 458237K->458237K(502784K), [Metaspace: 9524K->9524K(1058816K)], 1.5836427 secs] [Times: user=10.59 sys=0.01, real=1.58 secs] 
2017-12-12T19:54:28.780+0300: 818.673: [Full GC (Ergonomics) [PSYoungGen: 131584K->131584K(153088K)] [ParOldGen: 326654K->326654K(349696K)] 458238K->458238K(502784K), [Metaspace: 9524K->9524K(1058816K)], 1.4133717 secs] [Times: user=9.11 sys=0.02, real=1.41 secs] 
2017-12-12T19:54:30.194+0300: 820.086: [Full GC (Ergonomics) [PSYoungGen: 131584K->131584K(153088K)] [ParOldGen: 326656K->326656K(349696K)] 458240K->458240K(502784K), [Metaspace: 9524K->9524K(1058816K)], 1.4013937 secs] [Times: user=9.19 sys=0.01, real=1.40 secs] 
2017-12-12T19:54:31.596+0300: 821.488: [Full GC (Ergonomics) [PSYoungGen: 131584K->131584K(153088K)] [ParOldGen: 326659K->326656K(349696K)] 458243K->458240K(502784K), [Metaspace: 9524K->9524K(1058816K)], 3.1823018 secs] [Times: user=22.17 sys=0.02, real=3.18 secs] 
2017-12-12T19:54:34.779+0300: 824.671: [Full GC (Ergonomics) [PSYoungGen: 131584K->131584K(153088K)] [ParOldGen: 326658K->326657K(349696K)] 458242K->458241K(502784K), [Metaspace: 9524K->9524K(1058816K)], 1.4215119 secs] [Times: user=9.53 sys=0.05, real=1.42 secs] 
2017-12-12T19:54:36.201+0300: 826.093: [Full GC (Ergonomics) [PSYoungGen: 131584K->131584K(153088K)] [ParOldGen: 326659K->326659K(349696K)] 458243K->458243K(502784K), [Metaspace: 9524K->9524K(1058816K)], 1.3723783 secs] [Times: user=9.19 sys=0.00, real=1.37 secs] 
2017-12-12T19:54:37.573+0300: 827.465: [Full GC (Ergonomics) [PSYoungGen: 131584K->131584K(153088K)] [ParOldGen: 326660K->326660K(349696K)] 458244K->458244K(502784K), [Metaspace: 9524K->9524K(1058816K)], 1.3713685 secs] [Times: user=9.08 sys=0.01, real=1.37 secs] 
2017-12-12T19:54:38.945+0300: 828.837: [Full GC (Ergonomics) [PSYoungGen: 131584K->131584K(153088K)] [ParOldGen: 326662K->326662K(349696K)] 458246K->458246K(502784K), [Metaspace: 9524K->9524K(1058816K)], 1.3233653 secs] [Times: user=8.67 sys=0.06, real=1.32 secs] 
2017-12-12T19:54:40.268+0300: 830.161: [Full GC (Ergonomics) [PSYoungGen: 131584K->131584K(153088K)] [ParOldGen: 326664K->326663K(349696K)] 458248K->458247K(502784K), [Metaspace: 9524K->9524K(1058816K)], 1.3229856 secs] [Times: user=8.75 sys=0.01, real=1.32 secs] 
2017-12-12T19:54:41.592+0300: 831.484: [Full GC (Ergonomics) [PSYoungGen: 131584K->131584K(153088K)] [ParOldGen: 326674K->326672K(349696K)] 458258K->458256K(502784K), [Metaspace: 9524K->9524K(1058816K)], 1.3665391 secs] [Times: user=8.95 sys=0.03, real=1.37 secs] 
2017-12-12T19:54:42.958+0300: 832.851: [Full GC (Ergonomics) [PSYoungGen: 131584K->131584K(153088K)] [ParOldGen: 326673K->326673K(349696K)] 458257K->458257K(502784K), [Metaspace: 9524K->9524K(1058816K)], 1.3245174 secs] [Times: user=8.83 sys=0.03, real=1.33 secs] 
2017-12-12T19:54:44.283+0300: 834.176: [Full GC (Ergonomics) [PSYoungGen: 131584K->131584K(153088K)] [ParOldGen: 326683K->326682K(349696K)] 458267K->458266K(502784K), [Metaspace: 9524K->9524K(1058816K)], 1.4107006 secs] [Times: user=9.36 sys=0.03, real=1.41 secs] 
2017-12-12T19:54:45.694+0300: 835.587: [Full GC (Ergonomics) [PSYoungGen: 131584K->131584K(153088K)] [ParOldGen: 326688K->326684K(349696K)] 458272K->458268K(502784K), [Metaspace: 9524K->9524K(1058816K)], 1.3643775 secs] [Times: user=8.99 sys=0.05, real=1.36 secs] 
2017-12-12T19:54:47.059+0300: 836.951: [Full GC (Ergonomics) [PSYoungGen: 131584K->131584K(153088K)] [ParOldGen: 326685K->326685K(349696K)] 458269K->458269K(502784K), [Metaspace: 9524K->9524K(1058816K)], 1.3751988 secs] [Times: user=9.27 sys=0.01, real=1.38 secs] 
2017-12-12T19:54:48.434+0300: 838.327: [Full GC (Ergonomics) [PSYoungGen: 131584K->131584K(153088K)] [ParOldGen: 326686K->326686K(349696K)] 458270K->458270K(502784K), [Metaspace: 9524K->9524K(1058816K)], 1.3714010 secs] [Times: user=9.08 sys=0.05, real=1.37 secs] 
2017-12-12T19:54:49.806+0300: 839.698: [Full GC (Ergonomics) [PSYoungGen: 131584K->131584K(153088K)] [ParOldGen: 326688K->326688K(349696K)] 458272K->458272K(502784K), [Metaspace: 9524K->9524K(1058816K)], 1.4112117 secs] [Times: user=9.16 sys=0.02, real=1.41 secs] 
2017-12-12T19:54:51.218+0300: 841.110: [Full GC (Ergonomics) [PSYoungGen: 131584K->131584K(153088K)] [ParOldGen: 326692K->326688K(349696K)] 458276K->458272K(502784K), [Metaspace: 9524K->9524K(1058816K)], 1.4174204 secs] [Times: user=9.33 sys=0.02, real=1.42 secs] 
2017-12-12T19:54:52.636+0300: 842.528: [Full GC (Ergonomics) [PSYoungGen: 131584K->131584K(153088K)] [ParOldGen: 326691K->326691K(349696K)] 458275K->458275K(502784K), [Metaspace: 9524K->9524K(1058816K)], 1.3987320 secs] [Times: user=9.24 sys=0.02, real=1.40 secs] 
2017-12-12T19:54:54.035+0300: 843.927: [Full GC (Ergonomics) [PSYoungGen: 131584K->131584K(153088K)] [ParOldGen: 326693K->326693K(349696K)] 458277K->458277K(502784K), [Metaspace: 9524K->9524K(1058816K)], 1.3714782 secs] [Times: user=8.99 sys=0.03, real=1.37 secs] 
2017-12-12T19:54:55.406+0300: 845.298: [Full GC (Ergonomics) [PSYoungGen: 131584K->131584K(153088K)] [ParOldGen: 326694K->326694K(349696K)] 458278K->458278K(502784K), [Metaspace: 9524K->9524K(1058816K)], 1.3188909 secs] [Times: user=8.67 sys=0.02, real=1.32 secs] 
2017-12-12T19:54:56.725+0300: 846.618: [Full GC (Ergonomics) [PSYoungGen: 131584K->131584K(153088K)] [ParOldGen: 326696K->326696K(349696K)] 458280K->458280K(502784K), [Metaspace: 9524K->9524K(1058816K)], 1.4159347 secs] [Times: user=9.66 sys=0.05, real=1.42 secs] 
2017-12-12T19:54:58.141+0300: 848.034: [Full GC (Ergonomics) [PSYoungGen: 131584K->131584K(153088K)] [ParOldGen: 326698K->326694K(349696K)] 458282K->458278K(502784K), [Metaspace: 9524K->9524K(1058816K)], 1.3649223 secs] [Times: user=9.05 sys=0.00, real=1.37 secs] 
2017-12-12T19:54:59.506+0300: 849.399: [Full GC (Ergonomics) [PSYoungGen: 131584K->131584K(153088K)] [ParOldGen: 326696K->326696K(349696K)] 458280K->458280K(502784K), [Metaspace: 9524K->9524K(1058816K)], 1.3694646 secs] [Times: user=8.97 sys=0.08, real=1.37 secs] 
2017-12-12T19:55:00.876+0300: 850.769: [Full GC (Ergonomics) [PSYoungGen: 131584K->131584K(153088K)] [ParOldGen: 326699K->326698K(349696K)] 458283K->458282K(502784K), [Metaspace: 9528K->9528K(1058816K)], 1.3606717 secs] [Times: user=9.22 sys=0.01, real=1.36 secs] 
2017-12-12T19:55:02.237+0300: 852.130: [Full GC (Ergonomics) [PSYoungGen: 131584K->131584K(153088K)] [ParOldGen: 326699K->326699K(349696K)] 458283K->458283K(502784K), [Metaspace: 9528K->9528K(1058816K)], 1.3766540 secs] [Times: user=9.16 sys=0.00, real=1.38 secs] 
2017-12-12T19:55:03.614+0300: 853.506: [Full GC (Ergonomics) [PSYoungGen: 131584K->131584K(153088K)] [ParOldGen: 326701K->326701K(349696K)] 458285K->458285K(502784K), [Metaspace: 9528K->9528K(1058816K)], 1.3718720 secs] [Times: user=9.11 sys=0.02, real=1.37 secs] 
2017-12-12T19:55:04.986+0300: 854.878: [Full GC (Ergonomics) [PSYoungGen: 131584K->131584K(153088K)] [ParOldGen: 326702K->326702K(349696K)] 458286K->458286K(502784K), [Metaspace: 9528K->9528K(1058816K)], 1.4122857 secs] [Times: user=9.45 sys=0.01, real=1.41 secs] 
2017-12-12T19:55:06.398+0300: 856.291: [Full GC (Ergonomics) [PSYoungGen: 131584K->131584K(153088K)] [ParOldGen: 326704K->326704K(349696K)] 458288K->458288K(502784K), [Metaspace: 9528K->9528K(1058816K)], 1.3673197 secs] [Times: user=9.06 sys=0.00, real=1.37 secs] 
2017-12-12T19:55:07.767+0300: 857.659: [Full GC (Ergonomics) [PSYoungGen: 131584K->131584K(153088K)] [ParOldGen: 326705K->326705K(349696K)] 458289K->458289K(502784K), [Metaspace: 9529K->9529K(1058816K)], 1.3664214 secs] [Times: user=8.84 sys=0.00, real=1.37 secs] 
2017-12-12T19:55:09.134+0300: 859.025: [Full GC (Ergonomics) [PSYoungGen: 131584K->131584K(153088K)] [ParOldGen: 326707K->326703K(349696K)] 458291K->458287K(502784K), [Metaspace: 9529K->9529K(1058816K)], 1.3415634 secs] [Times: user=8.49 sys=0.02, real=1.34 secs] 
2017-12-12T19:55:10.475+0300: 860.367: [Full GC (Ergonomics) [PSYoungGen: 131584K->131584K(153088K)] [ParOldGen: 326705K->326705K(349696K)] 458289K->458289K(502784K), [Metaspace: 9529K->9529K(1058816K)], 1.3468432 secs] [Times: user=8.89 sys=0.03, real=1.35 secs] 
2017-12-12T19:55:11.822+0300: 861.714: [Full GC (Ergonomics) [PSYoungGen: 131584K->131584K(153088K)] [ParOldGen: 326707K->326703K(349696K)] 458291K->458287K(502784K), [Metaspace: 9529K->9529K(1058816K)], 1.4084790 secs] [Times: user=9.19 sys=0.03, real=1.41 secs] 
2017-12-12T19:55:13.231+0300: 863.123: [Full GC (Ergonomics) [PSYoungGen: 131584K->131584K(153088K)] [ParOldGen: 326704K->326704K(349696K)] 458288K->458288K(502784K), [Metaspace: 9529K->9529K(1058816K)], 1.4090170 secs] [Times: user=9.02 sys=0.03, real=1.41 secs] 
2017-12-12T19:55:14.640+0300: 864.532: [Full GC (Ergonomics) [PSYoungGen: 131584K->131584K(153088K)] [ParOldGen: 326706K->326706K(349696K)] 458290K->458290K(502784K), [Metaspace: 9529K->9529K(1058816K)], 1.3619479 secs] [Times: user=8.95 sys=0.03, real=1.36 secs] 
2017-12-12T19:55:16.002+0300: 865.895: [Full GC (Ergonomics) [PSYoungGen: 131584K->131584K(153088K)] [ParOldGen: 326708K->326707K(349696K)] 458292K->458291K(502784K), [Metaspace: 9529K->9529K(1058816K)], 1.4180873 secs] [Times: user=9.55 sys=0.00, real=1.42 secs] 
2017-12-12T19:55:17.421+0300: 867.313: [Full GC (Ergonomics) [PSYoungGen: 131584K->131584K(153088K)] [ParOldGen: 326710K->326709K(349696K)] 458294K->458293K(502784K), [Metaspace: 9529K->9529K(1058816K)], 1.4311817 secs] [Times: user=9.72 sys=0.00, real=1.43 secs] 
2017-12-12T19:55:18.852+0300: 868.744: [Full GC (Ergonomics) [PSYoungGen: 131584K->131584K(153088K)] [ParOldGen: 326713K->326710K(349696K)] 458297K->458294K(502784K), [Metaspace: 9529K->9529K(1058816K)], 1.3732598 secs] [Times: user=9.00 sys=0.01, real=1.37 secs] 
2017-12-12T19:55:20.225+0300: 870.118: [Full GC (Ergonomics) [PSYoungGen: 131584K->131584K(153088K)] [ParOldGen: 326711K->326711K(349696K)] 458295K->458295K(502784K), [Metaspace: 9529K->9529K(1058816K)], 1.3649848 secs] [Times: user=8.89 sys=0.00, real=1.37 secs] 
2017-12-12T19:55:21.591+0300: 871.483: [Full GC (Ergonomics) [PSYoungGen: 131584K->131584K(153088K)] [ParOldGen: 326713K->326713K(349696K)] 458297K->458297K(502784K), [Metaspace: 9529K->9529K(1058816K)], 1.4188154 secs] [Times: user=9.74 sys=0.00, real=1.42 secs] 
2017-12-12T19:55:23.010+0300: 872.902: [Full GC (Ergonomics) [PSYoungGen: 131584K->131584K(153088K)] [ParOldGen: 326714K->326714K(349696K)] 458298K->458298K(502784K), [Metaspace: 9529K->9529K(1058816K)], 1.3214178 secs] [Times: user=8.89 sys=0.00, real=1.32 secs] 
2017-12-12T19:55:24.332+0300: 874.224: [Full GC (Ergonomics) [PSYoungGen: 131584K->131584K(153088K)] [ParOldGen: 326718K->326714K(349696K)] 458302K->458298K(502784K), [Metaspace: 9529K->9529K(1058816K)], 1.3662603 secs] [Times: user=8.91 sys=0.02, real=1.37 secs] 
2017-12-12T19:55:25.699+0300: 875.590: [Full GC (Ergonomics) [PSYoungGen: 131584K->131584K(153088K)] [ParOldGen: 326716K->326716K(349696K)] 458300K->458300K(502784K), [Metaspace: 9529K->9529K(1058816K)], 1.3799232 secs] [Times: user=9.13 sys=0.02, real=1.38 secs] 
2017-12-12T19:55:27.079+0300: 876.971: [Full GC (Ergonomics) [PSYoungGen: 131584K->131584K(153088K)] [ParOldGen: 326717K->326717K(349696K)] 458301K->458301K(502784K), [Metaspace: 9529K->9529K(1058816K)], 1.3705768 secs] [Times: user=9.09 sys=0.00, real=1.37 secs] 
2017-12-12T19:55:28.450+0300: 878.341: [Full GC (Ergonomics) [PSYoungGen: 131584K->131584K(153088K)] [ParOldGen: 326718K->326718K(349696K)] 458302K->458302K(502784K), [Metaspace: 9529K->9529K(1058816K)], 1.3494547 secs] [Times: user=8.94 sys=0.02, real=1.35 secs] 
2017-12-12T19:55:29.799+0300: 879.691: [Full GC (Ergonomics) [PSYoungGen: 131584K->131584K(153088K)] [ParOldGen: 326721K->326719K(349696K)] 458305K->458303K(502784K), [Metaspace: 9529K->9529K(1058816K)], 1.3681511 secs] [Times: user=9.00 sys=0.03, real=1.37 secs] 
2017-12-12T19:55:31.167+0300: 881.059: [Full GC (Ergonomics) [PSYoungGen: 131584K->131584K(153088K)] [ParOldGen: 326721K->326720K(349696K)] 458305K->458304K(502784K), [Metaspace: 9529K->9529K(1058816K)], 1.3646552 secs] [Times: user=9.33 sys=0.05, real=1.37 secs] 
2017-12-12T19:55:32.532+0300: 882.424: [Full GC (Ergonomics) [PSYoungGen: 131584K->131584K(153088K)] [ParOldGen: 326722K->326722K(349696K)] 458306K->458306K(502784K), [Metaspace: 9529K->9529K(1058816K)], 1.4196915 secs] [Times: user=9.28 sys=0.00, real=1.42 secs] 
2017-12-12T19:55:33.952+0300: 883.844: [Full GC (Ergonomics) [PSYoungGen: 131584K->131584K(153088K)] [ParOldGen: 326724K->326723K(349696K)] 458308K->458307K(502784K), [Metaspace: 9529K->9529K(1058816K)], 1.4320752 secs] [Times: user=9.55 sys=0.06, real=1.43 secs] 
2017-12-12T19:55:35.384+0300: 885.277: [Full GC (Ergonomics) [PSYoungGen: 131584K->131584K(153088K)] [ParOldGen: 326725K->326725K(349696K)] 458309K->458309K(502784K), [Metaspace: 9529K->9529K(1058816K)], 1.4159747 secs] [Times: user=9.31 sys=0.02, real=1.42 secs] 
2017-12-12T19:55:36.801+0300: 886.693: [Full GC (Ergonomics) [PSYoungGen: 131584K->131584K(153088K)] [ParOldGen: 326727K->326727K(349696K)] 458311K->458311K(502784K), [Metaspace: 9529K->9529K(1058816K)], 1.3793690 secs] [Times: user=9.41 sys=0.03, real=1.38 secs] 
2017-12-12T19:55:38.180+0300: 888.072: [Full GC (Ergonomics) [PSYoungGen: 131584K->131584K(153088K)] [ParOldGen: 326728K->326728K(349696K)] 458312K->458312K(502784K), [Metaspace: 9529K->9529K(1058816K)], 1.4280955 secs] [Times: user=9.80 sys=0.03, real=1.43 secs] 
2017-12-12T19:55:39.608+0300: 889.501: [Full GC (Ergonomics) [PSYoungGen: 131584K->131584K(153088K)] [ParOldGen: 326730K->326729K(349696K)] 458314K->458313K(502784K), [Metaspace: 9529K->9529K(1058816K)], 1.3734249 secs] [Times: user=8.97 sys=0.02, real=1.37 secs] 
2017-12-12T19:55:40.982+0300: 890.874: [Full GC (Ergonomics) [PSYoungGen: 131584K->131584K(153088K)] [ParOldGen: 326731K->326730K(349696K)] 458315K->458314K(502784K), [Metaspace: 9529K->9529K(1058816K)], 1.3256230 secs] [Times: user=8.63 sys=0.01, real=1.33 secs] 
2017-12-12T19:55:42.309+0300: 892.200: [Full GC (Ergonomics) [PSYoungGen: 131584K->131584K(153088K)] [ParOldGen: 326732K->326732K(349696K)] 458316K->458316K(502784K), [Metaspace: 9529K->9529K(1058816K)], 1.4187196 secs] [Times: user=9.28 sys=0.00, real=1.42 secs] 
2017-12-12T19:55:43.728+0300: 893.619: [Full GC (Ergonomics) [PSYoungGen: 131584K->131584K(153088K)] [ParOldGen: 326734K->326733K(349696K)] 458318K->458317K(502784K), [Metaspace: 9529K->9529K(1058816K)], 1.4185768 secs] [Times: user=9.48 sys=0.03, real=1.42 secs] 
2017-12-12T19:55:45.146+0300: 895.038: [Full GC (Ergonomics) [PSYoungGen: 131584K->131584K(153088K)] [ParOldGen: 326735K->326735K(349696K)] 458319K->458319K(502784K), [Metaspace: 9529K->9529K(1058816K)], 1.4228120 secs] [Times: user=9.88 sys=0.00, real=1.42 secs] 
2017-12-12T19:55:46.569+0300: 896.461: [Full GC (Ergonomics) [PSYoungGen: 131584K->131584K(153088K)] [ParOldGen: 326737K->326737K(349696K)] 458321K->458321K(502784K), [Metaspace: 9529K->9529K(1058816K)], 1.4147721 secs] [Times: user=9.24 sys=0.01, real=1.41 secs] 
2017-12-12T19:55:47.984+0300: 897.876: [Full GC (Ergonomics) [PSYoungGen: 131584K->131584K(153088K)] [ParOldGen: 326738K->326737K(349696K)] 458322K->458321K(502784K), [Metaspace: 9529K->9529K(1058816K)], 1.4225460 secs] [Times: user=9.55 sys=0.00, real=1.42 secs] 
2017-12-12T19:55:49.407+0300: 899.299: [Full GC (Ergonomics) [PSYoungGen: 131584K->131584K(153088K)] [ParOldGen: 326739K->326739K(349696K)] 458323K->458323K(502784K), [Metaspace: 9529K->9529K(1058816K)], 1.4340182 secs] [Times: user=9.72 sys=0.02, real=1.43 secs] 
2017-12-12T19:55:50.841+0300: 900.733: [Full GC (Ergonomics) [PSYoungGen: 131584K->131584K(153088K)] [ParOldGen: 326741K->326740K(349696K)] 458325K->458324K(502784K), [Metaspace: 9529K->9529K(1058816K)], 1.4249277 secs] [Times: user=9.92 sys=0.03, real=1.42 secs] 
2017-12-12T19:55:52.266+0300: 902.159: [Full GC (Ergonomics) [PSYoungGen: 131584K->131584K(153088K)] [ParOldGen: 326743K->326741K(349696K)] 458327K->458325K(502784K), [Metaspace: 9529K->9529K(1058816K)], 1.5183901 secs] [Times: user=9.94 sys=0.02, real=1.52 secs] 
2017-12-12T19:55:53.785+0300: 903.677: [Full GC (Ergonomics) [PSYoungGen: 131584K->131584K(153088K)] [ParOldGen: 326743K->326743K(349696K)] 458327K->458327K(502784K), [Metaspace: 9529K->9529K(1058816K)], 1.4345775 secs] [Times: user=10.05 sys=0.01, real=1.43 secs] 
2017-12-12T19:55:55.220+0300: 905.112: [Full GC (Ergonomics) [PSYoungGen: 131584K->131584K(153088K)] [ParOldGen: 326744K->326744K(349696K)] 458328K->458328K(502784K), [Metaspace: 9529K->9529K(1058816K)], 1.4125517 secs] [Times: user=9.58 sys=0.05, real=1.41 secs] 
2017-12-12T19:55:56.632+0300: 906.525: [Full GC (Ergonomics) [PSYoungGen: 131584K->131584K(153088K)] [ParOldGen: 326747K->326746K(349696K)] 458331K->458330K(502784K), [Metaspace: 9529K->9529K(1058816K)], 1.4311087 secs] [Times: user=9.55 sys=0.02, real=1.43 secs] 
2017-12-12T19:55:58.064+0300: 907.956: [Full GC (Ergonomics) [PSYoungGen: 131584K->131584K(153088K)] [ParOldGen: 326748K->326747K(349696K)] 458332K->458331K(502784K), [Metaspace: 9529K->9529K(1058816K)], 1.3769274 secs] [Times: user=9.19 sys=0.00, real=1.38 secs] 
2017-12-12T19:55:59.442+0300: 909.333: [Full GC (Ergonomics) [PSYoungGen: 131584K->131584K(153088K)] [ParOldGen: 326748K->326748K(349696K)] 458332K->458332K(502784K), [Metaspace: 9529K->9529K(1058816K)], 1.3593480 secs] [Times: user=8.92 sys=0.05, real=1.36 secs] 
2017-12-12T19:56:00.801+0300: 910.693: [Full GC (Ergonomics) [PSYoungGen: 131584K->131584K(153088K)] [ParOldGen: 326750K->326750K(349696K)] 458334K->458334K(502784K), [Metaspace: 9529K->9529K(1058816K)], 1.4340960 secs] [Times: user=9.80 sys=0.00, real=1.43 secs] 
2017-12-12T19:56:02.236+0300: 912.127: [Full GC (Ergonomics) [PSYoungGen: 131584K->131584K(153088K)] [ParOldGen: 326751K->326751K(349696K)] 458335K->458335K(502784K), [Metaspace: 9529K->9529K(1058816K)], 1.3704459 secs] [Times: user=8.77 sys=0.03, real=1.37 secs] 
2017-12-12T19:56:03.606+0300: 913.498: [Full GC (Ergonomics) [PSYoungGen: 131584K->131584K(153088K)] [ParOldGen: 326753K->326753K(349696K)] 458337K->458337K(502784K), [Metaspace: 9529K->9529K(1058816K)], 1.3687458 secs] [Times: user=8.94 sys=0.05, real=1.37 secs] 
2017-12-12T19:56:04.975+0300: 914.867: [Full GC (Ergonomics) [PSYoungGen: 131584K->131584K(153088K)] [ParOldGen: 326755K->326754K(349696K)] 458339K->458338K(502784K), [Metaspace: 9529K->9529K(1058816K)], 1.4380720 secs] [Times: user=10.19 sys=0.00, real=1.44 secs] 
2017-12-12T19:56:06.413+0300: 916.305: [Full GC (Ergonomics) 