Java HotSpot(TM) 64-Bit Server VM (25.111-b14) for windows-amd64 JRE (1.8.0_111-b14), built on Sep 22 2016 19:24:05 by "java_re" with MS VC++ 10.0 (VS2010)
Memory: 4k page, physical 16717800k(10122600k free), swap 33433764k(25614940k free)
CommandLine flags: -XX:GCLogFileSize=1048576 -XX:InitialHeapSize=536870912 -XX:+ManagementServer -XX:MaxHeapSize=536870912 -XX:MaxNewSize=178958336 -XX:MaxTenuringThreshold=6 -XX:NewSize=178958336 -XX:NumberOfGCLogFiles=10 -XX:OldPLABSize=16 -XX:OldSize=357912576 -XX:+PrintGC -XX:+PrintGCDateStamps -XX:+PrintGCDetails -XX:+PrintGCTimeStamps -XX:+UseCompressedClassPointers -XX:+UseCompressedOops -XX:+UseConcMarkSweepGC -XX:+UseGCLogFileRotation -XX:-UseLargePagesIndividualAllocation -XX:+UseParNewGC 
2017-12-18T21:13:57.556+0300: 46.450: [GC (Allocation Failure) 2017-12-18T21:13:57.556+0300: 46.450: [ParNew: 139776K->17472K(157248K), 0.9981962 secs] 139776K->123801K(506816K), 0.9985138 secs] [Times: user=7.18 sys=0.05, real=1.00 secs] 
2017-12-18T21:15:09.221+0300: 118.114: [GC (Allocation Failure) 2017-12-18T21:15:09.221+0300: 118.114: [ParNew: 157248K->17472K(157248K), 0.5648684 secs] 263577K->260517K(506816K), 0.5649719 secs] [Times: user=3.68 sys=0.06, real=0.57 secs] 
2017-12-18T21:15:09.788+0300: 118.681: [GC (CMS Initial Mark) [1 CMS-initial-mark: 243045K(349568K)] 266894K(506816K), 0.0048074 secs] [Times: user=0.00 sys=0.00, real=0.00 secs] 
2017-12-18T21:15:09.792+0300: 118.686: [CMS-concurrent-mark-start]
2017-12-18T21:15:09.994+0300: 118.888: [CMS-concurrent-mark: 0.202/0.202 secs] [Times: user=0.42 sys=0.03, real=0.20 secs] 
2017-12-18T21:15:09.994+0300: 118.888: [CMS-concurrent-preclean-start]
2017-12-18T21:15:09.994+0300: 118.888: [CMS-concurrent-preclean: 0.000/0.000 secs] [Times: user=0.00 sys=0.00, real=0.00 secs] 
2017-12-18T21:15:09.994+0300: 118.888: [CMS-concurrent-abortable-preclean-start]
 CMS: abort preclean due to time 2017-12-18T21:15:15.059+0300: 123.953: [CMS-concurrent-abortable-preclean: 4.766/5.065 secs] [Times: user=9.02 sys=0.00, real=5.07 secs] 
2017-12-18T21:15:15.060+0300: 123.954: [GC (CMS Final Remark) [YG occupancy: 29104 K (157248 K)]2017-12-18T21:15:15.060+0300: 123.954: [Rescan (parallel) , 0.0055580 secs]2017-12-18T21:15:15.065+0300: 123.959: [weak refs processing, 0.0000251 secs]2017-12-18T21:15:15.065+0300: 123.959: [class unloading, 0.0016479 secs]2017-12-18T21:15:15.067+0300: 123.961: [scrub symbol table, 0.0010591 secs]2017-12-18T21:15:15.068+0300: 123.962: [scrub string table, 0.0001465 secs][1 CMS-remark: 243045K(349568K)] 272149K(506816K), 0.0086861 secs] [Times: user=0.06 sys=0.00, real=0.01 secs] 
2017-12-18T21:15:15.069+0300: 123.962: [CMS-concurrent-sweep-start]
2017-12-18T21:15:15.149+0300: 124.043: [CMS-concurrent-sweep: 0.079/0.080 secs] [Times: user=0.16 sys=0.00, real=0.08 secs] 
2017-12-18T21:15:15.149+0300: 124.043: [CMS-concurrent-reset-start]
2017-12-18T21:15:15.150+0300: 124.044: [CMS-concurrent-reset: 0.001/0.001 secs] [Times: user=0.00 sys=0.00, real=0.00 secs] 
2017-12-18T21:15:17.150+0300: 126.044: [GC (CMS Initial Mark) [1 CMS-initial-mark: 241576K(349568K)] 272498K(506816K), 0.0053131 secs] [Times: user=0.03 sys=0.00, real=0.00 secs] 
2017-12-18T21:15:17.155+0300: 126.049: [CMS-concurrent-mark-start]
2017-12-18T21:15:17.347+0300: 126.241: [CMS-concurrent-mark: 0.192/0.192 secs] [Times: user=0.56 sys=0.00, real=0.19 secs] 
2017-12-18T21:15:17.347+0300: 126.241: [CMS-concurrent-preclean-start]
2017-12-18T21:15:17.348+0300: 126.242: [CMS-concurrent-preclean: 0.002/0.002 secs] [Times: user=0.00 sys=0.00, real=0.00 secs] 
2017-12-18T21:15:17.348+0300: 126.242: [CMS-concurrent-abortable-preclean-start]
 CMS: abort preclean due to time 2017-12-18T21:15:22.434+0300: 131.327: [CMS-concurrent-abortable-preclean: 4.561/5.085 secs] [Times: user=9.64 sys=0.00, real=5.09 secs] 
2017-12-18T21:15:22.434+0300: 131.327: [GC (CMS Final Remark) [YG occupancy: 30921 K (157248 K)]2017-12-18T21:15:22.434+0300: 131.327: [Rescan (parallel) , 0.0055823 secs]2017-12-18T21:15:22.440+0300: 131.333: [weak refs processing, 0.0000125 secs]2017-12-18T21:15:22.440+0300: 131.333: [class unloading, 0.0011088 secs]2017-12-18T21:15:22.441+0300: 131.334: [scrub symbol table, 0.0007892 secs]2017-12-18T21:15:22.442+0300: 131.335: [scrub string table, 0.0001246 secs][1 CMS-remark: 241576K(349568K)] 272498K(506816K), 0.0077328 secs] [Times: user=0.00 sys=0.00, real=0.01 secs] 
2017-12-18T21:15:22.442+0300: 131.335: [CMS-concurrent-sweep-start]
2017-12-18T21:15:22.521+0300: 131.414: [CMS-concurrent-sweep: 0.079/0.079 secs] [Times: user=0.16 sys=0.00, real=0.08 secs] 
2017-12-18T21:15:22.521+0300: 131.414: [CMS-concurrent-reset-start]
2017-12-18T21:15:22.521+0300: 131.415: [CMS-concurrent-reset: 0.001/0.001 secs] [Times: user=0.00 sys=0.00, real=0.00 secs] 
2017-12-18T21:15:24.522+0300: 133.415: [GC (CMS Initial Mark) [1 CMS-initial-mark: 239193K(349568K)] 270115K(506816K), 0.0053399 secs] [Times: user=0.00 sys=0.00, real=0.00 secs] 
2017-12-18T21:15:24.527+0300: 133.420: [CMS-concurrent-mark-start]
2017-12-18T21:15:24.743+0300: 133.636: [CMS-concurrent-mark: 0.216/0.216 secs] [Times: user=0.66 sys=0.00, real=0.22 secs] 
2017-12-18T21:15:24.743+0300: 133.636: [CMS-concurrent-preclean-start]
2017-12-18T21:15:24.744+0300: 133.637: [CMS-concurrent-preclean: 0.001/0.001 secs] [Times: user=0.00 sys=0.00, real=0.00 secs] 
2017-12-18T21:15:24.744+0300: 133.637: [CMS-concurrent-abortable-preclean-start]
 CMS: abort preclean due to time 2017-12-18T21:15:29.850+0300: 138.743: [CMS-concurrent-abortable-preclean: 3.579/5.106 secs] [Times: user=8.70 sys=0.00, real=5.11 secs] 
2017-12-18T21:15:29.850+0300: 138.744: [GC (CMS Final Remark) [YG occupancy: 30921 K (157248 K)]2017-12-18T21:15:29.850+0300: 138.744: [Rescan (parallel) , 0.0055774 secs]2017-12-18T21:15:29.856+0300: 138.749: [weak refs processing, 0.0000322 secs]2017-12-18T21:15:29.856+0300: 138.749: [class unloading, 0.0016941 secs]2017-12-18T21:15:29.857+0300: 138.751: [scrub symbol table, 0.0012989 secs]2017-12-18T21:15:29.859+0300: 138.752: [scrub string table, 0.0001602 secs][1 CMS-remark: 239193K(349568K)] 270115K(506816K), 0.0088871 secs] [Times: user=0.06 sys=0.00, real=0.01 secs] 
2017-12-18T21:15:29.859+0300: 138.752: [CMS-concurrent-sweep-start]
2017-12-18T21:15:29.937+0300: 138.831: [CMS-concurrent-sweep: 0.078/0.078 secs] [Times: user=0.16 sys=0.00, real=0.08 secs] 
2017-12-18T21:15:29.937+0300: 138.831: [CMS-concurrent-reset-start]
2017-12-18T21:15:29.938+0300: 138.831: [CMS-concurrent-reset: 0.001/0.001 secs] [Times: user=0.00 sys=0.00, real=0.00 secs] 
2017-12-18T21:15:31.939+0300: 140.832: [GC (CMS Initial Mark) [1 CMS-initial-mark: 238452K(349568K)] 269374K(506816K), 0.0054594 secs] [Times: user=0.03 sys=0.00, real=0.01 secs] 
2017-12-18T21:15:31.944+0300: 140.838: [CMS-concurrent-mark-start]
2017-12-18T21:15:32.157+0300: 141.050: [CMS-concurrent-mark: 0.212/0.212 secs] [Times: user=0.61 sys=0.00, real=0.21 secs] 
2017-12-18T21:15:32.157+0300: 141.050: [CMS-concurrent-preclean-start]
2017-12-18T21:15:32.157+0300: 141.051: [CMS-concurrent-preclean: 0.001/0.001 secs] [Times: user=0.00 sys=0.00, real=0.00 secs] 
2017-12-18T21:15:32.157+0300: 141.051: [CMS-concurrent-abortable-preclean-start]
 CMS: abort preclean due to time 2017-12-18T21:15:37.368+0300: 146.262: [CMS-concurrent-abortable-preclean: 3.171/5.211 secs] [Times: user=7.69 sys=0.00, real=5.21 secs] 
2017-12-18T21:15:37.368+0300: 146.262: [GC (CMS Final Remark) [YG occupancy: 30921 K (157248 K)]2017-12-18T21:15:37.368+0300: 146.262: [Rescan (parallel) , 0.0057847 secs]2017-12-18T21:15:37.374+0300: 146.268: [weak refs processing, 0.0000408 secs]2017-12-18T21:15:37.374+0300: 146.268: [class unloading, 0.0013525 secs]2017-12-18T21:15:37.375+0300: 146.269: [scrub symbol table, 0.0012581 secs]2017-12-18T21:15:37.377+0300: 146.270: [scrub string table, 0.0001540 secs][1 CMS-remark: 238452K(349568K)] 269374K(506816K), 0.0087184 secs] [Times: user=0.06 sys=0.00, real=0.01 secs] 
2017-12-18T21:15:37.377+0300: 146.271: [CMS-concurrent-sweep-start]
2017-12-18T21:15:37.456+0300: 146.350: [CMS-concurrent-sweep: 0.079/0.079 secs] [Times: user=0.08 sys=0.00, real=0.08 secs] 
2017-12-18T21:15:37.456+0300: 146.350: [CMS-concurrent-reset-start]
2017-12-18T21:15:37.457+0300: 146.351: [CMS-concurrent-reset: 0.001/0.001 secs] [Times: user=0.00 sys=0.00, real=0.00 secs] 
2017-12-18T21:15:39.458+0300: 148.351: [GC (CMS Initial Mark) [1 CMS-initial-mark: 238044K(349568K)] 313774K(506816K), 0.0136711 secs] [Times: user=0.06 sys=0.00, real=0.01 secs] 
2017-12-18T21:15:39.471+0300: 148.364: [CMS-concurrent-mark-start]
2017-12-18T21:15:39.676+0300: 148.569: [CMS-concurrent-mark: 0.204/0.204 secs] [Times: user=0.61 sys=0.00, real=0.21 secs] 
2017-12-18T21:15:39.676+0300: 148.569: [CMS-concurrent-preclean-start]
2017-12-18T21:15:39.678+0300: 148.571: [CMS-concurrent-preclean: 0.002/0.002 secs] [Times: user=0.00 sys=0.00, real=0.00 secs] 
2017-12-18T21:15:39.678+0300: 148.571: [CMS-concurrent-abortable-preclean-start]
 CMS: abort preclean due to time 2017-12-18T21:15:44.731+0300: 153.624: [CMS-concurrent-abortable-preclean: 5.053/5.053 secs] [Times: user=10.11 sys=0.00, real=5.05 secs] 
2017-12-18T21:15:44.731+0300: 153.625: [GC (CMS Final Remark) [YG occupancy: 75730 K (157248 K)]2017-12-18T21:15:44.731+0300: 153.625: [Rescan (parallel) , 0.0252924 secs]2017-12-18T21:15:44.757+0300: 153.650: [weak refs processing, 0.0000148 secs]2017-12-18T21:15:44.757+0300: 153.650: [class unloading, 0.0015946 secs]2017-12-18T21:15:44.758+0300: 153.651: [scrub symbol table, 0.0012875 secs]2017-12-18T21:15:44.760+0300: 153.653: [scrub string table, 0.0001685 secs][1 CMS-remark: 238044K(349568K)] 313774K(506816K), 0.0284858 secs] [Times: user=0.09 sys=0.00, real=0.03 secs] 
2017-12-18T21:15:44.760+0300: 153.653: [CMS-concurrent-sweep-start]
2017-12-18T21:15:44.844+0300: 153.738: [CMS-concurrent-sweep: 0.085/0.085 secs] [Times: user=0.16 sys=0.00, real=0.08 secs] 
2017-12-18T21:15:44.844+0300: 153.738: [CMS-concurrent-reset-start]
2017-12-18T21:15:44.845+0300: 153.738: [CMS-concurrent-reset: 0.001/0.001 secs] [Times: user=0.00 sys=0.00, real=0.00 secs] 
2017-12-18T21:15:46.845+0300: 155.738: [GC (CMS Initial Mark) [1 CMS-initial-mark: 237200K(349568K)] 312931K(506816K), 0.0135853 secs] [Times: user=0.03 sys=0.00, real=0.01 secs] 
2017-12-18T21:15:46.858+0300: 155.752: [CMS-concurrent-mark-start]
2017-12-18T21:15:47.056+0300: 155.949: [CMS-concurrent-mark: 0.197/0.197 secs] [Times: user=0.56 sys=0.00, real=0.20 secs] 
2017-12-18T21:15:47.056+0300: 155.949: [CMS-concurrent-preclean-start]
2017-12-18T21:15:47.057+0300: 155.951: [CMS-concurrent-preclean: 0.001/0.002 secs] [Times: user=0.00 sys=0.00, real=0.00 secs] 
2017-12-18T21:15:47.057+0300: 155.951: [CMS-concurrent-abortable-preclean-start]
 CMS: abort preclean due to time 2017-12-18T21:15:52.099+0300: 160.992: [CMS-concurrent-abortable-preclean: 4.544/5.042 secs] [Times: user=9.63 sys=0.00, real=5.04 secs] 
2017-12-18T21:15:52.099+0300: 160.993: [GC (CMS Final Remark) [YG occupancy: 75730 K (157248 K)]2017-12-18T21:15:52.099+0300: 160.993: [Rescan (parallel) , 0.0147354 secs]2017-12-18T21:15:52.114+0300: 161.008: [weak refs processing, 0.0000185 secs]2017-12-18T21:15:52.114+0300: 161.008: [class unloading, 0.0014369 secs]2017-12-18T21:15:52.115+0300: 161.009: [scrub symbol table, 0.0009648 secs]2017-12-18T21:15:52.116+0300: 161.010: [scrub string table, 0.0001588 secs][1 CMS-remark: 237200K(349568K)] 312931K(506816K), 0.0174062 secs] [Times: user=0.08 sys=0.00, real=0.02 secs] 
2017-12-18T21:15:52.117+0300: 161.010: [CMS-concurrent-sweep-start]
2017-12-18T21:15:52.198+0300: 161.092: [CMS-concurrent-sweep: 0.081/0.081 secs] [Times: user=0.16 sys=0.00, real=0.08 secs] 
2017-12-18T21:15:52.198+0300: 161.092: [CMS-concurrent-reset-start]
2017-12-18T21:15:52.199+0300: 161.092: [CMS-concurrent-reset: 0.001/0.001 secs] [Times: user=0.00 sys=0.00, real=0.00 secs] 
2017-12-18T21:15:54.199+0300: 163.092: [GC (CMS Initial Mark) [1 CMS-initial-mark: 235832K(349568K)] 312493K(506816K), 0.0133966 secs] [Times: user=0.06 sys=0.00, real=0.01 secs] 
2017-12-18T21:15:54.212+0300: 163.106: [CMS-concurrent-mark-start]
2017-12-18T21:15:54.413+0300: 163.306: [CMS-concurrent-mark: 0.200/0.200 secs] [Times: user=0.61 sys=0.00, real=0.20 secs] 
2017-12-18T21:15:54.413+0300: 163.306: [CMS-concurrent-preclean-start]
2017-12-18T21:15:54.414+0300: 163.307: [CMS-concurrent-preclean: 0.001/0.001 secs] [Times: user=0.00 sys=0.00, real=0.00 secs] 
2017-12-18T21:15:54.414+0300: 163.307: [CMS-concurrent-abortable-preclean-start]
 CMS: abort preclean due to time 2017-12-18T21:15:59.424+0300: 168.317: [CMS-concurrent-abortable-preclean: 3.638/5.010 secs] [Times: user=8.66 sys=0.00, real=5.01 secs] 
2017-12-18T21:15:59.424+0300: 168.317: [GC (CMS Final Remark) [YG occupancy: 77588 K (157248 K)]2017-12-18T21:15:59.424+0300: 168.317: [Rescan (parallel) , 0.0146185 secs]2017-12-18T21:15:59.439+0300: 168.332: [weak refs processing, 0.0000185 secs]2017-12-18T21:15:59.439+0300: 168.332: [class unloading, 0.0013719 secs]2017-12-18T21:15:59.441+0300: 168.333: [scrub symbol table, 0.0010477 secs]2017-12-18T21:15:59.442+0300: 168.335: [scrub string table, 0.0001269 secs][1 CMS-remark: 235832K(349568K)] 313420K(506816K), 0.0172939 secs] [Times: user=0.06 sys=0.00, real=0.02 secs] 
2017-12-18T21:15:59.442+0300: 168.335: [CMS-concurrent-sweep-start]
2017-12-18T21:15:59.516+0300: 168.409: [CMS-concurrent-sweep: 0.074/0.074 secs] [Times: user=0.16 sys=0.00, real=0.07 secs] 
2017-12-18T21:15:59.516+0300: 168.409: [CMS-concurrent-reset-start]
2017-12-18T21:15:59.517+0300: 168.410: [CMS-concurrent-reset: 0.001/0.001 secs] [Times: user=0.00 sys=0.00, real=0.00 secs] 
2017-12-18T21:16:01.518+0300: 170.411: [GC (CMS Initial Mark) [1 CMS-initial-mark: 235158K(349568K)] 312747K(506816K), 0.0137598 secs] [Times: user=0.06 sys=0.00, real=0.01 secs] 
2017-12-18T21:16:01.531+0300: 170.424: [CMS-concurrent-mark-start]
2017-12-18T21:16:01.735+0300: 170.628: [CMS-concurrent-mark: 0.204/0.204 secs] [Times: user=0.61 sys=0.00, real=0.20 secs] 
2017-12-18T21:16:01.735+0300: 170.628: [CMS-concurrent-preclean-start]
2017-12-18T21:16:01.736+0300: 170.629: [CMS-concurrent-preclean: 0.001/0.001 secs] [Times: user=0.00 sys=0.00, real=0.00 secs] 
2017-12-18T21:16:01.736+0300: 170.629: [CMS-concurrent-abortable-preclean-start]
 CMS: abort preclean due to time 2017-12-18T21:16:06.834+0300: 175.727: [CMS-concurrent-abortable-preclean: 3.093/5.098 secs] [Times: user=8.25 sys=0.00, real=5.10 secs] 
2017-12-18T21:16:06.836+0300: 175.729: [GC (CMS Final Remark) [YG occupancy: 77588 K (157248 K)]2017-12-18T21:16:06.836+0300: 175.729: [Rescan (parallel) , 0.0148557 secs]2017-12-18T21:16:06.851+0300: 175.744: [weak refs processing, 0.0000165 secs]2017-12-18T21:16:06.851+0300: 175.744: [class unloading, 0.0011706 secs]2017-12-18T21:16:06.852+0300: 175.745: [scrub symbol table, 0.0010871 secs]2017-12-18T21:16:06.853+0300: 175.746: [scrub string table, 0.0001443 secs][1 CMS-remark: 235158K(349568K)] 312747K(506816K), 0.0173942 secs] [Times: user=0.06 sys=0.00, real=0.02 secs] 
2017-12-18T21:16:06.853+0300: 175.746: [CMS-concurrent-sweep-start]
2017-12-18T21:16:06.929+0300: 175.822: [CMS-concurrent-sweep: 0.076/0.076 secs] [Times: user=0.16 sys=0.00, real=0.08 secs] 
2017-12-18T21:16:06.929+0300: 175.822: [CMS-concurrent-reset-start]
2017-12-18T21:16:06.929+0300: 175.823: [CMS-concurrent-reset: 0.001/0.001 secs] [Times: user=0.00 sys=0.00, real=0.00 secs] 
2017-12-18T21:16:08.929+0300: 177.822: [GC (CMS Initial Mark) [1 CMS-initial-mark: 234716K(349568K)] 312304K(506816K), 0.0137983 secs] [Times: user=0.06 sys=0.00, real=0.01 secs] 
2017-12-18T21:16:08.943+0300: 177.836: [CMS-concurrent-mark-start]
2017-12-18T21:16:09.151+0300: 178.044: [CMS-concurrent-mark: 0.208/0.208 secs] [Times: user=0.65 sys=0.00, real=0.21 secs] 
2017-12-18T21:16:09.151+0300: 178.044: [CMS-concurrent-preclean-start]
2017-12-18T21:16:09.152+0300: 178.045: [CMS-concurrent-preclean: 0.001/0.001 secs] [Times: user=0.00 sys=0.00, real=0.00 secs] 
2017-12-18T21:16:09.152+0300: 178.045: [CMS-concurrent-abortable-preclean-start]
 CMS: abort preclean due to time 2017-12-18T21:16:14.203+0300: 183.095: [CMS-concurrent-abortable-preclean: 2.961/5.050 secs] [Times: user=8.07 sys=0.00, real=5.05 secs] 
2017-12-18T21:16:14.203+0300: 183.096: [GC (CMS Final Remark) [YG occupancy: 77588 K (157248 K)]2017-12-18T21:16:14.203+0300: 183.096: [Rescan (parallel) , 0.0148015 secs]2017-12-18T21:16:14.218+0300: 183.111: [weak refs processing, 0.0000368 secs]2017-12-18T21:16:14.218+0300: 183.111: [class unloading, 0.0013106 secs]2017-12-18T21:16:14.219+0300: 183.112: [scrub symbol table, 0.0013146 secs]2017-12-18T21:16:14.221+0300: 183.113: [scrub string table, 0.0001534 secs][1 CMS-remark: 234716K(349568K)] 312304K(506816K), 0.0177281 secs] [Times: user=0.08 sys=0.00, real=0.02 secs] 
2017-12-18T21:16:14.221+0300: 183.114: [CMS-concurrent-sweep-start]
2017-12-18T21:16:14.298+0300: 183.191: [CMS-concurrent-sweep: 0.077/0.077 secs] [Times: user=0.13 sys=0.00, real=0.08 secs] 
2017-12-18T21:16:14.298+0300: 183.191: [CMS-concurrent-reset-start]
2017-12-18T21:16:14.299+0300: 183.191: [CMS-concurrent-reset: 0.001/0.001 secs] [Times: user=0.05 sys=0.00, real=0.00 secs] 
2017-12-18T21:16:16.301+0300: 185.193: [GC (CMS Initial Mark) [1 CMS-initial-mark: 234389K(349568K)] 311977K(506816K), 0.0140574 secs] [Times: user=0.06 sys=0.00, real=0.01 secs] 
2017-12-18T21:16:16.315+0300: 185.207: [CMS-concurrent-mark-start]
2017-12-18T21:16:16.516+0300: 185.409: [CMS-concurrent-mark: 0.202/0.202 secs] [Times: user=0.61 sys=0.00, real=0.20 secs] 
2017-12-18T21:16:16.516+0300: 185.409: [CMS-concurrent-preclean-start]
2017-12-18T21:16:16.517+0300: 185.410: [CMS-concurrent-preclean: 0.001/0.001 secs] [Times: user=0.00 sys=0.00, real=0.00 secs] 
2017-12-18T21:16:16.517+0300: 185.410: [CMS-concurrent-abortable-preclean-start]
2017-12-18T21:16:19.238+0300: 188.130: [CMS-concurrent-abortable-preclean: 1.624/2.720 secs] [Times: user=3.32 sys=0.00, real=2.72 secs] 
2017-12-18T21:16:19.238+0300: 188.131: [GC (CMS Final Remark) [YG occupancy: 124886 K (157248 K)]2017-12-18T21:16:19.238+0300: 188.131: [Rescan (parallel) , 0.0305989 secs]2017-12-18T21:16:19.268+0300: 188.161: [weak refs processing, 0.0000191 secs]2017-12-18T21:16:19.269+0300: 188.161: [class unloading, 0.0012080 secs]2017-12-18T21:16:19.270+0300: 188.163: [scrub symbol table, 0.0010346 secs]2017-12-18T21:16:19.271+0300: 188.164: [scrub string table, 0.0001283 secs][1 CMS-remark: 234389K(349568K)] 359276K(506816K), 0.0331013 secs] [Times: user=0.13 sys=0.00, real=0.03 secs] 
2017-12-18T21:16:19.271+0300: 188.164: [CMS-concurrent-sweep-start]
2017-12-18T21:16:19.352+0300: 188.245: [CMS-concurrent-sweep: 0.081/0.081 secs] [Times: user=0.08 sys=0.00, real=0.08 secs] 
2017-12-18T21:16:19.352+0300: 188.245: [CMS-concurrent-reset-start]
2017-12-18T21:16:19.353+0300: 188.246: [CMS-concurrent-reset: 0.001/0.001 secs] [Times: user=0.03 sys=0.00, real=0.00 secs] 
2017-12-18T21:16:21.353+0300: 190.246: [GC (CMS Initial Mark) [1 CMS-initial-mark: 234128K(349568K)] 359014K(506816K), 0.0222720 secs] [Times: user=0.06 sys=0.00, real=0.02 secs] 
2017-12-18T21:16:21.375+0300: 190.268: [CMS-concurrent-mark-start]
2017-12-18T21:16:21.606+0300: 190.499: [CMS-concurrent-mark: 0.231/0.231 secs] [Times: user=0.70 sys=0.00, real=0.23 secs] 
2017-12-18T21:16:21.606+0300: 190.499: [CMS-concurrent-preclean-start]
2017-12-18T21:16:21.611+0300: 190.504: [CMS-concurrent-preclean: 0.004/0.005 secs] [Times: user=0.00 sys=0.00, real=0.01 secs] 
2017-12-18T21:16:21.611+0300: 190.504: [CMS-concurrent-abortable-preclean-start]
2017-12-18T21:16:21.611+0300: 190.504: [CMS-concurrent-abortable-preclean: 0.000/0.000 secs] [Times: user=0.00 sys=0.00, real=0.00 secs] 
2017-12-18T21:16:21.611+0300: 190.504: [GC (CMS Final Remark) [YG occupancy: 124886 K (157248 K)]2017-12-18T21:16:21.611+0300: 190.504: [Rescan (parallel) , 0.0238823 secs]2017-12-18T21:16:21.635+0300: 190.528: [weak refs processing, 0.0000148 secs]2017-12-18T21:16:21.635+0300: 190.528: [class unloading, 0.0012664 secs]2017-12-18T21:16:21.637+0300: 190.529: [scrub symbol table, 0.0009699 secs]2017-12-18T21:16:21.637+0300: 190.530: [scrub string table, 0.0001448 secs][1 CMS-remark: 234128K(349568K)] 359014K(506816K), 0.0263686 secs] [Times: user=0.16 sys=0.00, real=0.03 secs] 
2017-12-18T21:16:21.638+0300: 190.531: [CMS-concurrent-sweep-start]
2017-12-18T21:16:21.715+0300: 190.608: [CMS-concurrent-sweep: 0.078/0.078 secs] [Times: user=0.16 sys=0.00, real=0.08 secs] 
2017-12-18T21:16:21.715+0300: 190.608: [CMS-concurrent-reset-start]
2017-12-18T21:16:21.716+0300: 190.609: [CMS-concurrent-reset: 0.001/0.001 secs] [Times: user=0.00 sys=0.00, real=0.00 secs] 
2017-12-18T21:16:23.716+0300: 192.609: [GC (CMS Initial Mark) [1 CMS-initial-mark: 233396K(349568K)] 358283K(506816K), 0.0215579 secs] [Times: user=0.09 sys=0.00, real=0.02 secs] 
2017-12-18T21:16:23.737+0300: 192.630: [CMS-concurrent-mark-start]
2017-12-18T21:16:23.964+0300: 192.857: [CMS-concurrent-mark: 0.227/0.227 secs] [Times: user=0.66 sys=0.00, real=0.23 secs] 
2017-12-18T21:16:23.964+0300: 192.857: [CMS-concurrent-preclean-start]
2017-12-18T21:16:23.968+0300: 192.861: [CMS-concurrent-preclean: 0.003/0.004 secs] [Times: user=0.00 sys=0.00, real=0.00 secs] 
2017-12-18T21:16:23.968+0300: 192.861: [CMS-concurrent-abortable-preclean-start]
2017-12-18T21:16:23.968+0300: 192.861: [CMS-concurrent-abortable-preclean: 0.000/0.000 secs] [Times: user=0.00 sys=0.00, real=0.00 secs] 
2017-12-18T21:16:23.968+0300: 192.861: [GC (CMS Final Remark) [YG occupancy: 124886 K (157248 K)]2017-12-18T21:16:23.968+0300: 192.861: [Rescan (parallel) , 0.0238158 secs]2017-12-18T21:16:23.992+0300: 192.885: [weak refs processing, 0.0000536 secs]2017-12-18T21:16:23.992+0300: 192.885: [class unloading, 0.0013482 secs]2017-12-18T21:16:23.993+0300: 192.886: [scrub symbol table, 0.0010170 secs]2017-12-18T21:16:23.994+0300: 192.887: [scrub string table, 0.0001682 secs][1 CMS-remark: 233396K(349568K)] 358283K(506816K), 0.0265026 secs] [Times: user=0.16 sys=0.00, real=0.03 secs] 
2017-12-18T21:16:23.994+0300: 192.888: [CMS-concurrent-sweep-start]
2017-12-18T21:16:24.069+0300: 192.962: [CMS-concurrent-sweep: 0.075/0.075 secs] [Times: user=0.16 sys=0.00, real=0.08 secs] 
2017-12-18T21:16:24.069+0300: 192.962: [CMS-concurrent-reset-start]
2017-12-18T21:16:24.070+0300: 192.963: [CMS-concurrent-reset: 0.001/0.001 secs] [Times: user=0.00 sys=0.00, real=0.00 secs] 
2017-12-18T21:16:26.070+0300: 194.963: [GC (CMS Initial Mark) [1 CMS-initial-mark: 232609K(349568K)] 357495K(506816K), 0.0220936 secs] [Times: user=0.08 sys=0.00, real=0.02 secs] 
2017-12-18T21:16:26.092+0300: 194.985: [CMS-concurrent-mark-start]
2017-12-18T21:16:26.286+0300: 195.179: [CMS-concurrent-mark: 0.194/0.194 secs] [Times: user=0.56 sys=0.00, real=0.19 secs] 
2017-12-18T21:16:26.286+0300: 195.179: [CMS-concurrent-preclean-start]
2017-12-18T21:16:26.288+0300: 195.182: [CMS-concurrent-preclean: 0.002/0.002 secs] [Times: user=0.00 sys=0.00, real=0.00 secs] 
2017-12-18T21:16:26.289+0300: 195.182: [CMS-concurrent-abortable-preclean-start]
2017-12-18T21:16:26.289+0300: 195.182: [CMS-concurrent-abortable-preclean: 0.000/0.000 secs] [Times: user=0.00 sys=0.00, real=0.00 secs] 
2017-12-18T21:16:26.290+0300: 195.183: [GC (CMS Final Remark) [YG occupancy: 124886 K (157248 K)]2017-12-18T21:16:26.290+0300: 195.183: [Rescan (parallel) , 0.0243661 secs]2017-12-18T21:16:26.314+0300: 195.207: [weak refs processing, 0.0000145 secs]2017-12-18T21:16:26.314+0300: 195.207: [class unloading, 0.0012932 secs]2017-12-18T21:16:26.315+0300: 195.208: [scrub symbol table, 0.0008470 secs]2017-12-18T21:16:26.316+0300: 195.209: [scrub string table, 0.0001263 secs][1 CMS-remark: 232609K(349568K)] 357495K(506816K), 0.0267316 secs] [Times: user=0.14 sys=0.00, real=0.03 secs] 
2017-12-18T21:16:26.316+0300: 195.210: [CMS-concurrent-sweep-start]
2017-12-18T21:16:26.420+0300: 195.313: [CMS-concurrent-sweep: 0.103/0.103 secs] [Times: user=0.22 sys=0.00, real=0.10 secs] 
2017-12-18T21:16:26.420+0300: 195.313: [CMS-concurrent-reset-start]
2017-12-18T21:16:26.420+0300: 195.313: [CMS-concurrent-reset: 0.001/0.001 secs] [Times: user=0.00 sys=0.00, real=0.00 secs] 
2017-12-18T21:16:28.420+0300: 197.313: [GC (CMS Initial Mark) [1 CMS-initial-mark: 232261K(349568K)] 357148K(506816K), 0.0221426 secs] [Times: user=0.06 sys=0.00, real=0.02 secs] 
2017-12-18T21:16:28.442+0300: 197.335: [CMS-concurrent-mark-start]
2017-12-18T21:16:28.634+0300: 197.527: [CMS-concurrent-mark: 0.192/0.192 secs] [Times: user=0.56 sys=0.00, real=0.19 secs] 
2017-12-18T21:16:28.634+0300: 197.527: [CMS-concurrent-preclean-start]
2017-12-18T21:16:28.635+0300: 197.529: [CMS-concurrent-preclean: 0.002/0.002 secs] [Times: user=0.03 sys=0.00, real=0.00 secs] 
2017-12-18T21:16:28.635+0300: 197.529: [CMS-concurrent-abortable-preclean-start]
2017-12-18T21:16:28.635+0300: 197.529: [CMS-concurrent-abortable-preclean: 0.000/0.000 secs] [Times: user=0.00 sys=0.00, real=0.00 secs] 
2017-12-18T21:16:28.637+0300: 197.530: [GC (CMS Final Remark) [YG occupancy: 124886 K (157248 K)]2017-12-18T21:16:28.637+0300: 197.530: [Rescan (parallel) , 0.0235672 secs]2017-12-18T21:16:28.660+0300: 197.553: [weak refs processing, 0.0000140 secs]2017-12-18T21:16:28.660+0300: 197.553: [class unloading, 0.0012433 secs]2017-12-18T21:16:28.661+0300: 197.555: [scrub symbol table, 0.0008465 secs]2017-12-18T21:16:28.662+0300: 197.556: [scrub string table, 0.0001243 secs][1 CMS-remark: 232261K(349568K)] 357148K(506816K), 0.0258854 secs] [Times: user=0.06 sys=0.00, real=0.02 secs] 
2017-12-18T21:16:28.663+0300: 197.556: [CMS-concurrent-sweep-start]
2017-12-18T21:16:28.737+0300: 197.630: [CMS-concurrent-sweep: 0.074/0.074 secs] [Times: user=0.16 sys=0.00, real=0.07 secs] 
2017-12-18T21:16:28.737+0300: 197.630: [CMS-concurrent-reset-start]
2017-12-18T21:16:28.737+0300: 197.631: [CMS-concurrent-reset: 0.001/0.001 secs] [Times: user=0.00 sys=0.00, real=0.00 secs] 
2017-12-18T21:16:30.738+0300: 199.631: [GC (CMS Initial Mark) [1 CMS-initial-mark: 231977K(349568K)] 356864K(506816K), 0.0223282 secs] [Times: user=0.13 sys=0.00, real=0.02 secs] 
2017-12-18T21:16:30.760+0300: 199.653: [CMS-concurrent-mark-start]
2017-12-18T21:16:30.985+0300: 199.878: [CMS-concurrent-mark: 0.224/0.224 secs] [Times: user=0.66 sys=0.00, real=0.22 secs] 
2017-12-18T21:16:30.985+0300: 199.878: [CMS-concurrent-preclean-start]
2017-12-18T21:16:30.986+0300: 199.879: [CMS-concurrent-preclean: 0.001/0.001 secs] [Times: user=0.00 sys=0.00, real=0.00 secs] 
2017-12-18T21:16:30.986+0300: 199.879: [CMS-concurrent-abortable-preclean-start]
2017-12-18T21:16:30.986+0300: 199.879: [CMS-concurrent-abortable-preclean: 0.000/0.000 secs] [Times: user=0.00 sys=0.00, real=0.00 secs] 
2017-12-18T21:16:30.986+0300: 199.879: [GC (CMS Final Remark) [YG occupancy: 124886 K (157248 K)]2017-12-18T21:16:30.986+0300: 199.879: [Rescan (parallel) , 0.0237400 secs]2017-12-18T21:16:31.010+0300: 199.903: [weak refs processing, 0.0000208 secs]2017-12-18T21:16:31.010+0300: 199.903: [class unloading, 0.0013779 secs]2017-12-18T21:16:31.011+0300: 199.905: [scrub symbol table, 0.0008314 secs]2017-12-18T21:16:31.012+0300: 199.905: [scrub string table, 0.0001232 secs][1 CMS-remark: 231977K(349568K)] 356864K(506816K), 0.0261941 secs] [Times: user=0.16 sys=0.00, real=0.03 secs] 
2017-12-18T21:16:31.012+0300: 199.906: [CMS-concurrent-sweep-start]
2017-12-18T21:16:31.085+0300: 199.979: [CMS-concurrent-sweep: 0.073/0.073 secs] [Times: user=0.16 sys=0.00, real=0.07 secs] 
2017-12-18T21:16:31.085+0300: 199.979: [CMS-concurrent-reset-start]
2017-12-18T21:16:31.086+0300: 199.979: [CMS-concurrent-reset: 0.001/0.001 secs] [Times: user=0.00 sys=0.00, real=0.00 secs] 
2017-12-18T21:16:33.087+0300: 201.979: [GC (CMS Initial Mark) [1 CMS-initial-mark: 231738K(349568K)] 357555K(506816K), 0.0219125 secs] [Times: user=0.06 sys=0.00, real=0.02 secs] 
2017-12-18T21:16:33.109+0300: 202.001: [CMS-concurrent-mark-start]
2017-12-18T21:16:33.312+0300: 202.204: [CMS-concurrent-mark: 0.203/0.203 secs] [Times: user=0.61 sys=0.00, real=0.20 secs] 
2017-12-18T21:16:33.312+0300: 202.204: [CMS-concurrent-preclean-start]
2017-12-18T21:16:33.313+0300: 202.206: [CMS-concurrent-preclean: 0.001/0.001 secs] [Times: user=0.00 sys=0.00, real=0.00 secs] 
2017-12-18T21:16:33.313+0300: 202.206: [CMS-concurrent-abortable-preclean-start]
2017-12-18T21:16:33.313+0300: 202.206: [CMS-concurrent-abortable-preclean: 0.000/0.000 secs] [Times: user=0.00 sys=0.00, real=0.00 secs] 
2017-12-18T21:16:33.313+0300: 202.206: [GC (CMS Final Remark) [YG occupancy: 125817 K (157248 K)]2017-12-18T21:16:33.313+0300: 202.206: [Rescan (parallel) , 0.0240970 secs]2017-12-18T21:16:33.337+0300: 202.230: [weak refs processing, 0.0000154 secs]2017-12-18T21:16:33.337+0300: 202.230: [class unloading, 0.0014078 secs]2017-12-18T21:16:33.339+0300: 202.231: [scrub symbol table, 0.0012442 secs]2017-12-18T21:16:33.340+0300: 202.233: [scrub string table, 0.0001454 secs][1 CMS-remark: 231738K(349568K)] 357555K(506816K), 0.0270112 secs] [Times: user=0.16 sys=0.00, real=0.03 secs] 
2017-12-18T21:16:33.340+0300: 202.233: [CMS-concurrent-sweep-start]
2017-12-18T21:16:33.416+0300: 202.309: [CMS-concurrent-sweep: 0.076/0.076 secs] [Times: user=0.16 sys=0.00, real=0.08 secs] 
2017-12-18T21:16:33.416+0300: 202.309: [CMS-concurrent-reset-start]
2017-12-18T21:16:33.417+0300: 202.309: [CMS-concurrent-reset: 0.001/0.001 secs] [Times: user=0.00 sys=0.00, real=0.00 secs] 
2017-12-18T21:16:35.417+0300: 204.309: [GC (CMS Initial Mark) [1 CMS-initial-mark: 231529K(349568K)] 357346K(506816K), 0.0223099 secs] [Times: user=0.13 sys=0.00, real=0.02 secs] 
2017-12-18T21:16:35.439+0300: 204.332: [CMS-concurrent-mark-start]
2017-12-18T21:16:35.638+0300: 204.531: [CMS-concurrent-mark: 0.199/0.199 secs] [Times: user=0.56 sys=0.00, real=0.20 secs] 
2017-12-18T21:16:35.638+0300: 204.531: [CMS-concurrent-preclean-start]
2017-12-18T21:16:35.640+0300: 204.532: [CMS-concurrent-preclean: 0.001/0.001 secs] [Times: user=0.03 sys=0.00, real=0.00 secs] 
2017-12-18T21:16:35.640+0300: 204.532: [CMS-concurrent-abortable-preclean-start]
2017-12-18T21:16:35.640+0300: 204.532: [CMS-concurrent-abortable-preclean: 0.000/0.000 secs] [Times: user=0.00 sys=0.00, real=0.00 secs] 
2017-12-18T21:16:35.641+0300: 204.533: [GC (CMS Final Remark) [YG occupancy: 125817 K (157248 K)]2017-12-18T21:16:35.641+0300: 204.533: [Rescan (parallel) , 0.0240012 secs]2017-12-18T21:16:35.665+0300: 204.557: [weak refs processing, 0.0000319 secs]2017-12-18T21:16:35.665+0300: 204.557: [class unloading, 0.0012060 secs]2017-12-18T21:16:35.666+0300: 204.558: [scrub symbol table, 0.0008148 secs]2017-12-18T21:16:35.667+0300: 204.559: [scrub string table, 0.0001200 secs][1 CMS-remark: 231529K(349568K)] 357346K(506816K), 0.0262640 secs] [Times: user=0.08 sys=0.00, real=0.03 secs] 
2017-12-18T21:16:35.667+0300: 204.560: [CMS-concurrent-sweep-start]
2017-12-18T21:16:35.742+0300: 204.634: [CMS-concurrent-sweep: 0.075/0.075 secs] [Times: user=0.16 sys=0.00, real=0.08 secs] 
2017-12-18T21:16:35.742+0300: 204.634: [CMS-concurrent-reset-start]
2017-12-18T21:16:35.742+0300: 204.635: [CMS-concurrent-reset: 0.001/0.001 secs] [Times: user=0.00 sys=0.00, real=0.00 secs] 
2017-12-18T21:16:37.742+0300: 206.635: [GC (CMS Initial Mark) [1 CMS-initial-mark: 231340K(349568K)] 358084K(506816K), 0.0224807 secs] [Times: user=0.13 sys=0.00, real=0.02 secs] 
2017-12-18T21:16:37.764+0300: 206.657: [CMS-concurrent-mark-start]
2017-12-18T21:16:37.969+0300: 206.862: [CMS-concurrent-mark: 0.205/0.205 secs] [Times: user=0.61 sys=0.00, real=0.21 secs] 
2017-12-18T21:16:37.969+0300: 206.862: [CMS-concurrent-preclean-start]
2017-12-18T21:16:37.970+0300: 206.863: [CMS-concurrent-preclean: 0.001/0.001 secs] [Times: user=0.00 sys=0.00, real=0.00 secs] 
2017-12-18T21:16:37.970+0300: 206.863: [CMS-concurrent-abortable-preclean-start]
2017-12-18T21:16:37.970+0300: 206.863: [CMS-concurrent-abortable-preclean: 0.000/0.000 secs] [Times: user=0.00 sys=0.00, real=0.00 secs] 
2017-12-18T21:16:37.973+0300: 206.865: [GC (CMS Final Remark) [YG occupancy: 126744 K (157248 K)]2017-12-18T21:16:37.973+0300: 206.865: [Rescan (parallel) , 0.0237862 secs]2017-12-18T21:16:37.996+0300: 206.889: [weak refs processing, 0.0000143 secs]2017-12-18T21:16:37.996+0300: 206.889: [class unloading, 0.0011661 secs]2017-12-18T21:16:37.998+0300: 206.890: [scrub symbol table, 0.0007880 secs]2017-12-18T21:16:37.998+0300: 206.891: [scrub string table, 0.0001215 secs][1 CMS-remark: 231340K(349568K)] 358084K(506816K), 0.0259889 secs] [Times: user=0.12 sys=0.00, real=0.03 secs] 
2017-12-18T21:16:37.999+0300: 206.891: [CMS-concurrent-sweep-start]
2017-12-18T21:16:38.072+0300: 206.964: [CMS-concurrent-sweep: 0.073/0.073 secs] [Times: user=0.13 sys=0.00, real=0.07 secs] 
2017-12-18T21:16:38.072+0300: 206.964: [CMS-concurrent-reset-start]
2017-12-18T21:16:38.072+0300: 206.965: [CMS-concurrent-reset: 0.001/0.001 secs] [Times: user=0.00 sys=0.00, real=0.00 secs] 
2017-12-18T21:16:40.072+0300: 208.965: [GC (CMS Initial Mark) [1 CMS-initial-mark: 231175K(349568K)] 357919K(506816K), 0.0220277 secs] [Times: user=0.06 sys=0.00, real=0.02 secs] 
2017-12-18T21:16:40.094+0300: 208.987: [CMS-concurrent-mark-start]
2017-12-18T21:16:40.309+0300: 209.202: [CMS-concurrent-mark: 0.216/0.216 secs] [Times: user=0.66 sys=0.00, real=0.21 secs] 
2017-12-18T21:16:40.309+0300: 209.202: [CMS-concurrent-preclean-start]
2017-12-18T21:16:40.310+0300: 209.203: [CMS-concurrent-preclean: 0.001/0.001 secs] [Times: user=0.00 sys=0.00, real=0.00 secs] 
2017-12-18T21:16:40.310+0300: 209.203: [CMS-concurrent-abortable-preclean-start]
2017-12-18T21:16:40.310+0300: 209.203: [CMS-concurrent-abortable-preclean: 0.000/0.000 secs] [Times: user=0.00 sys=0.00, real=0.00 secs] 
2017-12-18T21:16:40.311+0300: 209.204: [GC (CMS Final Remark) [YG occupancy: 126744 K (157248 K)]2017-12-18T21:16:40.311+0300: 209.204: [Rescan (parallel) , 0.0237021 secs]2017-12-18T21:16:40.335+0300: 209.227: [weak refs processing, 0.0000151 secs]2017-12-18T21:16:40.335+0300: 209.227: [class unloading, 0.0012599 secs]2017-12-18T21:16:40.336+0300: 209.229: [scrub symbol table, 0.0009845 secs]2017-12-18T21:16:40.337+0300: 209.230: [scrub string table, 0.0001357 secs][1 CMS-remark: 231175K(349568K)] 357919K(506816K), 0.0261890 secs] [Times: user=0.09 sys=0.02, real=0.03 secs] 
2017-12-18T21:16:40.337+0300: 209.230: [CMS-concurrent-sweep-start]
2017-12-18T21:16:40.419+0300: 209.311: [CMS-concurrent-sweep: 0.081/0.081 secs] [Times: user=0.16 sys=0.00, real=0.08 secs] 
2017-12-18T21:16:40.419+0300: 209.311: [CMS-concurrent-reset-start]
2017-12-18T21:16:40.419+0300: 209.312: [CMS-concurrent-reset: 0.001/0.001 secs] [Times: user=0.00 sys=0.00, real=0.00 secs] 
2017-12-18T21:16:42.419+0300: 211.312: [GC (CMS Initial Mark) [1 CMS-initial-mark: 231023K(349568K)] 357767K(506816K), 0.0220670 secs] [Times: user=0.08 sys=0.00, real=0.02 secs] 
2017-12-18T21:16:42.441+0300: 211.334: [CMS-concurrent-mark-start]
2017-12-18T21:16:42.650+0300: 211.543: [CMS-concurrent-mark: 0.210/0.210 secs] [Times: user=0.61 sys=0.00, real=0.21 secs] 
2017-12-18T21:16:42.650+0300: 211.543: [CMS-concurrent-preclean-start]
2017-12-18T21:16:42.651+0300: 211.544: [CMS-concurrent-preclean: 0.001/0.001 secs] [Times: user=0.00 sys=0.00, real=0.00 secs] 
2017-12-18T21:16:42.651+0300: 211.544: [CMS-concurrent-abortable-preclean-start]
2017-12-18T21:16:42.651+0300: 211.544: [CMS-concurrent-abortable-preclean: 0.000/0.000 secs] [Times: user=0.00 sys=0.00, real=0.00 secs] 
2017-12-18T21:16:42.653+0300: 211.546: [GC (CMS Final Remark) [YG occupancy: 126744 K (157248 K)]2017-12-18T21:16:42.653+0300: 211.546: [Rescan (parallel) , 0.0237791 secs]2017-12-18T21:16:42.676+0300: 211.569: [weak refs processing, 0.0000134 secs]2017-12-18T21:16:42.676+0300: 211.569: [class unloading, 0.0012636 secs]2017-12-18T21:16:42.678+0300: 211.571: [scrub symbol table, 0.0007894 secs]2017-12-18T21:16:42.678+0300: 211.571: [scrub string table, 0.0001517 secs][1 CMS-remark: 231023K(349568K)] 357767K(506816K), 0.0260812 secs] [Times: user=0.16 sys=0.00, real=0.03 secs] 
2017-12-18T21:16:42.679+0300: 211.572: [CMS-concurrent-sweep-start]
2017-12-18T21:16:42.752+0300: 211.645: [CMS-concurrent-sweep: 0.073/0.073 secs] [Times: user=0.13 sys=0.00, real=0.07 secs] 
2017-12-18T21:16:42.752+0300: 211.645: [CMS-concurrent-reset-start]
2017-12-18T21:16:42.753+0300: 211.646: [CMS-concurrent-reset: 0.001/0.001 secs] [Times: user=0.05 sys=0.00, real=0.00 secs] 
2017-12-18T21:16:44.754+0300: 213.647: [GC (CMS Initial Mark) [1 CMS-initial-mark: 230889K(349568K)] 357633K(506816K), 0.0295481 secs] [Times: user=0.09 sys=0.00, real=0.03 secs] 
2017-12-18T21:16:44.783+0300: 213.676: [CMS-concurrent-mark-start]
2017-12-18T21:16:45.017+0300: 213.910: [CMS-concurrent-mark: 0.234/0.234 secs] [Times: user=0.70 sys=0.00, real=0.23 secs] 
2017-12-18T21:16:45.017+0300: 213.910: [CMS-concurrent-preclean-start]
2017-12-18T21:16:45.018+0300: 213.911: [CMS-concurrent-preclean: 0.001/0.001 secs] [Times: user=0.00 sys=0.00, real=0.00 secs] 
2017-12-18T21:16:45.018+0300: 213.911: [CMS-concurrent-abortable-preclean-start]
2017-12-18T21:16:45.018+0300: 213.911: [CMS-concurrent-abortable-preclean: 0.000/0.000 secs] [Times: user=0.00 sys=0.00, real=0.00 secs] 
2017-12-18T21:16:45.020+0300: 213.913: [GC (CMS Final Remark) [YG occupancy: 126744 K (157248 K)]2017-12-18T21:16:45.020+0300: 213.913: [Rescan (parallel) , 0.0239319 secs]2017-12-18T21:16:45.043+0300: 213.937: [weak refs processing, 0.0000265 secs]2017-12-18T21:16:45.044+0300: 213.937: [class unloading, 0.0013343 secs]2017-12-18T21:16:45.045+0300: 213.938: [scrub symbol table, 0.0008288 secs]2017-12-18T21:16:45.046+0300: 213.939: [scrub string table, 0.0001220 secs][1 CMS-remark: 230889K(349568K)] 357633K(506816K), 0.0263310 secs] [Times: user=0.09 sys=0.00, real=0.03 secs] 
2017-12-18T21:16:45.046+0300: 213.939: [CMS-concurrent-sweep-start]
2017-12-18T21:16:45.123+0300: 214.016: [CMS-concurrent-sweep: 0.077/0.077 secs] [Times: user=0.12 sys=0.00, real=0.08 secs] 
2017-12-18T21:16:45.123+0300: 214.016: [CMS-concurrent-reset-start]
2017-12-18T21:16:45.123+0300: 214.016: [CMS-concurrent-reset: 0.001/0.001 secs] [Times: user=0.00 sys=0.00, real=0.00 secs] 
2017-12-18T21:16:47.124+0300: 216.017: [GC (CMS Initial Mark) [1 CMS-initial-mark: 230719K(349568K)] 357463K(506816K), 0.0218199 secs] [Times: user=0.06 sys=0.00, real=0.02 secs] 
2017-12-18T21:16:47.146+0300: 216.039: [CMS-concurrent-mark-start]
2017-12-18T21:16:47.374+0300: 216.267: [CMS-concurrent-mark: 0.228/0.228 secs] [Times: user=0.70 sys=0.00, real=0.23 secs] 
2017-12-18T21:16:47.374+0300: 216.267: [CMS-concurrent-preclean-start]
2017-12-18T21:16:47.374+0300: 216.268: [CMS-concurrent-preclean: 0.001/0.001 secs] [Times: user=0.00 sys=0.00, real=0.00 secs] 
2017-12-18T21:16:47.374+0300: 216.268: [CMS-concurrent-abortable-preclean-start]
2017-12-18T21:16:47.375+0300: 216.268: [CMS-concurrent-abortable-preclean: 0.000/0.000 secs] [Times: user=0.00 sys=0.00, real=0.00 secs] 
2017-12-18T21:16:47.377+0300: 216.270: [GC (CMS Final Remark) [YG occupancy: 126744 K (157248 K)]2017-12-18T21:16:47.377+0300: 216.270: [Rescan (parallel) , 0.0237246 secs]2017-12-18T21:16:47.400+0300: 216.294: [weak refs processing, 0.0000245 secs]2017-12-18T21:16:47.400+0300: 216.294: [class unloading, 0.0014172 secs]2017-12-18T21:16:47.402+0300: 216.295: [scrub symbol table, 0.0008505 secs]2017-12-18T21:16:47.403+0300: 216.296: [scrub string table, 0.0001197 secs][1 CMS-remark: 230719K(349568K)] 357463K(506816K), 0.0262549 secs] [Times: user=0.09 sys=0.00, real=0.03 secs] 
2017-12-18T21:16:47.403+0300: 216.296: [CMS-concurrent-sweep-start]
2017-12-18T21:16:47.475+0300: 216.368: [CMS-concurrent-sweep: 0.072/0.072 secs] [Times: user=0.13 sys=0.00, real=0.07 secs] 
2017-12-18T21:16:47.475+0300: 216.368: [CMS-concurrent-reset-start]
2017-12-18T21:16:47.476+0300: 216.369: [CMS-concurrent-reset: 0.001/0.001 secs] [Times: user=0.00 sys=0.00, real=0.00 secs] 
2017-12-18T21:16:49.478+0300: 218.370: [GC (CMS Initial Mark) [1 CMS-initial-mark: 230606K(349568K)] 357350K(506816K), 0.0220037 secs] [Times: user=0.06 sys=0.00, real=0.02 secs] 
2017-12-18T21:16:49.500+0300: 218.392: [CMS-concurrent-mark-start]
2017-12-18T21:16:49.690+0300: 218.582: [CMS-concurrent-mark: 0.190/0.190 secs] [Times: user=0.56 sys=0.00, real=0.19 secs] 
2017-12-18T21:16:49.690+0300: 218.582: [CMS-concurrent-preclean-start]
2017-12-18T21:16:49.691+0300: 218.583: [CMS-concurrent-preclean: 0.001/0.001 secs] [Times: user=0.00 sys=0.00, real=0.00 secs] 
2017-12-18T21:16:49.691+0300: 218.583: [CMS-concurrent-abortable-preclean-start]
2017-12-18T21:16:49.691+0300: 218.583: [CMS-concurrent-abortable-preclean: 0.000/0.000 secs] [Times: user=0.00 sys=0.00, real=0.00 secs] 
2017-12-18T21:16:49.695+0300: 218.587: [GC (CMS Final Remark) [YG occupancy: 126744 K (157248 K)]2017-12-18T21:16:49.695+0300: 218.587: [Rescan (parallel) , 0.0234572 secs]2017-12-18T21:16:49.718+0300: 218.610: [weak refs processing, 0.0000177 secs]2017-12-18T21:16:49.718+0300: 218.610: [class unloading, 0.0011763 secs]2017-12-18T21:16:49.719+0300: 218.612: [scrub symbol table, 0.0010241 secs]2017-12-18T21:16:49.720+0300: 218.613: [scrub string table, 0.0001397 secs][1 CMS-remark: 230606K(349568K)] 357350K(506816K), 0.0259256 secs] [Times: user=0.13 sys=0.00, real=0.03 secs] 
2017-12-18T21:16:49.721+0300: 218.613: [CMS-concurrent-sweep-start]
2017-12-18T21:16:49.792+0300: 218.685: [CMS-concurrent-sweep: 0.072/0.072 secs] [Times: user=0.16 sys=0.00, real=0.07 secs] 
2017-12-18T21:16:49.793+0300: 218.685: [CMS-concurrent-reset-start]
2017-12-18T21:16:49.793+0300: 218.685: [CMS-concurrent-reset: 0.001/0.001 secs] [Times: user=0.00 sys=0.00, real=0.00 secs] 
2017-12-18T21:16:51.795+0300: 220.687: [GC (CMS Initial Mark) [1 CMS-initial-mark: 230503K(349568K)] 357247K(506816K), 0.0224935 secs] [Times: user=0.09 sys=0.00, real=0.02 secs] 
2017-12-18T21:16:51.817+0300: 220.710: [CMS-concurrent-mark-start]
2017-12-18T21:16:52.012+0300: 220.904: [CMS-concurrent-mark: 0.195/0.195 secs] [Times: user=0.56 sys=0.00, real=0.20 secs] 
2017-12-18T21:16:52.012+0300: 220.905: [CMS-concurrent-preclean-start]
2017-12-18T21:16:52.013+0300: 220.905: [CMS-concurrent-preclean: 0.001/0.001 secs] [Times: user=0.00 sys=0.00, real=0.00 secs] 
2017-12-18T21:16:52.013+0300: 220.905: [CMS-concurrent-abortable-preclean-start]
2017-12-18T21:16:52.013+0300: 220.905: [CMS-concurrent-abortable-preclean: 0.000/0.000 secs] [Times: user=0.00 sys=0.00, real=0.00 secs] 
2017-12-18T21:16:52.016+0300: 220.908: [GC (CMS Final Remark) [YG occupancy: 126744 K (157248 K)]2017-12-18T21:16:52.016+0300: 220.908: [Rescan (parallel) , 0.0240388 secs]2017-12-18T21:16:52.040+0300: 220.932: [weak refs processing, 0.0000214 secs]2017-12-18T21:16:52.040+0300: 220.932: [class unloading, 0.0016359 secs]2017-12-18T21:16:52.041+0300: 220.934: [scrub symbol table, 0.0009306 secs]2017-12-18T21:16:52.042+0300: 220.935: [scrub string table, 0.0001223 secs][1 CMS-remark: 230503K(349568K)] 357247K(506816K), 0.0268727 secs] [Times: user=0.16 sys=0.00, real=0.03 secs] 
2017-12-18T21:16:52.042+0300: 220.935: [CMS-concurrent-sweep-start]
2017-12-18T21:16:52.120+0300: 221.012: [CMS-concurrent-sweep: 0.077/0.077 secs] [Times: user=0.16 sys=0.00, real=0.08 secs] 
2017-12-18T21:16:52.120+0300: 221.012: [CMS-concurrent-reset-start]
2017-12-18T21:16:52.120+0300: 221.013: [CMS-concurrent-reset: 0.001/0.001 secs] [Times: user=0.00 sys=0.00, real=0.00 secs] 
2017-12-18T21:16:54.122+0300: 223.014: [GC (CMS Initial Mark) [1 CMS-initial-mark: 230409K(349568K)] 357153K(506816K), 0.0218954 secs] [Times: user=0.12 sys=0.00, real=0.02 secs] 
2017-12-18T21:16:54.144+0300: 223.036: [CMS-concurrent-mark-start]
2017-12-18T21:16:54.354+0300: 223.247: [CMS-concurrent-mark: 0.211/0.211 secs] [Times: user=0.61 sys=0.00, real=0.21 secs] 
2017-12-18T21:16:54.355+0300: 223.247: [CMS-concurrent-preclean-start]
2017-12-18T21:16:54.355+0300: 223.248: [CMS-concurrent-preclean: 0.001/0.001 secs] [Times: user=0.00 sys=0.00, real=0.00 secs] 
2017-12-18T21:16:54.355+0300: 223.248: [CMS-concurrent-abortable-preclean-start]
2017-12-18T21:16:54.355+0300: 223.248: [CMS-concurrent-abortable-preclean: 0.000/0.000 secs] [Times: user=0.00 sys=0.00, real=0.00 secs] 
2017-12-18T21:16:54.358+0300: 223.250: [GC (CMS Final Remark) [YG occupancy: 126744 K (157248 K)]2017-12-18T21:16:54.358+0300: 223.250: [Rescan (parallel) , 0.0245257 secs]2017-12-18T21:16:54.382+0300: 223.275: [weak refs processing, 0.0000140 secs]2017-12-18T21:16:54.382+0300: 223.275: [class unloading, 0.0010859 secs]2017-12-18T21:16:54.383+0300: 223.276: [scrub symbol table, 0.0007769 secs]2017-12-18T21:16:54.384+0300: 223.277: [scrub string table, 0.0001203 secs][1 CMS-remark: 230409K(349568K)] 357153K(506816K), 0.0266187 secs] [Times: user=0.16 sys=0.00, real=0.03 secs] 
2017-12-18T21:16:54.384+0300: 223.277: [CMS-concurrent-sweep-start]
2017-12-18T21:16:54.474+0300: 223.367: [CMS-concurrent-sweep: 0.090/0.090 secs] [Times: user=0.19 sys=0.00, real=0.09 secs] 
2017-12-18T21:16:54.475+0300: 223.367: [CMS-concurrent-reset-start]
2017-12-18T21:16:54.475+0300: 223.368: [CMS-concurrent-reset: 0.001/0.001 secs] [Times: user=0.00 sys=0.00, real=0.00 secs] 
2017-12-18T21:16:56.475+0300: 225.367: [GC (CMS Initial Mark) [1 CMS-initial-mark: 230326K(349568K)] 357070K(506816K), 0.0220551 secs] [Times: user=0.08 sys=0.00, real=0.02 secs] 
2017-12-18T21:16:56.497+0300: 225.389: [CMS-concurrent-mark-start]
2017-12-18T21:16:56.696+0300: 225.589: [CMS-concurrent-mark: 0.199/0.199 secs] [Times: user=0.56 sys=0.00, real=0.20 secs] 
2017-12-18T21:16:56.696+0300: 225.589: [CMS-concurrent-preclean-start]
2017-12-18T21:16:56.697+0300: 225.589: [CMS-concurrent-preclean: 0.001/0.001 secs] [Times: user=0.00 sys=0.00, real=0.00 secs] 
2017-12-18T21:16:56.697+0300: 225.589: [CMS-concurrent-abortable-preclean-start]
2017-12-18T21:16:56.697+0300: 225.589: [CMS-concurrent-abortable-preclean: 0.000/0.000 secs] [Times: user=0.00 sys=0.00, real=0.00 secs] 
2017-12-18T21:16:56.700+0300: 225.592: [GC (CMS Final Remark) [YG occupancy: 126744 K (157248 K)]2017-12-18T21:16:56.700+0300: 225.592: [Rescan (parallel) , 0.0238090 secs]2017-12-18T21:16:56.723+0300: 225.616: [weak refs processing, 0.0000277 secs]2017-12-18T21:16:56.723+0300: 225.616: [class unloading, 0.0014660 secs]2017-12-18T21:16:56.725+0300: 225.618: [scrub symbol table, 0.0008020 secs]2017-12-18T21:16:56.726+0300: 225.618: [scrub string table, 0.0001240 secs][1 CMS-remark: 230326K(349568K)] 357070K(506816K), 0.0263467 secs] [Times: user=0.06 sys=0.00, real=0.03 secs] 
2017-12-18T21:16:56.726+0300: 225.619: [CMS-concurrent-sweep-start]
2017-12-18T21:16:56.801+0300: 225.694: [CMS-concurrent-sweep: 0.075/0.075 secs] [Times: user=0.17 sys=0.00, real=0.08 secs] 
2017-12-18T21:16:56.801+0300: 225.694: [CMS-concurrent-reset-start]
2017-12-18T21:16:56.802+0300: 225.694: [CMS-concurrent-reset: 0.001/0.001 secs] [Times: user=0.00 sys=0.00, real=0.00 secs] 
2017-12-18T21:16:58.802+0300: 227.694: [GC (CMS Initial Mark) [1 CMS-initial-mark: 230245K(349568K)] 356989K(506816K), 0.0217514 secs] [Times: user=0.13 sys=0.00, real=0.02 secs] 
2017-12-18T21:16:58.823+0300: 227.716: [CMS-concurrent-mark-start]
2017-12-18T21:16:59.018+0300: 227.911: [CMS-concurrent-mark: 0.194/0.194 secs] [Times: user=0.56 sys=0.00, real=0.19 secs] 
2017-12-18T21:16:59.018+0300: 227.911: [CMS-concurrent-preclean-start]
2017-12-18T21:16:59.019+0300: 227.912: [CMS-concurrent-preclean: 0.001/0.001 secs] [Times: user=0.00 sys=0.00, real=0.00 secs] 
2017-12-18T21:16:59.019+0300: 227.912: [CMS-concurrent-abortable-preclean-start]
2017-12-18T21:16:59.019+0300: 227.912: [CMS-concurrent-abortable-preclean: 0.000/0.000 secs] [Times: user=0.00 sys=0.00, real=0.00 secs] 
2017-12-18T21:16:59.023+0300: 227.915: [GC (CMS Final Remark) [YG occupancy: 126744 K (157248 K)]2017-12-18T21:16:59.023+0300: 227.915: [Rescan (parallel) , 0.0233554 secs]2017-12-18T21:16:59.046+0300: 227.939: [weak refs processing, 0.0000197 secs]2017-12-18T21:16:59.046+0300: 227.939: [class unloading, 0.0011809 secs]2017-12-18T21:16:59.047+0300: 227.940: [scrub symbol table, 0.0007920 secs]2017-12-18T21:16:59.048+0300: 227.941: [scrub string table, 0.0001195 secs][1 CMS-remark: 230245K(349568K)] 356989K(506816K), 0.0255726 secs] [Times: user=0.14 sys=0.00, real=0.03 secs] 
2017-12-18T21:16:59.048+0300: 227.941: [CMS-concurrent-sweep-start]
2017-12-18T21:16:59.122+0300: 228.015: [CMS-concurrent-sweep: 0.074/0.074 secs] [Times: user=0.16 sys=0.00, real=0.07 secs] 
2017-12-18T21:16:59.122+0300: 228.015: [CMS-concurrent-reset-start]
2017-12-18T21:16:59.123+0300: 228.016: [CMS-concurrent-reset: 0.001/0.001 secs] [Times: user=0.00 sys=0.00, real=0.00 secs] 
2017-12-18T21:17:01.123+0300: 230.016: [GC (CMS Initial Mark) [1 CMS-initial-mark: 230170K(349568K)] 356914K(506816K), 0.0216374 secs] [Times: user=0.06 sys=0.00, real=0.02 secs] 
2017-12-18T21:17:01.145+0300: 230.037: [CMS-concurrent-mark-start]
2017-12-18T21:17:01.354+0300: 230.247: [CMS-concurrent-mark: 0.210/0.210 secs] [Times: user=0.65 sys=0.00, real=0.21 secs] 
2017-12-18T21:17:01.354+0300: 230.247: [CMS-concurrent-preclean-start]
2017-12-18T21:17:01.355+0300: 230.248: [CMS-concurrent-preclean: 0.001/0.001 secs] [Times: user=0.00 sys=0.00, real=0.00 secs] 
2017-12-18T21:17:01.355+0300: 230.248: [CMS-concurrent-abortable-preclean-start]
2017-12-18T21:17:01.355+0300: 230.248: [CMS-concurrent-abortable-preclean: 0.000/0.000 secs] [Times: user=0.00 sys=0.00, real=0.00 secs] 
2017-12-18T21:17:01.359+0300: 230.251: [GC (CMS Final Remark) [YG occupancy: 126744 K (157248 K)]2017-12-18T21:17:01.359+0300: 230.251: [Rescan (parallel) , 0.0238369 secs]2017-12-18T21:17:01.382+0300: 230.275: [weak refs processing, 0.0000145 secs]2017-12-18T21:17:01.382+0300: 230.275: [class unloading, 0.0011033 secs]2017-12-18T21:17:01.384+0300: 230.276: [scrub symbol table, 0.0007658 secs]2017-12-18T21:17:01.384+0300: 230.277: [scrub string table, 0.0001226 secs][1 CMS-remark: 230170K(349568K)] 356914K(506816K), 0.0259373 secs] [Times: user=0.16 sys=0.00, real=0.03 secs] 
2017-12-18T21:17:01.385+0300: 230.277: [CMS-concurrent-sweep-start]
2017-12-18T21:17:01.456+0300: 230.349: [CMS-concurrent-sweep: 0.072/0.072 secs] [Times: user=0.13 sys=0.00, real=0.07 secs] 
2017-12-18T21:17:01.456+0300: 230.349: [CMS-concurrent-reset-start]
2017-12-18T21:17:01.457+0300: 230.350: [CMS-concurrent-reset: 0.001/0.001 secs] [Times: user=0.00 sys=0.00, real=0.00 secs] 
2017-12-18T21:17:03.458+0300: 232.351: [GC (CMS Initial Mark) [1 CMS-initial-mark: 230098K(349568K)] 356842K(506816K), 0.0222469 secs] [Times: user=0.06 sys=0.00, real=0.02 secs] 
2017-12-18T21:17:03.480+0300: 232.373: [CMS-concurrent-mark-start]
2017-12-18T21:17:03.679+0300: 232.572: [CMS-concurrent-mark: 0.200/0.200 secs] [Times: user=0.61 sys=0.00, real=0.20 secs] 
2017-12-18T21:17:03.680+0300: 232.572: [CMS-concurrent-preclean-start]
2017-12-18T21:17:03.680+0300: 232.573: [CMS-concurrent-preclean: 0.001/0.001 secs] [Times: user=0.00 sys=0.00, real=0.00 secs] 
2017-12-18T21:17:03.680+0300: 232.573: [CMS-concurrent-abortable-preclean-start]
2017-12-18T21:17:03.680+0300: 232.573: [CMS-concurrent-abortable-preclean: 0.000/0.000 secs] [Times: user=0.00 sys=0.00, real=0.00 secs] 
2017-12-18T21:17:03.684+0300: 232.576: [GC (CMS Final Remark) [YG occupancy: 126744 K (157248 K)]2017-12-18T21:17:03.684+0300: 232.576: [Rescan (parallel) , 0.0236741 secs]2017-12-18T21:17:03.707+0300: 232.600: [weak refs processing, 0.0000177 secs]2017-12-18T21:17:03.707+0300: 232.600: [class unloading, 0.0012048 secs]2017-12-18T21:17:03.709+0300: 232.601: [scrub symbol table, 0.0011028 secs]2017-12-18T21:17:03.710+0300: 232.603: [scrub string table, 0.0001417 secs][1 CMS-remark: 230098K(349568K)] 356842K(506816K), 0.0262517 secs] [Times: user=0.13 sys=0.00, real=0.03 secs] 
2017-12-18T21:17:03.710+0300: 232.603: [CMS-concurrent-sweep-start]
2017-12-18T21:17:03.782+0300: 232.675: [CMS-concurrent-sweep: 0.072/0.072 secs] [Times: user=0.16 sys=0.00, real=0.07 secs] 
2017-12-18T21:17:03.782+0300: 232.675: [CMS-concurrent-reset-start]
2017-12-18T21:17:03.783+0300: 232.676: [CMS-concurrent-reset: 0.001/0.001 secs] [Times: user=0.00 sys=0.00, real=0.00 secs] 
2017-12-18T21:17:05.707+0300: 234.600: [GC (Allocation Failure) 2017-12-18T21:17:05.707+0300: 234.600: [ParNew: 157248K->157248K(157248K), 0.0000564 secs]2017-12-18T21:17:05.707+0300: 234.600: [CMS: 230025K->335051K(349568K), 0.8484866 secs] 387273K->335051K(506816K), [Metaspace: 9715K->9715K(1058816K)], 0.8487156 secs] [Times: user=0.84 sys=0.00, real=0.85 secs] 
2017-12-18T21:17:06.557+0300: 235.450: [GC (CMS Initial Mark) [1 CMS-initial-mark: 335051K(349568K)] 338489K(506816K), 0.0019780 secs] [Times: user=0.00 sys=0.00, real=0.00 secs] 
2017-12-18T21:17:06.559+0300: 235.452: [CMS-concurrent-mark-start]
2017-12-18T21:17:06.860+0300: 235.752: [CMS-concurrent-mark: 0.301/0.301 secs] [Times: user=0.59 sys=0.00, real=0.30 secs] 
2017-12-18T21:17:06.860+0300: 235.752: [CMS-concurrent-preclean-start]
2017-12-18T21:17:06.861+0300: 235.753: [CMS-concurrent-preclean: 0.001/0.001 secs] [Times: user=0.00 sys=0.00, real=0.00 secs] 
2017-12-18T21:17:06.861+0300: 235.753: [CMS-concurrent-abortable-preclean-start]
2017-12-18T21:17:06.861+0300: 235.753: [CMS-concurrent-abortable-preclean: 0.000/0.000 secs] [Times: user=0.00 sys=0.00, real=0.00 secs] 
2017-12-18T21:17:06.861+0300: 235.753: [GC (CMS Final Remark) [YG occupancy: 19200 K (157248 K)]2017-12-18T21:17:06.861+0300: 235.753: [Rescan (parallel) , 0.0043141 secs]2017-12-18T21:17:06.865+0300: 235.757: [weak refs processing, 0.0000143 secs]2017-12-18T21:17:06.865+0300: 235.757: [class unloading, 0.0013260 secs]2017-12-18T21:17:06.867+0300: 235.759: [scrub symbol table, 0.0007977 secs]2017-12-18T21:17:06.868+0300: 235.760: [scrub string table, 0.0001240 secs][1 CMS-remark: 335051K(349568K)] 354251K(506816K), 0.0066423 secs] [Times: user=0.00 sys=0.00, real=0.01 secs] 
2017-12-18T21:17:06.868+0300: 235.760: [CMS-concurrent-sweep-start]
2017-12-18T21:17:06.994+0300: 235.886: [CMS-concurrent-sweep: 0.126/0.126 secs] [Times: user=0.13 sys=0.00, real=0.13 secs] 
2017-12-18T21:17:06.994+0300: 235.886: [CMS-concurrent-reset-start]
2017-12-18T21:17:06.995+0300: 235.887: [CMS-concurrent-reset: 0.001/0.001 secs] [Times: user=0.00 sys=0.00, real=0.00 secs] 
2017-12-18T21:17:08.995+0300: 237.887: [GC (CMS Initial Mark) [1 CMS-initial-mark: 335051K(349568K)] 355489K(506816K), 0.0040202 secs] [Times: user=0.00 sys=0.00, real=0.00 secs] 
2017-12-18T21:17:08.999+0300: 237.891: [CMS-concurrent-mark-start]
2017-12-18T21:17:09.295+0300: 238.187: [CMS-concurrent-mark: 0.296/0.296 secs] [Times: user=0.89 sys=0.00, real=0.30 secs] 
2017-12-18T21:17:09.295+0300: 238.187: [CMS-concurrent-preclean-start]
2017-12-18T21:17:09.303+0300: 238.196: [CMS-concurrent-preclean: 0.008/0.009 secs] [Times: user=0.00 sys=0.00, real=0.01 secs] 
2017-12-18T21:17:09.303+0300: 238.196: [CMS-concurrent-abortable-preclean-start]
2017-12-18T21:17:09.303+0300: 238.196: [CMS-concurrent-abortable-preclean: 0.000/0.000 secs] [Times: user=0.00 sys=0.00, real=0.00 secs] 
2017-12-18T21:17:09.304+0300: 238.196: [GC (CMS Final Remark) [YG occupancy: 20437 K (157248 K)]2017-12-18T21:17:09.304+0300: 238.196: [Rescan (parallel) , 0.0039358 secs]2017-12-18T21:17:09.308+0300: 238.200: [weak refs processing, 0.0000125 secs]2017-12-18T21:17:09.308+0300: 238.200: [class unloading, 0.0010991 secs]2017-12-18T21:17:09.309+0300: 238.201: [scrub symbol table, 0.0007860 secs]2017-12-18T21:17:09.310+0300: 238.202: [scrub string table, 0.0001200 secs][1 CMS-remark: 335051K(349568K)] 355489K(506816K), 0.0060185 secs] [Times: user=0.06 sys=0.00, real=0.01 secs] 
2017-12-18T21:17:09.310+0300: 238.202: [CMS-concurrent-sweep-start]
2017-12-18T21:17:09.430+0300: 238.322: [CMS-concurrent-sweep: 0.120/0.120 secs] [Times: user=0.25 sys=0.00, real=0.12 secs] 
2017-12-18T21:17:09.430+0300: 238.322: [CMS-concurrent-reset-start]
2017-12-18T21:17:09.430+0300: 238.323: [CMS-concurrent-reset: 0.001/0.001 secs] [Times: user=0.00 sys=0.00, real=0.00 secs] 
2017-12-18T21:17:11.430+0300: 240.322: [GC (CMS Initial Mark) [1 CMS-initial-mark: 334211K(349568K)] 354649K(506816K), 0.0039988 secs] [Times: user=0.00 sys=0.00, real=0.00 secs] 
2017-12-18T21:17:11.434+0300: 240.326: [CMS-concurrent-mark-start]
2017-12-18T21:17:11.734+0300: 240.626: [CMS-concurrent-mark: 0.300/0.300 secs] [Times: user=0.89 sys=0.00, real=0.30 secs] 
2017-12-18T21:17:11.734+0300: 240.626: [CMS-concurrent-preclean-start]
2017-12-18T21:17:11.737+0300: 240.629: [CMS-concurrent-preclean: 0.003/0.003 secs] [Times: user=0.00 sys=0.00, real=0.00 secs] 
2017-12-18T21:17:11.737+0300: 240.629: [CMS-concurrent-abortable-preclean-start]
2017-12-18T21:17:11.737+0300: 240.629: [CMS-concurrent-abortable-preclean: 0.000/0.000 secs] [Times: user=0.00 sys=0.00, real=0.00 secs] 
2017-12-18T21:17:11.737+0300: 240.629: [GC (CMS Final Remark) [YG occupancy: 20437 K (157248 K)]2017-12-18T21:17:11.737+0300: 240.629: [Rescan (parallel) , 0.0038945 secs]2017-12-18T21:17:11.741+0300: 240.633: [weak refs processing, 0.0000131 secs]2017-12-18T21:17:11.741+0300: 240.633: [class unloading, 0.0012784 secs]2017-12-18T21:17:11.742+0300: 240.635: [scrub symbol table, 0.0009864 secs]2017-12-18T21:17:11.743+0300: 240.636: [scrub string table, 0.0001337 secs][1 CMS-remark: 334211K(349568K)] 354649K(506816K), 0.0063614 secs] [Times: user=0.08 sys=0.00, real=0.01 secs] 
2017-12-18T21:17:11.743+0300: 240.636: [CMS-concurrent-sweep-start]
2017-12-18T21:17:11.864+0300: 240.757: [CMS-concurrent-sweep: 0.121/0.121 secs] [Times: user=0.25 sys=0.00, real=0.12 secs] 
2017-12-18T21:17:11.864+0300: 240.757: [CMS-concurrent-reset-start]
2017-12-18T21:17:11.865+0300: 240.757: [CMS-concurrent-reset: 0.001/0.001 secs] [Times: user=0.00 sys=0.00, real=0.00 secs] 
2017-12-18T21:17:13.865+0300: 242.757: [GC (CMS Initial Mark) [1 CMS-initial-mark: 333683K(349568K)] 354121K(506816K), 0.0039133 secs] [Times: user=0.00 sys=0.00, real=0.00 secs] 
2017-12-18T21:17:13.869+0300: 242.761: [CMS-concurrent-mark-start]
2017-12-18T21:17:14.153+0300: 243.046: [CMS-concurrent-mark: 0.285/0.285 secs] [Times: user=0.84 sys=0.00, real=0.28 secs] 
2017-12-18T21:17:14.153+0300: 243.046: [CMS-concurrent-preclean-start]
2017-12-18T21:17:14.156+0300: 243.048: [CMS-concurrent-preclean: 0.002/0.002 secs] [Times: user=0.03 sys=0.00, real=0.00 secs] 
2017-12-18T21:17:14.156+0300: 243.048: [CMS-concurrent-abortable-preclean-start]
2017-12-18T21:17:14.156+0300: 243.048: [CMS-concurrent-abortable-preclean: 0.000/0.000 secs] [Times: user=0.00 sys=0.00, real=0.00 secs] 
2017-12-18T21:17:14.156+0300: 243.048: [GC (CMS Final Remark) [YG occupancy: 20437 K (157248 K)]2017-12-18T21:17:14.156+0300: 243.048: [Rescan (parallel) , 0.0039712 secs]2017-12-18T21:17:14.160+0300: 243.052: [weak refs processing, 0.0000165 secs]2017-12-18T21:17:14.160+0300: 243.052: [class unloading, 0.0012764 secs]2017-12-18T21:17:14.161+0300: 243.054: [scrub symbol table, 0.0009813 secs]2017-12-18T21:17:14.162+0300: 243.055: [scrub string table, 0.0001349 secs][1 CMS-remark: 333683K(349568K)] 354121K(506816K), 0.0064421 secs] [Times: user=0.00 sys=0.00, real=0.01 secs] 
2017-12-18T21:17:14.163+0300: 243.055: [CMS-concurrent-sweep-start]
2017-12-18T21:17:14.282+0300: 243.175: [CMS-concurrent-sweep: 0.120/0.120 secs] [Times: user=0.25 sys=0.00, real=0.12 secs] 
2017-12-18T21:17:14.282+0300: 243.175: [CMS-concurrent-reset-start]
2017-12-18T21:17:14.283+0300: 243.175: [CMS-concurrent-reset: 0.001/0.001 secs] [Times: user=0.00 sys=0.00, real=0.00 secs] 
2017-12-18T21:17:16.283+0300: 245.175: [GC (CMS Initial Mark) [1 CMS-initial-mark: 333301K(349568K)] 353739K(506816K), 0.0039159 secs] [Times: user=0.00 sys=0.00, real=0.00 secs] 
2017-12-18T21:17:16.287+0300: 245.179: [CMS-concurrent-mark-start]
2017-12-18T21:17:16.590+0300: 245.482: [CMS-concurrent-mark: 0.303/0.303 secs] [Times: user=0.94 sys=0.00, real=0.30 secs] 
2017-12-18T21:17:16.590+0300: 245.482: [CMS-concurrent-preclean-start]
2017-12-18T21:17:16.591+0300: 245.484: [CMS-concurrent-preclean: 0.002/0.002 secs] [Times: user=0.00 sys=0.00, real=0.00 secs] 
2017-12-18T21:17:16.591+0300: 245.484: [CMS-concurrent-abortable-preclean-start]
2017-12-18T21:17:16.591+0300: 245.484: [CMS-concurrent-abortable-preclean: 0.000/0.000 secs] [Times: user=0.00 sys=0.00, real=0.00 secs] 
2017-12-18T21:17:16.593+0300: 245.485: [GC (CMS Final Remark) [YG occupancy: 20437 K (157248 K)]2017-12-18T21:17:16.593+0300: 245.485: [Rescan (parallel) , 0.0041559 secs]2017-12-18T21:17:16.597+0300: 245.489: [weak refs processing, 0.0000143 secs]2017-12-18T21:17:16.597+0300: 245.489: [class unloading, 0.0012530 secs]2017-12-18T21:17:16.598+0300: 245.491: [scrub symbol table, 0.0007641 secs]2017-12-18T21:17:16.599+0300: 245.491: [scrub string table, 0.0001240 secs][1 CMS-remark: 333301K(349568K)] 353739K(506816K), 0.0063763 secs] [Times: user=0.00 sys=0.00, real=0.01 secs] 
2017-12-18T21:17:16.599+0300: 245.492: [CMS-concurrent-sweep-start]
2017-12-18T21:17:16.721+0300: 245.613: [CMS-concurrent-sweep: 0.122/0.122 secs] [Times: user=0.25 sys=0.00, real=0.12 secs] 
2017-12-18T21:17:16.721+0300: 245.613: [CMS-concurrent-reset-start]
2017-12-18T21:17:16.721+0300: 245.614: [CMS-concurrent-reset: 0.001/0.001 secs] [Times: user=0.00 sys=0.00, real=0.00 secs] 
2017-12-18T21:17:18.722+0300: 247.614: [GC (CMS Initial Mark) [1 CMS-initial-mark: 332997K(349568K)] 354616K(506816K), 0.0040359 secs] [Times: user=0.00 sys=0.00, real=0.00 secs] 
2017-12-18T21:17:18.726+0300: 247.618: [CMS-concurrent-mark-start]
2017-12-18T21:17:19.023+0300: 247.916: [CMS-concurrent-mark: 0.297/0.297 secs] [Times: user=0.94 sys=0.00, real=0.30 secs] 
2017-12-18T21:17:19.023+0300: 247.916: [CMS-concurrent-preclean-start]
2017-12-18T21:17:19.024+0300: 247.917: [CMS-concurrent-preclean: 0.001/0.001 secs] [Times: user=0.00 sys=0.00, real=0.00 secs] 
2017-12-18T21:17:19.024+0300: 247.917: [CMS-concurrent-abortable-preclean-start]
2017-12-18T21:17:19.024+0300: 247.917: [CMS-concurrent-abortable-preclean: 0.000/0.000 secs] [Times: user=0.00 sys=0.00, real=0.00 secs] 
2017-12-18T21:17:19.025+0300: 247.917: [GC (CMS Final Remark) [YG occupancy: 21619 K (157248 K)]2017-12-18T21:17:19.025+0300: 247.917: [Rescan (parallel) , 0.0044624 secs]2017-12-18T21:17:19.029+0300: 247.922: [weak refs processing, 0.0000128 secs]2017-12-18T21:17:19.029+0300: 247.922: [class unloading, 0.0013534 secs]2017-12-18T21:17:19.030+0300: 247.923: [scrub symbol table, 0.0008852 secs]2017-12-18T21:17:19.031+0300: 247.924: [scrub string table, 0.0001277 secs][1 CMS-remark: 332997K(349568K)] 354616K(506816K), 0.0069034 secs] [Times: user=0.00 sys=0.00, real=0.01 secs] 
2017-12-18T21:17:19.031+0300: 247.924: [CMS-concurrent-sweep-start]
2017-12-18T21:17:19.158+0300: 248.050: [CMS-concurrent-sweep: 0.126/0.126 secs] [Times: user=0.25 sys=0.00, real=0.13 secs] 
2017-12-18T21:17:19.158+0300: 248.050: [CMS-concurrent-reset-start]
2017-12-18T21:17:19.158+0300: 248.051: [CMS-concurrent-reset: 0.001/0.001 secs] [Times: user=0.00 sys=0.00, real=0.00 secs] 
2017-12-18T21:17:21.159+0300: 250.051: [GC (CMS Initial Mark) [1 CMS-initial-mark: 332757K(349568K)] 354377K(506816K), 0.0037519 secs] [Times: user=0.06 sys=0.00, real=0.00 secs] 
2017-12-18T21:17:21.162+0300: 250.055: [CMS-concurrent-mark-start]
2017-12-18T21:17:21.511+0300: 250.404: [CMS-concurrent-mark: 0.349/0.349 secs] [Times: user=1.03 sys=0.00, real=0.35 secs] 
2017-12-18T21:17:21.511+0300: 250.404: [CMS-concurrent-preclean-start]
2017-12-18T21:17:21.512+0300: 250.405: [CMS-concurrent-preclean: 0.001/0.001 secs] [Times: user=0.00 sys=0.00, real=0.00 secs] 
2017-12-18T21:17:21.512+0300: 250.405: [CMS-concurrent-abortable-preclean-start]
2017-12-18T21:17:21.512+0300: 250.405: [CMS-concurrent-abortable-preclean: 0.000/0.000 secs] [Times: user=0.00 sys=0.00, real=0.00 secs] 
2017-12-18T21:17:21.514+0300: 250.406: [GC (CMS Final Remark) [YG occupancy: 21619 K (157248 K)]2017-12-18T21:17:21.514+0300: 250.406: [Rescan (parallel) , 0.0039101 secs]2017-12-18T21:17:21.518+0300: 250.410: [weak refs processing, 0.0000145 secs]2017-12-18T21:17:21.518+0300: 250.410: [class unloading, 0.0012459 secs]2017-12-18T21:17:21.519+0300: 250.412: [scrub symbol table, 0.0009802 secs]2017-12-18T21:17:21.520+0300: 250.413: [scrub string table, 0.0001357 secs][1 CMS-remark: 332757K(349568K)] 354377K(506816K), 0.0063460 secs] [Times: user=0.01 sys=0.00, real=0.01 secs] 
2017-12-18T21:17:21.520+0300: 250.413: [CMS-concurrent-sweep-start]
2017-12-18T21:17:21.641+0300: 250.534: [CMS-concurrent-sweep: 0.121/0.121 secs] [Times: user=0.22 sys=0.00, real=0.12 secs] 
2017-12-18T21:17:21.641+0300: 250.534: [CMS-concurrent-reset-start]
2017-12-18T21:17:21.642+0300: 250.535: [CMS-concurrent-reset: 0.001/0.001 secs] [Times: user=0.00 sys=0.00, real=0.00 secs] 
2017-12-18T21:17:23.643+0300: 252.535: [GC (CMS Initial Mark) [1 CMS-initial-mark: 332569K(349568K)] 354188K(506816K), 0.0039880 secs] [Times: user=0.00 sys=0.00, real=0.00 secs] 
2017-12-18T21:17:23.647+0300: 252.540: [CMS-concurrent-mark-start]
2017-12-18T21:17:23.949+0300: 252.842: [CMS-concurrent-mark: 0.302/0.302 secs] [Times: user=0.89 sys=0.00, real=0.30 secs] 
2017-12-18T21:17:23.949+0300: 252.842: [CMS-concurrent-preclean-start]
2017-12-18T21:17:23.950+0300: 252.843: [CMS-concurrent-preclean: 0.001/0.001 secs] [Times: user=0.00 sys=0.00, real=0.00 secs] 
2017-12-18T21:17:23.950+0300: 252.843: [CMS-concurrent-abortable-preclean-start]
2017-12-18T21:17:23.950+0300: 252.843: [CMS-concurrent-abortable-preclean: 0.000/0.000 secs] [Times: user=0.00 sys=0.00, real=0.00 secs] 
2017-12-18T21:17:23.950+0300: 252.843: [GC (CMS Final Remark) [YG occupancy: 21619 K (157248 K)]2017-12-18T21:17:23.950+0300: 252.843: [Rescan (parallel) , 0.0039532 secs]2017-12-18T21:17:23.954+0300: 252.847: [weak refs processing, 0.0000120 secs]2017-12-18T21:17:23.954+0300: 252.847: [class unloading, 0.0010902 secs]2017-12-18T21:17:23.955+0300: 252.848: [scrub symbol table, 0.0007957 secs]2017-12-18T21:17:23.956+0300: 252.849: [scrub string table, 0.0001246 secs][1 CMS-remark: 332569K(349568K)] 354188K(506816K), 0.0060270 secs] [Times: user=0.08 sys=0.00, real=0.01 secs] 
2017-12-18T21:17:23.956+0300: 252.849: [CMS-concurrent-sweep-start]
2017-12-18T21:17:24.077+0300: 252.969: [CMS-concurrent-sweep: 0.120/0.120 secs] [Times: user=0.22 sys=0.00, real=0.12 secs] 
2017-12-18T21:17:24.077+0300: 252.969: [CMS-concurrent-reset-start]
2017-12-18T21:17:24.078+0300: 252.970: [CMS-concurrent-reset: 0.001/0.001 secs] [Times: user=0.05 sys=0.00, real=0.00 secs] 
2017-12-18T21:17:26.078+0300: 254.970: [GC (CMS Initial Mark) [1 CMS-initial-mark: 332402K(349568K)] 354021K(506816K), 0.0040245 secs] [Times: user=0.00 sys=0.00, real=0.00 secs] 
2017-12-18T21:17:26.082+0300: 254.974: [CMS-concurrent-mark-start]
2017-12-18T21:17:26.380+0300: 255.272: [CMS-concurrent-mark: 0.298/0.298 secs] [Times: user=0.89 sys=0.00, real=0.30 secs] 
2017-12-18T21:17:26.380+0300: 255.272: [CMS-concurrent-preclean-start]
2017-12-18T21:17:26.381+0300: 255.273: [CMS-concurrent-preclean: 0.001/0.001 secs] [Times: user=0.00 sys=0.00, real=0.00 secs] 
2017-12-18T21:17:26.381+0300: 255.273: [CMS-concurrent-abortable-preclean-start]
2017-12-18T21:17:26.381+0300: 255.273: [CMS-concurrent-abortable-preclean: 0.000/0.000 secs] [Times: user=0.00 sys=0.00, real=0.00 secs] 
2017-12-18T21:17:26.383+0300: 255.275: [GC (CMS Final Remark) [YG occupancy: 21619 K (157248 K)]2017-12-18T21:17:26.383+0300: 255.275: [Rescan (parallel) , 0.0040661 secs]2017-12-18T21:17:26.387+0300: 255.279: [weak refs processing, 0.0000140 secs]2017-12-18T21:17:26.387+0300: 255.279: [class unloading, 0.0011547 secs]2017-12-18T21:17:26.388+0300: 255.280: [scrub symbol table, 0.0010249 secs]2017-12-18T21:17:26.389+0300: 255.281: [scrub string table, 0.0001397 secs][1 CMS-remark: 332402K(349568K)] 354021K(506816K), 0.0064718 secs] [Times: user=0.06 sys=0.00, real=0.01 secs] 
2017-12-18T21:17:26.389+0300: 255.281: [CMS-concurrent-sweep-start]
2017-12-18T21:17:26.512+0300: 255.404: [CMS-concurrent-sweep: 0.123/0.123 secs] [Times: user=0.25 sys=0.00, real=0.12 secs] 
2017-12-18T21:17:26.512+0300: 255.404: [CMS-concurrent-reset-start]
2017-12-18T21:17:26.513+0300: 255.405: [CMS-concurrent-reset: 0.001/0.001 secs] [Times: user=0.00 sys=0.00, real=0.00 secs] 
2017-12-18T21:17:28.514+0300: 257.406: [GC (CMS Initial Mark) [1 CMS-initial-mark: 332271K(349568K)] 353890K(506816K), 0.0038374 secs] [Times: user=0.00 sys=0.00, real=0.00 secs] 
2017-12-18T21:17:28.517+0300: 257.410: [CMS-concurrent-mark-start]
2017-12-18T21:17:28.817+0300: 257.709: [CMS-concurrent-mark: 0.300/0.300 secs] [Times: user=0.89 sys=0.00, real=0.30 secs] 
2017-12-18T21:17:28.817+0300: 257.709: [CMS-concurrent-preclean-start]
2017-12-18T21:17:28.818+0300: 257.710: [CMS-concurrent-preclean: 0.001/0.001 secs] [Times: user=0.00 sys=0.00, real=0.00 secs] 
2017-12-18T21:17:28.818+0300: 257.710: [CMS-concurrent-abortable-preclean-start]
2017-12-18T21:17:28.818+0300: 257.710: [CMS-concurrent-abortable-preclean: 0.000/0.000 secs] [Times: user=0.00 sys=0.00, real=0.00 secs] 
2017-12-18T21:17:28.820+0300: 257.712: [GC (CMS Final Remark) [YG occupancy: 21619 K (157248 K)]2017-12-18T21:17:28.820+0300: 257.712: [Rescan (parallel) , 0.0039766 secs]2017-12-18T21:17:28.824+0300: 257.716: [weak refs processing, 0.0000214 secs]2017-12-18T21:17:28.824+0300: 257.716: [class unloading, 0.0010763 secs]2017-12-18T21:17:28.825+0300: 257.717: [scrub symbol table, 0.0007624 secs]2017-12-18T21:17:28.825+0300: 257.718: [scrub string table, 0.0001428 secs][1 CMS-remark: 332271K(349568K)] 353890K(506816K), 0.0060455 secs] [Times: user=0.08 sys=0.00, real=0.01 secs] 
2017-12-18T21:17:28.826+0300: 257.718: [CMS-concurrent-sweep-start]
2017-12-18T21:17:28.948+0300: 257.840: [CMS-concurrent-sweep: 0.122/0.122 secs] [Times: user=0.25 sys=0.00, real=0.12 secs] 
2017-12-18T21:17:28.948+0300: 257.840: [CMS-concurrent-reset-start]
2017-12-18T21:17:28.949+0300: 257.841: [CMS-concurrent-reset: 0.001/0.001 secs] [Times: user=0.00 sys=0.00, real=0.00 secs] 
2017-12-18T21:17:30.949+0300: 259.841: [GC (CMS Initial Mark) [1 CMS-initial-mark: 332142K(349568K)] 353761K(506816K), 0.0039962 secs] [Times: user=0.00 sys=0.00, real=0.00 secs] 
2017-12-18T21:17:30.953+0300: 259.845: [CMS-concurrent-mark-start]
2017-12-18T21:17:31.252+0300: 260.145: [CMS-concurrent-mark: 0.299/0.299 secs] [Times: user=0.89 sys=0.00, real=0.30 secs] 
2017-12-18T21:17:31.252+0300: 260.145: [CMS-concurrent-preclean-start]
2017-12-18T21:17:31.253+0300: 260.145: [CMS-concurrent-preclean: 0.001/0.001 secs] [Times: user=0.00 sys=0.00, real=0.00 secs] 
2017-12-18T21:17:31.253+0300: 260.145: [CMS-concurrent-abortable-preclean-start]
2017-12-18T21:17:31.253+0300: 260.145: [CMS-concurrent-abortable-preclean: 0.000/0.000 secs] [Times: user=0.00 sys=0.00, real=0.00 secs] 
2017-12-18T21:17:31.256+0300: 260.148: [GC (CMS Final Remark) [YG occupancy: 21619 K (157248 K)]2017-12-18T21:17:31.256+0300: 260.148: [Rescan (parallel) , 0.0039837 secs]2017-12-18T21:17:31.260+0300: 260.152: [weak refs processing, 0.0000214 secs]2017-12-18T21:17:31.260+0300: 260.152: [class unloading, 0.0010748 secs]2017-12-18T21:17:31.261+0300: 260.153: [scrub symbol table, 0.0007658 secs]2017-12-18T21:17:31.261+0300: 260.154: [scrub string table, 0.0001431 secs][1 CMS-remark: 332142K(349568K)] 353761K(506816K), 0.0060430 secs] [Times: user=0.00 sys=0.00, real=0.01 secs] 
2017-12-18T21:17:31.262+0300: 260.154: [CMS-concurrent-sweep-start]
2017-12-18T21:17:31.384+0300: 260.276: [CMS-concurrent-sweep: 0.123/0.123 secs] [Times: user=0.25 sys=0.00, real=0.12 secs] 
2017-12-18T21:17:31.384+0300: 260.277: [CMS-concurrent-reset-start]
2017-12-18T21:17:31.385+0300: 260.277: [CMS-concurrent-reset: 0.001/0.001 secs] [Times: user=0.00 sys=0.00, real=0.00 secs] 
2017-12-18T21:17:33.385+0300: 262.277: [GC (CMS Initial Mark) [1 CMS-initial-mark: 332024K(349568K)] 354262K(506816K), 0.0040644 secs] [Times: user=0.00 sys=0.00, real=0.00 secs] 
2017-12-18T21:17:33.389+0300: 262.281: [CMS-concurrent-mark-start]
2017-12-18T21:17:33.689+0300: 262.581: [CMS-concurrent-mark: 0.300/0.300 secs] [Times: user=0.94 sys=0.00, real=0.30 secs] 
2017-12-18T21:17:33.689+0300: 262.581: [CMS-concurrent-preclean-start]
2017-12-18T21:17:33.690+0300: 262.582: [CMS-concurrent-preclean: 0.001/0.001 secs] [Times: user=0.00 sys=0.00, real=0.00 secs] 
2017-12-18T21:17:33.690+0300: 262.582: [CMS-concurrent-abortable-preclean-start]
2017-12-18T21:17:33.690+0300: 262.582: [CMS-concurrent-abortable-preclean: 0.000/0.000 secs] [Times: user=0.00 sys=0.00, real=0.00 secs] 
2017-12-18T21:17:33.690+0300: 262.582: [GC (CMS Final Remark) [YG occupancy: 22238 K (157248 K)]2017-12-18T21:17:33.690+0300: 262.582: [Rescan (parallel) , 0.0049844 secs]2017-12-18T21:17:33.695+0300: 262.587: [weak refs processing, 0.0000128 secs]2017-12-18T21:17:33.695+0300: 262.587: [class unloading, 0.0011398 secs]2017-12-18T21:17:33.696+0300: 262.589: [scrub symbol table, 0.0007826 secs]2017-12-18T21:17:33.697+0300: 262.589: [scrub string table, 0.0001257 secs][1 CMS-remark: 332024K(349568K)] 354262K(506816K), 0.0071056 secs] [Times: user=0.00 sys=0.00, real=0.01 secs] 
2017-12-18T21:17:33.697+0300: 262.590: [CMS-concurrent-sweep-start]
2017-12-18T21:17:33.819+0300: 262.711: [CMS-concurrent-sweep: 0.122/0.122 secs] [Times: user=0.25 sys=0.00, real=0.12 secs] 
2017-12-18T21:17:33.819+0300: 262.711: [CMS-concurrent-reset-start]
2017-12-18T21:17:33.820+0300: 262.712: [CMS-concurrent-reset: 0.001/0.001 secs] [Times: user=0.00 sys=0.00, real=0.00 secs] 
2017-12-18T21:17:35.821+0300: 264.713: [GC (CMS Initial Mark) [1 CMS-initial-mark: 331918K(349568K)] 354156K(506816K), 0.0039424 secs] [Times: user=0.02 sys=0.00, real=0.00 secs] 
2017-12-18T21:17:35.825+0300: 264.717: [CMS-concurrent-mark-start]
2017-12-18T21:17:36.141+0300: 265.034: [CMS-concurrent-mark: 0.317/0.317 secs] [Times: user=0.94 sys=0.00, real=0.32 secs] 
2017-12-18T21:17:36.141+0300: 265.034: [CMS-concurrent-preclean-start]
2017-12-18T21:17:36.142+0300: 265.035: [CMS-concurrent-preclean: 0.001/0.001 secs] [Times: user=0.00 sys=0.00, real=0.00 secs] 
2017-12-18T21:17:36.142+0300: 265.035: [CMS-concurrent-abortable-preclean-start]
2017-12-18T21:17:36.142+0300: 265.035: [CMS-concurrent-abortable-preclean: 0.000/0.000 secs] [Times: user=0.00 sys=0.00, real=0.00 secs] 
2017-12-18T21:17:36.144+0300: 265.036: [GC (CMS Final Remark) [YG occupancy: 22238 K (157248 K)]2017-12-18T21:17:36.144+0300: 265.036: [Rescan (parallel) , 0.0039940 secs]2017-12-18T21:17:36.148+0300: 265.040: [weak refs processing, 0.0000143 secs]2017-12-18T21:17:36.148+0300: 265.040: [class unloading, 0.0012693 secs]2017-12-18T21:17:36.149+0300: 265.041: [scrub symbol table, 0.0009870 secs]2017-12-18T21:17:36.150+0300: 265.042: [scrub string table, 0.0001371 secs][1 CMS-remark: 331918K(349568K)] 354156K(506816K), 0.0064584 secs] [Times: user=0.00 sys=0.00, real=0.01 secs] 
2017-12-18T21:17:36.150+0300: 265.043: [CMS-concurrent-sweep-start]
2017-12-18T21:17:36.274+0300: 265.167: [CMS-concurrent-sweep: 0.124/0.124 secs] [Times: user=0.25 sys=0.00, real=0.12 secs] 
2017-12-18T21:17:36.274+0300: 265.167: [CMS-concurrent-reset-start]
2017-12-18T21:17:36.275+0300: 265.167: [CMS-concurrent-reset: 0.001/0.001 secs] [Times: user=0.00 sys=0.00, real=0.00 secs] 
2017-12-18T21:17:38.276+0300: 267.168: [GC (CMS Initial Mark) [1 CMS-initial-mark: 331818K(349568K)] 354056K(506816K), 0.0039600 secs] [Times: user=0.00 sys=0.00, real=0.00 secs] 
2017-12-18T21:17:38.280+0300: 267.172: [CMS-concurrent-mark-start]
2017-12-18T21:17:38.574+0300: 267.466: [CMS-concurrent-mark: 0.294/0.294 secs] [Times: user=0.89 sys=0.00, real=0.29 secs] 
2017-12-18T21:17:38.574+0300: 267.466: [CMS-concurrent-preclean-start]
2017-12-18T21:17:38.575+0300: 267.467: [CMS-concurrent-preclean: 0.001/0.001 secs] [Times: user=0.00 sys=0.00, real=0.00 secs] 
2017-12-18T21:17:38.575+0300: 267.467: [CMS-concurrent-abortable-preclean-start]
2017-12-18T21:17:38.575+0300: 267.467: [CMS-concurrent-abortable-preclean: 0.000/0.000 secs] [Times: user=0.00 sys=0.00, real=0.00 secs] 
2017-12-18T21:17:38.575+0300: 267.467: [GC (CMS Final Remark) [YG occupancy: 22238 K (157248 K)]2017-12-18T21:17:38.575+0300: 267.467: [Rescan (parallel) , 0.0040025 secs]2017-12-18T21:17:38.579+0300: 267.471: [weak refs processing, 0.0000208 secs]2017-12-18T21:17:38.579+0300: 267.471: [class unloading, 0.0011130 secs]2017-12-18T21:17:38.580+0300: 267.472: [scrub symbol table, 0.0007860 secs]2017-12-18T21:17:38.581+0300: 267.473: [scrub string table, 0.0001240 secs][1 CMS-remark: 331818K(349568K)] 354056K(506816K), 0.0060966 secs] [Times: user=0.00 sys=0.00, real=0.01 secs] 
2017-12-18T21:17:38.581+0300: 267.473: [CMS-concurrent-sweep-start]
2017-12-18T21:17:38.704+0300: 267.597: [CMS-concurrent-sweep: 0.123/0.123 secs] [Times: user=0.25 sys=0.00, real=0.12 secs] 
2017-12-18T21:17:38.704+0300: 267.597: [CMS-concurrent-reset-start]
2017-12-18T21:17:38.705+0300: 267.597: [CMS-concurrent-reset: 0.001/0.001 secs] [Times: user=0.00 sys=0.00, real=0.00 secs] 
2017-12-18T21:17:40.705+0300: 269.597: [GC (CMS Initial Mark) [1 CMS-initial-mark: 331726K(349568K)] 353964K(506816K), 0.0042144 secs] [Times: user=0.06 sys=0.00, real=0.00 secs] 
2017-12-18T21:17:40.709+0300: 269.602: [CMS-concurrent-mark-start]
2017-12-18T21:17:41.025+0300: 269.917: [CMS-concurrent-mark: 0.316/0.316 secs] [Times: user=0.94 sys=0.00, real=0.32 secs] 
2017-12-18T21:17:41.025+0300: 269.917: [CMS-concurrent-preclean-start]
2017-12-18T21:17:41.025+0300: 269.918: [CMS-concurrent-preclean: 0.001/0.001 secs] [Times: user=0.00 sys=0.00, real=0.00 secs] 
2017-12-18T21:17:41.025+0300: 269.918: [CMS-concurrent-abortable-preclean-start]
2017-12-18T21:17:41.025+0300: 269.918: [CMS-concurrent-abortable-preclean: 0.000/0.000 secs] [Times: user=0.00 sys=0.00, real=0.00 secs] 
2017-12-18T21:17:41.027+0300: 269.919: [GC (CMS Final Remark) [YG occupancy: 22856 K (157248 K)]2017-12-18T21:17:41.027+0300: 269.919: [Rescan (parallel) , 0.0039612 secs]2017-12-18T21:17:41.031+0300: 269.923: [weak refs processing, 0.0000208 secs]2017-12-18T21:17:41.031+0300: 269.923: [class unloading, 0.0010894 secs]2017-12-18T21:17:41.032+0300: 269.924: [scrub symbol table, 0.0007681 secs]2017-12-18T21:17:41.032+0300: 269.925: [scrub string table, 0.0001528 secs][1 CMS-remark: 331726K(349568K)] 354583K(506816K), 0.0060498 secs] [Times: user=0.00 sys=0.00, real=0.01 secs] 
2017-12-18T21:17:41.033+0300: 269.925: [CMS-concurrent-sweep-start]
2017-12-18T21:17:41.155+0300: 270.048: [CMS-concurrent-sweep: 0.122/0.122 secs] [Times: user=0.25 sys=0.00, real=0.12 secs] 
2017-12-18T21:17:41.155+0300: 270.048: [CMS-concurrent-reset-start]
2017-12-18T21:17:41.156+0300: 270.048: [CMS-concurrent-reset: 0.001/0.001 secs] [Times: user=0.00 sys=0.00, real=0.00 secs] 
2017-12-18T21:17:43.160+0300: 272.051: [GC (CMS Initial Mark) [1 CMS-initial-mark: 331638K(349568K)] 354495K(506816K), 0.0040667 secs] [Times: user=0.00 sys=0.00, real=0.00 secs] 
2017-12-18T21:17:43.164+0300: 272.056: [CMS-concurrent-mark-start]
2017-12-18T21:17:43.466+0300: 272.358: [CMS-concurrent-mark: 0.302/0.302 secs] [Times: user=0.89 sys=0.00, real=0.30 secs] 
2017-12-18T21:17:43.466+0300: 272.358: [CMS-concurrent-preclean-start]
2017-12-18T21:17:43.467+0300: 272.359: [CMS-concurrent-preclean: 0.001/0.001 secs] [Times: user=0.00 sys=0.00, real=0.00 secs] 
2017-12-18T21:17:43.467+0300: 272.359: [CMS-concurrent-abortable-preclean-start]
2017-12-18T21:17:43.467+0300: 272.359: [CMS-concurrent-abortable-preclean: 0.000/0.000 secs] [Times: user=0.00 sys=0.00, real=0.00 secs] 
2017-12-18T21:17:43.471+0300: 272.362: [GC (CMS Final Remark) [YG occupancy: 22856 K (157248 K)]2017-12-18T21:17:43.471+0300: 272.362: [Rescan (parallel) , 0.0040518 secs]2017-12-18T21:17:43.475+0300: 272.366: [weak refs processing, 0.0000123 secs]2017-12-18T21:17:43.475+0300: 272.366: [class unloading, 0.0011045 secs]2017-12-18T21:17:43.476+0300: 272.368: [scrub symbol table, 0.0007758 secs]2017-12-18T21:17:43.477+0300: 272.368: [scrub string table, 0.0001254 secs][1 CMS-remark: 331638K(349568K)] 354495K(506816K), 0.0061342 secs] [Times: user=0.00 sys=0.00, real=0.01 secs] 
2017-12-18T21:17:43.477+0300: 272.369: [CMS-concurrent-sweep-start]
2017-12-18T21:17:43.598+0300: 272.490: [CMS-concurrent-sweep: 0.121/0.121 secs] [Times: user=0.25 sys=0.00, real=0.12 secs] 
2017-12-18T21:17:43.598+0300: 272.490: [CMS-concurrent-reset-start]
2017-12-18T21:17:43.599+0300: 272.490: [CMS-concurrent-reset: 0.001/0.001 secs] [Times: user=0.00 sys=0.00, real=0.00 secs] 
2017-12-18T21:17:45.599+0300: 274.491: [GC (CMS Initial Mark) [1 CMS-initial-mark: 331553K(349568K)] 354410K(506816K), 0.0038816 secs] [Times: user=0.00 sys=0.00, real=0.00 secs] 
2017-12-18T21:17:45.603+0300: 274.495: [CMS-concurrent-mark-start]
2017-12-18T21:17:45.913+0300: 274.805: [CMS-concurrent-mark: 0.310/0.310 secs] [Times: user=0.94 sys=0.00, real=0.31 secs] 
2017-12-18T21:17:45.913+0300: 274.805: [CMS-concurrent-preclean-start]
2017-12-18T21:17:45.913+0300: 274.805: [CMS-concurrent-preclean: 0.001/0.001 secs] [Times: user=0.00 sys=0.00, real=0.00 secs] 
2017-12-18T21:17:45.913+0300: 274.805: [CMS-concurrent-abortable-preclean-start]
2017-12-18T21:17:45.913+0300: 274.805: [CMS-concurrent-abortable-preclean: 0.000/0.000 secs] [Times: user=0.00 sys=0.00, real=0.00 secs] 
2017-12-18T21:17:45.915+0300: 274.806: [GC (CMS Final Remark) [YG occupancy: 22856 K (157248 K)]2017-12-18T21:17:45.915+0300: 274.807: [Rescan (parallel) , 0.0039472 secs]2017-12-18T21:17:45.919+0300: 274.810: [weak refs processing, 0.0000222 secs]2017-12-18T21:17:45.919+0300: 274.810: [class unloading, 0.0010899 secs]2017-12-18T21:17:45.920+0300: 274.812: [scrub symbol table, 0.0007632 secs]2017-12-18T21:17:45.920+0300: 274.812: [scrub string table, 0.0001582 secs][1 CMS-remark: 331553K(349568K)] 354410K(506816K), 0.0060589 secs] [Times: user=0.08 sys=0.00, real=0.01 secs] 
2017-12-18T21:17:45.921+0300: 274.813: [CMS-concurrent-sweep-start]
2017-12-18T21:17:46.047+0300: 274.939: [CMS-concurrent-sweep: 0.126/0.126 secs] [Times: user=0.25 sys=0.00, real=0.13 secs] 
2017-12-18T21:17:46.047+0300: 274.939: [CMS-concurrent-reset-start]
2017-12-18T21:17:46.047+0300: 274.939: [CMS-concurrent-reset: 0.001/0.001 secs] [Times: user=0.00 sys=0.00, real=0.00 secs] 
2017-12-18T21:17:48.048+0300: 276.940: [GC (CMS Initial Mark) [1 CMS-initial-mark: 331473K(349568K)] 354330K(506816K), 0.0039481 secs] [Times: user=0.00 sys=0.00, real=0.00 secs] 
2017-12-18T21:17:48.052+0300: 276.944: [CMS-concurrent-mark-start]
2017-12-18T21:17:48.348+0300: 277.240: [CMS-concurrent-mark: 0.297/0.297 secs] [Times: user=0.89 sys=0.00, real=0.30 secs] 
2017-12-18T21:17:48.348+0300: 277.240: [CMS-concurrent-preclean-start]
2017-12-18T21:17:48.349+0300: 277.241: [CMS-concurrent-preclean: 0.001/0.001 secs] [Times: user=0.00 sys=0.00, real=0.00 secs] 
2017-12-18T21:17:48.349+0300: 277.241: [CMS-concurrent-abortable-preclean-start]
2017-12-18T21:17:48.349+0300: 277.241: [CMS-concurrent-abortable-preclean: 0.000/0.000 secs] [Times: user=0.00 sys=0.00, real=0.00 secs] 
2017-12-18T21:17:48.351+0300: 277.243: [GC (CMS Final Remark) [YG occupancy: 22856 K (157248 K)]2017-12-18T21:17:48.351+0300: 277.243: [Rescan (parallel) , 0.0040299 secs]2017-12-18T21:17:48.355+0300: 277.247: [weak refs processing, 0.0000128 secs]2017-12-18T21:17:48.355+0300: 277.247: [class unloading, 0.0011050 secs]2017-12-18T21:17:48.356+0300: 277.248: [scrub symbol table, 0.0007966 secs]2017-12-18T21:17:48.357+0300: 277.249: [scrub string table, 0.0001220 secs][1 CMS-remark: 331473K(349568K)] 354330K(506816K), 0.0061254 secs] [Times: user=0.06 sys=0.00, real=0.01 secs] 
2017-12-18T21:17:48.357+0300: 277.249: [CMS-concurrent-sweep-start]
2017-12-18T21:17:48.478+0300: 277.370: [CMS-concurrent-sweep: 0.121/0.121 secs] [Times: user=0.25 sys=0.00, real=0.12 secs] 
2017-12-18T21:17:48.478+0300: 277.370: [CMS-concurrent-reset-start]
2017-12-18T21:17:48.478+0300: 277.370: [CMS-concurrent-reset: 0.001/0.001 secs] [Times: user=0.00 sys=0.00, real=0.00 secs] 
2017-12-18T21:17:50.479+0300: 279.371: [GC (CMS Initial Mark) [1 CMS-initial-mark: 331396K(349568K)] 354252K(506816K), 0.0042166 secs] [Times: user=0.00 sys=0.00, real=0.00 secs] 
2017-12-18T21:17:50.483+0300: 279.375: [CMS-concurrent-mark-start]
2017-12-18T21:17:50.780+0300: 279.672: [CMS-concurrent-mark: 0.297/0.297 secs] [Times: user=0.89 sys=0.00, real=0.30 secs] 
2017-12-18T21:17:50.780+0300: 279.672: [CMS-concurrent-preclean-start]
2017-12-18T21:17:50.780+0300: 279.673: [CMS-concurrent-preclean: 0.001/0.001 secs] [Times: user=0.00 sys=0.00, real=0.00 secs] 
2017-12-18T21:17:50.780+0300: 279.673: [CMS-concurrent-abortable-preclean-start]
2017-12-18T21:17:50.780+0300: 279.673: [CMS-concurrent-abortable-preclean: 0.000/0.000 secs] [Times: user=0.00 sys=0.00, real=0.00 secs] 
2017-12-18T21:17:50.783+0300: 279.675: [GC (CMS Final Remark) [YG occupancy: 22856 K (157248 K)]2017-12-18T21:17:50.783+0300: 279.675: [Rescan (parallel) , 0.0040228 secs]2017-12-18T21:17:50.787+0300: 279.679: [weak refs processing, 0.0000157 secs]2017-12-18T21:17:50.787+0300: 279.679: [class unloading, 0.0012676 secs]2017-12-18T21:17:50.788+0300: 279.680: [scrub symbol table, 0.0009787 secs]2017-12-18T21:17:50.789+0300: 279.681: [scrub string table, 0.0001346 secs][1 CMS-remark: 331396K(349568K)] 354252K(506816K), 0.0064849 secs] [Times: user=0.06 sys=0.00, real=0.01 secs] 
2017-12-18T21:17:50.789+0300: 279.681: [CMS-concurrent-sweep-start]
2017-12-18T21:17:50.909+0300: 279.801: [CMS-concurrent-sweep: 0.120/0.120 secs] [Times: user=0.22 sys=0.00, real=0.12 secs] 
2017-12-18T21:17:50.909+0300: 279.802: [CMS-concurrent-reset-start]
2017-12-18T21:17:50.910+0300: 279.802: [CMS-concurrent-reset: 0.001/0.001 secs] [Times: user=0.05 sys=0.00, real=0.00 secs] 
2017-12-18T21:17:52.910+0300: 281.802: [GC (CMS Initial Mark) [1 CMS-initial-mark: 331322K(349568K)] 399695K(506816K), 0.0352438 secs] [Times: user=0.13 sys=0.00, real=0.03 secs] 
2017-12-18T21:17:52.945+0300: 281.837: [CMS-concurrent-mark-start]
2017-12-18T21:17:53.244+0300: 282.136: [CMS-concurrent-mark: 0.299/0.299 secs] [Times: user=0.59 sys=0.00, real=0.30 secs] 
2017-12-18T21:17:53.244+0300: 282.136: [CMS-concurrent-preclean-start]
2017-12-18T21:17:53.245+0300: 282.137: [CMS-concurrent-preclean: 0.001/0.001 secs] [Times: user=0.00 sys=0.00, real=0.00 secs] 
2017-12-18T21:17:53.245+0300: 282.137: [CMS-concurrent-abortable-preclean-start]
2017-12-18T21:17:53.245+0300: 282.137: [CMS-concurrent-abortable-preclean: 0.000/0.000 secs] [Times: user=0.00 sys=0.00, real=0.00 secs] 
2017-12-18T21:17:53.245+0300: 282.137: [GC (CMS Final Remark) [YG occupancy: 68372 K (157248 K)]2017-12-18T21:17:53.245+0300: 282.137: [Rescan (parallel) , 0.0132050 secs]2017-12-18T21:17:53.258+0300: 282.150: [weak refs processing, 0.0000245 secs]2017-12-18T21:17:53.258+0300: 282.150: [class unloading, 0.0013616 secs]2017-12-18T21:17:53.259+0300: 282.152: [scrub symbol table, 0.0010438 secs]2017-12-18T21:17:53.260+0300: 282.153: [scrub string table, 0.0001314 secs][1 CMS-remark: 331322K(349568K)] 399695K(506816K), 0.0158416 secs] [Times: user=0.05 sys=0.00, real=0.02 secs] 
2017-12-18T21:17:53.261+0300: 282.153: [CMS-concurrent-sweep-start]
2017-12-18T21:17:53.387+0300: 282.279: [CMS-concurrent-sweep: 0.126/0.126 secs] [Times: user=0.13 sys=0.00, real=0.13 secs] 
2017-12-18T21:17:53.387+0300: 282.279: [CMS-concurrent-reset-start]
2017-12-18T21:17:53.387+0300: 282.280: [CMS-concurrent-reset: 0.001/0.001 secs] [Times: user=0.00 sys=0.00, real=0.00 secs] 
2017-12-18T21:17:55.387+0300: 284.279: [GC (CMS Initial Mark) [1 CMS-initial-mark: 331300K(349568K)] 399673K(506816K), 0.0124395 secs] [Times: user=0.00 sys=0.00, real=0.01 secs] 
2017-12-18T21:17:55.399+0300: 284.292: [CMS-concurrent-mark-start]
2017-12-18T21:17:55.692+0300: 284.584: [CMS-concurrent-mark: 0.293/0.293 secs] [Times: user=0.89 sys=0.00, real=0.29 secs] 
2017-12-18T21:17:55.692+0300: 284.584: [CMS-concurrent-preclean-start]
2017-12-18T21:17:55.702+0300: 284.594: [CMS-concurrent-preclean: 0.009/0.010 secs] [Times: user=0.03 sys=0.00, real=0.01 secs] 
2017-12-18T21:17:55.702+0300: 284.594: [CMS-concurrent-abortable-preclean-start]
2017-12-18T21:17:55.702+0300: 284.594: [CMS-concurrent-abortable-preclean: 0.000/0.000 secs] [Times: user=0.00 sys=0.00, real=0.00 secs] 
2017-12-18T21:17:55.702+0300: 284.595: [GC (CMS Final Remark) [YG occupancy: 68372 K (157248 K)]2017-12-18T21:17:55.702+0300: 284.595: [Rescan (parallel) , 0.0135616 secs]2017-12-18T21:17:55.716+0300: 284.608: [weak refs processing, 0.0000154 secs]2017-12-18T21:17:55.716+0300: 284.608: [class unloading, 0.0011709 secs]2017-12-18T21:17:55.717+0300: 284.609: [scrub symbol table, 0.0007840 secs]2017-12-18T21:17:55.718+0300: 284.610: [scrub string table, 0.0001234 secs][1 CMS-remark: 331300K(349568K)] 399673K(506816K), 0.0157290 secs] [Times: user=0.06 sys=0.00, real=0.02 secs] 
2017-12-18T21:17:55.718+0300: 284.610: [CMS-concurrent-sweep-start]
2017-12-18T21:17:55.839+0300: 284.732: [CMS-concurrent-sweep: 0.121/0.121 secs] [Times: user=0.25 sys=0.00, real=0.12 secs] 
2017-12-18T21:17:55.839+0300: 284.732: [CMS-concurrent-reset-start]
2017-12-18T21:17:55.840+0300: 284.732: [CMS-concurrent-reset: 0.001/0.001 secs] [Times: user=0.00 sys=0.00, real=0.00 secs] 
2017-12-18T21:17:57.840+0300: 286.732: [GC (CMS Initial Mark) [1 CMS-initial-mark: 330406K(349568K)] 398778K(506816K), 0.0124922 secs] [Times: user=0.03 sys=0.00, real=0.01 secs] 
2017-12-18T21:17:57.852+0300: 286.745: [CMS-concurrent-mark-start]
2017-12-18T21:17:58.167+0300: 287.059: [CMS-concurrent-mark: 0.314/0.314 secs] [Times: user=0.94 sys=0.00, real=0.32 secs] 
2017-12-18T21:17:58.167+0300: 287.059: [CMS-concurrent-preclean-start]
2017-12-18T21:17:58.169+0300: 287.062: [CMS-concurrent-preclean: 0.003/0.003 secs] [Times: user=0.00 sys=0.00, real=0.00 secs] 
2017-12-18T21:17:58.169+0300: 287.062: [CMS-concurrent-abortable-preclean-start]
2017-12-18T21:17:58.169+0300: 287.062: [CMS-concurrent-abortable-preclean: 0.000/0.000 secs] [Times: user=0.00 sys=0.00, real=0.00 secs] 
2017-12-18T21:17:58.170+0300: 287.062: [GC (CMS Final Remark) [YG occupancy: 68372 K (157248 K)]2017-12-18T21:17:58.170+0300: 287.062: [Rescan (parallel) , 0.0138707 secs]2017-12-18T21:17:58.184+0300: 287.076: [weak refs processing, 0.0000145 secs]2017-12-18T21:17:58.184+0300: 287.076: [class unloading, 0.0011076 secs]2017-12-18T21:17:58.185+0300: 287.077: [scrub symbol table, 0.0007866 secs]2017-12-18T21:17:58.186+0300: 287.078: [scrub string table, 0.0001209 secs][1 CMS-remark: 330406K(349568K)] 398778K(506816K), 0.0159645 secs] [Times: user=0.08 sys=0.00, real=0.02 secs] 
2017-12-18T21:17:58.186+0300: 287.078: [CMS-concurrent-sweep-start]
2017-12-18T21:17:58.321+0300: 287.214: [CMS-concurrent-sweep: 0.135/0.135 secs] [Times: user=0.28 sys=0.00, real=0.13 secs] 
2017-12-18T21:17:58.321+0300: 287.214: [CMS-concurrent-reset-start]
2017-12-18T21:17:58.322+0300: 287.214: [CMS-concurrent-reset: 0.001/0.001 secs] [Times: user=0.00 sys=0.00, real=0.00 secs] 
2017-12-18T21:18:00.323+0300: 289.215: [GC (CMS Initial Mark) [1 CMS-initial-mark: 329954K(349568K)] 398327K(506816K), 0.0126921 secs] [Times: user=0.06 sys=0.00, real=0.01 secs] 
2017-12-18T21:18:00.336+0300: 289.227: [CMS-concurrent-mark-start]
2017-12-18T21:18:00.680+0300: 289.571: [CMS-concurrent-mark: 0.344/0.344 secs] [Times: user=1.03 sys=0.00, real=0.34 secs] 
2017-12-18T21:18:00.680+0300: 289.571: [CMS-concurrent-preclean-start]
2017-12-18T21:18:00.682+0300: 289.573: [CMS-concurrent-preclean: 0.002/0.002 secs] [Times: user=0.00 sys=0.00, real=0.00 secs] 
2017-12-18T21:18:00.682+0300: 289.573: [CMS-concurrent-abortable-preclean-start]
2017-12-18T21:18:00.682+0300: 289.573: [CMS-concurrent-abortable-preclean: 0.000/0.000 secs] [Times: user=0.00 sys=0.00, real=0.00 secs] 
2017-12-18T21:18:00.682+0300: 289.574: [GC (CMS Final Remark) [YG occupancy: 68372 K (157248 K)]2017-12-18T21:18:00.682+0300: 289.574: [Rescan (parallel) , 0.0138858 secs]2017-12-18T21:18:00.696+0300: 289.588: [weak refs processing, 0.0000145 secs]2017-12-18T21:18:00.696+0300: 289.588: [class unloading, 0.0011216 secs]2017-12-18T21:18:00.697+0300: 289.589: [scrub symbol table, 0.0007894 secs]2017-12-18T21:18:00.698+0300: 289.590: [scrub string table, 0.0001243 secs][1 CMS-remark: 329954K(349568K)] 398327K(506816K), 0.0160004 secs] [Times: user=0.08 sys=0.00, real=0.02 secs] 
2017-12-18T21:18:00.698+0300: 289.590: [CMS-concurrent-sweep-start]
2017-12-18T21:18:00.822+0300: 289.714: [CMS-concurrent-sweep: 0.124/0.124 secs] [Times: user=0.25 sys=0.00, real=0.12 secs] 
2017-12-18T21:18:00.822+0300: 289.714: [CMS-concurrent-reset-start]
2017-12-18T21:18:00.823+0300: 289.714: [CMS-concurrent-reset: 0.001/0.001 secs] [Times: user=0.00 sys=0.00, real=0.00 secs] 
2017-12-18T21:18:02.822+0300: 291.714: [GC (CMS Initial Mark) [1 CMS-initial-mark: 329613K(349568K)] 397986K(506816K), 0.0124552 secs] [Times: user=0.06 sys=0.00, real=0.01 secs] 
2017-12-18T21:18:02.835+0300: 291.726: [CMS-concurrent-mark-start]
2017-12-18T21:18:03.132+0300: 292.023: [CMS-concurrent-mark: 0.297/0.297 secs] [Times: user=0.89 sys=0.00, real=0.30 secs] 
2017-12-18T21:18:03.132+0300: 292.023: [CMS-concurrent-preclean-start]
2017-12-18T21:18:03.133+0300: 292.025: [CMS-concurrent-preclean: 0.002/0.002 secs] [Times: user=0.00 sys=0.00, real=0.00 secs] 
2017-12-18T21:18:03.133+0300: 292.025: [CMS-concurrent-abortable-preclean-start]
2017-12-18T21:18:03.133+0300: 292.025: [CMS-concurrent-abortable-preclean: 0.000/0.000 secs] [Times: user=0.00 sys=0.00, real=0.00 secs] 
2017-12-18T21:18:03.135+0300: 292.026: [GC (CMS Final Remark) [YG occupancy: 68372 K (157248 K)]2017-12-18T21:18:03.135+0300: 292.026: [Rescan (parallel) , 0.0139736 secs]2017-12-18T21:18:03.149+0300: 292.040: [weak refs processing, 0.0000234 secs]2017-12-18T21:18:03.149+0300: 292.040: [class unloading, 0.0011321 secs]2017-12-18T21:18:03.150+0300: 292.041: [scrub symbol table, 0.0010626 secs]2017-12-18T21:18:03.151+0300: 292.043: [scrub string table, 0.0001400 secs][1 CMS-remark: 329613K(349568K)] 397986K(506816K), 0.0164112 secs] [Times: user=0.08 sys=0.00, real=0.02 secs] 
2017-12-18T21:18:03.151+0300: 292.043: [CMS-concurrent-sweep-start]
2017-12-18T21:18:03.279+0300: 292.171: [CMS-concurrent-sweep: 0.128/0.128 secs] [Times: user=0.25 sys=0.00, real=0.13 secs] 
2017-12-18T21:18:03.279+0300: 292.171: [CMS-concurrent-reset-start]
2017-12-18T21:18:03.280+0300: 292.172: [CMS-concurrent-reset: 0.001/0.001 secs] [Times: user=0.00 sys=0.00, real=0.00 secs] 
2017-12-18T21:18:05.280+0300: 294.172: [GC (CMS Initial Mark) [1 CMS-initial-mark: 329329K(349568K)] 398321K(506816K), 0.0125438 secs] [Times: user=0.00 sys=0.00, real=0.01 secs] 
2017-12-18T21:18:05.293+0300: 294.184: [CMS-concurrent-mark-start]
2017-12-18T21:18:05.588+0300: 294.480: [CMS-concurrent-mark: 0.296/0.296 secs] [Times: user=0.89 sys=0.00, real=0.30 secs] 
2017-12-18T21:18:05.588+0300: 294.480: [CMS-concurrent-preclean-start]
2017-12-18T21:18:05.589+0300: 294.481: [CMS-concurrent-preclean: 0.001/0.001 secs] [Times: user=0.00 sys=0.00, real=0.00 secs] 
2017-12-18T21:18:05.589+0300: 294.481: [CMS-concurrent-abortable-preclean-start]
2017-12-18T21:18:05.589+0300: 294.481: [CMS-concurrent-abortable-preclean: 0.000/0.000 secs] [Times: user=0.00 sys=0.00, real=0.00 secs] 
2017-12-18T21:18:05.591+0300: 294.482: [GC (CMS Final Remark) [YG occupancy: 68991 K (157248 K)]2017-12-18T21:18:05.591+0300: 294.482: [Rescan (parallel) , 0.0132583 secs]2017-12-18T21:18:05.604+0300: 294.496: [weak refs processing, 0.0000163 secs]2017-12-18T21:18:05.604+0300: 294.496: [class unloading, 0.0012217 secs]2017-12-18T21:18:05.605+0300: 294.497: [scrub symbol table, 0.0010497 secs]2017-12-18T21:18:05.606+0300: 294.498: [scrub string table, 0.0001363 secs][1 CMS-remark: 329329K(349568K)] 398321K(506816K), 0.0157715 secs] [Times: user=0.02 sys=0.00, real=0.01 secs] 
2017-12-18T21:18:05.606+0300: 294.498: [CMS-concurrent-sweep-start]
2017-12-18T21:18:05.732+0300: 294.624: [CMS-concurrent-sweep: 0.126/0.126 secs] [Times: user=0.25 sys=0.00, real=0.13 secs] 
2017-12-18T21:18:05.732+0300: 294.624: [CMS-concurrent-reset-start]
2017-12-18T21:18:05.733+0300: 294.625: [CMS-concurrent-reset: 0.001/0.001 secs] [Times: user=0.00 sys=0.00, real=0.00 secs] 
2017-12-18T21:18:07.734+0300: 296.626: [GC (CMS Initial Mark) [1 CMS-initial-mark: 329087K(349568K)] 398079K(506816K), 0.0128275 secs] [Times: user=0.06 sys=0.00, real=0.01 secs] 
2017-12-18T21:18:07.746+0300: 296.638: [CMS-concurrent-mark-start]
2017-12-18T21:18:08.046+0300: 296.938: [CMS-concurrent-mark: 0.300/0.300 secs] [Times: user=0.89 sys=0.00, real=0.30 secs] 
2017-12-18T21:18:08.046+0300: 296.938: [CMS-concurrent-preclean-start]
2017-12-18T21:18:08.047+0300: 296.939: [CMS-concurrent-preclean: 0.001/0.001 secs] [Times: user=0.00 sys=0.00, real=0.00 secs] 
2017-12-18T21:18:08.047+0300: 296.939: [CMS-concurrent-abortable-preclean-start]
2017-12-18T21:18:08.047+0300: 296.939: [CMS-concurrent-abortable-preclean: 0.000/0.000 secs] [Times: user=0.00 sys=0.00, real=0.00 secs] 
2017-12-18T21:18:08.049+0300: 296.941: [GC (CMS Final Remark) [YG occupancy: 68991 K (157248 K)]2017-12-18T21:18:08.049+0300: 296.941: [Rescan (parallel) , 0.0140774 secs]2017-12-18T21:18:08.063+0300: 296.955: [weak refs processing, 0.0000143 secs]2017-12-18T21:18:08.063+0300: 296.955: [class unloading, 0.0012804 secs]2017-12-18T21:18:08.064+0300: 296.956: [scrub symbol table, 0.0009665 secs]2017-12-18T21:18:08.065+0300: 296.957: [scrub string table, 0.0001343 secs][1 CMS-remark: 329087K(349568K)] 398079K(506816K), 0.0165324 secs] [Times: user=0.08 sys=0.00, real=0.02 secs] 
2017-12-18T21:18:08.065+0300: 296.957: [CMS-concurrent-sweep-start]
2017-12-18T21:18:08.183+0300: 297.075: [CMS-concurrent-sweep: 0.118/0.118 secs] [Times: user=0.25 sys=0.00, real=0.12 secs] 
2017-12-18T21:18:08.183+0300: 297.075: [CMS-concurrent-reset-start]
2017-12-18T21:18:08.184+0300: 297.076: [CMS-concurrent-reset: 0.001/0.001 secs] [Times: user=0.00 sys=0.00, real=0.00 secs] 
2017-12-18T21:18:10.184+0300: 299.076: [GC (CMS Initial Mark) [1 CMS-initial-mark: 328866K(349568K)] 398476K(506816K), 0.0125276 secs] [Times: user=0.06 sys=0.00, real=0.01 secs] 
2017-12-18T21:18:10.196+0300: 299.088: [CMS-concurrent-mark-start]
2017-12-18T21:18:10.493+0300: 299.385: [CMS-concurrent-mark: 0.297/0.297 secs] [Times: user=0.89 sys=0.00, real=0.30 secs] 
2017-12-18T21:18:10.493+0300: 299.385: [CMS-concurrent-preclean-start]
2017-12-18T21:18:10.494+0300: 299.386: [CMS-concurrent-preclean: 0.001/0.001 secs] [Times: user=0.00 sys=0.00, real=0.00 secs] 
2017-12-18T21:18:10.494+0300: 299.386: [CMS-concurrent-abortable-preclean-start]
2017-12-18T21:18:10.494+0300: 299.386: [CMS-concurrent-abortable-preclean: 0.000/0.000 secs] [Times: user=0.00 sys=0.00, real=0.00 secs] 
2017-12-18T21:18:10.496+0300: 299.388: [GC (CMS Final Remark) [YG occupancy: 69609 K (157248 K)]2017-12-18T21:18:10.496+0300: 299.388: [Rescan (parallel) , 0.0135577 secs]2017-12-18T21:18:10.509+0300: 299.401: [weak refs processing, 0.0000148 secs]2017-12-18T21:18:10.509+0300: 299.401: [class unloading, 0.0012869 secs]2017-12-18T21:18:10.510+0300: 299.403: [scrub symbol table, 0.0012459 secs]2017-12-18T21:18:10.512+0300: 299.404: [scrub string table, 0.0001522 secs][1 CMS-remark: 328866K(349568K)] 398476K(506816K), 0.0163288 secs] [Times: user=0.06 sys=0.00, real=0.02 secs] 
2017-12-18T21:18:10.512+0300: 299.404: [CMS-concurrent-sweep-start]
2017-12-18T21:18:10.637+0300: 299.529: [CMS-concurrent-sweep: 0.125/0.125 secs] [Times: user=0.25 sys=0.00, real=0.13 secs] 
2017-12-18T21:18:10.637+0300: 299.529: [CMS-concurrent-reset-start]
2017-12-18T21:18:10.637+0300: 299.529: [CMS-concurrent-reset: 0.001/0.001 secs] [Times: user=0.00 sys=0.00, real=0.00 secs] 
2017-12-18T21:18:12.638+0300: 301.530: [GC (CMS Initial Mark) [1 CMS-initial-mark: 328687K(349568K)] 398297K(506816K), 0.0124375 secs] [Times: user=0.06 sys=0.00, real=0.01 secs] 
2017-12-18T21:18:12.650+0300: 301.542: [CMS-concurrent-mark-start]
2017-12-18T21:18:12.956+0300: 301.848: [CMS-concurrent-mark: 0.305/0.305 secs] [Times: user=0.94 sys=0.00, real=0.31 secs] 
2017-12-18T21:18:12.956+0300: 301.848: [CMS-concurrent-preclean-start]
2017-12-18T21:18:12.957+0300: 301.849: [CMS-concurrent-preclean: 0.001/0.001 secs] [Times: user=0.00 sys=0.00, real=0.00 secs] 
2017-12-18T21:18:12.957+0300: 301.849: [CMS-concurrent-abortable-preclean-start]
2017-12-18T21:18:12.957+0300: 301.849: [CMS-concurrent-abortable-preclean: 0.000/0.000 secs] [Times: user=0.00 sys=0.00, real=0.00 secs] 
2017-12-18T21:18:12.959+0300: 301.851: [GC (CMS Final Remark) [YG occupancy: 69609 K (157248 K)]2017-12-18T21:18:12.959+0300: 301.851: [Rescan (parallel) , 0.0139263 secs]2017-12-18T21:18:12.973+0300: 301.865: [weak refs processing, 0.0000222 secs]2017-12-18T21:18:12.973+0300: 301.865: [class unloading, 0.0010862 secs]2017-12-18T21:18:12.974+0300: 301.866: [scrub symbol table, 0.0007524 secs]2017-12-18T21:18:12.974+0300: 301.867: [scrub string table, 0.0001562 secs][1 CMS-remark: 328687K(349568K)] 398297K(506816K), 0.0160067 secs] [Times: user=0.08 sys=0.00, real=0.02 secs] 
2017-12-18T21:18:12.975+0300: 301.867: [CMS-concurrent-sweep-start]
2017-12-18T21:18:13.097+0300: 301.990: [CMS-concurrent-sweep: 0.123/0.123 secs] [Times: user=0.25 sys=0.00, real=0.12 secs] 
2017-12-18T21:18:13.097+0300: 301.990: [CMS-concurrent-reset-start]
2017-12-18T21:18:13.098+0300: 301.990: [CMS-concurrent-reset: 0.001/0.001 secs] [Times: user=0.00 sys=0.00, real=0.00 secs] 
2017-12-18T21:18:15.098+0300: 303.990: [GC (CMS Initial Mark) [1 CMS-initial-mark: 328522K(349568K)] 398132K(506816K), 0.0123032 secs] [Times: user=0.06 sys=0.00, real=0.01 secs] 
2017-12-18T21:18:15.111+0300: 304.003: [CMS-concurrent-mark-start]
2017-12-18T21:18:15.408+0300: 304.300: [CMS-concurrent-mark: 0.297/0.297 secs] [Times: user=0.89 sys=0.00, real=0.30 secs] 
2017-12-18T21:18:15.408+0300: 304.300: [CMS-concurrent-preclean-start]
2017-12-18T21:18:15.409+0300: 304.301: [CMS-concurrent-preclean: 0.001/0.001 secs] [Times: user=0.00 sys=0.00, real=0.00 secs] 
2017-12-18T21:18:15.409+0300: 304.301: [CMS-concurrent-abortable-preclean-start]
2017-12-18T21:18:15.409+0300: 304.301: [CMS-concurrent-abortable-preclean: 0.000/0.000 secs] [Times: user=0.00 sys=0.00, real=0.00 secs] 
2017-12-18T21:18:15.411+0300: 304.303: [GC (CMS Final Remark) [YG occupancy: 69609 K (157248 K)]2017-12-18T21:18:15.411+0300: 304.303: [Rescan (parallel) , 0.0134316 secs]2017-12-18T21:18:15.424+0300: 304.316: [weak refs processing, 0.0000140 secs]2017-12-18T21:18:15.424+0300: 304.316: [class unloading, 0.0012661 secs]2017-12-18T21:18:15.425+0300: 304.318: [scrub symbol table, 0.0012470 secs]2017-12-18T21:18:15.427+0300: 304.319: [scrub string table, 0.0001505 secs][1 CMS-remark: 328522K(349568K)] 398132K(506816K), 0.0161780 secs] [Times: user=0.06 sys=0.00, real=0.02 secs] 
2017-12-18T21:18:15.427+0300: 304.319: [CMS-concurrent-sweep-start]
2017-12-18T21:18:15.553+0300: 304.446: [CMS-concurrent-sweep: 0.127/0.127 secs] [Times: user=0.25 sys=0.00, real=0.13 secs] 
2017-12-18T21:18:15.553+0300: 304.446: [CMS-concurrent-reset-start]
2017-12-18T21:18:15.554+0300: 304.446: [CMS-concurrent-reset: 0.001/0.001 secs] [Times: user=0.00 sys=0.00, real=0.00 secs] 
2017-12-18T21:18:17.555+0300: 306.446: [GC (CMS Initial Mark) [1 CMS-initial-mark: 328375K(349568K)] 399383K(506816K), 0.0123463 secs] [Times: user=0.06 sys=0.00, real=0.01 secs] 
2017-12-18T21:18:17.567+0300: 306.459: [CMS-concurrent-mark-start]
2017-12-18T21:18:17.861+0300: 306.753: [CMS-concurrent-mark: 0.294/0.294 secs] [Times: user=0.89 sys=0.00, real=0.29 secs] 
2017-12-18T21:18:17.861+0300: 306.753: [CMS-concurrent-preclean-start]
2017-12-18T21:18:17.862+0300: 306.754: [CMS-concurrent-preclean: 0.001/0.001 secs] [Times: user=0.00 sys=0.00, real=0.00 secs] 
2017-12-18T21:18:17.862+0300: 306.754: [CMS-concurrent-abortable-preclean-start]
2017-12-18T21:18:17.862+0300: 306.754: [CMS-concurrent-abortable-preclean: 0.000/0.000 secs] [Times: user=0.00 sys=0.00, real=0.00 secs] 
2017-12-18T21:18:17.865+0300: 306.756: [GC (CMS Final Remark) [YG occupancy: 71007 K (157248 K)]2017-12-18T21:18:17.865+0300: 306.756: [Rescan (parallel) , 0.0133866 secs]2017-12-18T21:18:17.878+0300: 306.769: [weak refs processing, 0.0000157 secs]2017-12-18T21:18:17.878+0300: 306.769: [class unloading, 0.0012656 secs]2017-12-18T21:18:17.879+0300: 306.771: [scrub symbol table, 0.0012536 secs]2017-12-18T21:18:17.881+0300: 306.772: [scrub string table, 0.0001502 secs][1 CMS-remark: 328375K(349568K)] 399383K(506816K), 0.0161444 secs] [Times: user=0.06 sys=0.00, real=0.02 secs] 
2017-12-18T21:18:17.881+0300: 306.772: [CMS-concurrent-sweep-start]
2017-12-18T21:18:18.000+0300: 306.891: [CMS-concurrent-sweep: 0.119/0.119 secs] [Times: user=0.25 sys=0.00, real=0.12 secs] 
2017-12-18T21:18:18.000+0300: 306.891: [CMS-concurrent-reset-start]
2017-12-18T21:18:18.000+0300: 306.892: [CMS-concurrent-reset: 0.001/0.001 secs] [Times: user=0.00 sys=0.00, real=0.00 secs] 
2017-12-18T21:18:20.001+0300: 308.892: [GC (CMS Initial Mark) [1 CMS-initial-mark: 328242K(349568K)] 399250K(506816K), 0.0126753 secs] [Times: user=0.06 sys=0.00, real=0.01 secs] 
2017-12-18T21:18:20.013+0300: 308.905: [CMS-concurrent-mark-start]
2017-12-18T21:18:20.314+0300: 309.206: [CMS-concurrent-mark: 0.301/0.301 secs] [Times: user=0.89 sys=0.00, real=0.30 secs] 
2017-12-18T21:18:20.314+0300: 309.206: [CMS-concurrent-preclean-start]
2017-12-18T21:18:20.315+0300: 309.207: [CMS-concurrent-preclean: 0.001/0.001 secs] [Times: user=0.00 sys=0.00, real=0.00 secs] 
2017-12-18T21:18:20.315+0300: 309.207: [CMS-concurrent-abortable-preclean-start]
2017-12-18T21:18:20.315+0300: 309.207: [CMS-concurrent-abortable-preclean: 0.000/0.000 secs] [Times: user=0.00 sys=0.00, real=0.00 secs] 
2017-12-18T21:18:20.318+0300: 309.209: [GC (CMS Final Remark) [YG occupancy: 71007 K (157248 K)]2017-12-18T21:18:20.318+0300: 309.209: [Rescan (parallel) , 0.0140055 secs]2017-12-18T21:18:20.332+0300: 309.223: [weak refs processing, 0.0000143 secs]2017-12-18T21:18:20.332+0300: 309.223: [class unloading, 0.0012841 secs]2017-12-18T21:18:20.333+0300: 309.224: [scrub symbol table, 0.0009730 secs]2017-12-18T21:18:20.334+0300: 309.225: [scrub string table, 0.0001363 secs][1 CMS-remark: 328242K(349568K)] 399250K(506816K), 0.0164734 secs] [Times: user=0.08 sys=0.00, real=0.02 secs] 
2017-12-18T21:18:20.334+0300: 309.226: [CMS-concurrent-sweep-start]
2017-12-18T21:18:20.457+0300: 309.348: [CMS-concurrent-sweep: 0.122/0.122 secs] [Times: user=0.25 sys=0.00, real=0.12 secs] 
2017-12-18T21:18:20.457+0300: 309.348: [CMS-concurrent-reset-start]
2017-12-18T21:18:20.457+0300: 309.349: [CMS-concurrent-reset: 0.001/0.001 secs] [Times: user=0.00 sys=0.00, real=0.00 secs] 
2017-12-18T21:18:22.458+0300: 311.349: [GC (CMS Initial Mark) [1 CMS-initial-mark: 328120K(349568K)] 399128K(506816K), 0.0127357 secs] [Times: user=0.06 sys=0.00, real=0.01 secs] 
2017-12-18T21:18:22.470+0300: 311.362: [CMS-concurrent-mark-start]
2017-12-18T21:18:22.770+0300: 311.662: [CMS-concurrent-mark: 0.300/0.300 secs] [Times: user=0.89 sys=0.00, real=0.30 secs] 
2017-12-18T21:18:22.770+0300: 311.662: [CMS-concurrent-preclean-start]
2017-12-18T21:18:22.771+0300: 311.663: [CMS-concurrent-preclean: 0.001/0.001 secs] [Times: user=0.00 sys=0.00, real=0.00 secs] 
2017-12-18T21:18:22.771+0300: 311.663: [CMS-concurrent-abortable-preclean-start]
2017-12-18T21:18:22.771+0300: 311.663: [CMS-concurrent-abortable-preclean: 0.000/0.000 secs] [Times: user=0.00 sys=0.00, real=0.00 secs] 
2017-12-18T21:18:22.775+0300: 311.666: [GC (CMS Final Remark) [YG occupancy: 71007 K (157248 K)]2017-12-18T21:18:22.775+0300: 311.666: [Rescan (parallel) , 0.0139411 secs]2017-12-18T21:18:22.789+0300: 311.680: [weak refs processing, 0.0000228 secs]2017-12-18T21:18:22.789+0300: 311.680: [class unloading, 0.0012185 secs]2017-12-18T21:18:22.790+0300: 311.681: [scrub symbol table, 0.0010617 secs]2017-12-18T21:18:22.791+0300: 311.682: [scrub string table, 0.0001414 secs][1 CMS-remark: 328120K(349568K)] 399128K(506816K), 0.0164546 secs] [Times: user=0.08 sys=0.00, real=0.02 secs] 
2017-12-18T21:18:22.791+0300: 311.683: [CMS-concurrent-sweep-start]
2017-12-18T21:18:22.912+0300: 311.804: [CMS-concurrent-sweep: 0.121/0.121 secs] [Times: user=0.25 sys=0.00, real=0.12 secs] 
2017-12-18T21:18:22.913+0300: 311.804: [CMS-concurrent-reset-start]
2017-12-18T21:18:22.913+0300: 311.805: [CMS-concurrent-reset: 0.001/0.001 secs] [Times: user=0.00 sys=0.00, real=0.00 secs] 
2017-12-18T21:18:24.914+0300: 313.805: [GC (CMS Initial Mark) [1 CMS-initial-mark: 328010K(349568K)] 399017K(506816K), 0.0126368 secs] [Times: user=0.06 sys=0.00, real=0.01 secs] 
2017-12-18T21:18:24.926+0300: 313.818: [CMS-concurrent-mark-start]
2017-12-18T21:18:25.234+0300: 314.126: [CMS-concurrent-mark: 0.308/0.308 secs] [Times: user=0.94 sys=0.00, real=0.31 secs] 
2017-12-18T21:18:25.234+0300: 314.126: [CMS-concurrent-preclean-start]
2017-12-18T21:18:25.235+0300: 314.127: [CMS-concurrent-preclean: 0.001/0.001 secs] [Times: user=0.00 sys=0.00, real=0.00 secs] 
2017-12-18T21:18:25.235+0300: 314.127: [CMS-concurrent-abortable-preclean-start]
2017-12-18T21:18:25.235+0300: 314.127: [CMS-concurrent-abortable-preclean: 0.000/0.000 secs] [Times: user=0.00 sys=0.00, real=0.00 secs] 
2017-12-18T21:18:25.239+0300: 314.130: [GC (CMS Final Remark) [YG occupancy: 71007 K (157248 K)]2017-12-18T21:18:25.239+0300: 314.130: [Rescan (parallel) , 0.0139551 secs]2017-12-18T21:18:25.253+0300: 314.144: [weak refs processing, 0.0000168 secs]2017-12-18T21:18:25.253+0300: 314.144: [class unloading, 0.0013904 secs]2017-12-18T21:18:25.254+0300: 314.146: [scrub symbol table, 0.0009853 secs]2017-12-18T21:18:25.255+0300: 314.147: [scrub string table, 0.0001323 secs][1 CMS-remark: 328010K(349568K)] 399017K(506816K), 0.0165541 secs] [Times: user=0.08 sys=0.00, real=0.02 secs] 
2017-12-18T21:18:25.255+0300: 314.147: [CMS-concurrent-sweep-start]
2017-12-18T21:18:25.384+0300: 314.276: [CMS-concurrent-sweep: 0.129/0.129 secs] [Times: user=0.25 sys=0.00, real=0.13 secs] 
2017-12-18T21:18:25.384+0300: 314.276: [CMS-concurrent-reset-start]
2017-12-18T21:18:25.385+0300: 314.276: [CMS-concurrent-reset: 0.001/0.001 secs] [Times: user=0.00 sys=0.00, real=0.00 secs] 
2017-12-18T21:18:27.386+0300: 316.277: [GC (CMS Initial Mark) [1 CMS-initial-mark: 327909K(349568K)] 398917K(506816K), 0.0127263 secs] [Times: user=0.00 sys=0.00, real=0.01 secs] 
2017-12-18T21:18:27.398+0300: 316.290: [CMS-concurrent-mark-start]
2017-12-18T21:18:27.693+0300: 316.585: [CMS-concurrent-mark: 0.295/0.295 secs] [Times: user=0.89 sys=0.00, real=0.30 secs] 
2017-12-18T21:18:27.693+0300: 316.585: [CMS-concurrent-preclean-start]
2017-12-18T21:18:27.694+0300: 316.586: [CMS-concurrent-preclean: 0.001/0.001 secs] [Times: user=0.00 sys=0.00, real=0.00 secs] 
2017-12-18T21:18:27.694+0300: 316.586: [CMS-concurrent-abortable-preclean-start]
2017-12-18T21:18:27.694+0300: 316.586: [CMS-concurrent-abortable-preclean: 0.000/0.000 secs] [Times: user=0.00 sys=0.00, real=0.00 secs] 
2017-12-18T21:18:27.697+0300: 316.588: [GC (CMS Final Remark) [YG occupancy: 71007 K (157248 K)]2017-12-18T21:18:27.697+0300: 316.588: [Rescan (parallel) , 0.0134162 secs]2017-12-18T21:18:27.710+0300: 316.602: [weak refs processing, 0.0000171 secs]2017-12-18T21:18:27.710+0300: 316.602: [class unloading, 0.0012961 secs]2017-12-18T21:18:27.711+0300: 316.603: [scrub symbol table, 0.0012504 secs]2017-12-18T21:18:27.713+0300: 316.604: [scrub string table, 0.0001505 secs][1 CMS-remark: 327909K(349568K)] 398917K(506816K), 0.0162042 secs] [Times: user=0.01 sys=0.00, real=0.02 secs] 
2017-12-18T21:18:27.713+0300: 316.605: [CMS-concurrent-sweep-start]
2017-12-18T21:18:27.831+0300: 316.723: [CMS-concurrent-sweep: 0.119/0.119 secs] [Times: user=0.22 sys=0.00, real=0.12 secs] 
2017-12-18T21:18:27.832+0300: 316.723: [CMS-concurrent-reset-start]
2017-12-18T21:18:27.832+0300: 316.724: [CMS-concurrent-reset: 0.001/0.001 secs] [Times: user=0.00 sys=0.00, real=0.00 secs] 
2017-12-18T21:18:29.834+0300: 318.726: [GC (CMS Initial Mark) [1 CMS-initial-mark: 327814K(349568K)] 399441K(506816K), 0.0128078 secs] [Times: user=0.00 sys=0.00, real=0.01 secs] 
2017-12-18T21:18:29.846+0300: 318.738: [CMS-concurrent-mark-start]
2017-12-18T21:18:30.149+0300: 319.041: [CMS-concurrent-mark: 0.303/0.303 secs] [Times: user=0.94 sys=0.00, real=0.30 secs] 
2017-12-18T21:18:30.150+0300: 319.042: [CMS-concurrent-preclean-start]
2017-12-18T21:18:30.150+0300: 319.042: [CMS-concurrent-preclean: 0.001/0.001 secs] [Times: user=0.00 sys=0.00, real=0.00 secs] 
2017-12-18T21:18:30.150+0300: 319.042: [CMS-concurrent-abortable-preclean-start]
2017-12-18T21:18:30.150+0300: 319.042: [CMS-concurrent-abortable-preclean: 0.000/0.000 secs] [Times: user=0.00 sys=0.00, real=0.00 secs] 
2017-12-18T21:18:30.151+0300: 319.043: [GC (CMS Final Remark) [YG occupancy: 71626 K (157248 K)]2017-12-18T21:18:30.151+0300: 319.043: [Rescan (parallel) , 0.0139283 secs]2017-12-18T21:18:30.165+0300: 319.057: [weak refs processing, 0.0000148 secs]2017-12-18T21:18:30.165+0300: 319.057: [class unloading, 0.0012676 secs]2017-12-18T21:18:30.166+0300: 319.058: [scrub symbol table, 0.0012567 secs]2017-12-18T21:18:30.167+0300: 319.059: [scrub string table, 0.0001497 secs][1 CMS-remark: 327814K(349568K)] 399441K(506816K), 0.0166889 secs] [Times: user=0.08 sys=0.00, real=0.02 secs] 
2017-12-18T21:18:30.167+0300: 319.059: [CMS-concurrent-sweep-start]
2017-12-18T21:18:30.285+0300: 319.177: [CMS-concurrent-sweep: 0.118/0.118 secs] [Times: user=0.25 sys=0.00, real=0.12 secs] 
2017-12-18T21:18:30.285+0300: 319.177: [CMS-concurrent-reset-start]
2017-12-18T21:18:30.286+0300: 319.178: [CMS-concurrent-reset: 0.001/0.001 secs] [Times: user=0.00 sys=0.00, real=0.00 secs] 
2017-12-18T21:18:32.287+0300: 321.179: [GC (CMS Initial Mark) [1 CMS-initial-mark: 327729K(349568K)] 399355K(506816K), 0.0126587 secs] [Times: user=0.06 sys=0.00, real=0.01 secs] 
2017-12-18T21:18:32.299+0300: 321.191: [CMS-concurrent-mark-start]
2017-12-18T21:18:32.593+0300: 321.485: [CMS-concurrent-mark: 0.293/0.293 secs] [Times: user=0.89 sys=0.00, real=0.29 secs] 
2017-12-18T21:18:32.593+0300: 321.485: [CMS-concurrent-preclean-start]
2017-12-18T21:18:32.594+0300: 321.486: [CMS-concurrent-preclean: 0.001/0.001 secs] [Times: user=0.00 sys=0.00, real=0.00 secs] 
2017-12-18T21:18:32.594+0300: 321.486: [CMS-concurrent-abortable-preclean-start]
2017-12-18T21:18:32.594+0300: 321.486: [CMS-concurrent-abortable-preclean: 0.000/0.000 secs] [Times: user=0.00 sys=0.00, real=0.00 secs] 
2017-12-18T21:18:32.597+0300: 321.489: [GC (CMS Final Remark) [YG occupancy: 71626 K (157248 K)]2017-12-18T21:18:32.597+0300: 321.489: [Rescan (parallel) , 0.0134984 secs]2017-12-18T21:18:32.610+0300: 321.502: [weak refs processing, 0.0000291 secs]2017-12-18T21:18:32.610+0300: 321.502: [class unloading, 0.0011404 secs]2017-12-18T21:18:32.611+0300: 321.503: [scrub symbol table, 0.0010275 secs]2017-12-18T21:18:32.612+0300: 321.504: [scrub string table, 0.0001406 secs][1 CMS-remark: 327729K(349568K)] 399355K(506816K), 0.0159160 secs] [Times: user=0.06 sys=0.00, real=0.02 secs] 
2017-12-18T21:18:32.613+0300: 321.505: [CMS-concurrent-sweep-start]
2017-12-18T21:18:32.734+0300: 321.626: [CMS-concurrent-sweep: 0.122/0.122 secs] [Times: user=0.25 sys=0.00, real=0.12 secs] 
2017-12-18T21:18:32.734+0300: 321.626: [CMS-concurrent-reset-start]
2017-12-18T21:18:32.735+0300: 321.627: [CMS-concurrent-reset: 0.001/0.001 secs] [Times: user=0.00 sys=0.00, real=0.00 secs] 
2017-12-18T21:18:34.737+0300: 323.628: [GC (CMS Initial Mark) [1 CMS-initial-mark: 327647K(349568K)] 399892K(506816K), 0.0125595 secs] [Times: user=0.06 sys=0.00, real=0.01 secs] 
2017-12-18T21:18:34.749+0300: 323.640: [CMS-concurrent-mark-start]
2017-12-18T21:18:35.042+0300: 323.934: [CMS-concurrent-mark: 0.293/0.293 secs] [Times: user=0.84 sys=0.00, real=0.29 secs] 
2017-12-18T21:18:35.042+0300: 323.934: [CMS-concurrent-preclean-start]
2017-12-18T21:18:35.043+0300: 323.934: [CMS-concurrent-preclean: 0.001/0.001 secs] [Times: user=0.03 sys=0.00, real=0.00 secs] 
2017-12-18T21:18:35.043+0300: 323.934: [CMS-concurrent-abortable-preclean-start]
2017-12-18T21:18:35.043+0300: 323.934: [CMS-concurrent-abortable-preclean: 0.000/0.000 secs] [Times: user=0.00 sys=0.00, real=0.00 secs] 
2017-12-18T21:18:35.044+0300: 323.935: [GC (CMS Final Remark) [YG occupancy: 72245 K (157248 K)]2017-12-18T21:18:35.044+0300: 323.935: [Rescan (parallel) , 0.0135477 secs]2017-12-18T21:18:35.057+0300: 323.948: [weak refs processing, 0.0000160 secs]2017-12-18T21:18:35.057+0300: 323.948: [class unloading, 0.0011712 secs]2017-12-18T21:18:35.058+0300: 323.950: [scrub symbol table, 0.0010304 secs]2017-12-18T21:18:35.059+0300: 323.951: [scrub string table, 0.0001411 secs][1 CMS-remark: 327647K(349568K)] 399892K(506816K), 0.0159782 secs] [Times: user=0.02 sys=0.00, real=0.02 secs] 
2017-12-18T21:18:35.060+0300: 323.951: [CMS-concurrent-sweep-start]
2017-12-18T21:18:35.178+0300: 324.069: [CMS-concurrent-sweep: 0.118/0.118 secs] [Times: user=0.22 sys=0.00, real=0.12 secs] 
2017-12-18T21:18:35.178+0300: 324.069: [CMS-concurrent-reset-start]
2017-12-18T21:18:35.178+0300: 324.070: [CMS-concurrent-reset: 0.001/0.001 secs] [Times: user=0.00 sys=0.00, real=0.00 secs] 
2017-12-18T21:18:37.178+0300: 326.069: [GC (CMS Initial Mark) [1 CMS-initial-mark: 327571K(349568K)] 447861K(506816K), 0.0593752 secs] [Times: user=0.27 sys=0.00, real=0.06 secs] 
2017-12-18T21:18:37.237+0300: 326.129: [CMS-concurrent-mark-start]
2017-12-18T21:18:37.534+0300: 326.426: [CMS-concurrent-mark: 0.297/0.297 secs] [Times: user=0.59 sys=0.00, real=0.30 secs] 
2017-12-18T21:18:37.534+0300: 326.426: [CMS-concurrent-preclean-start]
2017-12-18T21:18:37.535+0300: 326.426: [CMS-concurrent-preclean: 0.000/0.000 secs] [Times: user=0.00 sys=0.00, real=0.00 secs] 
2017-12-18T21:18:37.535+0300: 326.426: [CMS-concurrent-abortable-preclean-start]
2017-12-18T21:18:37.535+0300: 326.426: [CMS-concurrent-abortable-preclean: 0.000/0.000 secs] [Times: user=0.00 sys=0.00, real=0.00 secs] 
2017-12-18T21:18:37.535+0300: 326.426: [GC (CMS Final Remark) [YG occupancy: 120289 K (157248 K)]2017-12-18T21:18:37.535+0300: 326.426: [Rescan (parallel) , 0.0223470 secs]2017-12-18T21:18:37.557+0300: 326.449: [weak refs processing, 0.0000351 secs]2017-12-18T21:18:37.557+0300: 326.449: [class unloading, 0.0013696 secs]2017-12-18T21:18:37.559+0300: 326.450: [scrub symbol table, 0.0009839 secs]2017-12-18T21:18:37.560+0300: 326.451: [scrub string table, 0.0001334 secs][1 CMS-remark: 327571K(349568K)] 447861K(506816K), 0.0249420 secs] [Times: user=0.13 sys=0.00, real=0.02 secs] 
2017-12-18T21:18:37.560+0300: 326.451: [CMS-concurrent-sweep-start]
2017-12-18T21:18:37.677+0300: 326.568: [CMS-concurrent-sweep: 0.117/0.117 secs] [Times: user=0.11 sys=0.00, real=0.12 secs] 
2017-12-18T21:18:37.677+0300: 326.568: [CMS-concurrent-reset-start]
2017-12-18T21:18:37.678+0300: 326.569: [CMS-concurrent-reset: 0.001/0.001 secs] [Times: user=0.00 sys=0.00, real=0.00 secs] 
2017-12-18T21:18:39.678+0300: 328.569: [GC (CMS Initial Mark) [1 CMS-initial-mark: 327549K(349568K)] 447839K(506816K), 0.0212254 secs] [Times: user=0.06 sys=0.00, real=0.02 secs] 
2017-12-18T21:18:39.699+0300: 328.590: [CMS-concurrent-mark-start]
2017-12-18T21:18:40.001+0300: 328.892: [CMS-concurrent-mark: 0.302/0.302 secs] [Times: user=0.89 sys=0.00, real=0.30 secs] 
2017-12-18T21:18:40.001+0300: 328.892: [CMS-concurrent-preclean-start]
2017-12-18T21:18:40.011+0300: 328.902: [CMS-concurrent-preclean: 0.009/0.010 secs] [Times: user=0.03 sys=0.00, real=0.01 secs] 
2017-12-18T21:18:40.011+0300: 328.902: [CMS-concurrent-abortable-preclean-start]
2017-12-18T21:18:40.011+0300: 328.902: [CMS-concurrent-abortable-preclean: 0.000/0.000 secs] [Times: user=0.00 sys=0.00, real=0.00 secs] 
2017-12-18T21:18:40.011+0300: 328.903: [GC (CMS Final Remark) [YG occupancy: 120289 K (157248 K)]2017-12-18T21:18:40.011+0300: 328.903: [Rescan (parallel) , 0.0216066 secs]2017-12-18T21:18:40.033+0300: 328.924: [weak refs processing, 0.0000168 secs]2017-12-18T21:18:40.033+0300: 328.924: [class unloading, 0.0014526 secs]2017-12-18T21:18:40.034+0300: 328.926: [scrub symbol table, 0.0010392 secs]2017-12-18T21:18:40.035+0300: 328.927: [scrub string table, 0.0001708 secs][1 CMS-remark: 327549K(349568K)] 447839K(506816K), 0.0243632 secs] [Times: user=0.09 sys=0.00, real=0.03 secs] 
2017-12-18T21:18:40.036+0300: 328.927: [CMS-concurrent-sweep-start]
2017-12-18T21:18:40.155+0300: 329.047: [CMS-concurrent-sweep: 0.120/0.120 secs] [Times: user=0.22 sys=0.00, real=0.12 secs] 
2017-12-18T21:18:40.155+0300: 329.047: [CMS-concurrent-reset-start]
2017-12-18T21:18:40.156+0300: 329.047: [CMS-concurrent-reset: 0.001/0.001 secs] [Times: user=0.00 sys=0.00, real=0.00 secs] 
2017-12-18T21:18:42.156+0300: 331.047: [GC (CMS Initial Mark) [1 CMS-initial-mark: 326673K(349568K)] 446963K(506816K), 0.0206615 secs] [Times: user=0.13 sys=0.00, real=0.02 secs] 
2017-12-18T21:18:42.176+0300: 331.068: [CMS-concurrent-mark-start]
2017-12-18T21:18:42.470+0300: 331.362: [CMS-concurrent-mark: 0.294/0.294 secs] [Times: user=0.89 sys=0.00, real=0.29 secs] 
2017-12-18T21:18:42.470+0300: 331.362: [CMS-concurrent-preclean-start]
2017-12-18T21:18:42.473+0300: 331.365: [CMS-concurrent-preclean: 0.003/0.003 secs] [Times: user=0.00 sys=0.00, real=0.00 secs] 
2017-12-18T21:18:42.473+0300: 331.365: [CMS-concurrent-abortable-preclean-start]
2017-12-18T21:18:42.473+0300: 331.365: [CMS-concurrent-abortable-preclean: 0.000/0.000 secs] [Times: user=0.00 sys=0.00, real=0.00 secs] 
2017-12-18T21:18:42.473+0300: 331.365: [GC (CMS Final Remark) [YG occupancy: 120289 K (157248 K)]2017-12-18T21:18:42.473+0300: 331.365: [Rescan (parallel) , 0.0226173 secs]2017-12-18T21:18:42.496+0300: 331.388: [weak refs processing, 0.0000145 secs]2017-12-18T21:18:42.496+0300: 331.388: [class unloading, 0.0013785 secs]2017-12-18T21:18:42.498+0300: 331.389: [scrub symbol table, 0.0010227 secs]2017-12-18T21:18:42.499+0300: 331.390: [scrub string table, 0.0001357 secs][1 CMS-remark: 326673K(349568K)] 446963K(506816K), 0.0252328 secs] [Times: user=0.06 sys=0.00, real=0.03 secs] 
2017-12-18T21:18:42.499+0300: 331.390: [CMS-concurrent-sweep-start]
2017-12-18T21:18:42.634+0300: 331.525: [CMS-concurrent-sweep: 0.135/0.135 secs] [Times: user=0.28 sys=0.00, real=0.13 secs] 
2017-12-18T21:18:42.634+0300: 331.525: [CMS-concurrent-reset-start]
2017-12-18T21:18:42.634+0300: 331.526: [CMS-concurrent-reset: 0.001/0.001 secs] [Times: user=0.00 sys=0.00, real=0.00 secs] 
2017-12-18T21:18:44.634+0300: 333.525: [GC (CMS Initial Mark) [1 CMS-initial-mark: 326232K(349568K)] 446522K(506816K), 0.0207442 secs] [Times: user=0.13 sys=0.00, real=0.02 secs] 
2017-12-18T21:18:44.655+0300: 333.546: [CMS-concurrent-mark-start]
2017-12-18T21:18:44.955+0300: 333.847: [CMS-concurrent-mark: 0.300/0.300 secs] [Times: user=0.91 sys=0.00, real=0.30 secs] 
2017-12-18T21:18:44.955+0300: 333.847: [CMS-concurrent-preclean-start]
2017-12-18T21:18:44.957+0300: 333.849: [CMS-concurrent-preclean: 0.002/0.002 secs] [Times: user=0.00 sys=0.00, real=0.00 secs] 
2017-12-18T21:18:44.957+0300: 333.849: [CMS-concurrent-abortable-preclean-start]
2017-12-18T21:18:44.957+0300: 333.849: [CMS-concurrent-abortable-preclean: 0.000/0.000 secs] [Times: user=0.00 sys=0.00, real=0.00 secs] 
2017-12-18T21:18:44.959+0300: 333.850: [GC (CMS Final Remark) [YG occupancy: 120289 K (157248 K)]2017-12-18T21:18:44.959+0300: 333.850: [Rescan (parallel) , 0.0216357 secs]2017-12-18T21:18:44.980+0300: 333.872: [weak refs processing, 0.0000168 secs]2017-12-18T21:18:44.980+0300: 333.872: [class unloading, 0.0012630 secs]2017-12-18T21:18:44.982+0300: 333.873: [scrub symbol table, 0.0010523 secs]2017-12-18T21:18:44.983+0300: 333.874: [scrub string table, 0.0001434 secs][1 CMS-remark: 326232K(349568K)] 446522K(506816K), 0.0241865 secs] [Times: user=0.16 sys=0.00, real=0.02 secs] 
2017-12-18T21:18:44.983+0300: 333.874: [CMS-concurrent-sweep-start]
2017-12-18T21:18:45.100+0300: 333.992: [CMS-concurrent-sweep: 0.117/0.117 secs] [Times: user=0.22 sys=0.00, real=0.12 secs] 
2017-12-18T21:18:45.100+0300: 333.992: [CMS-concurrent-reset-start]
2017-12-18T21:18:45.101+0300: 333.992: [CMS-concurrent-reset: 0.001/0.001 secs] [Times: user=0.00 sys=0.00, real=0.00 secs] 
2017-12-18T21:18:47.101+0300: 335.993: [GC (CMS Initial Mark) [1 CMS-initial-mark: 325898K(349568K)] 446188K(506816K), 0.0211262 secs] [Times: user=0.06 sys=0.00, real=0.02 secs] 
2017-12-18T21:18:47.122+0300: 336.014: [CMS-concurrent-mark-start]
2017-12-18T21:18:47.413+0300: 336.305: [CMS-concurrent-mark: 0.291/0.291 secs] [Times: user=0.89 sys=0.00, real=0.29 secs] 
2017-12-18T21:18:47.413+0300: 336.305: [CMS-concurrent-preclean-start]
2017-12-18T21:18:47.415+0300: 336.307: [CMS-concurrent-preclean: 0.002/0.002 secs] [Times: user=0.00 sys=0.00, real=0.00 secs] 
2017-12-18T21:18:47.415+0300: 336.307: [CMS-concurrent-abortable-preclean-start]
2017-12-18T21:18:47.415+0300: 336.307: [CMS-concurrent-abortable-preclean: 0.000/0.000 secs] [Times: user=0.00 sys=0.00, real=0.00 secs] 
2017-12-18T21:18:47.415+0300: 336.307: [GC (CMS Final Remark) [YG occupancy: 120289 K (157248 K)]2017-12-18T21:18:47.415+0300: 336.307: [Rescan (parallel) , 0.0218712 secs]2017-12-18T21:18:47.437+0300: 336.329: [weak refs processing, 0.0000182 secs]2017-12-18T21:18:47.437+0300: 336.329: [class unloading, 0.0011763 secs]2017-12-18T21:18:47.438+0300: 336.330: [scrub symbol table, 0.0010383 secs]2017-12-18T21:18:47.439+0300: 336.331: [scrub string table, 0.0001411 secs][1 CMS-remark: 325898K(349568K)] 446188K(506816K), 0.0243210 secs] [Times: user=0.08 sys=0.00, real=0.02 secs] 
2017-12-18T21:18:47.440+0300: 336.331: [CMS-concurrent-sweep-start]
2017-12-18T21:18:47.563+0300: 336.455: [CMS-concurrent-sweep: 0.123/0.123 secs] [Times: user=0.25 sys=0.00, real=0.12 secs] 
2017-12-18T21:18:47.563+0300: 336.455: [CMS-concurrent-reset-start]
2017-12-18T21:18:47.564+0300: 336.455: [CMS-concurrent-reset: 0.001/0.001 secs] [Times: user=0.00 sys=0.00, real=0.00 secs] 
2017-12-18T21:18:49.564+0300: 338.456: [GC (CMS Initial Mark) [1 CMS-initial-mark: 325621K(349568K)] 445911K(506816K), 0.0209723 secs] [Times: user=0.13 sys=0.00, real=0.02 secs] 
2017-12-18T21:18:49.585+0300: 338.477: [CMS-concurrent-mark-start]
2017-12-18T21:18:49.874+0300: 338.766: [CMS-concurrent-mark: 0.289/0.289 secs] [Times: user=0.84 sys=0.00, real=0.29 secs] 
2017-12-18T21:18:49.874+0300: 338.766: [CMS-concurrent-preclean-start]
2017-12-18T21:18:49.875+0300: 338.767: [CMS-concurrent-preclean: 0.001/0.001 secs] [Times: user=0.00 sys=0.00, real=0.00 secs] 
2017-12-18T21:18:49.875+0300: 338.767: [CMS-concurrent-abortable-preclean-start]
2017-12-18T21:18:49.875+0300: 338.767: [CMS-concurrent-abortable-preclean: 0.000/0.000 secs] [Times: user=0.00 sys=0.00, real=0.00 secs] 
2017-12-18T21:18:49.876+0300: 338.768: [GC (CMS Final Remark) [YG occupancy: 120289 K (157248 K)]2017-12-18T21:18:49.876+0300: 338.768: [Rescan (parallel) , 0.0232174 secs]2017-12-18T21:18:49.899+0300: 338.791: [weak refs processing, 0.0000180 secs]2017-12-18T21:18:49.899+0300: 338.791: [class unloading, 0.0012841 secs]2017-12-18T21:18:49.900+0300: 338.792: [scrub symbol table, 0.0010415 secs]2017-12-18T21:18:49.901+0300: 338.793: [scrub string table, 0.0001417 secs][1 CMS-remark: 325621K(349568K)] 445911K(506816K), 0.0257782 secs] [Times: user=0.14 sys=0.00, real=0.03 secs] 
2017-12-18T21:18:49.902+0300: 338.793: [CMS-concurrent-sweep-start]
2017-12-18T21:18:50.019+0300: 338.911: [CMS-concurrent-sweep: 0.117/0.117 secs] [Times: user=0.25 sys=0.00, real=0.12 secs] 
2017-12-18T21:18:50.019+0300: 338.911: [CMS-concurrent-reset-start]
2017-12-18T21:18:50.019+0300: 338.911: [CMS-concurrent-reset: 0.001/0.001 secs] [Times: user=0.00 sys=0.00, real=0.00 secs] 
2017-12-18T21:18:52.022+0300: 340.913: [GC (CMS Initial Mark) [1 CMS-initial-mark: 325375K(349568K)] 445665K(506816K), 0.0203442 secs] [Times: user=0.06 sys=0.00, real=0.02 secs] 
2017-12-18T21:18:52.042+0300: 340.933: [CMS-concurrent-mark-start]
2017-12-18T21:18:52.332+0300: 341.223: [CMS-concurrent-mark: 0.290/0.290 secs] [Times: user=0.89 sys=0.00, real=0.29 secs] 
2017-12-18T21:18:52.332+0300: 341.223: [CMS-concurrent-preclean-start]
2017-12-18T21:18:52.333+0300: 341.224: [CMS-concurrent-preclean: 0.001/0.001 secs] [Times: user=0.00 sys=0.00, real=0.00 secs] 
2017-12-18T21:18:52.333+0300: 341.224: [CMS-concurrent-abortable-preclean-start]
2017-12-18T21:18:52.333+0300: 341.224: [CMS-concurrent-abortable-preclean: 0.000/0.000 secs] [Times: user=0.00 sys=0.00, real=0.00 secs] 
2017-12-18T21:18:52.334+0300: 341.225: [GC (CMS Final Remark) [YG occupancy: 120289 K (157248 K)]2017-12-18T21:18:52.334+0300: 341.225: [Rescan (parallel) , 0.0232308 secs]2017-12-18T21:18:52.357+0300: 341.248: [weak refs processing, 0.0000379 secs]2017-12-18T21:18:52.357+0300: 341.248: [class unloading, 0.0012918 secs]2017-12-18T21:18:52.358+0300: 341.249: [scrub symbol table, 0.0010512 secs]2017-12-18T21:18:52.359+0300: 341.250: [scrub string table, 0.0001408 secs][1 CMS-remark: 325375K(349568K)] 445665K(506816K), 0.0258289 secs] [Times: user=0.08 sys=0.00, real=0.02 secs] 
2017-12-18T21:18:52.359+0300: 341.250: [CMS-concurrent-sweep-start]
2017-12-18T21:18:52.482+0300: 341.373: [CMS-concurrent-sweep: 0.123/0.123 secs] [Times: user=0.22 sys=0.00, real=0.12 secs] 
2017-12-18T21:18:52.482+0300: 341.373: [CMS-concurrent-reset-start]
2017-12-18T21:18:52.483+0300: 341.374: [CMS-concurrent-reset: 0.001/0.001 secs] [Times: user=0.00 sys=0.00, real=0.00 secs] 
2017-12-18T21:18:54.483+0300: 343.374: [GC (CMS Initial Mark) [1 CMS-initial-mark: 325158K(349568K)] 446067K(506816K), 0.0210920 secs] [Times: user=0.06 sys=0.00, real=0.02 secs] 
2017-12-18T21:18:54.504+0300: 343.395: [CMS-concurrent-mark-start]
2017-12-18T21:18:54.796+0300: 343.687: [CMS-concurrent-mark: 0.292/0.292 secs] [Times: user=0.89 sys=0.00, real=0.29 secs] 
2017-12-18T21:18:54.796+0300: 343.687: [CMS-concurrent-preclean-start]
2017-12-18T21:18:54.797+0300: 343.688: [CMS-concurrent-preclean: 0.001/0.001 secs] [Times: user=0.00 sys=0.00, real=0.00 secs] 
2017-12-18T21:18:54.797+0300: 343.688: [CMS-concurrent-abortable-preclean-start]
2017-12-18T21:18:54.797+0300: 343.688: [CMS-concurrent-abortable-preclean: 0.000/0.000 secs] [Times: user=0.00 sys=0.00, real=0.00 secs] 
2017-12-18T21:18:54.800+0300: 343.691: [GC (CMS Final Remark) [YG occupancy: 120908 K (157248 K)]2017-12-18T21:18:54.800+0300: 343.691: [Rescan (parallel) , 0.0225480 secs]2017-12-18T21:18:54.822+0300: 343.713: [weak refs processing, 0.0000177 secs]2017-12-18T21:18:54.822+0300: 343.713: [class unloading, 0.0013588 secs]2017-12-18T21:18:54.824+0300: 343.715: [scrub symbol table, 0.0012559 secs]2017-12-18T21:18:54.825+0300: 343.716: [scrub string table, 0.0001531 secs][1 CMS-remark: 325158K(349568K)] 446067K(506816K), 0.0254041 secs] [Times: user=0.08 sys=0.00, real=0.03 secs] 
2017-12-18T21:18:54.825+0300: 343.716: [CMS-concurrent-sweep-start]
2017-12-18T21:18:54.948+0300: 343.840: [CMS-concurrent-sweep: 0.123/0.123 secs] [Times: user=0.22 sys=0.00, real=0.12 secs] 
2017-12-18T21:18:54.948+0300: 343.840: [CMS-concurrent-reset-start]
2017-12-18T21:18:54.949+0300: 343.840: [CMS-concurrent-reset: 0.001/0.001 secs] [Times: user=0.05 sys=0.00, real=0.00 secs] 
2017-12-18T21:18:56.949+0300: 345.840: [GC (CMS Initial Mark) [1 CMS-initial-mark: 324982K(349568K)] 445890K(506816K), 0.0211282 secs] [Times: user=0.06 sys=0.00, real=0.02 secs] 
2017-12-18T21:18:56.970+0300: 345.861: [CMS-concurrent-mark-start]
2017-12-18T21:18:57.278+0300: 346.169: [CMS-concurrent-mark: 0.308/0.308 secs] [Times: user=0.94 sys=0.00, real=0.31 secs] 
2017-12-18T21:18:57.278+0300: 346.169: [CMS-concurrent-preclean-start]
2017-12-18T21:18:57.279+0300: 346.170: [CMS-concurrent-preclean: 0.001/0.001 secs] [Times: user=0.00 sys=0.00, real=0.00 secs] 
2017-12-18T21:18:57.279+0300: 346.170: [CMS-concurrent-abortable-preclean-start]
2017-12-18T21:18:57.279+0300: 346.170: [CMS-concurrent-abortable-preclean: 0.000/0.000 secs] [Times: user=0.00 sys=0.00, real=0.00 secs] 
2017-12-18T21:18:57.281+0300: 346.172: [GC (CMS Final Remark) [YG occupancy: 120908 K (157248 K)]2017-12-18T21:18:57.281+0300: 346.172: [Rescan (parallel) , 0.0218452 secs]2017-12-18T21:18:57.302+0300: 346.194: [weak refs processing, 0.0000168 secs]2017-12-18T21:18:57.302+0300: 346.194: [class unloading, 0.0011866 secs]2017-12-18T21:18:57.304+0300: 346.195: [scrub symbol table, 0.0010626 secs]2017-12-18T21:18:57.305+0300: 346.196: [scrub string table, 0.0001371 secs][1 CMS-remark: 324982K(349568K)] 445890K(506816K), 0.0243413 secs] [Times: user=0.09 sys=0.00, real=0.02 secs] 
2017-12-18T21:18:57.305+0300: 346.196: [CMS-concurrent-sweep-start]
2017-12-18T21:18:57.449+0300: 346.340: [CMS-concurrent-sweep: 0.144/0.144 secs] [Times: user=0.28 sys=0.00, real=0.14 secs] 
2017-12-18T21:18:57.449+0300: 346.340: [CMS-concurrent-reset-start]
2017-12-18T21:18:57.449+0300: 346.341: [CMS-concurrent-reset: 0.001/0.001 secs] [Times: user=0.00 sys=0.00, real=0.00 secs] 
2017-12-18T21:18:59.449+0300: 348.340: [GC (CMS Initial Mark) [1 CMS-initial-mark: 324817K(349568K)] 445725K(506816K), 0.0209985 secs] [Times: user=0.06 sys=0.00, real=0.02 secs] 
2017-12-18T21:18:59.470+0300: 348.361: [CMS-concurrent-mark-start]
2017-12-18T21:18:59.758+0300: 348.649: [CMS-concurrent-mark: 0.288/0.288 secs] [Times: user=0.89 sys=0.00, real=0.29 secs] 
2017-12-18T21:18:59.758+0300: 348.649: [CMS-concurrent-preclean-start]
2017-12-18T21:18:59.759+0300: 348.651: [CMS-concurrent-preclean: 0.001/0.001 secs] [Times: user=0.00 sys=0.00, real=0.00 secs] 
2017-12-18T21:18:59.759+0300: 348.651: [CMS-concurrent-abortable-preclean-start]
2017-12-18T21:18:59.759+0300: 348.651: [CMS-concurrent-abortable-preclean: 0.000/0.000 secs] [Times: user=0.00 sys=0.00, real=0.00 secs] 
2017-12-18T21:18:59.762+0300: 348.653: [GC (CMS Final Remark) [YG occupancy: 120908 K (157248 K)]2017-12-18T21:18:59.762+0300: 348.653: [Rescan (parallel) , 0.0226660 secs]2017-12-18T21:18:59.784+0300: 348.676: [weak refs processing, 0.0000248 secs]2017-12-18T21:18:59.784+0300: 348.676: [class unloading, 0.0012413 secs]2017-12-18T21:18:59.786+0300: 348.677: [scrub symbol table, 0.0010500 secs]2017-12-18T21:18:59.787+0300: 348.678: [scrub string table, 0.0001366 secs][1 CMS-remark: 324817K(349568K)] 445725K(506816K), 0.0251997 secs] [Times: user=0.08 sys=0.00, real=0.02 secs] 
2017-12-18T21:18:59.787+0300: 348.678: [CMS-concurrent-sweep-start]
2017-12-18T21:18:59.921+0300: 348.813: [CMS-concurrent-sweep: 0.135/0.135 secs] [Times: user=0.25 sys=0.00, real=0.13 secs] 
2017-12-18T21:18:59.921+0300: 348.813: [CMS-concurrent-reset-start]
2017-12-18T21:18:59.922+0300: 348.813: [CMS-concurrent-reset: 0.001/0.001 secs] [Times: user=0.00 sys=0.00, real=0.00 secs] 
2017-12-18T21:19:01.922+0300: 350.813: [GC (CMS Initial Mark) [1 CMS-initial-mark: 324663K(349568K)] 446480K(506816K), 0.0211764 secs] [Times: user=0.06 sys=0.00, real=0.02 secs] 
2017-12-18T21:19:01.943+0300: 350.834: [CMS-concurrent-mark-start]
2017-12-18T21:19:02.243+0300: 351.135: [CMS-concurrent-mark: 0.300/0.300 secs] [Times: user=0.89 sys=0.00, real=0.30 secs] 
2017-12-18T21:19:02.243+0300: 351.135: [CMS-concurrent-preclean-start]
2017-12-18T21:19:02.244+0300: 351.136: [CMS-concurrent-preclean: 0.001/0.001 secs] [Times: user=0.00 sys=0.00, real=0.00 secs] 
2017-12-18T21:19:02.244+0300: 351.136: [CMS-concurrent-abortable-preclean-start]
2017-12-18T21:19:02.244+0300: 351.136: [CMS-concurrent-abortable-preclean: 0.000/0.000 secs] [Times: user=0.00 sys=0.00, real=0.00 secs] 
2017-12-18T21:19:02.247+0300: 351.138: [GC (CMS Final Remark) [YG occupancy: 121817 K (157248 K)]2017-12-18T21:19:02.247+0300: 351.138: [Rescan (parallel) , 0.0216474 secs]2017-12-18T21:19:02.268+0300: 351.160: [weak refs processing, 0.0000174 secs]2017-12-18T21:19:02.268+0300: 351.160: [class unloading, 0.0013554 secs]2017-12-18T21:19:02.270+0300: 351.161: [scrub symbol table, 0.0007769 secs]2017-12-18T21:19:02.270+0300: 351.162: [scrub string table, 0.0001437 secs][1 CMS-remark: 324663K(349568K)] 446480K(506816K), 0.0240205 secs] [Times: user=0.16 sys=0.00, real=0.02 secs] 
2017-12-18T21:19:02.271+0300: 351.162: [CMS-concurrent-sweep-start]
2017-12-18T21:19:02.443+0300: 351.334: [CMS-concurrent-sweep: 0.172/0.172 secs] [Times: user=0.34 sys=0.00, real=0.17 secs] 
2017-12-18T21:19:02.443+0300: 351.334: [CMS-concurrent-reset-start]
2017-12-18T21:19:02.443+0300: 351.335: [CMS-concurrent-reset: 0.001/0.001 secs] [Times: user=0.00 sys=0.00, real=0.00 secs] 
2017-12-18T21:19:04.443+0300: 353.334: [GC (CMS Initial Mark) [1 CMS-initial-mark: 324527K(349568K)] 446344K(506816K), 0.0210749 secs] [Times: user=0.08 sys=0.00, real=0.02 secs] 
2017-12-18T21:19:04.464+0300: 353.355: [CMS-concurrent-mark-start]
2017-12-18T21:19:04.755+0300: 353.646: [CMS-concurrent-mark: 0.291/0.291 secs] [Times: user=0.84 sys=0.00, real=0.29 secs] 
2017-12-18T21:19:04.755+0300: 353.646: [CMS-concurrent-preclean-start]
2017-12-18T21:19:04.756+0300: 353.647: [CMS-concurrent-preclean: 0.001/0.001 secs] [Times: user=0.00 sys=0.00, real=0.00 secs] 
2017-12-18T21:19:04.756+0300: 353.647: [CMS-concurrent-abortable-preclean-start]
2017-12-18T21:19:04.756+0300: 353.647: [CMS-concurrent-abortable-preclean: 0.000/0.000 secs] [Times: user=0.00 sys=0.00, real=0.00 secs] 
2017-12-18T21:19:04.759+0300: 353.650: [GC (CMS Final Remark) [YG occupancy: 122436 K (157248 K)]2017-12-18T21:19:04.759+0300: 353.650: [Rescan (parallel) , 0.0283985 secs]2017-12-18T21:19:04.787+0300: 353.679: [weak refs processing, 0.0000182 secs]2017-12-18T21:19:04.787+0300: 353.679: [class unloading, 0.0012282 secs]2017-12-18T21:19:04.788+0300: 353.680: [scrub symbol table, 0.0010597 secs]2017-12-18T21:19:04.789+0300: 353.681: [scrub string table, 0.0001414 secs][1 CMS-remark: 324527K(349568K)] 446963K(506816K), 0.0309317 secs] [Times: user=0.11 sys=0.00, real=0.03 secs] 
2017-12-18T21:19:04.790+0300: 353.681: [CMS-concurrent-sweep-start]
2017-12-18T21:19:04.935+0300: 353.827: [CMS-concurrent-sweep: 0.145/0.145 secs] [Times: user=0.33 sys=0.00, real=0.14 secs] 
2017-12-18T21:19:04.935+0300: 353.827: [CMS-concurrent-reset-start]
2017-12-18T21:19:04.936+0300: 353.827: [CMS-concurrent-reset: 0.001/0.001 secs] [Times: user=0.00 sys=0.00, real=0.00 secs] 
2017-12-18T21:19:06.937+0300: 355.828: [GC (CMS Initial Mark) [1 CMS-initial-mark: 324400K(349568K)] 446836K(506816K), 0.0210264 secs] [Times: user=0.06 sys=0.00, real=0.02 secs] 
2017-12-18T21:19:06.958+0300: 355.849: [CMS-concurrent-mark-start]
2017-12-18T21:19:07.257+0300: 356.148: [CMS-concurrent-mark: 0.299/0.299 secs] [Times: user=0.94 sys=0.00, real=0.30 secs] 
2017-12-18T21:19:07.257+0300: 356.148: [CMS-concurrent-preclean-start]
2017-12-18T21:19:07.257+0300: 356.149: [CMS-concurrent-preclean: 0.001/0.001 secs] [Times: user=0.00 sys=0.00, real=0.00 secs] 
2017-12-18T21:19:07.257+0300: 356.149: [CMS-concurrent-abortable-preclean-start]
2017-12-18T21:19:07.258+0300: 356.149: [CMS-concurrent-abortable-preclean: 0.000/0.000 secs] [Times: user=0.00 sys=0.00, real=0.00 secs] 
2017-12-18T21:19:07.259+0300: 356.150: [GC (CMS Final Remark) [YG occupancy: 122436 K (157248 K)]2017-12-18T21:19:07.259+0300: 356.150: [Rescan (parallel) , 0.0218546 secs]2017-12-18T21:19:07.280+0300: 356.172: [weak refs processing, 0.0000171 secs]2017-12-18T21:19:07.280+0300: 356.172: [class unloading, 0.0013728 secs]2017-12-18T21:19:07.282+0300: 356.174: [scrub symbol table, 0.0012792 secs]2017-12-18T21:19:07.283+0300: 356.175: [scrub string table, 0.0001491 secs][1 CMS-remark: 324400K(349568K)] 446836K(506816K), 0.0247416 secs] [Times: user=0.08 sys=0.00, real=0.02 secs] 
2017-12-18T21:19:07.283+0300: 356.175: [CMS-concurrent-sweep-start]
2017-12-18T21:19:07.401+0300: 356.293: [CMS-concurrent-sweep: 0.118/0.118 secs] [Times: user=0.25 sys=0.00, real=0.12 secs] 
2017-12-18T21:19:07.401+0300: 356.293: [CMS-concurrent-reset-start]
2017-12-18T21:19:07.402+0300: 356.294: [CMS-concurrent-reset: 0.001/0.001 secs] [Times: user=0.00 sys=0.00, real=0.00 secs] 
2017-12-18T21:19:09.404+0300: 358.294: [GC (CMS Initial Mark) [1 CMS-initial-mark: 324289K(349568K)] 446725K(506816K), 0.0210230 secs] [Times: user=0.06 sys=0.00, real=0.02 secs] 
2017-12-18T21:19:09.425+0300: 358.316: [CMS-concurrent-mark-start]
2017-12-18T21:19:09.714+0300: 358.605: [CMS-concurrent-mark: 0.289/0.289 secs] [Times: user=0.89 sys=0.00, real=0.29 secs] 
2017-12-18T21:19:09.714+0300: 358.605: [CMS-concurrent-preclean-start]
2017-12-18T21:19:09.715+0300: 358.606: [CMS-concurrent-preclean: 0.001/0.001 secs] [Times: user=0.00 sys=0.00, real=0.00 secs] 
2017-12-18T21:19:09.715+0300: 358.606: [CMS-concurrent-abortable-preclean-start]
2017-12-18T21:19:09.715+0300: 358.606: [CMS-concurrent-abortable-preclean: 0.000/0.000 secs] [Times: user=0.00 sys=0.00, real=0.00 secs] 
2017-12-18T21:19:09.717+0300: 358.607: [GC (CMS Final Remark) [YG occupancy: 122436 K (157248 K)]2017-12-18T21:19:09.717+0300: 358.607: [Rescan (parallel) , 0.0222444 secs]2017-12-18T21:19:09.739+0300: 358.630: [weak refs processing, 0.0000217 secs]2017-12-18T21:19:09.739+0300: 358.630: [class unloading, 0.0011903 secs]2017-12-18T21:19:09.740+0300: 358.631: [scrub symbol table, 0.0007843 secs]2017-12-18T21:19:09.741+0300: 358.632: [scrub string table, 0.0001223 secs][1 CMS-remark: 324289K(349568K)] 446725K(506816K), 0.0244237 secs] [Times: user=0.13 sys=0.00, real=0.02 secs] 
2017-12-18T21:19:09.741+0300: 358.632: [CMS-concurrent-sweep-start]
2017-12-18T21:19:09.878+0300: 358.769: [CMS-concurrent-sweep: 0.137/0.137 secs] [Times: user=0.28 sys=0.00, real=0.14 secs] 
2017-12-18T21:19:09.878+0300: 358.769: [CMS-concurrent-reset-start]
2017-12-18T21:19:09.879+0300: 358.770: [CMS-concurrent-reset: 0.001/0.001 secs] [Times: user=0.00 sys=0.00, real=0.00 secs] 
2017-12-18T21:19:11.880+0300: 360.771: [GC (CMS Initial Mark) [1 CMS-initial-mark: 324186K(349568K)] 446622K(506816K), 0.0212143 secs] [Times: user=0.06 sys=0.00, real=0.02 secs] 
2017-12-18T21:19:11.901+0300: 360.792: [CMS-concurrent-mark-start]
2017-12-18T21:19:12.222+0300: 361.113: [CMS-concurrent-mark: 0.321/0.321 secs] [Times: user=0.98 sys=0.00, real=0.32 secs] 
2017-12-18T21:19:12.222+0300: 361.113: [CMS-concurrent-preclean-start]
2017-12-18T21:19:12.223+0300: 361.114: [CMS-concurrent-preclean: 0.001/0.001 secs] [Times: user=0.00 sys=0.00, real=0.00 secs] 
2017-12-18T21:19:12.223+0300: 361.114: [CMS-concurrent-abortable-preclean-start]
2017-12-18T21:19:12.223+0300: 361.114: [CMS-concurrent-abortable-preclean: 0.000/0.000 secs] [Times: user=0.00 sys=0.00, real=0.00 secs] 
2017-12-18T21:19:12.225+0300: 361.116: [GC (CMS Final Remark) [YG occupancy: 122436 K (157248 K)]2017-12-18T21:19:12.225+0300: 361.116: [Rescan (parallel) , 0.0219539 secs]2017-12-18T21:19:12.247+0300: 361.138: [weak refs processing, 0.0000197 secs]2017-12-18T21:19:12.247+0300: 361.138: [class unloading, 0.0014027 secs]2017-12-18T21:19:12.248+0300: 361.139: [scrub symbol table, 0.0012425 secs]2017-12-18T21:19:12.249+0300: 361.140: [scrub string table, 0.0001443 secs][1 CMS-remark: 324186K(349568K)] 446622K(506816K), 0.0248465 secs] [Times: user=0.09 sys=0.00, real=0.02 secs] 
2017-12-18T21:19:12.249+0300: 361.140: [CMS-concurrent-sweep-start]
2017-12-18T21:19:12.367+0300: 361.258: [CMS-concurrent-sweep: 0.117/0.117 secs] [Times: user=0.22 sys=0.00, real=0.12 secs] 
2017-12-18T21:19:12.367+0300: 361.258: [CMS-concurrent-reset-start]
2017-12-18T21:19:12.367+0300: 361.258: [CMS-concurrent-reset: 0.001/0.001 secs] [Times: user=0.00 sys=0.00, real=0.00 secs] 
2017-12-18T21:19:14.369+0300: 363.260: [GC (CMS Initial Mark) [1 CMS-initial-mark: 324086K(349568K)] 446522K(506816K), 0.0211778 secs] [Times: user=0.12 sys=0.00, real=0.02 secs] 
2017-12-18T21:19:14.390+0300: 363.281: [CMS-concurrent-mark-start]
2017-12-18T21:19:14.743+0300: 363.634: [CMS-concurrent-mark: 0.353/0.353 secs] [Times: user=1.03 sys=0.00, real=0.35 secs] 
2017-12-18T21:19:14.743+0300: 363.634: [CMS-concurrent-preclean-start]
2017-12-18T21:19:14.743+0300: 363.635: [CMS-concurrent-preclean: 0.001/0.001 secs] [Times: user=0.00 sys=0.00, real=0.00 secs] 
2017-12-18T21:19:14.743+0300: 363.635: [CMS-concurrent-abortable-preclean-start]
2017-12-18T21:19:14.743+0300: 363.635: [CMS-concurrent-abortable-preclean: 0.000/0.000 secs] [Times: user=0.00 sys=0.00, real=0.00 secs] 
2017-12-18T21:19:14.747+0300: 363.638: [GC (CMS Final Remark) [YG occupancy: 122436 K (157248 K)]2017-12-18T21:19:14.747+0300: 363.638: [Rescan (parallel) , 0.0236853 secs]2017-12-18T21:19:14.770+0300: 363.661: [weak refs processing, 0.0000148 secs]2017-12-18T21:19:14.770+0300: 363.661: [class unloading, 0.0013374 secs]2017-12-18T21:19:14.772+0300: 363.663: [scrub symbol table, 0.0010004 secs]2017-12-18T21:19:14.773+0300: 363.664: [scrub string table, 0.0001388 secs][1 CMS-remark: 324086K(349568K)] 446522K(506816K), 0.0262463 secs] [Times: user=0.08 sys=0.00, real=0.03 secs] 
2017-12-18T21:19:14.773+0300: 363.664: [CMS-concurrent-sweep-start]
2017-12-18T21:19:14.895+0300: 363.786: [CMS-concurrent-sweep: 0.122/0.122 secs] [Times: user=0.25 sys=0.00, real=0.12 secs] 
2017-12-18T21:19:14.895+0300: 363.786: [CMS-concurrent-reset-start]
2017-12-18T21:19:14.895+0300: 363.786: [CMS-concurrent-reset: 0.001/0.001 secs] [Times: user=0.00 sys=0.00, real=0.00 secs] 
2017-12-18T21:19:16.897+0300: 365.788: [GC (CMS Initial Mark) [1 CMS-initial-mark: 324004K(349568K)] 446440K(506816K), 0.0214410 secs] [Times: user=0.13 sys=0.00, real=0.02 secs] 
2017-12-18T21:19:16.918+0300: 365.809: [CMS-concurrent-mark-start]
2017-12-18T21:19:17.233+0300: 366.125: [CMS-concurrent-mark: 0.315/0.315 secs] [Times: user=0.94 sys=0.00, real=0.32 secs] 
2017-12-18T21:19:17.233+0300: 366.125: [CMS-concurrent-preclean-start]
2017-12-18T21:19:17.234+0300: 366.125: [CMS-concurrent-preclean: 0.001/0.001 secs] [Times: user=0.00 sys=0.00, real=0.00 secs] 
2017-12-18T21:19:17.234+0300: 366.125: [CMS-concurrent-abortable-preclean-start]
2017-12-18T21:19:17.234+0300: 366.125: [CMS-concurrent-abortable-preclean: 0.000/0.000 secs] [Times: user=0.00 sys=0.00, real=0.00 secs] 
2017-12-18T21:19:17.238+0300: 366.129: [GC (CMS Final Remark) [YG occupancy: 122436 K (157248 K)]2017-12-18T21:19:17.238+0300: 366.129: [Rescan (parallel) , 0.0225414 secs]2017-12-18T21:19:17.260+0300: 366.151: [weak refs processing, 0.0000185 secs]2017-12-18T21:19:17.260+0300: 366.151: [class unloading, 0.0012499 secs]2017-12-18T21:19:17.261+0300: 366.153: [scrub symbol table, 0.0010315 secs]2017-12-18T21:19:17.262+0300: 366.154: [scrub string table, 0.0001437 secs][1 CMS-remark: 324004K(349568K)] 446440K(506816K), 0.0250543 secs] [Times: user=0.16 sys=0.00, real=0.03 secs] 
2017-12-18T21:19:17.263+0300: 366.154: [CMS-concurrent-sweep-start]
2017-12-18T21:19:17.393+0300: 366.284: [CMS-concurrent-sweep: 0.130/0.130 secs] [Times: user=0.25 sys=0.00, real=0.13 secs] 
2017-12-18T21:19:17.393+0300: 366.284: [CMS-concurrent-reset-start]
2017-12-18T21:19:17.394+0300: 366.285: [CMS-concurrent-reset: 0.001/0.001 secs] [Times: user=0.00 sys=0.00, real=0.00 secs] 
2017-12-18T21:19:19.395+0300: 368.286: [GC (CMS Initial Mark) [1 CMS-initial-mark: 323922K(349568K)] 446358K(506816K), 0.0214147 secs] [Times: user=0.06 sys=0.00, real=0.02 secs] 
2017-12-18T21:19:19.416+0300: 368.307: [CMS-concurrent-mark-start]
2017-12-18T21:19:19.729+0300: 368.620: [CMS-concurrent-mark: 0.313/0.313 secs] [Times: user=0.94 sys=0.00, real=0.31 secs] 
2017-12-18T21:19:19.729+0300: 368.620: [CMS-concurrent-preclean-start]
2017-12-18T21:19:19.729+0300: 368.621: [CMS-concurrent-preclean: 0.001/0.001 secs] [Times: user=0.00 sys=0.00, real=0.00 secs] 
2017-12-18T21:19:19.729+0300: 368.621: [CMS-concurrent-abortable-preclean-start]
2017-12-18T21:19:19.729+0300: 368.621: [CMS-concurrent-abortable-preclean: 0.000/0.000 secs] [Times: user=0.00 sys=0.00, real=0.00 secs] 
2017-12-18T21:19:19.733+0300: 368.624: [GC (CMS Final Remark) [YG occupancy: 122436 K (157248 K)]2017-12-18T21:19:19.733+0300: 368.624: [Rescan (parallel) , 0.0217181 secs]2017-12-18T21:19:19.754+0300: 368.646: [weak refs processing, 0.0000177 secs]2017-12-18T21:19:19.754+0300: 368.646: [class unloading, 0.0012179 secs]2017-12-18T21:19:19.756+0300: 368.647: [scrub symbol table, 0.0010509 secs]2017-12-18T21:19:19.757+0300: 368.648: [scrub string table, 0.0001371 secs][1 CMS-remark: 323922K(349568K)] 446358K(506816K), 0.0242153 secs] [Times: user=0.16 sys=0.00, real=0.02 secs] 
2017-12-18T21:19:19.757+0300: 368.648: [CMS-concurrent-sweep-start]
2017-12-18T21:19:19.874+0300: 368.765: [CMS-concurrent-sweep: 0.117/0.117 secs] [Times: user=0.22 sys=0.00, real=0.12 secs] 
2017-12-18T21:19:19.874+0300: 368.766: [CMS-concurrent-reset-start]
2017-12-18T21:19:19.875+0300: 368.766: [CMS-concurrent-reset: 0.001/0.001 secs] [Times: user=0.00 sys=0.00, real=0.00 secs] 
2017-12-18T21:19:21.875+0300: 370.766: [GC (CMS Initial Mark) [1 CMS-initial-mark: 323839K(349568K)] 446275K(506816K), 0.0565864 secs] [Times: user=0.19 sys=0.00, real=0.06 secs] 
2017-12-18T21:19:21.931+0300: 370.823: [CMS-concurrent-mark-start]
2017-12-18T21:19:21.938+0300: 370.829: [GC (Allocation Failure) 2017-12-18T21:19:21.938+0300: 370.829: [ParNew: 139776K->139776K(157248K), 0.0000182 secs]2017-12-18T21:19:21.938+0300: 370.829: [CMS2017-12-18T21:19:22.225+0300: 371.116: [CMS-concurrent-mark: 0.292/0.293 secs] [Times: user=0.61 sys=0.00, real=0.29 secs] 
 (concurrent mode failure): 323839K->349568K(349568K), 1.2665544 secs] 463615K->452926K(506816K), [Metaspace: 9633K->9633K(1058816K)], 1.2666588 secs] [Times: user=1.51 sys=0.03, real=1.27 secs] 
2017-12-18T21:19:25.204+0300: 374.095: [GC (CMS Initial Mark) [1 CMS-initial-mark: 349568K(349568K)] 482358K(506816K), 0.0721705 secs] [Times: user=0.08 sys=0.00, real=0.07 secs] 
2017-12-18T21:19:25.276+0300: 374.168: [CMS-concurrent-mark-start]
2017-12-18T21:19:25.568+0300: 374.460: [CMS-concurrent-mark: 0.293/0.293 secs] [Times: user=0.84 sys=0.00, real=0.29 secs] 
2017-12-18T21:19:25.568+0300: 374.460: [CMS-concurrent-preclean-start]
2017-12-18T21:19:25.884+0300: 374.775: [CMS-concurrent-preclean: 0.315/0.315 secs] [Times: user=0.66 sys=0.00, real=0.32 secs] 
2017-12-18T21:19:25.884+0300: 374.775: [CMS-concurrent-abortable-preclean-start]
2017-12-18T21:19:25.884+0300: 374.775: [CMS-concurrent-abortable-preclean: 0.000/0.000 secs] [Times: user=0.00 sys=0.00, real=0.00 secs] 
2017-12-18T21:19:25.884+0300: 374.775: [GC (CMS Final Remark) [YG occupancy: 132790 K (157248 K)]2017-12-18T21:19:25.884+0300: 374.775: [Rescan (parallel) , 0.1186561 secs]2017-12-18T21:19:26.003+0300: 374.894: [weak refs processing, 0.0000137 secs]2017-12-18T21:19:26.003+0300: 374.894: [class unloading, 0.0011381 secs]2017-12-18T21:19:26.004+0300: 374.895: [scrub symbol table, 0.0007892 secs]2017-12-18T21:19:26.005+0300: 374.896: [scrub string table, 0.0001306 secs][1 CMS-remark: 349568K(349568K)] 482358K(506816K), 0.1207847 secs] [Times: user=0.53 sys=0.00, real=0.12 secs] 
2017-12-18T21:19:26.005+0300: 374.896: [CMS-concurrent-sweep-start]
2017-12-18T21:19:26.131+0300: 375.022: [CMS-concurrent-sweep: 0.126/0.126 secs] [Times: user=0.25 sys=0.00, real=0.13 secs] 
2017-12-18T21:19:26.131+0300: 375.022: [CMS-concurrent-reset-start]
2017-12-18T21:19:26.131+0300: 375.023: [CMS-concurrent-reset: 0.001/0.001 secs] [Times: user=0.00 sys=0.00, real=0.00 secs] 
2017-12-18T21:19:28.132+0300: 377.022: [GC (CMS Initial Mark) [1 CMS-initial-mark: 348955K(349568K)] 481745K(506816K), 0.0705503 secs] [Times: user=0.06 sys=0.00, real=0.07 secs] 
2017-12-18T21:19:28.202+0300: 377.093: [CMS-concurrent-mark-start]
2017-12-18T21:19:28.511+0300: 377.402: [CMS-concurrent-mark: 0.309/0.309 secs] [Times: user=0.94 sys=0.00, real=0.31 secs] 
2017-12-18T21:19:28.511+0300: 377.402: [CMS-concurrent-preclean-start]
2017-12-18T21:19:28.516+0300: 377.407: [CMS-concurrent-preclean: 0.004/0.004 secs] [Times: user=0.00 sys=0.00, real=0.01 secs] 
2017-12-18T21:19:28.516+0300: 377.407: [CMS-concurrent-abortable-preclean-start]
2017-12-18T21:19:28.516+0300: 377.407: [CMS-concurrent-abortable-preclean: 0.000/0.000 secs] [Times: user=0.00 sys=0.00, real=0.00 secs] 
2017-12-18T21:19:28.516+0300: 377.407: [GC (CMS Final Remark) [YG occupancy: 132790 K (157248 K)]2017-12-18T21:19:28.516+0300: 377.407: [Rescan (parallel) , 0.1099854 secs]2017-12-18T21:19:28.626+0300: 377.517: [weak refs processing, 0.0000182 secs]2017-12-18T21:19:28.626+0300: 377.517: [class unloading, 0.0012228 secs]2017-12-18T21:19:28.627+0300: 377.518: [scrub symbol table, 0.0008180 secs]2017-12-18T21:19:28.628+0300: 377.519: [scrub string table, 0.0001269 secs][1 CMS-remark: 348955K(349568K)] 481745K(506816K), 0.1122394 secs] [Times: user=0.50 sys=0.00, real=0.11 secs] 
2017-12-18T21:19:28.628+0300: 377.519: [CMS-concurrent-sweep-start]
2017-12-18T21:19:28.809+0300: 377.700: [CMS-concurrent-sweep: 0.181/0.181 secs] [Times: user=0.37 sys=0.00, real=0.18 secs] 
2017-12-18T21:19:28.809+0300: 377.700: [CMS-concurrent-reset-start]
2017-12-18T21:19:28.810+0300: 377.701: [CMS-concurrent-reset: 0.001/0.001 secs] [Times: user=0.00 sys=0.00, real=0.00 secs] 
2017-12-18T21:19:30.810+0300: 379.701: [GC (CMS Initial Mark) [1 CMS-initial-mark: 348341K(349568K)] 481131K(506816K), 0.0722432 secs] [Times: user=0.13 sys=0.00, real=0.07 secs] 
2017-12-18T21:19:30.882+0300: 379.773: [CMS-concurrent-mark-start]
2017-12-18T21:19:31.214+0300: 380.105: [CMS-concurrent-mark: 0.332/0.332 secs] [Times: user=0.98 sys=0.00, real=0.33 secs] 
2017-12-18T21:19:31.214+0300: 380.105: [CMS-concurrent-preclean-start]
2017-12-18T21:19:31.217+0300: 380.108: [CMS-concurrent-preclean: 0.002/0.002 secs] [Times: user=0.00 sys=0.00, real=0.00 secs] 
2017-12-18T21:19:31.217+0300: 380.108: [CMS-concurrent-abortable-preclean-start]
2017-12-18T21:19:31.217+0300: 380.108: [CMS-concurrent-abortable-preclean: 0.000/0.000 secs] [Times: user=0.00 sys=0.00, real=0.00 secs] 
2017-12-18T21:19:31.217+0300: 380.108: [GC (CMS Final Remark) [YG occupancy: 132790 K (157248 K)]2017-12-18T21:19:31.217+0300: 380.108: [Rescan (parallel) , 0.1144577 secs]2017-12-18T21:19:31.332+0300: 380.222: [weak refs processing, 0.0000151 secs]2017-12-18T21:19:31.332+0300: 380.222: [class unloading, 0.0011549 secs]2017-12-18T21:19:31.333+0300: 380.224: [scrub symbol table, 0.0010349 secs]2017-12-18T21:19:31.334+0300: 380.225: [scrub string table, 0.0001414 secs][1 CMS-remark: 348341K(349568K)] 481131K(506816K), 0.1168797 secs] [Times: user=0.76 sys=0.00, real=0.12 secs] 
2017-12-18T21:19:31.334+0300: 380.225: [CMS-concurrent-sweep-start]
2017-12-18T21:19:31.459+0300: 380.350: [CMS-concurrent-sweep: 0.125/0.125 secs] [Times: user=0.25 sys=0.00, real=0.13 secs] 
2017-12-18T21:19:31.459+0300: 380.350: [CMS-concurrent-reset-start]
2017-12-18T21:19:31.459+0300: 380.350: [CMS-concurrent-reset: 0.001/0.001 secs] [Times: user=0.00 sys=0.00, real=0.00 secs] 
2017-12-18T21:19:33.459+0300: 382.350: [GC (CMS Initial Mark) [1 CMS-initial-mark: 347952K(349568K)] 480742K(506816K), 0.0719681 secs] [Times: user=0.13 sys=0.00, real=0.07 secs] 
2017-12-18T21:19:33.531+0300: 382.422: [CMS-concurrent-mark-start]
2017-12-18T21:19:33.842+0300: 382.733: [CMS-concurrent-mark: 0.311/0.311 secs] [Times: user=0.94 sys=0.00, real=0.31 secs] 
2017-12-18T21:19:33.842+0300: 382.733: [CMS-concurrent-preclean-start]
2017-12-18T21:19:33.844+0300: 382.735: [CMS-concurrent-preclean: 0.002/0.002 secs] [Times: user=0.00 sys=0.00, real=0.00 secs] 
2017-12-18T21:19:33.844+0300: 382.735: [CMS-concurrent-abortable-preclean-start]
2017-12-18T21:19:33.844+0300: 382.735: [CMS-concurrent-abortable-preclean: 0.000/0.000 secs] [Times: user=0.00 sys=0.00, real=0.00 secs] 
2017-12-18T21:19:33.845+0300: 382.736: [GC (CMS Final Remark) [YG occupancy: 132790 K (157248 K)]2017-12-18T21:19:33.845+0300: 382.736: [Rescan (parallel) , 0.1251635 secs]2017-12-18T21:19:33.970+0300: 382.861: [weak refs processing, 0.0000151 secs]2017-12-18T21:19:33.970+0300: 382.861: [class unloading, 0.0011940 secs]2017-12-18T21:19:33.971+0300: 382.862: [scrub symbol table, 0.0010717 secs]2017-12-18T21:19:33.972+0300: 382.863: [scrub string table, 0.0001477 secs][1 CMS-remark: 347952K(349568K)] 480742K(506816K), 0.1276627 secs] [Times: user=0.64 sys=0.00, real=0.13 secs] 
2017-12-18T21:19:33.972+0300: 382.863: [CMS-concurrent-sweep-start]
2017-12-18T21:19:34.097+0300: 382.988: [CMS-concurrent-sweep: 0.125/0.125 secs] [Times: user=0.25 sys=0.00, real=0.13 secs] 
2017-12-18T21:19:34.097+0300: 382.988: [CMS-concurrent-reset-start]
2017-12-18T21:19:34.098+0300: 382.989: [CMS-concurrent-reset: 0.001/0.001 secs] [Times: user=0.00 sys=0.00, real=0.00 secs] 
2017-12-18T21:19:36.098+0300: 384.989: [GC (CMS Initial Mark) [1 CMS-initial-mark: 347645K(349568K)] 480435K(506816K), 0.0711630 secs] [Times: user=0.13 sys=0.00, real=0.07 secs] 
2017-12-18T21:19:36.169+0300: 385.060: [CMS-concurrent-mark-start]
2017-12-18T21:19:36.478+0300: 385.369: [CMS-concurrent-mark: 0.309/0.309 secs] [Times: user=0.94 sys=0.00, real=0.31 secs] 
2017-12-18T21:19:36.478+0300: 385.369: [CMS-concurrent-preclean-start]
2017-12-18T21:19:36.479+0300: 385.370: [CMS-concurrent-preclean: 0.001/0.001 secs] [Times: user=0.00 sys=0.00, real=0.00 secs] 
2017-12-18T21:19:36.479+0300: 385.370: [CMS-concurrent-abortable-preclean-start]
2017-12-18T21:19:36.479+0300: 385.370: [CMS-concurrent-abortable-preclean: 0.000/0.000 secs] [Times: user=0.00 sys=0.00, real=0.00 secs] 
2017-12-18T21:19:36.481+0300: 385.372: [GC (CMS Final Remark) [YG occupancy: 132790 K (157248 K)]2017-12-18T21:19:36.481+0300: 385.372: [Rescan (parallel) , 0.0782495 secs]2017-12-18T21:19:36.559+0300: 385.450: [weak refs processing, 0.0000168 secs]2017-12-18T21:19:36.559+0300: 385.450: [class unloading, 0.0011333 secs]2017-12-18T21:19:36.560+0300: 385.451: [scrub symbol table, 0.0010335 secs]2017-12-18T21:19:36.561+0300: 385.452: [scrub string table, 0.0001434 secs][1 CMS-remark: 347645K(349568K)] 480435K(506816K), 0.0806446 secs] [Times: user=0.36 sys=0.01, real=0.08 secs] 
2017-12-18T21:19:36.561+0300: 385.452: [CMS-concurrent-sweep-start]
2017-12-18T21:19:36.687+0300: 385.578: [CMS-concurrent-sweep: 0.126/0.126 secs] [Times: user=0.25 sys=0.00, real=0.13 secs] 
2017-12-18T21:19:36.687+0300: 385.578: [CMS-concurrent-reset-start]
2017-12-18T21:19:36.688+0300: 385.579: [CMS-concurrent-reset: 0.001/0.001 secs] [Times: user=0.00 sys=0.00, real=0.00 secs] 
2017-12-18T21:19:38.688+0300: 387.579: [GC (CMS Initial Mark) [1 CMS-initial-mark: 347395K(349568K)] 480186K(506816K), 0.0745466 secs] [Times: user=0.13 sys=0.00, real=0.07 secs] 
2017-12-18T21:19:38.762+0300: 387.654: [CMS-concurrent-mark-start]
2017-12-18T21:19:39.137+0300: 388.029: [CMS-concurrent-mark: 0.375/0.375 secs] [Times: user=1.11 sys=0.00, real=0.38 secs] 
2017-12-18T21:19:39.137+0300: 388.029: [CMS-concurrent-preclean-start]
2017-12-18T21:19:39.138+0300: 388.030: [CMS-concurrent-preclean: 0.001/0.001 secs] [Times: user=0.00 sys=0.00, real=0.00 secs] 
2017-12-18T21:19:39.138+0300: 388.030: [CMS-concurrent-abortable-preclean-start]
2017-12-18T21:19:39.138+0300: 388.030: [CMS-concurrent-abortable-preclean: 0.000/0.000 secs] [Times: user=0.00 sys=0.00, real=0.00 secs] 
2017-12-18T21:19:39.141+0300: 388.032: [GC (CMS Final Remark) [YG occupancy: 132790 K (157248 K)]2017-12-18T21:19:39.141+0300: 388.032: [Rescan (parallel) , 0.1123577 secs]2017-12-18T21:19:39.253+0300: 388.144: [weak refs processing, 0.0000148 secs]2017-12-18T21:19:39.253+0300: 388.144: [class unloading, 0.0011182 secs]2017-12-18T21:19:39.254+0300: 388.145: [scrub symbol table, 0.0010443 secs]2017-12-18T21:19:39.255+0300: 388.146: [scrub string table, 0.0001426 secs][1 CMS-remark: 347395K(349568K)] 480186K(506816K), 0.1147508 secs] [Times: user=0.80 sys=0.00, real=0.11 secs] 
2017-12-18T21:19:39.255+0300: 388.147: [CMS-concurrent-sweep-start]
2017-12-18T21:19:39.380+0300: 388.272: [CMS-concurrent-sweep: 0.125/0.125 secs] [Times: user=0.25 sys=0.00, real=0.13 secs] 
2017-12-18T21:19:39.381+0300: 388.272: [CMS-concurrent-reset-start]
2017-12-18T21:19:39.381+0300: 388.272: [CMS-concurrent-reset: 0.001/0.001 secs] [Times: user=0.00 sys=0.00, real=0.00 secs] 
2017-12-18T21:19:41.381+0300: 390.272: [GC (CMS Initial Mark) [1 CMS-initial-mark: 347211K(349568K)] 480426K(506816K), 0.0715088 secs] [Times: user=0.08 sys=0.00, real=0.07 secs] 
2017-12-18T21:19:41.453+0300: 390.344: [CMS-concurrent-mark-start]
2017-12-18T21:19:41.761+0300: 390.652: [CMS-concurrent-mark: 0.309/0.309 secs] [Times: user=0.89 sys=0.00, real=0.31 secs] 
2017-12-18T21:19:41.761+0300: 390.652: [CMS-concurrent-preclean-start]
2017-12-18T21:19:41.762+0300: 390.654: [CMS-concurrent-preclean: 0.001/0.001 secs] [Times: user=0.00 sys=0.00, real=0.00 secs] 
2017-12-18T21:19:41.762+0300: 390.654: [CMS-concurrent-abortable-preclean-start]
2017-12-18T21:19:41.762+0300: 390.654: [CMS-concurrent-abortable-preclean: 0.000/0.000 secs] [Times: user=0.00 sys=0.00, real=0.00 secs] 
2017-12-18T21:19:41.764+0300: 390.655: [GC (CMS Final Remark) [YG occupancy: 133215 K (157248 K)]2017-12-18T21:19:41.764+0300: 390.655: [Rescan (parallel) , 0.0789494 secs]2017-12-18T21:19:41.843+0300: 390.734: [weak refs processing, 0.0000140 secs]2017-12-18T21:19:41.843+0300: 390.734: [class unloading, 0.0011353 secs]2017-12-18T21:19:41.844+0300: 390.735: [scrub symbol table, 0.0007783 secs]2017-12-18T21:19:41.844+0300: 390.736: [scrub string table, 0.0001311 secs][1 CMS-remark: 347211K(349568K)] 480426K(506816K), 0.0810739 secs] [Times: user=0.38 sys=0.00, real=0.08 secs] 
2017-12-18T21:19:41.845+0300: 390.736: [CMS-concurrent-sweep-start]
2017-12-18T21:19:41.972+0300: 390.864: [CMS-concurrent-sweep: 0.128/0.128 secs] [Times: user=0.25 sys=0.00, real=0.13 secs] 
2017-12-18T21:19:41.972+0300: 390.864: [CMS-concurrent-reset-start]
2017-12-18T21:19:41.973+0300: 390.864: [CMS-concurrent-reset: 0.001/0.001 secs] [Times: user=0.00 sys=0.00, real=0.00 secs] 
2017-12-18T21:19:43.975+0300: 392.865: [GC (CMS Initial Mark) [1 CMS-initial-mark: 347034K(349568K)] 480250K(506816K), 0.0724360 secs] [Times: user=0.13 sys=0.00, real=0.07 secs] 
2017-12-18T21:19:44.047+0300: 392.938: [CMS-concurrent-mark-start]
2017-12-18T21:19:44.342+0300: 393.233: [CMS-concurrent-mark: 0.295/0.295 secs] [Times: user=0.89 sys=0.00, real=0.30 secs] 
2017-12-18T21:19:44.342+0300: 393.233: [CMS-concurrent-preclean-start]
2017-12-18T21:19:44.343+0300: 393.233: [CMS-concurrent-preclean: 0.001/0.001 secs] [Times: user=0.00 sys=0.00, real=0.00 secs] 
2017-12-18T21:19:44.343+0300: 393.233: [CMS-concurrent-abortable-preclean-start]
2017-12-18T21:19:44.343+0300: 393.233: [CMS-concurrent-abortable-preclean: 0.000/0.000 secs] [Times: user=0.00 sys=0.00, real=0.00 secs] 
2017-12-18T21:19:44.345+0300: 393.235: [GC (CMS Final Remark) [YG occupancy: 133215 K (157248 K)]2017-12-18T21:19:44.345+0300: 393.235: [Rescan (parallel) , 0.0803002 secs]2017-12-18T21:19:44.425+0300: 393.315: [weak refs processing, 0.0000163 secs]2017-12-18T21:19:44.425+0300: 393.315: [class unloading, 0.0011410 secs]2017-12-18T21:19:44.426+0300: 393.317: [scrub symbol table, 0.0010429 secs]2017-12-18T21:19:44.427+0300: 393.318: [scrub string table, 0.0001517 secs][1 CMS-remark: 347034K(349568K)] 480250K(506816K), 0.0827161 secs] [Times: user=0.37 sys=0.00, real=0.08 secs] 
2017-12-18T21:19:44.427+0300: 393.318: [CMS-concurrent-sweep-start]
2017-12-18T21:19:44.550+0300: 393.441: [CMS-concurrent-sweep: 0.123/0.123 secs] [Times: user=0.25 sys=0.00, real=0.12 secs] 
2017-12-18T21:19:44.551+0300: 393.441: [CMS-concurrent-reset-start]
2017-12-18T21:19:44.551+0300: 393.442: [CMS-concurrent-reset: 0.001/0.001 secs] [Times: user=0.00 sys=0.00, real=0.00 secs] 
2017-12-18T21:19:46.551+0300: 395.441: [GC (CMS Initial Mark) [1 CMS-initial-mark: 346891K(349568K)] 480530K(506816K), 0.0707641 secs] [Times: user=0.12 sys=0.00, real=0.07 secs] 
2017-12-18T21:19:46.622+0300: 395.512: [CMS-concurrent-mark-start]
2017-12-18T21:19:46.931+0300: 395.822: [CMS-concurrent-mark: 0.309/0.309 secs] [Times: user=0.94 sys=0.00, real=0.31 secs] 
2017-12-18T21:19:46.931+0300: 395.822: [CMS-concurrent-preclean-start]
2017-12-18T21:19:46.932+0300: 395.823: [CMS-concurrent-preclean: 0.001/0.001 secs] [Times: user=0.00 sys=0.00, real=0.00 secs] 
2017-12-18T21:19:46.932+0300: 395.823: [CMS-concurrent-abortable-preclean-start]
2017-12-18T21:19:46.932+0300: 395.823: [CMS-concurrent-abortable-preclean: 0.000/0.000 secs] [Times: user=0.00 sys=0.00, real=0.00 secs] 
2017-12-18T21:19:46.934+0300: 395.824: [GC (CMS Final Remark) [YG occupancy: 133638 K (157248 K)]2017-12-18T21:19:46.934+0300: 395.824: [Rescan (parallel) , 0.1309152 secs]2017-12-18T21:19:47.064+0300: 395.955: [weak refs processing, 0.0000165 secs]2017-12-18T21:19:47.065+0300: 395.955: [class unloading, 0.0012031 secs]2017-12-18T21:19:47.066+0300: 395.956: [scrub symbol table, 0.0010429 secs]2017-12-18T21:19:47.067+0300: 395.957: [scrub string table, 0.0001445 secs][1 CMS-remark: 346891K(349568K)] 480530K(506816K), 0.1333878 secs] [Times: user=0.66 sys=0.00, real=0.13 secs] 
2017-12-18T21:19:47.067+0300: 395.958: [CMS-concurrent-sweep-start]
2017-12-18T21:19:47.191+0300: 396.081: [CMS-concurrent-sweep: 0.124/0.124 secs] [Times: user=0.25 sys=0.00, real=0.12 secs] 
2017-12-18T21:19:47.191+0300: 396.082: [CMS-concurrent-reset-start]
2017-12-18T21:19:47.191+0300: 396.082: [CMS-concurrent-reset: 0.001/0.001 secs] [Times: user=0.00 sys=0.00, real=0.00 secs] 
2017-12-18T21:19:49.193+0300: 398.083: [GC (CMS Initial Mark) [1 CMS-initial-mark: 346751K(349568K)] 480390K(506816K), 0.0707527 secs] [Times: user=0.06 sys=0.00, real=0.07 secs] 
2017-12-18T21:19:49.263+0300: 398.154: [CMS-concurrent-mark-start]
2017-12-18T21:19:49.575+0300: 398.466: [CMS-concurrent-mark: 0.312/0.312 secs] [Times: user=0.94 sys=0.00, real=0.31 secs] 
2017-12-18T21:19:49.575+0300: 398.466: [CMS-concurrent-preclean-start]
2017-12-18T21:19:49.576+0300: 398.467: [CMS-concurrent-preclean: 0.001/0.001 secs] [Times: user=0.00 sys=0.00, real=0.00 secs] 
2017-12-18T21:19:49.576+0300: 398.467: [CMS-concurrent-abortable-preclean-start]
2017-12-18T21:19:49.576+0300: 398.467: [CMS-concurrent-abortable-preclean: 0.000/0.000 secs] [Times: user=0.00 sys=0.00, real=0.00 secs] 
2017-12-18T21:19:49.579+0300: 398.469: [GC (CMS Final Remark) [YG occupancy: 133638 K (157248 K)]2017-12-18T21:19:49.579+0300: 398.469: [Rescan (parallel) , 0.0787347 secs]2017-12-18T21:19:49.657+0300: 398.548: [weak refs processing, 0.0000140 secs]2017-12-18T21:19:49.657+0300: 398.548: [class unloading, 0.0012000 secs]2017-12-18T21:19:49.659+0300: 398.549: [scrub symbol table, 0.0010469 secs]2017-12-18T21:19:49.660+0300: 398.550: [scrub string table, 0.0001463 secs][1 CMS-remark: 346751K(349568K)] 480390K(506816K), 0.0812091 secs] [Times: user=0.34 sys=0.02, real=0.08 secs] 
2017-12-18T21:19:49.660+0300: 398.551: [CMS-concurrent-sweep-start]
2017-12-18T21:19:49.786+0300: 398.677: [CMS-concurrent-sweep: 0.127/0.127 secs] [Times: user=0.25 sys=0.00, real=0.13 secs] 
2017-12-18T21:19:49.787+0300: 398.677: [CMS-concurrent-reset-start]
2017-12-18T21:19:49.787+0300: 398.678: [CMS-concurrent-reset: 0.001/0.001 secs] [Times: user=0.00 sys=0.00, real=0.00 secs] 
2017-12-18T21:19:51.789+0300: 400.679: [GC (CMS Initial Mark) [1 CMS-initial-mark: 346626K(349568K)] 480265K(506816K), 0.0707553 secs] [Times: user=0.13 sys=0.00, real=0.07 secs] 
2017-12-18T21:19:51.859+0300: 400.750: [CMS-concurrent-mark-start]
2017-12-18T21:19:52.167+0300: 401.058: [CMS-concurrent-mark: 0.308/0.308 secs] [Times: user=0.89 sys=0.00, real=0.31 secs] 
2017-12-18T21:19:52.167+0300: 401.058: [CMS-concurrent-preclean-start]
2017-12-18T21:19:52.168+0300: 401.059: [CMS-concurrent-preclean: 0.001/0.001 secs] [Times: user=0.00 sys=0.00, real=0.00 secs] 
2017-12-18T21:19:52.168+0300: 401.059: [CMS-concurrent-abortable-preclean-start]
2017-12-18T21:19:52.168+0300: 401.059: [CMS-concurrent-abortable-preclean: 0.000/0.000 secs] [Times: user=0.00 sys=0.00, real=0.00 secs] 
2017-12-18T21:19:52.172+0300: 401.062: [GC (CMS Final Remark) [YG occupancy: 133638 K (157248 K)]2017-12-18T21:19:52.172+0300: 401.062: [Rescan (parallel) , 0.1379605 secs]2017-12-18T21:19:52.310+0300: 401.200: [weak refs processing, 0.0000163 secs]2017-12-18T21:19:52.310+0300: 401.200: [class unloading, 0.0012043 secs]2017-12-18T21:19:52.311+0300: 401.202: [scrub symbol table, 0.0010782 secs]2017-12-18T21:19:52.312+0300: 401.203: [scrub string table, 0.0001448 secs][1 CMS-remark: 346626K(349568K)] 480265K(506816K), 0.1404729 secs] [Times: user=0.75 sys=0.00, real=0.14 secs] 
2017-12-18T21:19:52.312+0300: 401.203: [CMS-concurrent-sweep-start]
2017-12-18T21:19:52.437+0300: 401.327: [CMS-concurrent-sweep: 0.125/0.125 secs] [Times: user=0.25 sys=0.00, real=0.13 secs] 
2017-12-18T21:19:52.437+0300: 401.328: [CMS-concurrent-reset-start]
2017-12-18T21:19:52.437+0300: 401.328: [CMS-concurrent-reset: 0.001/0.001 secs] [Times: user=0.00 sys=0.00, real=0.00 secs] 
2017-12-18T21:19:54.437+0300: 403.328: [GC (CMS Initial Mark) [1 CMS-initial-mark: 346509K(349568K)] 480148K(506816K), 0.0711046 secs] [Times: user=0.06 sys=0.00, real=0.07 secs] 
2017-12-18T21:19:54.508+0300: 403.399: [CMS-concurrent-mark-start]
2017-12-18T21:19:54.827+0300: 403.718: [CMS-concurrent-mark: 0.319/0.319 secs] [Times: user=0.98 sys=0.00, real=0.32 secs] 
2017-12-18T21:19:54.827+0300: 403.718: [CMS-concurrent-preclean-start]
2017-12-18T21:19:54.828+0300: 403.719: [CMS-concurrent-preclean: 0.001/0.001 secs] [Times: user=0.00 sys=0.00, real=0.00 secs] 
2017-12-18T21:19:54.828+0300: 403.719: [CMS-concurrent-abortable-preclean-start]
2017-12-18T21:19:54.828+0300: 403.719: [CMS-concurrent-abortable-preclean: 0.000/0.000 secs] [Times: user=0.00 sys=0.00, real=0.00 secs] 
2017-12-18T21:19:54.831+0300: 403.722: [GC (CMS Final Remark) [YG occupancy: 133638 K (157248 K)]2017-12-18T21:19:54.831+0300: 403.722: [Rescan (parallel) , 0.0787241 secs]2017-12-18T21:19:54.909+0300: 403.800: [weak refs processing, 0.0000242 secs]2017-12-18T21:19:54.909+0300: 403.800: [class unloading, 0.0012225 secs]2017-12-18T21:19:54.911+0300: 403.802: [scrub symbol table, 0.0010654 secs]2017-12-18T21:19:54.912+0300: 403.803: [scrub string table, 0.0001383 secs][1 CMS-remark: 346509K(349568K)] 480148K(506816K), 0.0812510 secs] [Times: user=0.48 sys=0.00, real=0.08 secs] 
2017-12-18T21:19:54.912+0300: 403.803: [CMS-concurrent-sweep-start]
2017-12-18T21:19:55.038+0300: 403.929: [CMS-concurrent-sweep: 0.126/0.126 secs] [Times: user=0.25 sys=0.00, real=0.13 secs] 
2017-12-18T21:19:55.038+0300: 403.929: [CMS-concurrent-reset-start]
2017-12-18T21:19:55.039+0300: 403.930: [CMS-concurrent-reset: 0.001/0.001 secs] [Times: user=0.00 sys=0.00, real=0.00 secs] 
2017-12-18T21:19:57.039+0300: 405.930: [GC (CMS Initial Mark) [1 CMS-initial-mark: 346403K(349568K)] 480467K(506816K), 0.0721993 secs] [Times: user=0.06 sys=0.00, real=0.07 secs] 
2017-12-18T21:19:57.111+0300: 406.002: [CMS-concurrent-mark-start]
2017-12-18T21:19:57.415+0300: 406.306: [CMS-concurrent-mark: 0.304/0.304 secs] [Times: user=0.94 sys=0.00, real=0.30 secs] 
2017-12-18T21:19:57.415+0300: 406.306: [CMS-concurrent-preclean-start]
2017-12-18T21:19:57.416+0300: 406.307: [CMS-concurrent-preclean: 0.001/0.001 secs] [Times: user=0.00 sys=0.00, real=0.00 secs] 
2017-12-18T21:19:57.416+0300: 406.307: [CMS-concurrent-abortable-preclean-start]
2017-12-18T21:19:57.416+0300: 406.307: [CMS-concurrent-abortable-preclean: 0.000/0.000 secs] [Times: user=0.00 sys=0.00, real=0.00 secs] 
2017-12-18T21:19:57.418+0300: 406.309: [GC (CMS Final Remark) [YG occupancy: 134063 K (157248 K)]2017-12-18T21:19:57.418+0300: 406.309: [Rescan (parallel) , 0.0783649 secs]2017-12-18T21:19:57.496+0300: 406.387: [weak refs processing, 0.0000171 secs]2017-12-18T21:19:57.496+0300: 406.387: [class unloading, 0.0012964 secs]2017-12-18T21:19:57.497+0300: 406.388: [scrub symbol table, 0.0009739 secs]2017-12-18T21:19:57.498+0300: 406.389: [scrub string table, 0.0001360 secs][1 CMS-remark: 346403K(349568K)] 480467K(506816K), 0.0808510 secs] [Times: user=0.36 sys=0.00, real=0.08 secs] 
2017-12-18T21:19:57.498+0300: 406.390: [CMS-concurrent-sweep-start]
2017-12-18T21:19:57.622+0300: 406.513: [CMS-concurrent-sweep: 0.123/0.123 secs] [Times: user=0.25 sys=0.00, real=0.12 secs] 
2017-12-18T21:19:57.622+0300: 406.513: [CMS-concurrent-reset-start]
2017-12-18T21:19:57.622+0300: 406.514: [CMS-concurrent-reset: 0.001/0.001 secs] [Times: user=0.00 sys=0.00, real=0.00 secs] 
2017-12-18T21:19:59.622+0300: 408.513: [GC (CMS Initial Mark) [1 CMS-initial-mark: 346304K(349568K)] 480367K(506816K), 0.0727847 secs] [Times: user=0.13 sys=0.00, real=0.07 secs] 
2017-12-18T21:19:59.695+0300: 408.586: [CMS-concurrent-mark-start]
2017-12-18T21:20:00.005+0300: 408.897: [CMS-concurrent-mark: 0.311/0.311 secs] [Times: user=0.94 sys=0.00, real=0.31 secs] 
2017-12-18T21:20:00.006+0300: 408.897: [CMS-concurrent-preclean-start]
2017-12-18T21:20:00.006+0300: 408.897: [CMS-concurrent-preclean: 0.001/0.001 secs] [Times: user=0.00 sys=0.00, real=0.00 secs] 
2017-12-18T21:20:00.006+0300: 408.897: [CMS-concurrent-abortable-preclean-start]
2017-12-18T21:20:00.006+0300: 408.897: [CMS-concurrent-abortable-preclean: 0.000/0.000 secs] [Times: user=0.00 sys=0.00, real=0.00 secs] 
2017-12-18T21:20:00.008+0300: 408.899: [GC (CMS Final Remark) [YG occupancy: 134063 K (157248 K)]2017-12-18T21:20:00.008+0300: 408.899: [Rescan (parallel) , 0.1091677 secs]2017-12-18T21:20:00.117+0300: 409.008: [weak refs processing, 0.0000143 secs]2017-12-18T21:20:00.117+0300: 409.008: [class unloading, 0.0011883 secs]2017-12-18T21:20:00.118+0300: 409.009: [scrub symbol table, 0.0007835 secs]2017-12-18T21:20:00.119+0300: 409.010: [scrub string table, 0.0001274 secs][1 CMS-remark: 346304K(349568K)] 480367K(506816K), 0.1113410 secs] [Times: user=0.51 sys=0.01, real=0.11 secs] 
2017-12-18T21:20:00.119+0300: 409.010: [CMS-concurrent-sweep-start]
2017-12-18T21:20:00.243+0300: 409.135: [CMS-concurrent-sweep: 0.125/0.125 secs] [Times: user=0.25 sys=0.00, real=0.12 secs] 
2017-12-18T21:20:00.244+0300: 409.135: [CMS-concurrent-reset-start]
2017-12-18T21:20:00.244+0300: 409.135: [CMS-concurrent-reset: 0.001/0.001 secs] [Times: user=0.00 sys=0.00, real=0.00 secs] 
2017-12-18T21:20:02.246+0300: 411.136: [GC (CMS Initial Mark) [1 CMS-initial-mark: 346208K(349568K)] 480696K(506816K), 0.0719610 secs] [Times: user=0.13 sys=0.00, real=0.07 secs] 
2017-12-18T21:20:02.318+0300: 411.208: [CMS-concurrent-mark-start]
2017-12-18T21:20:02.612+0300: 411.502: [CMS-concurrent-mark: 0.294/0.294 secs] [Times: user=0.89 sys=0.00, real=0.29 secs] 
2017-12-18T21:20:02.612+0300: 411.502: [CMS-concurrent-preclean-start]
2017-12-18T21:20:02.613+0300: 411.503: [CMS-concurrent-preclean: 0.001/0.001 secs] [Times: user=0.00 sys=0.00, real=0.00 secs] 
2017-12-18T21:20:02.613+0300: 411.503: [CMS-concurrent-abortable-preclean-start]
2017-12-18T21:20:02.613+0300: 411.503: [CMS-concurrent-abortable-preclean: 0.000/0.000 secs] [Times: user=0.00 sys=0.00, real=0.00 secs] 
2017-12-18T21:20:02.615+0300: 411.505: [GC (CMS Final Remark) [YG occupancy: 134487 K (157248 K)]2017-12-18T21:20:02.615+0300: 411.505: [Rescan (parallel) , 0.0789534 secs]2017-12-18T21:20:02.694+0300: 411.584: [weak refs processing, 0.0000140 secs]2017-12-18T21:20:02.694+0300: 411.584: [class unloading, 0.0011732 secs]2017-12-18T21:20:02.695+0300: 411.585: [scrub symbol table, 0.0007669 secs]2017-12-18T21:20:02.696+0300: 411.586: [scrub string table, 0.0001294 secs][1 CMS-remark: 346208K(349568K)] 480696K(506816K), 0.0810985 secs] [Times: user=0.37 sys=0.00, real=0.08 secs] 
2017-12-18T21:20:02.696+0300: 411.586: [CMS-concurrent-sweep-start]
2017-12-18T21:20:02.825+0300: 411.715: [CMS-concurrent-sweep: 0.129/0.129 secs] [Times: user=0.28 sys=0.00, real=0.13 secs] 
2017-12-18T21:20:02.825+0300: 411.715: [CMS-concurrent-reset-start]
2017-12-18T21:20:02.825+0300: 411.715: [CMS-concurrent-reset: 0.001/0.001 secs] [Times: user=0.00 sys=0.00, real=0.00 secs] 
2017-12-18T21:20:04.825+0300: 413.715: [GC (CMS Initial Mark) [1 CMS-initial-mark: 346121K(349568K)] 480609K(506816K), 0.0715944 secs] [Times: user=0.06 sys=0.00, real=0.07 secs] 
2017-12-18T21:20:04.896+0300: 413.787: [CMS-concurrent-mark-start]
2017-12-18T21:20:05.206+0300: 414.097: [CMS-concurrent-mark: 0.310/0.310 secs] [Times: user=0.94 sys=0.00, real=0.31 secs] 
2017-12-18T21:20:05.206+0300: 414.097: [CMS-concurrent-preclean-start]
2017-12-18T21:20:05.207+0300: 414.097: [CMS-concurrent-preclean: 0.001/0.001 secs] [Times: user=0.00 sys=0.00, real=0.00 secs] 
2017-12-18T21:20:05.207+0300: 414.097: [CMS-concurrent-abortable-preclean-start]
2017-12-18T21:20:05.207+0300: 414.097: [CMS-concurrent-abortable-preclean: 0.000/0.000 secs] [Times: user=0.00 sys=0.00, real=0.00 secs] 
2017-12-18T21:20:05.210+0300: 414.100: [GC (CMS Final Remark) [YG occupancy: 134487 K (157248 K)]2017-12-18T21:20:05.210+0300: 414.100: [Rescan (parallel) , 0.1389655 secs]2017-12-18T21:20:05.349+0300: 414.239: [weak refs processing, 0.0000137 secs]2017-12-18T21:20:05.349+0300: 414.239: [class unloading, 0.0011287 secs]2017-12-18T21:20:05.350+0300: 414.240: [scrub symbol table, 0.0010728 secs]2017-12-18T21:20:05.351+0300: 414.241: [scrub string table, 0.0001431 secs][1 CMS-remark: 346121K(349568K)] 480609K(506816K), 0.1413860 secs] [Times: user=0.86 sys=0.00, real=0.14 secs] 
2017-12-18T21:20:05.351+0300: 414.241: [CMS-concurrent-sweep-start]
2017-12-18T21:20:05.476+0300: 414.366: [CMS-concurrent-sweep: 0.125/0.125 secs] [Times: user=0.25 sys=0.00, real=0.13 secs] 
2017-12-18T21:20:05.476+0300: 414.366: [CMS-concurrent-reset-start]
2017-12-18T21:20:05.476+0300: 414.367: [CMS-concurrent-reset: 0.001/0.001 secs] [Times: user=0.00 sys=0.00, real=0.00 secs] 
2017-12-18T21:20:07.477+0300: 416.367: [GC (CMS Initial Mark) [1 CMS-initial-mark: 346042K(349568K)] 480529K(506816K), 0.0705190 secs] [Times: user=0.06 sys=0.00, real=0.07 secs] 
2017-12-18T21:20:07.547+0300: 416.438: [CMS-concurrent-mark-start]
2017-12-18T21:20:07.857+0300: 416.747: [CMS-concurrent-mark: 0.309/0.309 secs] [Times: user=0.94 sys=0.00, real=0.31 secs] 
2017-12-18T21:20:07.857+0300: 416.747: [CMS-concurrent-preclean-start]
2017-12-18T21:20:07.857+0300: 416.748: [CMS-concurrent-preclean: 0.001/0.001 secs] [Times: user=0.00 sys=0.00, real=0.00 secs] 
2017-12-18T21:20:07.857+0300: 416.748: [CMS-concurrent-abortable-preclean-start]
2017-12-18T21:20:07.857+0300: 416.748: [CMS-concurrent-abortable-preclean: 0.000/0.000 secs] [Times: user=0.00 sys=0.00, real=0.00 secs] 
2017-12-18T21:20:07.858+0300: 416.748: [GC (CMS Final Remark) [YG occupancy: 134487 K (157248 K)]2017-12-18T21:20:07.858+0300: 416.748: [Rescan (parallel) , 0.0792142 secs]2017-12-18T21:20:07.937+0300: 416.827: [weak refs processing, 0.0000134 secs]2017-12-18T21:20:07.937+0300: 416.827: [class unloading, 0.0011022 secs]2017-12-18T21:20:07.938+0300: 416.829: [scrub symbol table, 0.0007698 secs]2017-12-18T21:20:07.939+0300: 416.829: [scrub string table, 0.0001283 secs][1 CMS-remark: 346042K(349568K)] 480529K(506816K), 0.0812835 secs] [Times: user=0.36 sys=0.00, real=0.08 secs] 
2017-12-18T21:20:07.939+0300: 416.830: [CMS-concurrent-sweep-start]
2017-12-18T21:20:08.064+0300: 416.955: [CMS-concurrent-sweep: 0.125/0.125 secs] [Times: user=0.25 sys=0.00, real=0.13 secs] 
2017-12-18T21:20:08.064+0300: 416.955: [CMS-concurrent-reset-start]
2017-12-18T21:20:08.065+0300: 416.956: [CMS-concurrent-reset: 0.001/0.001 secs] [Times: user=0.00 sys=0.00, real=0.00 secs] 
2017-12-18T21:20:10.067+0300: 418.957: [GC (CMS Initial Mark) [1 CMS-initial-mark: 345963K(349568K)] 480451K(506816K), 0.0714005 secs] [Times: user=0.06 sys=0.00, real=0.07 secs] 
2017-12-18T21:20:10.138+0300: 419.029: [CMS-concurrent-mark-start]
2017-12-18T21:20:10.445+0300: 419.336: [CMS-concurrent-mark: 0.307/0.307 secs] [Times: user=0.94 sys=0.00, real=0.31 secs] 
2017-12-18T21:20:10.445+0300: 419.336: [CMS-concurrent-preclean-start]
2017-12-18T21:20:10.446+0300: 419.337: [CMS-concurrent-preclean: 0.001/0.001 secs] [Times: user=0.00 sys=0.00, real=0.00 secs] 
2017-12-18T21:20:10.446+0300: 419.337: [CMS-concurrent-abortable-preclean-start]
2017-12-18T21:20:10.446+0300: 419.337: [CMS-concurrent-abortable-preclean: 0.000/0.000 secs] [Times: user=0.00 sys=0.00, real=0.00 secs] 
2017-12-18T21:20:10.449+0300: 419.339: [GC (CMS Final Remark) [YG occupancy: 134487 K (157248 K)]2017-12-18T21:20:10.449+0300: 419.339: [Rescan (parallel) , 0.0800099 secs]2017-12-18T21:20:10.529+0300: 419.419: [weak refs processing, 0.0000168 secs]2017-12-18T21:20:10.529+0300: 419.419: [class unloading, 0.0011498 secs]2017-12-18T21:20:10.530+0300: 419.420: [scrub symbol table, 0.0008473 secs]2017-12-18T21:20:10.531+0300: 419.421: [scrub string table, 0.0001329 secs][1 CMS-remark: 345963K(349568K)] 480451K(506816K), 0.0822275 secs] [Times: user=0.39 sys=0.00, real=0.08 secs] 
2017-12-18T21:20:10.531+0300: 419.422: [CMS-concurrent-sweep-start]
2017-12-18T21:20:10.655+0300: 419.546: [CMS-concurrent-sweep: 0.124/0.124 secs] [Times: user=0.22 sys=0.00, real=0.12 secs] 
2017-12-18T21:20:10.655+0300: 419.546: [CMS-concurrent-reset-start]
2017-12-18T21:20:10.656+0300: 419.546: [CMS-concurrent-reset: 0.001/0.001 secs] [Times: user=0.05 sys=0.00, real=0.00 secs] 
2017-12-18T21:20:12.657+0300: 421.547: [GC (CMS Initial Mark) [1 CMS-initial-mark: 345887K(349568K)] 480375K(506816K), 0.0710649 secs] [Times: user=0.06 sys=0.00, real=0.07 secs] 
2017-12-18T21:20:12.728+0300: 421.619: [CMS-concurrent-mark-start]
2017-12-18T21:20:13.049+0300: 421.940: [CMS-concurrent-mark: 0.321/0.321 secs] [Times: user=0.70 sys=0.02, real=0.32 secs] 
2017-12-18T21:20:13.049+0300: 421.940: [CMS-concurrent-preclean-start]
2017-12-18T21:20:13.050+0300: 421.941: [CMS-concurrent-preclean: 0.001/0.001 secs] [Times: user=0.00 sys=0.00, real=0.00 secs] 
2017-12-18T21:20:13.050+0300: 421.941: [CMS-concurrent-abortable-preclean-start]
2017-12-18T21:20:13.050+0300: 421.941: [CMS-concurrent-abortable-preclean: 0.000/0.000 secs] [Times: user=0.00 sys=0.00, real=0.00 secs] 
2017-12-18T21:20:13.050+0300: 421.941: [GC (CMS Final Remark) [YG occupancy: 134487 K (157248 K)]2017-12-18T21:20:13.050+0300: 421.941: [Rescan (parallel) , 0.0783772 secs]2017-12-18T21:20:13.128+0300: 422.019: [weak refs processing, 0.0000143 secs]2017-12-18T21:20:13.128+0300: 422.019: [class unloading, 0.0011122 secs]2017-12-18T21:20:13.129+0300: 422.020: [scrub symbol table, 0.0007815 secs]2017-12-18T21:20:13.130+0300: 422.021: [scrub string table, 0.0001349 secs][1 CMS-remark: 345887K(349568K)] 480375K(506816K), 0.0804815 secs] [Times: user=0.44 sys=0.00, real=0.08 secs] 
2017-12-18T21:20:13.130+0300: 422.021: [CMS-concurrent-sweep-start]
2017-12-18T21:20:13.255+0300: 422.145: [CMS-concurrent-sweep: 0.124/0.124 secs] [Times: user=0.13 sys=0.00, real=0.13 secs] 
2017-12-18T21:20:13.255+0300: 422.146: [CMS-concurrent-reset-start]
2017-12-18T21:20:13.255+0300: 422.146: [CMS-concurrent-reset: 0.001/0.001 secs] [Times: user=0.00 sys=0.00, real=0.00 secs] 
2017-12-18T21:20:13.916+0300: 422.807: [GC (Allocation Failure) 2017-12-18T21:20:13.916+0300: 422.807: [ParNew: 157248K->157248K(157248K), 0.0000157 secs]2017-12-18T21:20:13.916+0300: 422.807: [CMS: 345816K->349567K(349568K), 1.0479405 secs] 503064K->500088K(506816K), [Metaspace: 9636K->9636K(1058816K)], 1.0480132 secs] [Times: user=1.01 sys=0.03, real=1.05 secs] 
2017-12-18T21:20:14.964+0300: 423.855: [GC (CMS Initial Mark) [1 CMS-initial-mark: 349567K(349568K)] 500088K(506816K), 0.0960092 secs] [Times: user=0.09 sys=0.00, real=0.10 secs] 
2017-12-18T21:20:15.060+0300: 423.951: [CMS-concurrent-mark-start]
2017-12-18T21:20:15.099+0300: 423.990: [Full GC (Allocation Failure) 2017-12-18T21:20:15.099+0300: 423.990: [CMS2017-12-18T21:20:15.368+0300: 424.259: [CMS-concurrent-mark: 0.307/0.307 secs] [Times: user=0.66 sys=0.00, real=0.31 secs] 
 (concurrent mode failure): 349567K->349567K(349568K), 1.1309425 secs] 506815K->506798K(506816K), [Metaspace: 9621K->9621K(1058816K)], 1.1310138 secs] [Times: user=1.39 sys=0.03, real=1.13 secs] 
2017-12-18T21:20:16.230+0300: 425.121: [Full GC (Allocation Failure) 2017-12-18T21:20:16.230+0300: 425.121: [CMS: 349567K->349567K(349568K), 0.8447065 secs] 506815K->506814K(506816K), [Metaspace: 9621K->9621K(1058816K)], 0.8447453 secs] [Times: user=0.84 sys=0.00, real=0.85 secs] 
2017-12-18T21:20:17.075+0300: 425.966: [GC (CMS Initial Mark) [1 CMS-initial-mark: 349567K(349568K)] 506814K(506816K), 0.0965289 secs] [Times: user=0.11 sys=0.00, real=0.10 secs] 
2017-12-18T21:20:17.172+0300: 426.063: [CMS-concurrent-mark-start]
2017-12-18T21:20:17.172+0300: 426.063: [Full GC (Allocation Failure) 2017-12-18T21:20:17.172+0300: 426.063: [CMS2017-12-18T21:20:17.478+0300: 426.369: [CMS-concurrent-mark: 0.306/0.307 secs] [Times: user=0.62 sys=0.00, real=0.31 secs] 
 (concurrent mode failure): 349567K->349567K(349568K), 1.1658154 secs] 506815K->506815K(506816K), [Metaspace: 9621K->9621K(1058816K)], 1.1658739 secs] [Times: user=1.47 sys=0.02, real=1.17 secs] 
2017-12-18T21:20:18.338+0300: 427.229: [Full GC (Allocation Failure) 2017-12-18T21:20:18.338+0300: 427.229: [CMS: 349567K->349567K(349568K), 0.9018474 secs] 506815K->506815K(506816K), [Metaspace: 9621K->9621K(1058816K)], 0.9018876 secs] [Times: user=0.86 sys=0.05, real=0.90 secs] 
2017-12-18T21:20:19.241+0300: 428.131: [Full GC (Allocation Failure) 2017-12-18T21:20:19.241+0300: 428.131: [CMS: 349567K->349567K(349568K), 1.0364717 secs] 506815K->506780K(506816K), [Metaspace: 9621K->9621K(1058816K)], 1.0365296 secs] [Times: user=1.01 sys=0.02, real=1.04 secs] 
2017-12-18T21:20:20.277+0300: 429.168: [Full GC (Allocation Failure) 2017-12-18T21:20:20.278+0300: 429.168: [CMS: 349567K->349567K(349568K), 1.0526600 secs] 506815K->506809K(506816K), [Metaspace: 9552K->9552K(1058816K)], 1.0527105 secs] [Times: user=1.06 sys=0.03, real=1.05 secs] 
2017-12-18T21:20:21.330+0300: 430.220: [GC (CMS Initial Mark) [1 CMS-initial-mark: 349567K(349568K)] 506809K(506816K), 0.0959091 secs] [Times: user=0.11 sys=0.00, real=0.10 secs] 
2017-12-18T21:20:21.426+0300: 430.316: [CMS-concurrent-mark-start]
2017-12-18T21:20:21.426+0300: 430.317: [Full GC (Allocation Failure) 2017-12-18T21:20:21.426+0300: 430.317: [CMS2017-12-18T21:20:21.733+0300: 430.623: [CMS-concurrent-mark: 0.307/0.307 secs] [Times: user=0.62 sys=0.00, real=0.31 secs] 
 (concurrent mode failure): 349567K->349567K(349568K), 1.3387979 secs] 506815K->506815K(506816K), [Metaspace: 9552K->9552K(1058816K)], 1.3388387 secs] [Times: user=1.62 sys=0.03, real=1.34 secs] 
2017-12-18T21:20:22.765+0300: 431.656: [Full GC (Allocation Failure) 2017-12-18T21:20:22.765+0300: 431.656: [CMS: 349567K->349567K(349568K), 0.8803691 secs] 506815K->506815K(506816K), [Metaspace: 9552K->9552K(1058816K)], 0.8804102 secs] [Times: user=0.84 sys=0.03, real=0.88 secs] 
2017-12-18T21:20:23.646+0300: 432.536: [Full GC (Allocation Failure) 2017-12-18T21:20:23.646+0300: 432.536: [CMS: 349567K->349567K(349568K), 0.9117216 secs] 506815K->506814K(506816K), [Metaspace: 9552K->9552K(1058816K)], 0.9117584 secs] [Times: user=0.91 sys=0.02, real=0.91 secs] 
2017-12-18T21:20:24.558+0300: 433.448: [Full GC (Allocation Failure) 2017-12-18T21:20:24.558+0300: 433.448: [CMS: 349567K->349567K(349568K), 0.8461825 secs] 506815K->506815K(506816K), [Metaspace: 9552K->9552K(1058816K)], 0.8462207 secs] [Times: user=0.83 sys=0.02, real=0.85 secs] 
2017-12-18T21:20:25.404+0300: 434.294: [Full GC (Allocation Failure) 2017-12-18T21:20:25.404+0300: 434.294: [CMS: 349567K->349567K(349568K), 0.8803452 secs] 506815K->506815K(506816K), [Metaspace: 9552K->9552K(1058816K)], 0.8803808 secs] [Times: user=0.81 sys=0.06, real=0.88 secs] 
2017-12-18T21:20:26.285+0300: 435.175: [Full GC (Allocation Failure) 2017-12-18T21:20:26.285+0300: 435.175: [CMS: 349567K->349567K(349568K), 0.8706150 secs] 506815K->506815K(506816K), [Metaspace: 9552K->9552K(1058816K)], 0.8706543 secs] [Times: user=0.87 sys=0.00, real=0.87 secs] 
2017-12-18T21:20:27.155+0300: 436.046: [Full GC (Allocation Failure) 2017-12-18T21:20:27.155+0300: 436.046: [CMS: 349567K->349567K(349568K), 0.8626054 secs] 506815K->506815K(506816K), [Metaspace: 9552K->9552K(1058816K)], 0.8626521 secs] [Times: user=0.86 sys=0.00, real=0.86 secs] 
2017-12-18T21:20:28.018+0300: 436.909: [Full GC (Allocation Failure) 2017-12-18T21:20:28.018+0300: 436.909: [CMS: 349567K->2540K(349568K), 0.1781688 secs] 506815K->2540K(506816K), [Metaspace: 9552K->9552K(1058816K)], 0.1782050 secs] [Times: user=0.19 sys=0.00, real=0.18 secs] 
2017-12-18T21:20:28.197+0300: 437.087: [GC (CMS Initial Mark) [1 CMS-initial-mark: 2540K(349568K)] 5110K(506816K), 0.0002976 secs] [Times: user=0.00 sys=0.00, real=0.00 secs] 
2017-12-18T21:20:28.197+0300: 437.087: [CMS-concurrent-mark-start]
2017-12-18T21:20:28.199+0300: 437.090: [CMS-concurrent-mark: 0.002/0.002 secs] [Times: user=0.00 sys=0.00, real=0.00 secs] 
2017-12-18T21:20:28.199+0300: 437.090: [CMS-concurrent-preclean-start]
2017-12-18T21:20:28.200+0300: 437.090: [CMS-concurrent-preclean: 0.000/0.000 secs] [Times: user=0.00 sys=0.00, real=0.00 secs] 
2017-12-18T21:20:28.200+0300: 437.090: [CMS-concurrent-abortable-preclean-start]
Heap
 par new generation   total 157248K, used 6372K [0x00000000e0000000, 0x00000000eaaa0000, 0x00000000eaaa0000)
  eden space 139776K,   4% used [0x00000000e0000000, 0x00000000e0639390, 0x00000000e8880000)
  from space 17472K,   0% used [0x00000000e8880000, 0x00000000e8880000, 0x00000000e9990000)
  to   space 17472K,   0% used [0x00000000e9990000, 0x00000000e9990000, 0x00000000eaaa0000)
 concurrent mark-sweep generation total 349568K, used 2540K [0x00000000eaaa0000, 0x0000000100000000, 0x0000000100000000)
 Metaspace       used 9590K, capacity 9914K, committed 10240K, reserved 1058816K
  class space    used 1128K, capacity 1219K, committed 1280K, reserved 1048576K
