Java HotSpot(TM) 64-Bit Server VM (25.111-b14) for windows-amd64 JRE (1.8.0_111-b14), built on Sep 22 2016 19:24:05 by "java_re" with MS VC++ 10.0 (VS2010)
Memory: 4k page, physical 16717800k(11241980k free), swap 33433764k(26331844k free)
CommandLine flags: -XX:GCLogFileSize=1048576 -XX:InitialHeapSize=536870912 -XX:+ManagementServer -XX:MaxHeapSize=536870912 -XX:MaxNewSize=178958336 -XX:MaxTenuringThreshold=6 -XX:NewSize=178958336 -XX:NumberOfGCLogFiles=10 -XX:OldPLABSize=16 -XX:OldSize=357912576 -XX:+PrintGC -XX:+PrintGCDateStamps -XX:+PrintGCDetails -XX:+PrintGCTimeStamps -XX:+UseCompressedClassPointers -XX:+UseCompressedOops -XX:+UseConcMarkSweepGC -XX:+UseGCLogFileRotation -XX:-UseLargePagesIndividualAllocation -XX:+UseParNewGC 
2017-12-17T16:01:43.557+0300: 79.322: [GC (Allocation Failure) 2017-12-17T16:01:43.557+0300: 79.322: [ParNew: 139776K->17472K(157248K), 0.9342427 secs] 139776K->113815K(506816K), 0.9345306 secs] [Times: user=6.71 sys=0.03, real=0.94 secs] 
2017-12-17T16:03:52.689+0300: 208.453: [GC (Allocation Failure) 2017-12-17T16:03:52.689+0300: 208.453: [ParNew: 157248K->17472K(157248K), 0.5708382 secs] 253591K->245861K(506816K), 0.5709047 secs] [Times: user=3.74 sys=0.00, real=0.57 secs] 
2017-12-17T16:03:53.262+0300: 209.025: [GC (CMS Initial Mark) [1 CMS-initial-mark: 228389K(349568K)] 252126K(506816K), 0.0052162 secs] [Times: user=0.00 sys=0.00, real=0.00 secs] 
2017-12-17T16:03:53.267+0300: 209.030: [CMS-concurrent-mark-start]
2017-12-17T16:03:53.456+0300: 209.220: [CMS-concurrent-mark: 0.190/0.190 secs] [Times: user=0.38 sys=0.00, real=0.19 secs] 
2017-12-17T16:03:53.456+0300: 209.220: [CMS-concurrent-preclean-start]
2017-12-17T16:03:53.457+0300: 209.220: [CMS-concurrent-preclean: 0.000/0.000 secs] [Times: user=0.00 sys=0.00, real=0.00 secs] 
2017-12-17T16:03:53.457+0300: 209.220: [CMS-concurrent-abortable-preclean-start]
 CMS: abort preclean due to time 2017-12-17T16:03:58.533+0300: 214.297: [CMS-concurrent-abortable-preclean: 4.777/5.076 secs] [Times: user=9.05 sys=0.00, real=5.08 secs] 
2017-12-17T16:03:58.533+0300: 214.297: [GC (CMS Final Remark) [YG occupancy: 35358 K (157248 K)]2017-12-17T16:03:58.533+0300: 214.297: [Rescan (parallel) , 0.0072034 secs]2017-12-17T16:03:58.541+0300: 214.304: [weak refs processing, 0.0000274 secs]2017-12-17T16:03:58.541+0300: 214.304: [class unloading, 0.0021129 secs]2017-12-17T16:03:58.543+0300: 214.307: [scrub symbol table, 0.0013508 secs]2017-12-17T16:03:58.544+0300: 214.308: [scrub string table, 0.0001654 secs][1 CMS-remark: 228389K(349568K)] 263747K(506816K), 0.0111917 secs] [Times: user=0.01 sys=0.00, real=0.01 secs] 
2017-12-17T16:03:58.545+0300: 214.308: [CMS-concurrent-sweep-start]
2017-12-17T16:03:58.624+0300: 214.388: [CMS-concurrent-sweep: 0.076/0.079 secs] [Times: user=0.16 sys=0.00, real=0.08 secs] 
2017-12-17T16:03:58.624+0300: 214.388: [CMS-concurrent-reset-start]
2017-12-17T16:03:58.625+0300: 214.388: [CMS-concurrent-reset: 0.001/0.001 secs] [Times: user=0.00 sys=0.00, real=0.00 secs] 
2017-12-17T16:04:00.625+0300: 216.389: [GC (CMS Initial Mark) [1 CMS-initial-mark: 226323K(349568K)] 261682K(506816K), 0.0069397 secs] [Times: user=0.00 sys=0.00, real=0.01 secs] 
2017-12-17T16:04:00.632+0300: 216.396: [CMS-concurrent-mark-start]
2017-12-17T16:04:00.850+0300: 216.614: [CMS-concurrent-mark: 0.218/0.218 secs] [Times: user=0.62 sys=0.00, real=0.22 secs] 
2017-12-17T16:04:00.850+0300: 216.614: [CMS-concurrent-preclean-start]
2017-12-17T16:04:00.852+0300: 216.616: [CMS-concurrent-preclean: 0.002/0.002 secs] [Times: user=0.00 sys=0.00, real=0.00 secs] 
2017-12-17T16:04:00.852+0300: 216.616: [CMS-concurrent-abortable-preclean-start]
 CMS: abort preclean due to time 2017-12-17T16:04:06.034+0300: 221.798: [CMS-concurrent-abortable-preclean: 4.683/5.183 secs] [Times: user=9.91 sys=0.00, real=5.18 secs] 
2017-12-17T16:04:06.036+0300: 221.800: [GC (CMS Final Remark) [YG occupancy: 35358 K (157248 K)]2017-12-17T16:04:06.036+0300: 221.800: [Rescan (parallel) , 0.0076499 secs]2017-12-17T16:04:06.043+0300: 221.807: [weak refs processing, 0.0000145 secs]2017-12-17T16:04:06.043+0300: 221.807: [class unloading, 0.0013662 secs]2017-12-17T16:04:06.045+0300: 221.809: [scrub symbol table, 0.0012319 secs]2017-12-17T16:04:06.046+0300: 221.810: [scrub string table, 0.0001542 secs][1 CMS-remark: 226323K(349568K)] 261682K(506816K), 0.0105442 secs] [Times: user=0.00 sys=0.00, real=0.01 secs] 
2017-12-17T16:04:06.046+0300: 221.810: [CMS-concurrent-sweep-start]
2017-12-17T16:04:06.124+0300: 221.888: [CMS-concurrent-sweep: 0.078/0.078 secs] [Times: user=0.16 sys=0.00, real=0.08 secs] 
2017-12-17T16:04:06.124+0300: 221.888: [CMS-concurrent-reset-start]
2017-12-17T16:04:06.125+0300: 221.889: [CMS-concurrent-reset: 0.001/0.001 secs] [Times: user=0.00 sys=0.00, real=0.00 secs] 
2017-12-17T16:04:08.127+0300: 223.891: [GC (CMS Initial Mark) [1 CMS-initial-mark: 223839K(349568K)] 259197K(506816K), 0.0069200 secs] [Times: user=0.00 sys=0.00, real=0.01 secs] 
2017-12-17T16:04:08.134+0300: 223.898: [CMS-concurrent-mark-start]
2017-12-17T16:04:08.324+0300: 224.088: [CMS-concurrent-mark: 0.190/0.190 secs] [Times: user=0.56 sys=0.00, real=0.19 secs] 
2017-12-17T16:04:08.324+0300: 224.088: [CMS-concurrent-preclean-start]
2017-12-17T16:04:08.325+0300: 224.089: [CMS-concurrent-preclean: 0.001/0.001 secs] [Times: user=0.03 sys=0.00, real=0.00 secs] 
2017-12-17T16:04:08.325+0300: 224.089: [CMS-concurrent-abortable-preclean-start]
 CMS: abort preclean due to time 2017-12-17T16:04:13.442+0300: 229.206: [CMS-concurrent-abortable-preclean: 3.525/5.117 secs] [Times: user=8.58 sys=0.00, real=5.12 secs] 
2017-12-17T16:04:13.444+0300: 229.207: [GC (CMS Final Remark) [YG occupancy: 35358 K (157248 K)]2017-12-17T16:04:13.444+0300: 229.207: [Rescan (parallel) , 0.0074058 secs]2017-12-17T16:04:13.451+0300: 229.215: [weak refs processing, 0.0000271 secs]2017-12-17T16:04:13.451+0300: 229.215: [class unloading, 0.0013693 secs]2017-12-17T16:04:13.452+0300: 229.216: [scrub symbol table, 0.0013554 secs]2017-12-17T16:04:13.454+0300: 229.217: [scrub string table, 0.0001534 secs][1 CMS-remark: 223839K(349568K)] 259197K(506816K), 0.0104239 secs] [Times: user=0.00 sys=0.00, real=0.01 secs] 
2017-12-17T16:04:13.454+0300: 229.218: [CMS-concurrent-sweep-start]
2017-12-17T16:04:13.533+0300: 229.296: [CMS-concurrent-sweep: 0.079/0.079 secs] [Times: user=0.16 sys=0.00, real=0.08 secs] 
2017-12-17T16:04:13.533+0300: 229.296: [CMS-concurrent-reset-start]
2017-12-17T16:04:13.533+0300: 229.297: [CMS-concurrent-reset: 0.001/0.001 secs] [Times: user=0.00 sys=0.00, real=0.00 secs] 
2017-12-17T16:04:15.534+0300: 231.297: [GC (CMS Initial Mark) [1 CMS-initial-mark: 223104K(349568K)] 258463K(506816K), 0.0070548 secs] [Times: user=0.00 sys=0.00, real=0.01 secs] 
2017-12-17T16:04:15.541+0300: 231.304: [CMS-concurrent-mark-start]
2017-12-17T16:04:15.714+0300: 231.478: [CMS-concurrent-mark: 0.174/0.174 secs] [Times: user=0.51 sys=0.00, real=0.17 secs] 
2017-12-17T16:04:15.715+0300: 231.478: [CMS-concurrent-preclean-start]
2017-12-17T16:04:15.715+0300: 231.479: [CMS-concurrent-preclean: 0.001/0.001 secs] [Times: user=0.00 sys=0.00, real=0.00 secs] 
2017-12-17T16:04:15.715+0300: 231.479: [CMS-concurrent-abortable-preclean-start]
 CMS: abort preclean due to time 2017-12-17T16:04:20.746+0300: 236.510: [CMS-concurrent-abortable-preclean: 2.988/5.031 secs] [Times: user=8.05 sys=0.00, real=5.03 secs] 
2017-12-17T16:04:20.746+0300: 236.510: [GC (CMS Final Remark) [YG occupancy: 35358 K (157248 K)]2017-12-17T16:04:20.746+0300: 236.510: [Rescan (parallel) , 0.0073536 secs]2017-12-17T16:04:20.754+0300: 236.518: [weak refs processing, 0.0000180 secs]2017-12-17T16:04:20.754+0300: 236.518: [class unloading, 0.0014278 secs]2017-12-17T16:04:20.755+0300: 236.519: [scrub symbol table, 0.0012604 secs]2017-12-17T16:04:20.757+0300: 236.520: [scrub string table, 0.0001617 secs][1 CMS-remark: 223104K(349568K)] 258463K(506816K), 0.0103164 secs] [Times: user=0.00 sys=0.00, real=0.01 secs] 
2017-12-17T16:04:20.757+0300: 236.521: [CMS-concurrent-sweep-start]
2017-12-17T16:04:20.832+0300: 236.596: [CMS-concurrent-sweep: 0.075/0.075 secs] [Times: user=0.16 sys=0.00, real=0.08 secs] 
2017-12-17T16:04:20.832+0300: 236.596: [CMS-concurrent-reset-start]
2017-12-17T16:04:20.833+0300: 236.597: [CMS-concurrent-reset: 0.001/0.001 secs] [Times: user=0.00 sys=0.00, real=0.00 secs] 
2017-12-17T16:04:22.833+0300: 238.597: [GC (CMS Initial Mark) [1 CMS-initial-mark: 222674K(349568K)] 258033K(506816K), 0.0066871 secs] [Times: user=0.06 sys=0.00, real=0.01 secs] 
2017-12-17T16:04:22.839+0300: 238.603: [CMS-concurrent-mark-start]
2017-12-17T16:04:23.023+0300: 238.787: [CMS-concurrent-mark: 0.183/0.183 secs] [Times: user=0.56 sys=0.00, real=0.18 secs] 
2017-12-17T16:04:23.023+0300: 238.787: [CMS-concurrent-preclean-start]
2017-12-17T16:04:23.024+0300: 238.788: [CMS-concurrent-preclean: 0.001/0.001 secs] [Times: user=0.00 sys=0.00, real=0.00 secs] 
2017-12-17T16:04:23.024+0300: 238.788: [CMS-concurrent-abortable-preclean-start]
 CMS: abort preclean due to time 2017-12-17T16:04:28.123+0300: 243.886: [CMS-concurrent-abortable-preclean: 3.007/5.098 secs] [Times: user=8.08 sys=0.00, real=5.10 secs] 
2017-12-17T16:04:28.123+0300: 243.886: [GC (CMS Final Remark) [YG occupancy: 35358 K (157248 K)]2017-12-17T16:04:28.123+0300: 243.886: [Rescan (parallel) , 0.0073063 secs]2017-12-17T16:04:28.130+0300: 243.894: [weak refs processing, 0.0000151 secs]2017-12-17T16:04:28.130+0300: 243.894: [class unloading, 0.0015033 secs]2017-12-17T16:04:28.132+0300: 243.895: [scrub symbol table, 0.0011136 secs]2017-12-17T16:04:28.133+0300: 243.896: [scrub string table, 0.0001445 secs][1 CMS-remark: 222674K(349568K)] 258033K(506816K), 0.0101813 secs] [Times: user=0.00 sys=0.00, real=0.01 secs] 
2017-12-17T16:04:28.133+0300: 243.896: [CMS-concurrent-sweep-start]
2017-12-17T16:04:28.206+0300: 243.969: [CMS-concurrent-sweep: 0.072/0.072 secs] [Times: user=0.16 sys=0.00, real=0.07 secs] 
2017-12-17T16:04:28.206+0300: 243.969: [CMS-concurrent-reset-start]
2017-12-17T16:04:28.206+0300: 243.969: [CMS-concurrent-reset: 0.001/0.001 secs] [Times: user=0.00 sys=0.00, real=0.00 secs] 
2017-12-17T16:04:30.206+0300: 245.969: [GC (CMS Initial Mark) [1 CMS-initial-mark: 222361K(349568K)] 257719K(506816K), 0.0066548 secs] [Times: user=0.00 sys=0.00, real=0.01 secs] 
2017-12-17T16:04:30.213+0300: 245.976: [CMS-concurrent-mark-start]
2017-12-17T16:04:30.379+0300: 246.143: [CMS-concurrent-mark: 0.167/0.167 secs] [Times: user=0.47 sys=0.00, real=0.17 secs] 
2017-12-17T16:04:30.379+0300: 246.143: [CMS-concurrent-preclean-start]
2017-12-17T16:04:30.380+0300: 246.143: [CMS-concurrent-preclean: 0.001/0.001 secs] [Times: user=0.00 sys=0.00, real=0.00 secs] 
2017-12-17T16:04:30.380+0300: 246.143: [CMS-concurrent-abortable-preclean-start]
 CMS: abort preclean due to time 2017-12-17T16:04:35.473+0300: 251.237: [CMS-concurrent-abortable-preclean: 3.005/5.093 secs] [Times: user=8.10 sys=0.00, real=5.09 secs] 
2017-12-17T16:04:35.475+0300: 251.238: [GC (CMS Final Remark) [YG occupancy: 35358 K (157248 K)]2017-12-17T16:04:35.475+0300: 251.238: [Rescan (parallel) , 0.0072279 secs]2017-12-17T16:04:35.482+0300: 251.246: [weak refs processing, 0.0000220 secs]2017-12-17T16:04:35.482+0300: 251.246: [class unloading, 0.0011165 secs]2017-12-17T16:04:35.483+0300: 251.247: [scrub symbol table, 0.0010475 secs]2017-12-17T16:04:35.484+0300: 251.248: [scrub string table, 0.0001428 secs][1 CMS-remark: 222361K(349568K)] 257719K(506816K), 0.0096490 secs] [Times: user=0.00 sys=0.00, real=0.01 secs] 
2017-12-17T16:04:35.484+0300: 251.248: [CMS-concurrent-sweep-start]
2017-12-17T16:04:35.556+0300: 251.320: [CMS-concurrent-sweep: 0.072/0.072 secs] [Times: user=0.16 sys=0.00, real=0.07 secs] 
2017-12-17T16:04:35.556+0300: 251.320: [CMS-concurrent-reset-start]
2017-12-17T16:04:35.557+0300: 251.321: [CMS-concurrent-reset: 0.001/0.001 secs] [Times: user=0.00 sys=0.00, real=0.00 secs] 
2017-12-17T16:04:37.558+0300: 253.321: [GC (CMS Initial Mark) [1 CMS-initial-mark: 222096K(349568K)] 260218K(506816K), 0.0068732 secs] [Times: user=0.06 sys=0.00, real=0.01 secs] 
2017-12-17T16:04:37.564+0300: 253.328: [CMS-concurrent-mark-start]
2017-12-17T16:04:37.756+0300: 253.520: [CMS-concurrent-mark: 0.192/0.192 secs] [Times: user=0.56 sys=0.00, real=0.19 secs] 
2017-12-17T16:04:37.757+0300: 253.520: [CMS-concurrent-preclean-start]
2017-12-17T16:04:37.757+0300: 253.521: [CMS-concurrent-preclean: 0.001/0.001 secs] [Times: user=0.00 sys=0.00, real=0.00 secs] 
2017-12-17T16:04:37.757+0300: 253.521: [CMS-concurrent-abortable-preclean-start]
 CMS: abort preclean due to time 2017-12-17T16:04:42.842+0300: 258.606: [CMS-concurrent-abortable-preclean: 2.996/5.085 secs] [Times: user=8.08 sys=0.00, real=5.09 secs] 
2017-12-17T16:04:42.844+0300: 258.608: [GC (CMS Final Remark) [YG occupancy: 39064 K (157248 K)]2017-12-17T16:04:42.844+0300: 258.608: [Rescan (parallel) , 0.0073645 secs]2017-12-17T16:04:42.851+0300: 258.615: [weak refs processing, 0.0000217 secs]2017-12-17T16:04:42.851+0300: 258.615: [class unloading, 0.0011136 secs]2017-12-17T16:04:42.852+0300: 258.616: [scrub symbol table, 0.0014449 secs]2017-12-17T16:04:42.854+0300: 258.618: [scrub string table, 0.0001488 secs][1 CMS-remark: 222096K(349568K)] 261160K(506816K), 0.0101830 secs] [Times: user=0.06 sys=0.00, real=0.01 secs] 
2017-12-17T16:04:42.854+0300: 258.618: [CMS-concurrent-sweep-start]
2017-12-17T16:04:42.928+0300: 258.692: [CMS-concurrent-sweep: 0.074/0.074 secs] [Times: user=0.16 sys=0.00, real=0.07 secs] 
2017-12-17T16:04:42.928+0300: 258.692: [CMS-concurrent-reset-start]
2017-12-17T16:04:42.928+0300: 258.692: [CMS-concurrent-reset: 0.001/0.001 secs] [Times: user=0.00 sys=0.00, real=0.00 secs] 
2017-12-17T16:04:44.931+0300: 260.694: [GC (CMS Initial Mark) [1 CMS-initial-mark: 221865K(349568K)] 260929K(506816K), 0.0067920 secs] [Times: user=0.00 sys=0.00, real=0.01 secs] 
2017-12-17T16:04:44.937+0300: 260.701: [CMS-concurrent-mark-start]
2017-12-17T16:04:45.127+0300: 260.890: [CMS-concurrent-mark: 0.189/0.189 secs] [Times: user=0.61 sys=0.00, real=0.19 secs] 
2017-12-17T16:04:45.127+0300: 260.890: [CMS-concurrent-preclean-start]
2017-12-17T16:04:45.128+0300: 260.891: [CMS-concurrent-preclean: 0.001/0.001 secs] [Times: user=0.00 sys=0.00, real=0.00 secs] 
2017-12-17T16:04:45.128+0300: 260.891: [CMS-concurrent-abortable-preclean-start]
 CMS: abort preclean due to time 2017-12-17T16:04:50.193+0300: 265.957: [CMS-concurrent-abortable-preclean: 3.869/5.066 secs] [Times: user=6.86 sys=0.00, real=5.07 secs] 
2017-12-17T16:04:50.193+0300: 265.957: [GC (CMS Final Remark) [YG occupancy: 85300 K (157248 K)]2017-12-17T16:04:50.193+0300: 265.957: [Rescan (parallel) , 0.0166425 secs]2017-12-17T16:04:50.210+0300: 265.973: [weak refs processing, 0.0000242 secs]2017-12-17T16:04:50.210+0300: 265.973: [class unloading, 0.0011287 secs]2017-12-17T16:04:50.211+0300: 265.975: [scrub symbol table, 0.0010566 secs]2017-12-17T16:04:50.212+0300: 265.976: [scrub string table, 0.0001440 secs][1 CMS-remark: 221865K(349568K)] 307165K(506816K), 0.0190975 secs] [Times: user=0.08 sys=0.00, real=0.02 secs] 
2017-12-17T16:04:50.212+0300: 265.976: [CMS-concurrent-sweep-start]
2017-12-17T16:04:50.283+0300: 266.047: [CMS-concurrent-sweep: 0.071/0.071 secs] [Times: user=0.13 sys=0.00, real=0.07 secs] 
2017-12-17T16:04:50.283+0300: 266.047: [CMS-concurrent-reset-start]
2017-12-17T16:04:50.284+0300: 266.047: [CMS-concurrent-reset: 0.001/0.001 secs] [Times: user=0.00 sys=0.00, real=0.00 secs] 
2017-12-17T16:04:52.284+0300: 268.047: [GC (CMS Initial Mark) [1 CMS-initial-mark: 221664K(349568K)] 306964K(506816K), 0.0148835 secs] [Times: user=0.06 sys=0.00, real=0.02 secs] 
2017-12-17T16:04:52.299+0300: 268.062: [CMS-concurrent-mark-start]
2017-12-17T16:04:52.464+0300: 268.228: [CMS-concurrent-mark: 0.165/0.165 secs] [Times: user=0.51 sys=0.00, real=0.16 secs] 
2017-12-17T16:04:52.464+0300: 268.228: [CMS-concurrent-preclean-start]
2017-12-17T16:04:52.467+0300: 268.231: [CMS-concurrent-preclean: 0.003/0.003 secs] [Times: user=0.00 sys=0.00, real=0.00 secs] 
2017-12-17T16:04:52.467+0300: 268.231: [CMS-concurrent-abortable-preclean-start]
 CMS: abort preclean due to time 2017-12-17T16:04:57.549+0300: 273.313: [CMS-concurrent-abortable-preclean: 5.082/5.082 secs] [Times: user=10.16 sys=0.00, real=5.08 secs] 
2017-12-17T16:04:57.550+0300: 273.313: [GC (CMS Final Remark) [YG occupancy: 85300 K (157248 K)]2017-12-17T16:04:57.550+0300: 273.313: [Rescan (parallel) , 0.0163455 secs]2017-12-17T16:04:57.566+0300: 273.330: [weak refs processing, 0.0000989 secs]2017-12-17T16:04:57.566+0300: 273.330: [class unloading, 0.0014435 secs]2017-12-17T16:04:57.568+0300: 273.331: [scrub symbol table, 0.0012365 secs]2017-12-17T16:04:57.569+0300: 273.333: [scrub string table, 0.0001614 secs][1 CMS-remark: 221664K(349568K)] 306964K(506816K), 0.0194040 secs] [Times: user=0.06 sys=0.00, real=0.02 secs] 
2017-12-17T16:04:57.569+0300: 273.333: [CMS-concurrent-sweep-start]
2017-12-17T16:04:57.647+0300: 273.411: [CMS-concurrent-sweep: 0.078/0.078 secs] [Times: user=0.16 sys=0.00, real=0.08 secs] 
2017-12-17T16:04:57.647+0300: 273.411: [CMS-concurrent-reset-start]
2017-12-17T16:04:57.648+0300: 273.412: [CMS-concurrent-reset: 0.001/0.001 secs] [Times: user=0.00 sys=0.00, real=0.00 secs] 
2017-12-17T16:04:59.648+0300: 275.412: [GC (CMS Initial Mark) [1 CMS-initial-mark: 219807K(349568K)] 305108K(506816K), 0.0151691 secs] [Times: user=0.06 sys=0.00, real=0.02 secs] 
2017-12-17T16:04:59.663+0300: 275.427: [CMS-concurrent-mark-start]
2017-12-17T16:04:59.850+0300: 275.614: [CMS-concurrent-mark: 0.187/0.187 secs] [Times: user=0.56 sys=0.00, real=0.19 secs] 
2017-12-17T16:04:59.850+0300: 275.614: [CMS-concurrent-preclean-start]
2017-12-17T16:04:59.852+0300: 275.616: [CMS-concurrent-preclean: 0.002/0.002 secs] [Times: user=0.00 sys=0.00, real=0.00 secs] 
2017-12-17T16:04:59.852+0300: 275.616: [CMS-concurrent-abortable-preclean-start]
 CMS: abort preclean due to time 2017-12-17T16:05:05.038+0300: 280.801: [CMS-concurrent-abortable-preclean: 3.793/5.185 secs] [Times: user=8.97 sys=0.00, real=5.19 secs] 
2017-12-17T16:05:05.039+0300: 280.802: [GC (CMS Final Remark) [YG occupancy: 85300 K (157248 K)]2017-12-17T16:05:05.039+0300: 280.802: [Rescan (parallel) , 0.0168937 secs]2017-12-17T16:05:05.056+0300: 280.819: [weak refs processing, 0.0000211 secs]2017-12-17T16:05:05.056+0300: 280.819: [class unloading, 0.0015609 secs]2017-12-17T16:05:05.057+0300: 280.820: [scrub symbol table, 0.0012564 secs]2017-12-17T16:05:05.058+0300: 280.822: [scrub string table, 0.0001694 secs][1 CMS-remark: 219807K(349568K)] 305108K(506816K), 0.0200161 secs] [Times: user=0.06 sys=0.00, real=0.02 secs] 
2017-12-17T16:05:05.059+0300: 280.822: [CMS-concurrent-sweep-start]
2017-12-17T16:05:05.131+0300: 280.894: [CMS-concurrent-sweep: 0.072/0.072 secs] [Times: user=0.16 sys=0.00, real=0.07 secs] 
2017-12-17T16:05:05.131+0300: 280.894: [CMS-concurrent-reset-start]
2017-12-17T16:05:05.132+0300: 280.895: [CMS-concurrent-reset: 0.001/0.001 secs] [Times: user=0.00 sys=0.00, real=0.00 secs] 
2017-12-17T16:05:07.131+0300: 282.894: [GC (CMS Initial Mark) [1 CMS-initial-mark: 218964K(349568K)] 305173K(506816K), 0.0155512 secs] [Times: user=0.06 sys=0.00, real=0.02 secs] 
2017-12-17T16:05:07.147+0300: 282.910: [CMS-concurrent-mark-start]
2017-12-17T16:05:07.337+0300: 283.101: [CMS-concurrent-mark: 0.191/0.191 secs] [Times: user=0.56 sys=0.00, real=0.19 secs] 
2017-12-17T16:05:07.338+0300: 283.101: [CMS-concurrent-preclean-start]
2017-12-17T16:05:07.338+0300: 283.102: [CMS-concurrent-preclean: 0.001/0.001 secs] [Times: user=0.00 sys=0.00, real=0.00 secs] 
2017-12-17T16:05:07.338+0300: 283.102: [CMS-concurrent-abortable-preclean-start]
 CMS: abort preclean due to time 2017-12-17T16:05:12.495+0300: 288.259: [CMS-concurrent-abortable-preclean: 3.663/5.157 secs] [Times: user=8.81 sys=0.00, real=5.16 secs] 
2017-12-17T16:05:12.497+0300: 288.260: [GC (CMS Final Remark) [YG occupancy: 86209 K (157248 K)]2017-12-17T16:05:12.497+0300: 288.260: [Rescan (parallel) , 0.0166123 secs]2017-12-17T16:05:12.513+0300: 288.277: [weak refs processing, 0.0000265 secs]2017-12-17T16:05:12.513+0300: 288.277: [class unloading, 0.0014902 secs]2017-12-17T16:05:12.515+0300: 288.278: [scrub symbol table, 0.0012627 secs]2017-12-17T16:05:12.516+0300: 288.280: [scrub string table, 0.0001494 secs][1 CMS-remark: 218964K(349568K)] 305173K(506816K), 0.0196535 secs] [Times: user=0.06 sys=0.00, real=0.02 secs] 
2017-12-17T16:05:12.516+0300: 288.280: [CMS-concurrent-sweep-start]
2017-12-17T16:05:12.586+0300: 288.350: [CMS-concurrent-sweep: 0.070/0.070 secs] [Times: user=0.16 sys=0.00, real=0.07 secs] 
2017-12-17T16:05:12.586+0300: 288.350: [CMS-concurrent-reset-start]
2017-12-17T16:05:12.587+0300: 288.350: [CMS-concurrent-reset: 0.001/0.001 secs] [Times: user=0.00 sys=0.00, real=0.00 secs] 
2017-12-17T16:05:14.587+0300: 290.350: [GC (CMS Initial Mark) [1 CMS-initial-mark: 218467K(349568K)] 305622K(506816K), 0.0154140 secs] [Times: user=0.06 sys=0.00, real=0.02 secs] 
2017-12-17T16:05:14.602+0300: 290.366: [CMS-concurrent-mark-start]
2017-12-17T16:05:14.785+0300: 290.548: [CMS-concurrent-mark: 0.183/0.183 secs] [Times: user=0.56 sys=0.00, real=0.18 secs] 
2017-12-17T16:05:14.785+0300: 290.548: [CMS-concurrent-preclean-start]
2017-12-17T16:05:14.785+0300: 290.549: [CMS-concurrent-preclean: 0.001/0.001 secs] [Times: user=0.00 sys=0.00, real=0.00 secs] 
2017-12-17T16:05:14.785+0300: 290.549: [CMS-concurrent-abortable-preclean-start]
 CMS: abort preclean due to time 2017-12-17T16:05:19.861+0300: 295.624: [CMS-concurrent-abortable-preclean: 2.986/5.075 secs] [Times: user=8.05 sys=0.00, real=5.08 secs] 
2017-12-17T16:05:19.863+0300: 295.626: [GC (CMS Final Remark) [YG occupancy: 87154 K (157248 K)]2017-12-17T16:05:19.863+0300: 295.626: [Rescan (parallel) , 0.0165556 secs]2017-12-17T16:05:19.879+0300: 295.642: [weak refs processing, 0.0000194 secs]2017-12-17T16:05:19.879+0300: 295.642: [class unloading, 0.0014261 secs]2017-12-17T16:05:19.881+0300: 295.644: [scrub symbol table, 0.0012536 secs]2017-12-17T16:05:19.882+0300: 295.645: [scrub string table, 0.0001465 secs][1 CMS-remark: 218467K(349568K)] 305622K(506816K), 0.0195189 secs] [Times: user=0.06 sys=0.00, real=0.02 secs] 
2017-12-17T16:05:19.882+0300: 295.645: [CMS-concurrent-sweep-start]
2017-12-17T16:05:19.952+0300: 295.715: [CMS-concurrent-sweep: 0.070/0.070 secs] [Times: user=0.16 sys=0.00, real=0.07 secs] 
2017-12-17T16:05:19.952+0300: 295.715: [CMS-concurrent-reset-start]
2017-12-17T16:05:19.952+0300: 295.715: [CMS-concurrent-reset: 0.001/0.001 secs] [Times: user=0.00 sys=0.00, real=0.00 secs] 
2017-12-17T16:05:21.954+0300: 297.717: [GC (CMS Initial Mark) [1 CMS-initial-mark: 218085K(349568K)] 306182K(506816K), 0.0193767 secs] [Times: user=0.05 sys=0.00, real=0.02 secs] 
2017-12-17T16:05:21.973+0300: 297.736: [CMS-concurrent-mark-start]
2017-12-17T16:05:22.158+0300: 297.921: [CMS-concurrent-mark: 0.185/0.185 secs] [Times: user=0.56 sys=0.00, real=0.18 secs] 
2017-12-17T16:05:22.158+0300: 297.921: [CMS-concurrent-preclean-start]
2017-12-17T16:05:22.159+0300: 297.922: [CMS-concurrent-preclean: 0.001/0.001 secs] [Times: user=0.00 sys=0.00, real=0.00 secs] 
2017-12-17T16:05:22.159+0300: 297.922: [CMS-concurrent-abortable-preclean-start]
 CMS: abort preclean due to time 2017-12-17T16:05:27.256+0300: 303.019: [CMS-concurrent-abortable-preclean: 3.007/5.097 secs] [Times: user=8.14 sys=0.00, real=5.10 secs] 
2017-12-17T16:05:27.256+0300: 303.020: [GC (CMS Final Remark) [YG occupancy: 88096 K (157248 K)]2017-12-17T16:05:27.257+0300: 303.020: [Rescan (parallel) , 0.0164775 secs]2017-12-17T16:05:27.273+0300: 303.036: [weak refs processing, 0.0000163 secs]2017-12-17T16:05:27.273+0300: 303.036: [class unloading, 0.0013822 secs]2017-12-17T16:05:27.274+0300: 303.038: [scrub symbol table, 0.0010289 secs]2017-12-17T16:05:27.275+0300: 303.039: [scrub string table, 0.0001751 secs][1 CMS-remark: 218085K(349568K)] 306182K(506816K), 0.0192010 secs] [Times: user=0.06 sys=0.00, real=0.02 secs] 
2017-12-17T16:05:27.276+0300: 303.039: [CMS-concurrent-sweep-start]
2017-12-17T16:05:27.346+0300: 303.109: [CMS-concurrent-sweep: 0.070/0.070 secs] [Times: user=0.16 sys=0.00, real=0.07 secs] 
2017-12-17T16:05:27.346+0300: 303.109: [CMS-concurrent-reset-start]
2017-12-17T16:05:27.346+0300: 303.110: [CMS-concurrent-reset: 0.001/0.001 secs] [Times: user=0.00 sys=0.00, real=0.00 secs] 
2017-12-17T16:05:29.347+0300: 305.110: [GC (CMS Initial Mark) [1 CMS-initial-mark: 217737K(349568K)] 305834K(506816K), 0.0150619 secs] [Times: user=0.06 sys=0.00, real=0.02 secs] 
2017-12-17T16:05:29.362+0300: 305.125: [CMS-concurrent-mark-start]
2017-12-17T16:05:29.541+0300: 305.304: [CMS-concurrent-mark: 0.179/0.179 secs] [Times: user=0.56 sys=0.00, real=0.18 secs] 
2017-12-17T16:05:29.541+0300: 305.304: [CMS-concurrent-preclean-start]
2017-12-17T16:05:29.542+0300: 305.305: [CMS-concurrent-preclean: 0.001/0.001 secs] [Times: user=0.00 sys=0.00, real=0.00 secs] 
2017-12-17T16:05:29.542+0300: 305.305: [CMS-concurrent-abortable-preclean-start]
 CMS: abort preclean due to time 2017-12-17T16:05:34.623+0300: 310.386: [CMS-concurrent-abortable-preclean: 2.990/5.081 secs] [Times: user=8.03 sys=0.00, real=5.08 secs] 
2017-12-17T16:05:34.624+0300: 310.387: [GC (CMS Final Remark) [YG occupancy: 88096 K (157248 K)]2017-12-17T16:05:34.624+0300: 310.387: [Rescan (parallel) , 0.0165410 secs]2017-12-17T16:05:34.640+0300: 310.404: [weak refs processing, 0.0000188 secs]2017-12-17T16:05:34.640+0300: 310.404: [class unloading, 0.0015290 secs]2017-12-17T16:05:34.642+0300: 310.406: [scrub symbol table, 0.0010649 secs]2017-12-17T16:05:34.643+0300: 310.407: [scrub string table, 0.0001323 secs][1 CMS-remark: 217737K(349568K)] 305834K(506816K), 0.0193921 secs] [Times: user=0.08 sys=0.00, real=0.02 secs] 
2017-12-17T16:05:34.643+0300: 310.407: [CMS-concurrent-sweep-start]
2017-12-17T16:05:34.715+0300: 310.479: [CMS-concurrent-sweep: 0.072/0.072 secs] [Times: user=0.13 sys=0.00, real=0.07 secs] 
2017-12-17T16:05:34.715+0300: 310.479: [CMS-concurrent-reset-start]
2017-12-17T16:05:34.715+0300: 310.479: [CMS-concurrent-reset: 0.001/0.001 secs] [Times: user=0.00 sys=0.00, real=0.00 secs] 
2017-12-17T16:05:36.717+0300: 312.480: [GC (CMS Initial Mark) [1 CMS-initial-mark: 217491K(349568K)] 306985K(506816K), 0.0151492 secs] [Times: user=0.06 sys=0.00, real=0.02 secs] 
2017-12-17T16:05:36.732+0300: 312.496: [CMS-concurrent-mark-start]
2017-12-17T16:05:36.911+0300: 312.675: [CMS-concurrent-mark: 0.179/0.179 secs] [Times: user=0.51 sys=0.00, real=0.18 secs] 
2017-12-17T16:05:36.911+0300: 312.675: [CMS-concurrent-preclean-start]
2017-12-17T16:05:36.911+0300: 312.675: [CMS-concurrent-preclean: 0.001/0.001 secs] [Times: user=0.00 sys=0.00, real=0.00 secs] 
2017-12-17T16:05:36.912+0300: 312.675: [CMS-concurrent-abortable-preclean-start]
 CMS: abort preclean due to time 2017-12-17T16:05:41.977+0300: 317.740: [CMS-concurrent-abortable-preclean: 2.974/5.065 secs] [Times: user=8.05 sys=0.00, real=5.07 secs] 
2017-12-17T16:05:41.980+0300: 317.743: [GC (CMS Final Remark) [YG occupancy: 89494 K (157248 K)]2017-12-17T16:05:41.980+0300: 317.743: [Rescan (parallel) , 0.0165216 secs]2017-12-17T16:05:41.996+0300: 317.759: [weak refs processing, 0.0000316 secs]2017-12-17T16:05:41.996+0300: 317.759: [class unloading, 0.0013990 secs]2017-12-17T16:05:41.998+0300: 317.761: [scrub symbol table, 0.0013023 secs]2017-12-17T16:05:41.999+0300: 317.762: [scrub string table, 0.0001471 secs][1 CMS-remark: 217491K(349568K)] 306985K(506816K), 0.0195104 secs] [Times: user=0.06 sys=0.00, real=0.02 secs] 
2017-12-17T16:05:41.999+0300: 317.762: [CMS-concurrent-sweep-start]
2017-12-17T16:05:42.070+0300: 317.833: [CMS-concurrent-sweep: 0.071/0.071 secs] [Times: user=0.16 sys=0.00, real=0.07 secs] 
2017-12-17T16:05:42.070+0300: 317.833: [CMS-concurrent-reset-start]
2017-12-17T16:05:42.071+0300: 317.834: [CMS-concurrent-reset: 0.001/0.001 secs] [Times: user=0.00 sys=0.00, real=0.00 secs] 
2017-12-17T16:05:44.072+0300: 319.835: [GC (CMS Initial Mark) [1 CMS-initial-mark: 217266K(349568K)] 306761K(506816K), 0.0151785 secs] [Times: user=0.06 sys=0.00, real=0.01 secs] 
2017-12-17T16:05:44.087+0300: 319.850: [CMS-concurrent-mark-start]
2017-12-17T16:05:44.271+0300: 320.034: [CMS-concurrent-mark: 0.184/0.184 secs] [Times: user=0.56 sys=0.00, real=0.18 secs] 
2017-12-17T16:05:44.271+0300: 320.034: [CMS-concurrent-preclean-start]
2017-12-17T16:05:44.272+0300: 320.035: [CMS-concurrent-preclean: 0.001/0.001 secs] [Times: user=0.00 sys=0.00, real=0.00 secs] 
2017-12-17T16:05:44.272+0300: 320.035: [CMS-concurrent-abortable-preclean-start]
 CMS: abort preclean due to time 2017-12-17T16:05:49.333+0300: 325.097: [CMS-concurrent-abortable-preclean: 2.971/5.062 secs] [Times: user=8.05 sys=0.00, real=5.06 secs] 
2017-12-17T16:05:49.335+0300: 325.098: [GC (CMS Final Remark) [YG occupancy: 89494 K (157248 K)]2017-12-17T16:05:49.335+0300: 325.098: [Rescan (parallel) , 0.0166220 secs]2017-12-17T16:05:49.351+0300: 325.115: [weak refs processing, 0.0000191 secs]2017-12-17T16:05:49.351+0300: 325.115: [class unloading, 0.0017075 secs]2017-12-17T16:05:49.353+0300: 325.117: [scrub symbol table, 0.0013400 secs]2017-12-17T16:05:49.354+0300: 325.118: [scrub string table, 0.0001554 secs][1 CMS-remark: 217266K(349568K)] 306761K(506816K), 0.0199700 secs] [Times: user=0.08 sys=0.00, real=0.02 secs] 
2017-12-17T16:05:49.355+0300: 325.118: [CMS-concurrent-sweep-start]
2017-12-17T16:05:49.426+0300: 325.190: [CMS-concurrent-sweep: 0.072/0.072 secs] [Times: user=0.13 sys=0.00, real=0.07 secs] 
2017-12-17T16:05:49.426+0300: 325.190: [CMS-concurrent-reset-start]
2017-12-17T16:05:49.427+0300: 325.190: [CMS-concurrent-reset: 0.001/0.001 secs] [Times: user=0.00 sys=0.00, real=0.00 secs] 
2017-12-17T16:05:51.427+0300: 327.190: [GC (CMS Initial Mark) [1 CMS-initial-mark: 217071K(349568K)] 306565K(506816K), 0.0151526 secs] [Times: user=0.03 sys=0.00, real=0.01 secs] 
2017-12-17T16:05:51.442+0300: 327.206: [CMS-concurrent-mark-start]
2017-12-17T16:05:51.607+0300: 327.371: [CMS-concurrent-mark: 0.165/0.165 secs] [Times: user=0.47 sys=0.00, real=0.17 secs] 
2017-12-17T16:05:51.607+0300: 327.371: [CMS-concurrent-preclean-start]
2017-12-17T16:05:51.608+0300: 327.371: [CMS-concurrent-preclean: 0.001/0.001 secs] [Times: user=0.00 sys=0.00, real=0.00 secs] 
2017-12-17T16:05:51.608+0300: 327.371: [CMS-concurrent-abortable-preclean-start]
 CMS: abort preclean due to time 2017-12-17T16:05:56.671+0300: 332.434: [CMS-concurrent-abortable-preclean: 2.973/5.062 secs] [Times: user=8.07 sys=0.00, real=5.06 secs] 
2017-12-17T16:05:56.671+0300: 332.434: [GC (CMS Final Remark) [YG occupancy: 89494 K (157248 K)]2017-12-17T16:05:56.671+0300: 332.434: [Rescan (parallel) , 0.0167666 secs]2017-12-17T16:05:56.688+0300: 332.451: [weak refs processing, 0.0000197 secs]2017-12-17T16:05:56.688+0300: 332.451: [class unloading, 0.0014503 secs]2017-12-17T16:05:56.689+0300: 332.452: [scrub symbol table, 0.0012479 secs]2017-12-17T16:05:56.691+0300: 332.453: [scrub string table, 0.0001634 secs][1 CMS-remark: 217071K(349568K)] 306565K(506816K), 0.0197541 secs] [Times: user=0.06 sys=0.00, real=0.02 secs] 
2017-12-17T16:05:56.691+0300: 332.454: [CMS-concurrent-sweep-start]
2017-12-17T16:05:56.763+0300: 332.526: [CMS-concurrent-sweep: 0.072/0.072 secs] [Times: user=0.16 sys=0.00, real=0.07 secs] 
2017-12-17T16:05:56.763+0300: 332.526: [CMS-concurrent-reset-start]
2017-12-17T16:05:56.764+0300: 332.527: [CMS-concurrent-reset: 0.001/0.001 secs] [Times: user=0.00 sys=0.00, real=0.00 secs] 
2017-12-17T16:05:58.766+0300: 334.529: [GC (CMS Initial Mark) [1 CMS-initial-mark: 216893K(349568K)] 306388K(506816K), 0.0155543 secs] [Times: user=0.06 sys=0.00, real=0.01 secs] 
2017-12-17T16:05:58.781+0300: 334.544: [CMS-concurrent-mark-start]
2017-12-17T16:05:58.944+0300: 334.707: [CMS-concurrent-mark: 0.162/0.162 secs] [Times: user=0.47 sys=0.00, real=0.16 secs] 
2017-12-17T16:05:58.944+0300: 334.707: [CMS-concurrent-preclean-start]
2017-12-17T16:05:58.945+0300: 334.708: [CMS-concurrent-preclean: 0.001/0.001 secs] [Times: user=0.00 sys=0.00, real=0.00 secs] 
2017-12-17T16:05:58.945+0300: 334.708: [CMS-concurrent-abortable-preclean-start]
 CMS: abort preclean due to time 2017-12-17T16:06:04.011+0300: 339.774: [CMS-concurrent-abortable-preclean: 2.978/5.067 secs] [Times: user=8.08 sys=0.00, real=5.07 secs] 
2017-12-17T16:06:04.014+0300: 339.777: [GC (CMS Final Remark) [YG occupancy: 90440 K (157248 K)]2017-12-17T16:06:04.014+0300: 339.777: [Rescan (parallel) , 0.0170243 secs]2017-12-17T16:06:04.031+0300: 339.794: [weak refs processing, 0.0000191 secs]2017-12-17T16:06:04.031+0300: 339.794: [class unloading, 0.0015259 secs]2017-12-17T16:06:04.032+0300: 339.796: [scrub symbol table, 0.0012422 secs]2017-12-17T16:06:04.033+0300: 339.797: [scrub string table, 0.0001850 secs][1 CMS-remark: 216893K(349568K)] 307333K(506816K), 0.0201045 secs] [Times: user=0.08 sys=0.00, real=0.02 secs] 
2017-12-17T16:06:04.034+0300: 339.797: [CMS-concurrent-sweep-start]
2017-12-17T16:06:04.104+0300: 339.867: [CMS-concurrent-sweep: 0.070/0.070 secs] [Times: user=0.13 sys=0.00, real=0.07 secs] 
2017-12-17T16:06:04.104+0300: 339.867: [CMS-concurrent-reset-start]
2017-12-17T16:06:04.104+0300: 339.868: [CMS-concurrent-reset: 0.001/0.001 secs] [Times: user=0.00 sys=0.00, real=0.00 secs] 
2017-12-17T16:06:06.104+0300: 341.867: [GC (CMS Initial Mark) [1 CMS-initial-mark: 216729K(349568K)] 356781K(506816K), 0.0335186 secs] [Times: user=0.13 sys=0.00, real=0.03 secs] 
2017-12-17T16:06:06.137+0300: 341.901: [CMS-concurrent-mark-start]
2017-12-17T16:06:06.300+0300: 342.064: [CMS-concurrent-mark: 0.163/0.163 secs] [Times: user=0.34 sys=0.00, real=0.16 secs] 
2017-12-17T16:06:06.300+0300: 342.064: [CMS-concurrent-preclean-start]
2017-12-17T16:06:06.301+0300: 342.064: [CMS-concurrent-preclean: 0.000/0.000 secs] [Times: user=0.00 sys=0.00, real=0.00 secs] 
2017-12-17T16:06:06.301+0300: 342.064: [CMS-concurrent-abortable-preclean-start]
2017-12-17T16:06:06.301+0300: 342.064: [CMS-concurrent-abortable-preclean: 0.000/0.000 secs] [Times: user=0.00 sys=0.00, real=0.00 secs] 
2017-12-17T16:06:06.301+0300: 342.064: [GC (CMS Final Remark) [YG occupancy: 140052 K (157248 K)]2017-12-17T16:06:06.301+0300: 342.064: [Rescan (parallel) , 0.0258382 secs]2017-12-17T16:06:06.327+0300: 342.090: [weak refs processing, 0.0000171 secs]2017-12-17T16:06:06.327+0300: 342.090: [class unloading, 0.0015202 secs]2017-12-17T16:06:06.328+0300: 342.092: [scrub symbol table, 0.0012610 secs]2017-12-17T16:06:06.329+0300: 342.093: [scrub string table, 0.0001428 secs][1 CMS-remark: 216729K(349568K)] 356781K(506816K), 0.0288951 secs] [Times: user=0.13 sys=0.00, real=0.03 secs] 
2017-12-17T16:06:06.330+0300: 342.093: [CMS-concurrent-sweep-start]
2017-12-17T16:06:06.397+0300: 342.161: [CMS-concurrent-sweep: 0.068/0.068 secs] [Times: user=0.06 sys=0.00, real=0.07 secs] 
2017-12-17T16:06:06.397+0300: 342.161: [CMS-concurrent-reset-start]
2017-12-17T16:06:06.398+0300: 342.161: [CMS-concurrent-reset: 0.001/0.001 secs] [Times: user=0.00 sys=0.00, real=0.00 secs] 
2017-12-17T16:06:08.398+0300: 344.161: [GC (CMS Initial Mark) [1 CMS-initial-mark: 216608K(349568K)] 356661K(506816K), 0.0236167 secs] [Times: user=0.13 sys=0.00, real=0.02 secs] 
2017-12-17T16:06:08.421+0300: 344.185: [CMS-concurrent-mark-start]
2017-12-17T16:06:08.605+0300: 344.369: [CMS-concurrent-mark: 0.184/0.184 secs] [Times: user=0.56 sys=0.00, real=0.18 secs] 
2017-12-17T16:06:08.605+0300: 344.369: [CMS-concurrent-preclean-start]
2017-12-17T16:06:08.612+0300: 344.375: [CMS-concurrent-preclean: 0.006/0.007 secs] [Times: user=0.00 sys=0.00, real=0.01 secs] 
2017-12-17T16:06:08.612+0300: 344.376: [CMS-concurrent-abortable-preclean-start]
2017-12-17T16:06:08.612+0300: 344.376: [CMS-concurrent-abortable-preclean: 0.000/0.000 secs] [Times: user=0.00 sys=0.00, real=0.00 secs] 
2017-12-17T16:06:08.612+0300: 344.376: [GC (CMS Final Remark) [YG occupancy: 140052 K (157248 K)]2017-12-17T16:06:08.612+0300: 344.376: [Rescan (parallel) , 0.0252577 secs]2017-12-17T16:06:08.637+0300: 344.401: [weak refs processing, 0.0000131 secs]2017-12-17T16:06:08.637+0300: 344.401: [class unloading, 0.0012325 secs]2017-12-17T16:06:08.639+0300: 344.402: [scrub symbol table, 0.0012031 secs]2017-12-17T16:06:08.640+0300: 344.403: [scrub string table, 0.0001460 secs][1 CMS-remark: 216608K(349568K)] 356661K(506816K), 0.0279497 secs] [Times: user=0.16 sys=0.00, real=0.03 secs] 
2017-12-17T16:06:08.640+0300: 344.404: [CMS-concurrent-sweep-start]
2017-12-17T16:06:08.710+0300: 344.473: [CMS-concurrent-sweep: 0.070/0.070 secs] [Times: user=0.13 sys=0.00, real=0.07 secs] 
2017-12-17T16:06:08.710+0300: 344.473: [CMS-concurrent-reset-start]
2017-12-17T16:06:08.710+0300: 344.474: [CMS-concurrent-reset: 0.001/0.001 secs] [Times: user=0.00 sys=0.00, real=0.00 secs] 
2017-12-17T16:06:10.710+0300: 346.473: [GC (CMS Initial Mark) [1 CMS-initial-mark: 215746K(349568K)] 355798K(506816K), 0.0234362 secs] [Times: user=0.06 sys=0.00, real=0.02 secs] 
2017-12-17T16:06:10.733+0300: 346.497: [CMS-concurrent-mark-start]
2017-12-17T16:06:10.919+0300: 346.683: [CMS-concurrent-mark: 0.186/0.186 secs] [Times: user=0.56 sys=0.00, real=0.19 secs] 
2017-12-17T16:06:10.919+0300: 346.683: [CMS-concurrent-preclean-start]
2017-12-17T16:06:10.923+0300: 346.686: [CMS-concurrent-preclean: 0.003/0.003 secs] [Times: user=0.00 sys=0.00, real=0.00 secs] 
2017-12-17T16:06:10.923+0300: 346.686: [CMS-concurrent-abortable-preclean-start]
2017-12-17T16:06:10.923+0300: 346.686: [CMS-concurrent-abortable-preclean: 0.000/0.000 secs] [Times: user=0.00 sys=0.00, real=0.00 secs] 
2017-12-17T16:06:10.923+0300: 346.687: [GC (CMS Final Remark) [YG occupancy: 140052 K (157248 K)]2017-12-17T16:06:10.923+0300: 346.687: [Rescan (parallel) , 0.0249689 secs]2017-12-17T16:06:10.948+0300: 346.712: [weak refs processing, 0.0000134 secs]2017-12-17T16:06:10.948+0300: 346.712: [class unloading, 0.0011798 secs]2017-12-17T16:06:10.949+0300: 346.713: [scrub symbol table, 0.0010726 secs]2017-12-17T16:06:10.950+0300: 346.714: [scrub string table, 0.0001377 secs][1 CMS-remark: 215746K(349568K)] 355798K(506816K), 0.0274647 secs] [Times: user=0.16 sys=0.00, real=0.03 secs] 
2017-12-17T16:06:10.950+0300: 346.714: [CMS-concurrent-sweep-start]
2017-12-17T16:06:11.019+0300: 346.783: [CMS-concurrent-sweep: 0.069/0.069 secs] [Times: user=0.13 sys=0.00, real=0.07 secs] 
2017-12-17T16:06:11.019+0300: 346.783: [CMS-concurrent-reset-start]
2017-12-17T16:06:11.020+0300: 346.783: [CMS-concurrent-reset: 0.001/0.001 secs] [Times: user=0.05 sys=0.00, real=0.00 secs] 
2017-12-17T16:06:13.021+0300: 348.784: [GC (CMS Initial Mark) [1 CMS-initial-mark: 215320K(349568K)] 355372K(506816K), 0.0236309 secs] [Times: user=0.06 sys=0.00, real=0.02 secs] 
2017-12-17T16:06:13.045+0300: 348.807: [CMS-concurrent-mark-start]
2017-12-17T16:06:13.220+0300: 348.983: [CMS-concurrent-mark: 0.176/0.176 secs] [Times: user=0.51 sys=0.00, real=0.17 secs] 
2017-12-17T16:06:13.220+0300: 348.983: [CMS-concurrent-preclean-start]
2017-12-17T16:06:13.222+0300: 348.985: [CMS-concurrent-preclean: 0.002/0.002 secs] [Times: user=0.03 sys=0.00, real=0.00 secs] 
2017-12-17T16:06:13.222+0300: 348.985: [CMS-concurrent-abortable-preclean-start]
2017-12-17T16:06:13.222+0300: 348.985: [CMS-concurrent-abortable-preclean: 0.000/0.000 secs] [Times: user=0.00 sys=0.00, real=0.00 secs] 
2017-12-17T16:06:13.222+0300: 348.985: [GC (CMS Final Remark) [YG occupancy: 140052 K (157248 K)]2017-12-17T16:06:13.222+0300: 348.985: [Rescan (parallel) , 0.0242154 secs]2017-12-17T16:06:13.247+0300: 349.009: [weak refs processing, 0.0000137 secs]2017-12-17T16:06:13.247+0300: 349.010: [class unloading, 0.0012162 secs]2017-12-17T16:06:13.248+0300: 349.011: [scrub symbol table, 0.0010378 secs]2017-12-17T16:06:13.249+0300: 349.012: [scrub string table, 0.0001349 secs][1 CMS-remark: 215320K(349568K)] 355372K(506816K), 0.0267061 secs] [Times: user=0.08 sys=0.00, real=0.03 secs] 
2017-12-17T16:06:13.249+0300: 349.012: [CMS-concurrent-sweep-start]
2017-12-17T16:06:13.318+0300: 349.081: [CMS-concurrent-sweep: 0.068/0.068 secs] [Times: user=0.16 sys=0.00, real=0.07 secs] 
2017-12-17T16:06:13.318+0300: 349.081: [CMS-concurrent-reset-start]
2017-12-17T16:06:13.318+0300: 349.081: [CMS-concurrent-reset: 0.001/0.001 secs] [Times: user=0.00 sys=0.00, real=0.00 secs] 
2017-12-17T16:06:15.318+0300: 351.081: [GC (CMS Initial Mark) [1 CMS-initial-mark: 215012K(349568K)] 355064K(506816K), 0.0238325 secs] [Times: user=0.08 sys=0.00, real=0.02 secs] 
2017-12-17T16:06:15.342+0300: 351.105: [CMS-concurrent-mark-start]
2017-12-17T16:06:15.521+0300: 351.284: [CMS-concurrent-mark: 0.179/0.179 secs] [Times: user=0.52 sys=0.00, real=0.18 secs] 
2017-12-17T16:06:15.521+0300: 351.284: [CMS-concurrent-preclean-start]
2017-12-17T16:06:15.523+0300: 351.286: [CMS-concurrent-preclean: 0.002/0.002 secs] [Times: user=0.00 sys=0.00, real=0.00 secs] 
2017-12-17T16:06:15.523+0300: 351.286: [CMS-concurrent-abortable-preclean-start]
2017-12-17T16:06:15.523+0300: 351.286: [CMS-concurrent-abortable-preclean: 0.000/0.000 secs] [Times: user=0.00 sys=0.00, real=0.00 secs] 
2017-12-17T16:06:15.523+0300: 351.286: [GC (CMS Final Remark) [YG occupancy: 140052 K (157248 K)]2017-12-17T16:06:15.523+0300: 351.286: [Rescan (parallel) , 0.0248945 secs]2017-12-17T16:06:15.548+0300: 351.311: [weak refs processing, 0.0000185 secs]2017-12-17T16:06:15.548+0300: 351.311: [class unloading, 0.0013827 secs]2017-12-17T16:06:15.549+0300: 351.312: [scrub symbol table, 0.0012376 secs]2017-12-17T16:06:15.551+0300: 351.314: [scrub string table, 0.0001477 secs][1 CMS-remark: 215012K(349568K)] 355064K(506816K), 0.0277752 secs] [Times: user=0.16 sys=0.00, real=0.03 secs] 
2017-12-17T16:06:15.551+0300: 351.314: [CMS-concurrent-sweep-start]
2017-12-17T16:06:15.619+0300: 351.382: [CMS-concurrent-sweep: 0.068/0.068 secs] [Times: user=0.13 sys=0.00, real=0.07 secs] 
2017-12-17T16:06:15.619+0300: 351.382: [CMS-concurrent-reset-start]
2017-12-17T16:06:15.619+0300: 351.382: [CMS-concurrent-reset: 0.001/0.001 secs] [Times: user=0.00 sys=0.00, real=0.00 secs] 
2017-12-17T16:06:17.619+0300: 353.382: [GC (CMS Initial Mark) [1 CMS-initial-mark: 214747K(349568K)] 354800K(506816K), 0.0242579 secs] [Times: user=0.13 sys=0.00, real=0.02 secs] 
2017-12-17T16:06:17.643+0300: 353.406: [CMS-concurrent-mark-start]
2017-12-17T16:06:17.825+0300: 353.588: [CMS-concurrent-mark: 0.182/0.182 secs] [Times: user=0.56 sys=0.00, real=0.18 secs] 
2017-12-17T16:06:17.825+0300: 353.588: [CMS-concurrent-preclean-start]
2017-12-17T16:06:17.827+0300: 353.590: [CMS-concurrent-preclean: 0.002/0.002 secs] [Times: user=0.00 sys=0.00, real=0.00 secs] 
2017-12-17T16:06:17.827+0300: 353.590: [CMS-concurrent-abortable-preclean-start]
2017-12-17T16:06:17.827+0300: 353.590: [CMS-concurrent-abortable-preclean: 0.000/0.000 secs] [Times: user=0.00 sys=0.00, real=0.00 secs] 
2017-12-17T16:06:17.829+0300: 353.592: [GC (CMS Final Remark) [YG occupancy: 140052 K (157248 K)]2017-12-17T16:06:17.829+0300: 353.592: [Rescan (parallel) , 0.0242519 secs]2017-12-17T16:06:17.853+0300: 353.616: [weak refs processing, 0.0000168 secs]2017-12-17T16:06:17.853+0300: 353.616: [class unloading, 0.0012174 secs]2017-12-17T16:06:17.854+0300: 353.617: [scrub symbol table, 0.0010338 secs]2017-12-17T16:06:17.855+0300: 353.618: [scrub string table, 0.0001400 secs][1 CMS-remark: 214747K(349568K)] 354800K(506816K), 0.0267568 secs] [Times: user=0.09 sys=0.00, real=0.03 secs] 
2017-12-17T16:06:17.855+0300: 353.618: [CMS-concurrent-sweep-start]
2017-12-17T16:06:17.923+0300: 353.686: [CMS-concurrent-sweep: 0.067/0.067 secs] [Times: user=0.13 sys=0.00, real=0.07 secs] 
2017-12-17T16:06:17.923+0300: 353.686: [CMS-concurrent-reset-start]
2017-12-17T16:06:17.923+0300: 353.686: [CMS-concurrent-reset: 0.001/0.001 secs] [Times: user=0.00 sys=0.00, real=0.00 secs] 
2017-12-17T16:06:19.923+0300: 355.686: [GC (CMS Initial Mark) [1 CMS-initial-mark: 214520K(349568K)] 354572K(506816K), 0.0236475 secs] [Times: user=0.13 sys=0.00, real=0.02 secs] 
2017-12-17T16:06:19.946+0300: 355.710: [CMS-concurrent-mark-start]
2017-12-17T16:06:20.126+0300: 355.889: [CMS-concurrent-mark: 0.180/0.180 secs] [Times: user=0.52 sys=0.00, real=0.18 secs] 
2017-12-17T16:06:20.126+0300: 355.889: [CMS-concurrent-preclean-start]
2017-12-17T16:06:20.128+0300: 355.891: [CMS-concurrent-preclean: 0.001/0.001 secs] [Times: user=0.00 sys=0.00, real=0.00 secs] 
2017-12-17T16:06:20.128+0300: 355.891: [CMS-concurrent-abortable-preclean-start]
2017-12-17T16:06:20.128+0300: 355.891: [CMS-concurrent-abortable-preclean: 0.000/0.000 secs] [Times: user=0.00 sys=0.00, real=0.00 secs] 
2017-12-17T16:06:20.129+0300: 355.892: [GC (CMS Final Remark) [YG occupancy: 140052 K (157248 K)]2017-12-17T16:06:20.129+0300: 355.892: [Rescan (parallel) , 0.0255426 secs]2017-12-17T16:06:20.154+0300: 355.917: [weak refs processing, 0.0000168 secs]2017-12-17T16:06:20.154+0300: 355.917: [class unloading, 0.0013477 secs]2017-12-17T16:06:20.156+0300: 355.919: [scrub symbol table, 0.0010597 secs]2017-12-17T16:06:20.157+0300: 355.920: [scrub string table, 0.0001386 secs][1 CMS-remark: 214520K(349568K)] 354572K(506816K), 0.0282117 secs] [Times: user=0.13 sys=0.00, real=0.03 secs] 
2017-12-17T16:06:20.157+0300: 355.920: [CMS-concurrent-sweep-start]
2017-12-17T16:06:20.225+0300: 355.988: [CMS-concurrent-sweep: 0.068/0.068 secs] [Times: user=0.16 sys=0.00, real=0.07 secs] 
2017-12-17T16:06:20.225+0300: 355.988: [CMS-concurrent-reset-start]
2017-12-17T16:06:20.225+0300: 355.989: [CMS-concurrent-reset: 0.001/0.001 secs] [Times: user=0.00 sys=0.00, real=0.00 secs] 
2017-12-17T16:06:22.225+0300: 357.988: [GC (CMS Initial Mark) [1 CMS-initial-mark: 214322K(349568K)] 354374K(506816K), 0.0235027 secs] [Times: user=0.06 sys=0.00, real=0.02 secs] 
2017-12-17T16:06:22.249+0300: 358.012: [CMS-concurrent-mark-start]
2017-12-17T16:06:22.427+0300: 358.190: [CMS-concurrent-mark: 0.178/0.178 secs] [Times: user=0.56 sys=0.00, real=0.18 secs] 
2017-12-17T16:06:22.427+0300: 358.190: [CMS-concurrent-preclean-start]
2017-12-17T16:06:22.428+0300: 358.191: [CMS-concurrent-preclean: 0.001/0.001 secs] [Times: user=0.00 sys=0.00, real=0.00 secs] 
2017-12-17T16:06:22.428+0300: 358.191: [CMS-concurrent-abortable-preclean-start]
2017-12-17T16:06:22.428+0300: 358.191: [CMS-concurrent-abortable-preclean: 0.000/0.000 secs] [Times: user=0.00 sys=0.00, real=0.00 secs] 
2017-12-17T16:06:22.430+0300: 358.193: [GC (CMS Final Remark) [YG occupancy: 140052 K (157248 K)]2017-12-17T16:06:22.430+0300: 358.193: [Rescan (parallel) , 0.0250707 secs]2017-12-17T16:06:22.455+0300: 358.218: [weak refs processing, 0.0000191 secs]2017-12-17T16:06:22.455+0300: 358.218: [class unloading, 0.0012539 secs]2017-12-17T16:06:22.456+0300: 358.219: [scrub symbol table, 0.0010381 secs]2017-12-17T16:06:22.457+0300: 358.220: [scrub string table, 0.0001351 secs][1 CMS-remark: 214322K(349568K)] 354374K(506816K), 0.0276081 secs] [Times: user=0.16 sys=0.00, real=0.03 secs] 
2017-12-17T16:06:22.457+0300: 358.221: [CMS-concurrent-sweep-start]
2017-12-17T16:06:22.525+0300: 358.288: [CMS-concurrent-sweep: 0.067/0.067 secs] [Times: user=0.12 sys=0.00, real=0.07 secs] 
2017-12-17T16:06:22.525+0300: 358.288: [CMS-concurrent-reset-start]
2017-12-17T16:06:22.525+0300: 358.289: [CMS-concurrent-reset: 0.001/0.001 secs] [Times: user=0.00 sys=0.00, real=0.00 secs] 
2017-12-17T16:06:24.525+0300: 360.288: [GC (CMS Initial Mark) [1 CMS-initial-mark: 214147K(349568K)] 354199K(506816K), 0.0238014 secs] [Times: user=0.13 sys=0.00, real=0.02 secs] 
2017-12-17T16:06:24.549+0300: 360.312: [CMS-concurrent-mark-start]
2017-12-17T16:06:24.727+0300: 360.490: [CMS-concurrent-mark: 0.178/0.178 secs] [Times: user=0.53 sys=0.00, real=0.18 secs] 
2017-12-17T16:06:24.727+0300: 360.490: [CMS-concurrent-preclean-start]
2017-12-17T16:06:24.728+0300: 360.491: [CMS-concurrent-preclean: 0.001/0.001 secs] [Times: user=0.00 sys=0.00, real=0.00 secs] 
2017-12-17T16:06:24.728+0300: 360.491: [CMS-concurrent-abortable-preclean-start]
2017-12-17T16:06:24.728+0300: 360.491: [CMS-concurrent-abortable-preclean: 0.000/0.000 secs] [Times: user=0.00 sys=0.00, real=0.00 secs] 
2017-12-17T16:06:24.729+0300: 360.492: [GC (CMS Final Remark) [YG occupancy: 140052 K (157248 K)]2017-12-17T16:06:24.729+0300: 360.492: [Rescan (parallel) , 0.0246949 secs]2017-12-17T16:06:24.753+0300: 360.517: [weak refs processing, 0.0000237 secs]2017-12-17T16:06:24.753+0300: 360.517: [class unloading, 0.0018859 secs]2017-12-17T16:06:24.755+0300: 360.519: [scrub symbol table, 0.0011803 secs]2017-12-17T16:06:24.756+0300: 360.520: [scrub string table, 0.0001548 secs][1 CMS-remark: 214147K(349568K)] 354199K(506816K), 0.0280720 secs] [Times: user=0.19 sys=0.00, real=0.03 secs] 
2017-12-17T16:06:24.757+0300: 360.520: [CMS-concurrent-sweep-start]
2017-12-17T16:06:24.830+0300: 360.593: [CMS-concurrent-sweep: 0.073/0.073 secs] [Times: user=0.16 sys=0.00, real=0.07 secs] 
2017-12-17T16:06:24.830+0300: 360.593: [CMS-concurrent-reset-start]
2017-12-17T16:06:24.830+0300: 360.594: [CMS-concurrent-reset: 0.001/0.001 secs] [Times: user=0.00 sys=0.00, real=0.00 secs] 
2017-12-17T16:06:26.831+0300: 362.594: [GC (CMS Initial Mark) [1 CMS-initial-mark: 213987K(349568K)] 354039K(506816K), 0.0235796 secs] [Times: user=0.11 sys=0.00, real=0.02 secs] 
2017-12-17T16:06:26.854+0300: 362.618: [CMS-concurrent-mark-start]
2017-12-17T16:06:27.036+0300: 362.799: [CMS-concurrent-mark: 0.181/0.181 secs] [Times: user=0.52 sys=0.00, real=0.18 secs] 
2017-12-17T16:06:27.036+0300: 362.799: [CMS-concurrent-preclean-start]
2017-12-17T16:06:27.037+0300: 362.800: [CMS-concurrent-preclean: 0.001/0.001 secs] [Times: user=0.00 sys=0.00, real=0.00 secs] 
2017-12-17T16:06:27.037+0300: 362.800: [CMS-concurrent-abortable-preclean-start]
2017-12-17T16:06:27.037+0300: 362.800: [CMS-concurrent-abortable-preclean: 0.000/0.000 secs] [Times: user=0.00 sys=0.00, real=0.00 secs] 
2017-12-17T16:06:27.040+0300: 362.803: [GC (CMS Final Remark) [YG occupancy: 140052 K (157248 K)]2017-12-17T16:06:27.040+0300: 362.803: [Rescan (parallel) , 0.0251223 secs]2017-12-17T16:06:27.065+0300: 362.828: [weak refs processing, 0.0000171 secs]2017-12-17T16:06:27.065+0300: 362.828: [class unloading, 0.0012986 secs]2017-12-17T16:06:27.066+0300: 362.830: [scrub symbol table, 0.0010574 secs]2017-12-17T16:06:27.067+0300: 362.831: [scrub string table, 0.0001360 secs][1 CMS-remark: 213987K(349568K)] 354039K(506816K), 0.0277256 secs] [Times: user=0.16 sys=0.00, real=0.03 secs] 
2017-12-17T16:06:27.067+0300: 362.831: [CMS-concurrent-sweep-start]
2017-12-17T16:06:27.135+0300: 362.898: [CMS-concurrent-sweep: 0.067/0.067 secs] [Times: user=0.16 sys=0.00, real=0.07 secs] 
2017-12-17T16:06:27.135+0300: 362.898: [CMS-concurrent-reset-start]
2017-12-17T16:06:27.135+0300: 362.899: [CMS-concurrent-reset: 0.001/0.001 secs] [Times: user=0.00 sys=0.00, real=0.00 secs] 
2017-12-17T16:06:29.135+0300: 364.898: [GC (CMS Initial Mark) [1 CMS-initial-mark: 213844K(349568K)] 353896K(506816K), 0.0243571 secs] [Times: user=0.06 sys=0.00, real=0.02 secs] 
2017-12-17T16:06:29.159+0300: 364.923: [CMS-concurrent-mark-start]
2017-12-17T16:06:29.334+0300: 365.097: [CMS-concurrent-mark: 0.174/0.174 secs] [Times: user=0.51 sys=0.00, real=0.18 secs] 
2017-12-17T16:06:29.334+0300: 365.097: [CMS-concurrent-preclean-start]
2017-12-17T16:06:29.335+0300: 365.098: [CMS-concurrent-preclean: 0.001/0.001 secs] [Times: user=0.03 sys=0.00, real=0.00 secs] 
2017-12-17T16:06:29.335+0300: 365.098: [CMS-concurrent-abortable-preclean-start]
2017-12-17T16:06:29.335+0300: 365.098: [CMS-concurrent-abortable-preclean: 0.000/0.000 secs] [Times: user=0.00 sys=0.00, real=0.00 secs] 
2017-12-17T16:06:29.338+0300: 365.101: [GC (CMS Final Remark) [YG occupancy: 140052 K (157248 K)]2017-12-17T16:06:29.338+0300: 365.101: [Rescan (parallel) , 0.0244535 secs]2017-12-17T16:06:29.362+0300: 365.126: [weak refs processing, 0.0000154 secs]2017-12-17T16:06:29.362+0300: 365.126: [class unloading, 0.0011900 secs]2017-12-17T16:06:29.363+0300: 365.127: [scrub symbol table, 0.0010401 secs]2017-12-17T16:06:29.364+0300: 365.128: [scrub string table, 0.0001340 secs][1 CMS-remark: 213844K(349568K)] 353896K(506816K), 0.0269356 secs] [Times: user=0.08 sys=0.00, real=0.03 secs] 
2017-12-17T16:06:29.365+0300: 365.128: [CMS-concurrent-sweep-start]
2017-12-17T16:06:29.432+0300: 365.196: [CMS-concurrent-sweep: 0.067/0.067 secs] [Times: user=0.16 sys=0.00, real=0.07 secs] 
2017-12-17T16:06:29.432+0300: 365.196: [CMS-concurrent-reset-start]
2017-12-17T16:06:29.433+0300: 365.196: [CMS-concurrent-reset: 0.001/0.001 secs] [Times: user=0.00 sys=0.00, real=0.00 secs] 
2017-12-17T16:06:31.434+0300: 367.197: [GC (CMS Initial Mark) [1 CMS-initial-mark: 213708K(349568K)] 353761K(506816K), 0.0233726 secs] [Times: user=0.11 sys=0.00, real=0.02 secs] 
2017-12-17T16:06:31.457+0300: 367.220: [CMS-concurrent-mark-start]
2017-12-17T16:06:31.632+0300: 367.394: [CMS-concurrent-mark: 0.174/0.174 secs] [Times: user=0.51 sys=0.00, real=0.17 secs] 
2017-12-17T16:06:31.632+0300: 367.394: [CMS-concurrent-preclean-start]
2017-12-17T16:06:31.633+0300: 367.395: [CMS-concurrent-preclean: 0.001/0.001 secs] [Times: user=0.00 sys=0.00, real=0.00 secs] 
2017-12-17T16:06:31.633+0300: 367.395: [CMS-concurrent-abortable-preclean-start]
2017-12-17T16:06:31.633+0300: 367.395: [CMS-concurrent-abortable-preclean: 0.000/0.000 secs] [Times: user=0.00 sys=0.00, real=0.00 secs] 
2017-12-17T16:06:31.634+0300: 367.396: [GC (CMS Final Remark) [YG occupancy: 140052 K (157248 K)]2017-12-17T16:06:31.634+0300: 367.396: [Rescan (parallel) , 0.0251944 secs]2017-12-17T16:06:31.659+0300: 367.422: [weak refs processing, 0.0000143 secs]2017-12-17T16:06:31.659+0300: 367.422: [class unloading, 0.0012698 secs]2017-12-17T16:06:31.660+0300: 367.423: [scrub symbol table, 0.0010463 secs]2017-12-17T16:06:31.661+0300: 367.424: [scrub string table, 0.0001371 secs][1 CMS-remark: 213708K(349568K)] 353761K(506816K), 0.0277555 secs] [Times: user=0.09 sys=0.00, real=0.03 secs] 
2017-12-17T16:06:31.661+0300: 367.424: [CMS-concurrent-sweep-start]
2017-12-17T16:06:31.730+0300: 367.493: [CMS-concurrent-sweep: 0.069/0.069 secs] [Times: user=0.13 sys=0.00, real=0.07 secs] 
2017-12-17T16:06:31.730+0300: 367.493: [CMS-concurrent-reset-start]
2017-12-17T16:06:31.731+0300: 367.494: [CMS-concurrent-reset: 0.001/0.001 secs] [Times: user=0.00 sys=0.00, real=0.00 secs] 
2017-12-17T16:06:33.731+0300: 369.494: [GC (CMS Initial Mark) [1 CMS-initial-mark: 213580K(349568K)] 353632K(506816K), 0.0235400 secs] [Times: user=0.12 sys=0.00, real=0.02 secs] 
2017-12-17T16:06:33.754+0300: 369.517: [CMS-concurrent-mark-start]
2017-12-17T16:06:33.929+0300: 369.692: [CMS-concurrent-mark: 0.175/0.175 secs] [Times: user=0.52 sys=0.00, real=0.17 secs] 
2017-12-17T16:06:33.929+0300: 369.692: [CMS-concurrent-preclean-start]
2017-12-17T16:06:33.930+0300: 369.693: [CMS-concurrent-preclean: 0.001/0.001 secs] [Times: user=0.00 sys=0.00, real=0.00 secs] 
2017-12-17T16:06:33.930+0300: 369.693: [CMS-concurrent-abortable-preclean-start]
2017-12-17T16:06:33.930+0300: 369.693: [CMS-concurrent-abortable-preclean: 0.000/0.000 secs] [Times: user=0.00 sys=0.00, real=0.00 secs] 
2017-12-17T16:06:33.932+0300: 369.694: [GC (CMS Final Remark) [YG occupancy: 140052 K (157248 K)]2017-12-17T16:06:33.932+0300: 369.694: [Rescan (parallel) , 0.0250014 secs]2017-12-17T16:06:33.957+0300: 369.719: [weak refs processing, 0.0000131 secs]2017-12-17T16:06:33.957+0300: 369.720: [class unloading, 0.0011447 secs]2017-12-17T16:06:33.958+0300: 369.721: [scrub symbol table, 0.0007760 secs]2017-12-17T16:06:33.959+0300: 369.721: [scrub string table, 0.0001203 secs][1 CMS-remark: 213580K(349568K)] 353632K(506816K), 0.0271505 secs] [Times: user=0.16 sys=0.00, real=0.03 secs] 
2017-12-17T16:06:33.959+0300: 369.722: [CMS-concurrent-sweep-start]
2017-12-17T16:06:34.026+0300: 369.789: [CMS-concurrent-sweep: 0.067/0.067 secs] [Times: user=0.13 sys=0.00, real=0.07 secs] 
2017-12-17T16:06:34.026+0300: 369.789: [CMS-concurrent-reset-start]
2017-12-17T16:06:34.027+0300: 369.790: [CMS-concurrent-reset: 0.001/0.001 secs] [Times: user=0.00 sys=0.00, real=0.00 secs] 
2017-12-17T16:06:36.027+0300: 371.790: [GC (CMS Initial Mark) [1 CMS-initial-mark: 213465K(349568K)] 353518K(506816K), 0.0237718 secs] [Times: user=0.13 sys=0.00, real=0.02 secs] 
2017-12-17T16:06:36.051+0300: 371.814: [CMS-concurrent-mark-start]
2017-12-17T16:06:36.249+0300: 372.012: [CMS-concurrent-mark: 0.198/0.198 secs] [Times: user=0.61 sys=0.00, real=0.20 secs] 
2017-12-17T16:06:36.249+0300: 372.012: [CMS-concurrent-preclean-start]
2017-12-17T16:06:36.250+0300: 372.013: [CMS-concurrent-preclean: 0.001/0.001 secs] [Times: user=0.00 sys=0.00, real=0.00 secs] 
2017-12-17T16:06:36.250+0300: 372.013: [CMS-concurrent-abortable-preclean-start]
2017-12-17T16:06:36.250+0300: 372.013: [CMS-concurrent-abortable-preclean: 0.000/0.000 secs] [Times: user=0.00 sys=0.00, real=0.00 secs] 
2017-12-17T16:06:36.251+0300: 372.014: [GC (CMS Final Remark) [YG occupancy: 140052 K (157248 K)]2017-12-17T16:06:36.251+0300: 372.014: [Rescan (parallel) , 0.0251183 secs]2017-12-17T16:06:36.276+0300: 372.039: [weak refs processing, 0.0000134 secs]2017-12-17T16:06:36.276+0300: 372.039: [class unloading, 0.0012485 secs]2017-12-17T16:06:36.277+0300: 372.040: [scrub symbol table, 0.0008168 secs]2017-12-17T16:06:36.278+0300: 372.041: [scrub string table, 0.0001203 secs][1 CMS-remark: 213465K(349568K)] 353518K(506816K), 0.0274128 secs] [Times: user=0.09 sys=0.00, real=0.03 secs] 
2017-12-17T16:06:36.278+0300: 372.041: [CMS-concurrent-sweep-start]
2017-12-17T16:06:36.345+0300: 372.108: [CMS-concurrent-sweep: 0.067/0.067 secs] [Times: user=0.12 sys=0.00, real=0.07 secs] 
2017-12-17T16:06:36.345+0300: 372.108: [CMS-concurrent-reset-start]
2017-12-17T16:06:36.346+0300: 372.109: [CMS-concurrent-reset: 0.001/0.001 secs] [Times: user=0.00 sys=0.00, real=0.00 secs] 
2017-12-17T16:06:38.346+0300: 374.109: [GC (CMS Initial Mark) [1 CMS-initial-mark: 213360K(349568K)] 354355K(506816K), 0.0239870 secs] [Times: user=0.13 sys=0.00, real=0.02 secs] 
2017-12-17T16:06:38.370+0300: 374.133: [CMS-concurrent-mark-start]
2017-12-17T16:06:38.541+0300: 374.304: [CMS-concurrent-mark: 0.171/0.171 secs] [Times: user=0.51 sys=0.00, real=0.17 secs] 
2017-12-17T16:06:38.541+0300: 374.304: [CMS-concurrent-preclean-start]
2017-12-17T16:06:38.541+0300: 374.305: [CMS-concurrent-preclean: 0.001/0.001 secs] [Times: user=0.00 sys=0.00, real=0.00 secs] 
2017-12-17T16:06:38.541+0300: 374.305: [CMS-concurrent-abortable-preclean-start]
2017-12-17T16:06:38.541+0300: 374.305: [CMS-concurrent-abortable-preclean: 0.000/0.000 secs] [Times: user=0.00 sys=0.00, real=0.00 secs] 
2017-12-17T16:06:38.543+0300: 374.306: [GC (CMS Final Remark) [YG occupancy: 140994 K (157248 K)]2017-12-17T16:06:38.543+0300: 374.306: [Rescan (parallel) , 0.0252118 secs]2017-12-17T16:06:38.568+0300: 374.331: [weak refs processing, 0.0000211 secs]2017-12-17T16:06:38.568+0300: 374.331: [class unloading, 0.0012579 secs]2017-12-17T16:06:38.569+0300: 374.332: [scrub symbol table, 0.0007741 secs]2017-12-17T16:06:38.570+0300: 374.333: [scrub string table, 0.0001200 secs][1 CMS-remark: 213360K(349568K)] 354355K(506816K), 0.0274636 secs] [Times: user=0.09 sys=0.00, real=0.03 secs] 
2017-12-17T16:06:38.570+0300: 374.333: [CMS-concurrent-sweep-start]
2017-12-17T16:06:38.638+0300: 374.401: [CMS-concurrent-sweep: 0.068/0.068 secs] [Times: user=0.13 sys=0.00, real=0.07 secs] 
2017-12-17T16:06:38.638+0300: 374.401: [CMS-concurrent-reset-start]
2017-12-17T16:06:38.638+0300: 374.401: [CMS-concurrent-reset: 0.001/0.001 secs] [Times: user=0.00 sys=0.00, real=0.00 secs] 
2017-12-17T16:06:40.639+0300: 376.402: [GC (CMS Initial Mark) [1 CMS-initial-mark: 213259K(349568K)] 354254K(506816K), 0.0239086 secs] [Times: user=0.13 sys=0.00, real=0.02 secs] 
2017-12-17T16:06:40.663+0300: 376.426: [CMS-concurrent-mark-start]
2017-12-17T16:06:40.828+0300: 376.591: [CMS-concurrent-mark: 0.165/0.165 secs] [Times: user=0.47 sys=0.00, real=0.16 secs] 
2017-12-17T16:06:40.828+0300: 376.591: [CMS-concurrent-preclean-start]
2017-12-17T16:06:40.829+0300: 376.592: [CMS-concurrent-preclean: 0.001/0.001 secs] [Times: user=0.00 sys=0.00, real=0.00 secs] 
2017-12-17T16:06:40.829+0300: 376.592: [CMS-concurrent-abortable-preclean-start]
2017-12-17T16:06:40.829+0300: 376.592: [CMS-concurrent-abortable-preclean: 0.000/0.000 secs] [Times: user=0.00 sys=0.00, real=0.00 secs] 
2017-12-17T16:06:40.831+0300: 376.594: [GC (CMS Final Remark) [YG occupancy: 140994 K (157248 K)]2017-12-17T16:06:40.831+0300: 376.594: [Rescan (parallel) , 0.0247183 secs]2017-12-17T16:06:40.855+0300: 376.619: [weak refs processing, 0.0000125 secs]2017-12-17T16:06:40.855+0300: 376.619: [class unloading, 0.0011256 secs]2017-12-17T16:06:40.856+0300: 376.620: [scrub symbol table, 0.0008063 secs]2017-12-17T16:06:40.857+0300: 376.621: [scrub string table, 0.0001343 secs][1 CMS-remark: 213259K(349568K)] 354254K(506816K), 0.0268831 secs] [Times: user=0.16 sys=0.00, real=0.03 secs] 
2017-12-17T16:06:40.858+0300: 376.621: [CMS-concurrent-sweep-start]
2017-12-17T16:06:40.925+0300: 376.688: [CMS-concurrent-sweep: 0.067/0.067 secs] [Times: user=0.13 sys=0.00, real=0.07 secs] 
2017-12-17T16:06:40.925+0300: 376.688: [CMS-concurrent-reset-start]
2017-12-17T16:06:40.926+0300: 376.689: [CMS-concurrent-reset: 0.001/0.001 secs] [Times: user=0.05 sys=0.00, real=0.00 secs] 
2017-12-17T16:06:42.926+0300: 378.689: [GC (CMS Initial Mark) [1 CMS-initial-mark: 213163K(349568K)] 354157K(506816K), 0.0242585 secs] [Times: user=0.06 sys=0.00, real=0.02 secs] 
2017-12-17T16:06:42.950+0300: 378.713: [CMS-concurrent-mark-start]
2017-12-17T16:06:43.133+0300: 378.896: [CMS-concurrent-mark: 0.183/0.183 secs] [Times: user=0.56 sys=0.00, real=0.18 secs] 
2017-12-17T16:06:43.133+0300: 378.896: [CMS-concurrent-preclean-start]
2017-12-17T16:06:43.134+0300: 378.897: [CMS-concurrent-preclean: 0.001/0.001 secs] [Times: user=0.00 sys=0.00, real=0.00 secs] 
2017-12-17T16:06:43.134+0300: 378.897: [CMS-concurrent-abortable-preclean-start]
2017-12-17T16:06:43.134+0300: 378.897: [CMS-concurrent-abortable-preclean: 0.000/0.000 secs] [Times: user=0.00 sys=0.00, real=0.00 secs] 
2017-12-17T16:06:43.137+0300: 378.900: [GC (CMS Final Remark) [YG occupancy: 140994 K (157248 K)]2017-12-17T16:06:43.137+0300: 378.900: [Rescan (parallel) , 0.0251166 secs]2017-12-17T16:06:43.162+0300: 378.925: [weak refs processing, 0.0000151 secs]2017-12-17T16:06:43.162+0300: 378.925: [class unloading, 0.0012151 secs]2017-12-17T16:06:43.163+0300: 378.926: [scrub symbol table, 0.0007772 secs]2017-12-17T16:06:43.164+0300: 378.927: [scrub string table, 0.0001192 secs][1 CMS-remark: 213163K(349568K)] 354157K(506816K), 0.0273313 secs] [Times: user=0.16 sys=0.00, real=0.03 secs] 
2017-12-17T16:06:43.164+0300: 378.927: [CMS-concurrent-sweep-start]
2017-12-17T16:06:43.231+0300: 378.995: [CMS-concurrent-sweep: 0.068/0.068 secs] [Times: user=0.13 sys=0.00, real=0.07 secs] 
2017-12-17T16:06:43.232+0300: 378.995: [CMS-concurrent-reset-start]
2017-12-17T16:06:43.232+0300: 378.995: [CMS-concurrent-reset: 0.001/0.001 secs] [Times: user=0.00 sys=0.00, real=0.00 secs] 
2017-12-17T16:06:45.233+0300: 380.996: [GC (CMS Initial Mark) [1 CMS-initial-mark: 213073K(349568K)] 354067K(506816K), 0.0242930 secs] [Times: user=0.06 sys=0.00, real=0.02 secs] 
2017-12-17T16:06:45.257+0300: 381.021: [CMS-concurrent-mark-start]
2017-12-17T16:06:45.434+0300: 381.198: [CMS-concurrent-mark: 0.177/0.177 secs] [Times: user=0.56 sys=0.00, real=0.18 secs] 
2017-12-17T16:06:45.434+0300: 381.198: [CMS-concurrent-preclean-start]
2017-12-17T16:06:45.435+0300: 381.199: [CMS-concurrent-preclean: 0.001/0.001 secs] [Times: user=0.00 sys=0.00, real=0.00 secs] 
2017-12-17T16:06:45.435+0300: 381.199: [CMS-concurrent-abortable-preclean-start]
2017-12-17T16:06:45.435+0300: 381.199: [CMS-concurrent-abortable-preclean: 0.000/0.000 secs] [Times: user=0.00 sys=0.00, real=0.00 secs] 
2017-12-17T16:06:45.437+0300: 381.200: [GC (CMS Final Remark) [YG occupancy: 140994 K (157248 K)]2017-12-17T16:06:45.437+0300: 381.200: [Rescan (parallel) , 0.0265016 secs]2017-12-17T16:06:45.463+0300: 381.227: [weak refs processing, 0.0000151 secs]2017-12-17T16:06:45.463+0300: 381.227: [class unloading, 0.0013195 secs]2017-12-17T16:06:45.464+0300: 381.228: [scrub symbol table, 0.0010483 secs]2017-12-17T16:06:45.466+0300: 381.229: [scrub string table, 0.0001380 secs][1 CMS-remark: 213073K(349568K)] 354067K(506816K), 0.0291277 secs] [Times: user=0.09 sys=0.00, real=0.03 secs] 
2017-12-17T16:06:45.466+0300: 381.229: [CMS-concurrent-sweep-start]
2017-12-17T16:06:45.533+0300: 381.297: [CMS-concurrent-sweep: 0.067/0.067 secs] [Times: user=0.13 sys=0.00, real=0.07 secs] 
2017-12-17T16:06:45.533+0300: 381.297: [CMS-concurrent-reset-start]
2017-12-17T16:06:45.534+0300: 381.297: [CMS-concurrent-reset: 0.001/0.001 secs] [Times: user=0.00 sys=0.00, real=0.00 secs] 
2017-12-17T16:06:47.536+0300: 383.298: [GC (CMS Initial Mark) [1 CMS-initial-mark: 212997K(349568K)] 353991K(506816K), 0.0241313 secs] [Times: user=0.12 sys=0.00, real=0.02 secs] 
2017-12-17T16:06:47.560+0300: 383.322: [CMS-concurrent-mark-start]
2017-12-17T16:06:47.746+0300: 383.508: [CMS-concurrent-mark: 0.186/0.186 secs] [Times: user=0.56 sys=0.00, real=0.19 secs] 
2017-12-17T16:06:47.746+0300: 383.508: [CMS-concurrent-preclean-start]
2017-12-17T16:06:47.746+0300: 383.509: [CMS-concurrent-preclean: 0.001/0.001 secs] [Times: user=0.00 sys=0.00, real=0.00 secs] 
2017-12-17T16:06:47.747+0300: 383.509: [CMS-concurrent-abortable-preclean-start]
2017-12-17T16:06:47.747+0300: 383.509: [CMS-concurrent-abortable-preclean: 0.000/0.000 secs] [Times: user=0.00 sys=0.00, real=0.00 secs] 
2017-12-17T16:06:47.748+0300: 383.510: [GC (CMS Final Remark) [YG occupancy: 140994 K (157248 K)]2017-12-17T16:06:47.748+0300: 383.510: [Rescan (parallel) , 0.0246904 secs]2017-12-17T16:06:47.772+0300: 383.535: [weak refs processing, 0.0000171 secs]2017-12-17T16:06:47.772+0300: 383.535: [class unloading, 0.0014894 secs]2017-12-17T16:06:47.774+0300: 383.536: [scrub symbol table, 0.0011205 secs]2017-12-17T16:06:47.775+0300: 383.538: [scrub string table, 0.0001414 secs][1 CMS-remark: 212997K(349568K)] 353991K(506816K), 0.0275634 secs] [Times: user=0.09 sys=0.00, real=0.03 secs] 
2017-12-17T16:06:47.775+0300: 383.538: [CMS-concurrent-sweep-start]
2017-12-17T16:06:47.843+0300: 383.606: [CMS-concurrent-sweep: 0.068/0.068 secs] [Times: user=0.12 sys=0.00, real=0.07 secs] 
2017-12-17T16:06:47.843+0300: 383.606: [CMS-concurrent-reset-start]
2017-12-17T16:06:47.844+0300: 383.606: [CMS-concurrent-reset: 0.001/0.001 secs] [Times: user=0.00 sys=0.00, real=0.00 secs] 
2017-12-17T16:06:49.844+0300: 385.607: [GC (CMS Initial Mark) [1 CMS-initial-mark: 212918K(349568K)] 353913K(506816K), 0.0241054 secs] [Times: user=0.13 sys=0.00, real=0.02 secs] 
2017-12-17T16:06:49.868+0300: 385.631: [CMS-concurrent-mark-start]
2017-12-17T16:06:50.053+0300: 385.815: [CMS-concurrent-mark: 0.185/0.185 secs] [Times: user=0.56 sys=0.00, real=0.18 secs] 
2017-12-17T16:06:50.053+0300: 385.816: [CMS-concurrent-preclean-start]
2017-12-17T16:06:50.054+0300: 385.816: [CMS-concurrent-preclean: 0.001/0.001 secs] [Times: user=0.00 sys=0.00, real=0.00 secs] 
2017-12-17T16:06:50.054+0300: 385.816: [CMS-concurrent-abortable-preclean-start]
2017-12-17T16:06:50.054+0300: 385.816: [CMS-concurrent-abortable-preclean: 0.000/0.000 secs] [Times: user=0.00 sys=0.00, real=0.00 secs] 
2017-12-17T16:06:50.058+0300: 385.820: [GC (CMS Final Remark) [YG occupancy: 140994 K (157248 K)]2017-12-17T16:06:50.058+0300: 385.820: [Rescan (parallel) , 0.0251580 secs]2017-12-17T16:06:50.083+0300: 385.845: [weak refs processing, 0.0000117 secs]2017-12-17T16:06:50.083+0300: 385.846: [class unloading, 0.0011595 secs]2017-12-17T16:06:50.084+0300: 385.847: [scrub symbol table, 0.0010343 secs]2017-12-17T16:06:50.085+0300: 385.848: [scrub string table, 0.0001485 secs][1 CMS-remark: 212918K(349568K)] 353913K(506816K), 0.0276018 secs] [Times: user=0.09 sys=0.00, real=0.03 secs] 
2017-12-17T16:06:50.085+0300: 385.848: [CMS-concurrent-sweep-start]
2017-12-17T16:06:50.212+0300: 385.975: [CMS-concurrent-sweep: 0.127/0.127 secs] [Times: user=0.25 sys=0.00, real=0.13 secs] 
2017-12-17T16:06:50.212+0300: 385.975: [CMS-concurrent-reset-start]
2017-12-17T16:06:50.213+0300: 385.976: [CMS-concurrent-reset: 0.001/0.001 secs] [Times: user=0.00 sys=0.00, real=0.00 secs] 
2017-12-17T16:06:52.213+0300: 387.976: [GC (CMS Initial Mark) [1 CMS-initial-mark: 212848K(349568K)] 353843K(506816K), 0.0242054 secs] [Times: user=0.13 sys=0.00, real=0.02 secs] 
2017-12-17T16:06:52.237+0300: 388.000: [CMS-concurrent-mark-start]
2017-12-17T16:06:52.428+0300: 388.191: [CMS-concurrent-mark: 0.191/0.191 secs] [Times: user=0.56 sys=0.00, real=0.19 secs] 
2017-12-17T16:06:52.428+0300: 388.191: [CMS-concurrent-preclean-start]
2017-12-17T16:06:52.429+0300: 388.191: [CMS-concurrent-preclean: 0.001/0.001 secs] [Times: user=0.00 sys=0.00, real=0.00 secs] 
2017-12-17T16:06:52.429+0300: 388.191: [CMS-concurrent-abortable-preclean-start]
2017-12-17T16:06:52.429+0300: 388.191: [CMS-concurrent-abortable-preclean: 0.000/0.000 secs] [Times: user=0.00 sys=0.00, real=0.00 secs] 
2017-12-17T16:06:52.432+0300: 388.194: [GC (CMS Final Remark) [YG occupancy: 140994 K (157248 K)]2017-12-17T16:06:52.432+0300: 388.194: [Rescan (parallel) , 0.0252446 secs]2017-12-17T16:06:52.457+0300: 388.220: [weak refs processing, 0.0000143 secs]2017-12-17T16:06:52.457+0300: 388.220: [class unloading, 0.0012542 secs]2017-12-17T16:06:52.458+0300: 388.221: [scrub symbol table, 0.0010121 secs]2017-12-17T16:06:52.459+0300: 388.222: [scrub string table, 0.0001377 secs][1 CMS-remark: 212848K(349568K)] 353843K(506816K), 0.0277672 secs] [Times: user=0.16 sys=0.00, real=0.03 secs] 
2017-12-17T16:06:52.459+0300: 388.222: [CMS-concurrent-sweep-start]
2017-12-17T16:06:52.527+0300: 388.290: [CMS-concurrent-sweep: 0.067/0.067 secs] [Times: user=0.13 sys=0.00, real=0.07 secs] 
2017-12-17T16:06:52.527+0300: 388.290: [CMS-concurrent-reset-start]
2017-12-17T16:06:52.527+0300: 388.290: [CMS-concurrent-reset: 0.001/0.001 secs] [Times: user=0.00 sys=0.00, real=0.00 secs] 
2017-12-17T16:06:54.527+0300: 390.290: [GC (CMS Initial Mark) [1 CMS-initial-mark: 212775K(349568K)] 353769K(506816K), 0.0238274 secs] [Times: user=0.13 sys=0.00, real=0.02 secs] 
2017-12-17T16:06:54.551+0300: 390.314: [CMS-concurrent-mark-start]
2017-12-17T16:06:54.725+0300: 390.488: [CMS-concurrent-mark: 0.174/0.174 secs] [Times: user=0.51 sys=0.00, real=0.17 secs] 
2017-12-17T16:06:54.725+0300: 390.488: [CMS-concurrent-preclean-start]
2017-12-17T16:06:54.726+0300: 390.489: [CMS-concurrent-preclean: 0.001/0.001 secs] [Times: user=0.00 sys=0.00, real=0.00 secs] 
2017-12-17T16:06:54.726+0300: 390.489: [CMS-concurrent-abortable-preclean-start]
2017-12-17T16:06:54.726+0300: 390.489: [CMS-concurrent-abortable-preclean: 0.000/0.000 secs] [Times: user=0.00 sys=0.00, real=0.00 secs] 
2017-12-17T16:06:54.727+0300: 390.490: [GC (CMS Final Remark) [YG occupancy: 140994 K (157248 K)]2017-12-17T16:06:54.727+0300: 390.490: [Rescan (parallel) , 0.0253550 secs]2017-12-17T16:06:54.752+0300: 390.515: [weak refs processing, 0.0000128 secs]2017-12-17T16:06:54.752+0300: 390.515: [class unloading, 0.0011798 secs]2017-12-17T16:06:54.753+0300: 390.516: [scrub symbol table, 0.0010777 secs]2017-12-17T16:06:54.754+0300: 390.517: [scrub string table, 0.0001411 secs][1 CMS-remark: 212775K(349568K)] 353769K(506816K), 0.0278630 secs] [Times: user=0.16 sys=0.00, real=0.03 secs] 
2017-12-17T16:06:54.754+0300: 390.517: [CMS-concurrent-sweep-start]
2017-12-17T16:06:54.822+0300: 390.585: [CMS-concurrent-sweep: 0.067/0.067 secs] [Times: user=0.13 sys=0.00, real=0.07 secs] 
2017-12-17T16:06:54.822+0300: 390.585: [CMS-concurrent-reset-start]
2017-12-17T16:06:54.822+0300: 390.585: [CMS-concurrent-reset: 0.001/0.001 secs] [Times: user=0.00 sys=0.00, real=0.00 secs] 
2017-12-17T16:06:56.824+0300: 392.587: [GC (CMS Initial Mark) [1 CMS-initial-mark: 212710K(349568K)] 354651K(506816K), 0.0238163 secs] [Times: user=0.06 sys=0.00, real=0.02 secs] 
2017-12-17T16:06:56.847+0300: 392.611: [CMS-concurrent-mark-start]
2017-12-17T16:06:57.028+0300: 392.791: [CMS-concurrent-mark: 0.180/0.180 secs] [Times: user=0.56 sys=0.00, real=0.18 secs] 
2017-12-17T16:06:57.028+0300: 392.791: [CMS-concurrent-preclean-start]
2017-12-17T16:06:57.029+0300: 392.792: [CMS-concurrent-preclean: 0.001/0.001 secs] [Times: user=0.00 sys=0.00, real=0.00 secs] 
2017-12-17T16:06:57.029+0300: 392.792: [CMS-concurrent-abortable-preclean-start]
2017-12-17T16:06:57.029+0300: 392.792: [CMS-concurrent-abortable-preclean: 0.000/0.000 secs] [Times: user=0.00 sys=0.00, real=0.00 secs] 
2017-12-17T16:06:57.031+0300: 392.794: [GC (CMS Final Remark) [YG occupancy: 141940 K (157248 K)]2017-12-17T16:06:57.031+0300: 392.794: [Rescan (parallel) , 0.0251582 secs]2017-12-17T16:06:57.056+0300: 392.819: [weak refs processing, 0.0000180 secs]2017-12-17T16:06:57.056+0300: 392.819: [class unloading, 0.0011946 secs]2017-12-17T16:06:57.057+0300: 392.820: [scrub symbol table, 0.0010178 secs]2017-12-17T16:06:57.058+0300: 392.821: [scrub string table, 0.0001388 secs][1 CMS-remark: 212710K(349568K)] 354651K(506816K), 0.0276301 secs] [Times: user=0.16 sys=0.00, real=0.03 secs] 
2017-12-17T16:06:57.058+0300: 392.821: [CMS-concurrent-sweep-start]
2017-12-17T16:06:57.126+0300: 392.889: [CMS-concurrent-sweep: 0.067/0.067 secs] [Times: user=0.12 sys=0.00, real=0.07 secs] 
2017-12-17T16:06:57.126+0300: 392.889: [CMS-concurrent-reset-start]
2017-12-17T16:06:57.126+0300: 392.889: [CMS-concurrent-reset: 0.001/0.001 secs] [Times: user=0.00 sys=0.00, real=0.00 secs] 
2017-12-17T16:06:59.128+0300: 394.891: [GC (CMS Initial Mark) [1 CMS-initial-mark: 212647K(349568K)] 354587K(506816K), 0.0239813 secs] [Times: user=0.13 sys=0.00, real=0.02 secs] 
2017-12-17T16:06:59.152+0300: 394.915: [CMS-concurrent-mark-start]
2017-12-17T16:06:59.330+0300: 395.093: [CMS-concurrent-mark: 0.179/0.179 secs] [Times: user=0.51 sys=0.00, real=0.18 secs] 
2017-12-17T16:06:59.330+0300: 395.093: [CMS-concurrent-preclean-start]
2017-12-17T16:06:59.331+0300: 395.094: [CMS-concurrent-preclean: 0.001/0.001 secs] [Times: user=0.00 sys=0.00, real=0.00 secs] 
2017-12-17T16:06:59.331+0300: 395.094: [CMS-concurrent-abortable-preclean-start]
2017-12-17T16:06:59.331+0300: 395.094: [CMS-concurrent-abortable-preclean: 0.000/0.000 secs] [Times: user=0.00 sys=0.00, real=0.00 secs] 
2017-12-17T16:06:59.332+0300: 395.095: [GC (CMS Final Remark) [YG occupancy: 141940 K (157248 K)]2017-12-17T16:06:59.332+0300: 395.095: [Rescan (parallel) , 0.0253205 secs]2017-12-17T16:06:59.357+0300: 395.120: [weak refs processing, 0.0000143 secs]2017-12-17T16:06:59.357+0300: 395.120: [class unloading, 0.0013474 secs]2017-12-17T16:06:59.358+0300: 395.122: [scrub symbol table, 0.0012257 secs]2017-12-17T16:06:59.360+0300: 395.123: [scrub string table, 0.0001494 secs][1 CMS-remark: 212647K(349568K)] 354587K(506816K), 0.0281598 secs] [Times: user=0.16 sys=0.00, real=0.03 secs] 
2017-12-17T16:06:59.360+0300: 395.123: [CMS-concurrent-sweep-start]
2017-12-17T16:06:59.427+0300: 395.190: [CMS-concurrent-sweep: 0.067/0.067 secs] [Times: user=0.16 sys=0.00, real=0.07 secs] 
2017-12-17T16:06:59.427+0300: 395.190: [CMS-concurrent-reset-start]
2017-12-17T16:06:59.427+0300: 395.191: [CMS-concurrent-reset: 0.001/0.001 secs] [Times: user=0.00 sys=0.00, real=0.00 secs] 
2017-12-17T16:07:01.429+0300: 397.192: [GC (CMS Initial Mark) [1 CMS-initial-mark: 212584K(349568K)] 354525K(506816K), 0.0242838 secs] [Times: user=0.06 sys=0.00, real=0.02 secs] 
2017-12-17T16:07:01.453+0300: 397.216: [CMS-concurrent-mark-start]
2017-12-17T16:07:01.635+0300: 397.399: [CMS-concurrent-mark: 0.182/0.182 secs] [Times: user=0.56 sys=0.00, real=0.18 secs] 
2017-12-17T16:07:01.635+0300: 397.399: [CMS-concurrent-preclean-start]
2017-12-17T16:07:01.636+0300: 397.399: [CMS-concurrent-preclean: 0.001/0.001 secs] [Times: user=0.00 sys=0.00, real=0.00 secs] 
2017-12-17T16:07:01.636+0300: 397.399: [CMS-concurrent-abortable-preclean-start]
2017-12-17T16:07:01.636+0300: 397.399: [CMS-concurrent-abortable-preclean: 0.000/0.000 secs] [Times: user=0.00 sys=0.00, real=0.00 secs] 
2017-12-17T16:07:01.638+0300: 397.401: [GC (CMS Final Remark) [YG occupancy: 141940 K (157248 K)]2017-12-17T16:07:01.638+0300: 397.401: [Rescan (parallel) , 0.0252358 secs]2017-12-17T16:07:01.663+0300: 397.426: [weak refs processing, 0.0000154 secs]2017-12-17T16:07:01.663+0300: 397.426: [class unloading, 0.0011837 secs]2017-12-17T16:07:01.664+0300: 397.427: [scrub symbol table, 0.0010352 secs]2017-12-17T16:07:01.665+0300: 397.428: [scrub string table, 0.0001363 secs][1 CMS-remark: 212584K(349568K)] 354525K(506816K), 0.0277039 secs] [Times: user=0.16 sys=0.00, real=0.03 secs] 
2017-12-17T16:07:01.665+0300: 397.429: [CMS-concurrent-sweep-start]
2017-12-17T16:07:01.734+0300: 397.497: [CMS-concurrent-sweep: 0.068/0.068 secs] [Times: user=0.12 sys=0.00, real=0.07 secs] 
2017-12-17T16:07:01.734+0300: 397.497: [CMS-concurrent-reset-start]
2017-12-17T16:07:01.734+0300: 397.498: [CMS-concurrent-reset: 0.001/0.001 secs] [Times: user=0.00 sys=0.00, real=0.00 secs] 
2017-12-17T16:07:03.736+0300: 399.499: [GC (CMS Initial Mark) [1 CMS-initial-mark: 212525K(349568K)] 354466K(506816K), 0.0235354 secs] [Times: user=0.06 sys=0.00, real=0.02 secs] 
2017-12-17T16:07:03.759+0300: 399.523: [CMS-concurrent-mark-start]
2017-12-17T16:07:03.937+0300: 399.700: [CMS-concurrent-mark: 0.178/0.178 secs] [Times: user=0.56 sys=0.00, real=0.18 secs] 
2017-12-17T16:07:03.937+0300: 399.700: [CMS-concurrent-preclean-start]
2017-12-17T16:07:03.938+0300: 399.701: [CMS-concurrent-preclean: 0.001/0.001 secs] [Times: user=0.00 sys=0.00, real=0.00 secs] 
2017-12-17T16:07:03.938+0300: 399.701: [CMS-concurrent-abortable-preclean-start]
2017-12-17T16:07:03.938+0300: 399.701: [CMS-concurrent-abortable-preclean: 0.000/0.000 secs] [Times: user=0.00 sys=0.00, real=0.00 secs] 
2017-12-17T16:07:03.940+0300: 399.703: [GC (CMS Final Remark) [YG occupancy: 141940 K (157248 K)]2017-12-17T16:07:03.940+0300: 399.703: [Rescan (parallel) , 0.0256731 secs]2017-12-17T16:07:03.965+0300: 399.729: [weak refs processing, 0.0000228 secs]2017-12-17T16:07:03.965+0300: 399.729: [class unloading, 0.0012000 secs]2017-12-17T16:07:03.967+0300: 399.730: [scrub symbol table, 0.0010130 secs]2017-12-17T16:07:03.968+0300: 399.731: [scrub string table, 0.0001403 secs][1 CMS-remark: 212525K(349568K)] 354466K(506816K), 0.0281558 secs] [Times: user=0.09 sys=0.00, real=0.03 secs] 
2017-12-17T16:07:03.968+0300: 399.731: [CMS-concurrent-sweep-start]
2017-12-17T16:07:04.035+0300: 399.799: [CMS-concurrent-sweep: 0.067/0.067 secs] [Times: user=0.13 sys=0.00, real=0.07 secs] 
2017-12-17T16:07:04.035+0300: 399.799: [CMS-concurrent-reset-start]
2017-12-17T16:07:04.036+0300: 399.799: [CMS-concurrent-reset: 0.001/0.001 secs] [Times: user=0.00 sys=0.00, real=0.00 secs] 
2017-12-17T16:07:06.039+0300: 401.801: [GC (CMS Initial Mark) [1 CMS-initial-mark: 212466K(349568K)] 354406K(506816K), 0.0239503 secs] [Times: user=0.13 sys=0.00, real=0.02 secs] 
2017-12-17T16:07:06.063+0300: 401.825: [CMS-concurrent-mark-start]
2017-12-17T16:07:06.242+0300: 402.005: [CMS-concurrent-mark: 0.179/0.179 secs] [Times: user=0.51 sys=0.00, real=0.18 secs] 
2017-12-17T16:07:06.242+0300: 402.005: [CMS-concurrent-preclean-start]
2017-12-17T16:07:06.243+0300: 402.005: [CMS-concurrent-preclean: 0.001/0.001 secs] [Times: user=0.00 sys=0.00, real=0.00 secs] 
2017-12-17T16:07:06.243+0300: 402.005: [CMS-concurrent-abortable-preclean-start]
2017-12-17T16:07:06.243+0300: 402.005: [CMS-concurrent-abortable-preclean: 0.000/0.000 secs] [Times: user=0.00 sys=0.00, real=0.00 secs] 
2017-12-17T16:07:06.245+0300: 402.007: [GC (CMS Final Remark) [YG occupancy: 141940 K (157248 K)]2017-12-17T16:07:06.245+0300: 402.007: [Rescan (parallel) , 0.0273492 secs]2017-12-17T16:07:06.272+0300: 402.035: [weak refs processing, 0.0000163 secs]2017-12-17T16:07:06.272+0300: 402.035: [class unloading, 0.0012140 secs]2017-12-17T16:07:06.273+0300: 402.036: [scrub symbol table, 0.0010227 secs]2017-12-17T16:07:06.274+0300: 402.037: [scrub string table, 0.0001371 secs][1 CMS-remark: 212466K(349568K)] 354406K(506816K), 0.0298388 secs] [Times: user=0.06 sys=0.00, real=0.03 secs] 
2017-12-17T16:07:06.274+0300: 402.037: [CMS-concurrent-sweep-start]
2017-12-17T16:07:06.353+0300: 402.116: [CMS-concurrent-sweep: 0.079/0.079 secs] [Times: user=0.16 sys=0.00, real=0.08 secs] 
2017-12-17T16:07:06.353+0300: 402.116: [CMS-concurrent-reset-start]
2017-12-17T16:07:06.354+0300: 402.116: [CMS-concurrent-reset: 0.001/0.001 secs] [Times: user=0.05 sys=0.00, real=0.00 secs] 
2017-12-17T16:07:08.353+0300: 404.116: [GC (CMS Initial Mark) [1 CMS-initial-mark: 212411K(349568K)] 354351K(506816K), 0.0233624 secs] [Times: user=0.06 sys=0.00, real=0.02 secs] 
2017-12-17T16:07:08.376+0300: 404.139: [CMS-concurrent-mark-start]
2017-12-17T16:07:08.562+0300: 404.324: [CMS-concurrent-mark: 0.185/0.185 secs] [Times: user=0.56 sys=0.00, real=0.19 secs] 
2017-12-17T16:07:08.562+0300: 404.324: [CMS-concurrent-preclean-start]
2017-12-17T16:07:08.562+0300: 404.325: [CMS-concurrent-preclean: 0.001/0.001 secs] [Times: user=0.00 sys=0.00, real=0.00 secs] 
2017-12-17T16:07:08.562+0300: 404.325: [CMS-concurrent-abortable-preclean-start]
2017-12-17T16:07:08.562+0300: 404.325: [CMS-concurrent-abortable-preclean: 0.000/0.000 secs] [Times: user=0.00 sys=0.00, real=0.00 secs] 
2017-12-17T16:07:08.567+0300: 404.329: [GC (CMS Final Remark) [YG occupancy: 141940 K (157248 K)]2017-12-17T16:07:08.567+0300: 404.329: [Rescan (parallel) , 0.0266009 secs]2017-12-17T16:07:08.593+0300: 404.356: [weak refs processing, 0.0000174 secs]2017-12-17T16:07:08.593+0300: 404.356: [class unloading, 0.0013311 secs]2017-12-17T16:07:08.595+0300: 404.357: [scrub symbol table, 0.0010500 secs]2017-12-17T16:07:08.596+0300: 404.358: [scrub string table, 0.0001329 secs][1 CMS-remark: 212411K(349568K)] 354351K(506816K), 0.0292249 secs] [Times: user=0.16 sys=0.00, real=0.03 secs] 
2017-12-17T16:07:08.596+0300: 404.359: [CMS-concurrent-sweep-start]
2017-12-17T16:07:08.670+0300: 404.433: [CMS-concurrent-sweep: 0.074/0.074 secs] [Times: user=0.16 sys=0.00, real=0.07 secs] 
2017-12-17T16:07:08.670+0300: 404.433: [CMS-concurrent-reset-start]
2017-12-17T16:07:08.671+0300: 404.434: [CMS-concurrent-reset: 0.001/0.001 secs] [Times: user=0.00 sys=0.00, real=0.00 secs] 
2017-12-17T16:07:10.672+0300: 406.435: [GC (CMS Initial Mark) [1 CMS-initial-mark: 212356K(349568K)] 354296K(506816K), 0.0244426 secs] [Times: user=0.13 sys=0.00, real=0.02 secs] 
2017-12-17T16:07:10.696+0300: 406.459: [CMS-concurrent-mark-start]
2017-12-17T16:07:10.877+0300: 406.639: [CMS-concurrent-mark: 0.180/0.180 secs] [Times: user=0.52 sys=0.00, real=0.18 secs] 
2017-12-17T16:07:10.877+0300: 406.639: [CMS-concurrent-preclean-start]
2017-12-17T16:07:10.877+0300: 406.640: [CMS-concurrent-preclean: 0.001/0.001 secs] [Times: user=0.00 sys=0.00, real=0.00 secs] 
2017-12-17T16:07:10.877+0300: 406.640: [CMS-concurrent-abortable-preclean-start]
2017-12-17T16:07:10.877+0300: 406.640: [CMS-concurrent-abortable-preclean: 0.000/0.000 secs] [Times: user=0.00 sys=0.00, real=0.00 secs] 
2017-12-17T16:07:10.882+0300: 406.644: [GC (CMS Final Remark) [YG occupancy: 141940 K (157248 K)]2017-12-17T16:07:10.882+0300: 406.644: [Rescan (parallel) , 0.0264845 secs]2017-12-17T16:07:10.908+0300: 406.671: [weak refs processing, 0.0000137 secs]2017-12-17T16:07:10.908+0300: 406.671: [class unloading, 0.0011798 secs]2017-12-17T16:07:10.909+0300: 406.672: [scrub symbol table, 0.0010278 secs]2017-12-17T16:07:10.910+0300: 406.673: [scrub string table, 0.0001374 secs][1 CMS-remark: 212356K(349568K)] 354296K(506816K), 0.0289609 secs] [Times: user=0.09 sys=0.00, real=0.03 secs] 
2017-12-17T16:07:10.911+0300: 406.673: [CMS-concurrent-sweep-start]
2017-12-17T16:07:10.978+0300: 406.741: [CMS-concurrent-sweep: 0.067/0.067 secs] [Times: user=0.13 sys=0.00, real=0.07 secs] 
2017-12-17T16:07:10.978+0300: 406.741: [CMS-concurrent-reset-start]
2017-12-17T16:07:10.979+0300: 406.741: [CMS-concurrent-reset: 0.001/0.001 secs] [Times: user=0.00 sys=0.00, real=0.00 secs] 
2017-12-17T16:07:12.980+0300: 408.743: [GC (CMS Initial Mark) [1 CMS-initial-mark: 212302K(349568K)] 354243K(506816K), 0.0241270 secs] [Times: user=0.13 sys=0.00, real=0.02 secs] 
2017-12-17T16:07:13.004+0300: 408.767: [CMS-concurrent-mark-start]
2017-12-17T16:07:13.193+0300: 408.956: [CMS-concurrent-mark: 0.190/0.190 secs] [Times: user=0.56 sys=0.00, real=0.19 secs] 
2017-12-17T16:07:13.193+0300: 408.956: [CMS-concurrent-preclean-start]
2017-12-17T16:07:13.194+0300: 408.957: [CMS-concurrent-preclean: 0.001/0.001 secs] [Times: user=0.00 sys=0.00, real=0.00 secs] 
2017-12-17T16:07:13.194+0300: 408.957: [CMS-concurrent-abortable-preclean-start]
2017-12-17T16:07:13.194+0300: 408.957: [CMS-concurrent-abortable-preclean: 0.000/0.000 secs] [Times: user=0.00 sys=0.00, real=0.00 secs] 
2017-12-17T16:07:13.197+0300: 408.960: [GC (CMS Final Remark) [YG occupancy: 141940 K (157248 K)]2017-12-17T16:07:13.197+0300: 408.960: [Rescan (parallel) , 0.0256971 secs]2017-12-17T16:07:13.222+0300: 408.985: [weak refs processing, 0.0000217 secs]2017-12-17T16:07:13.222+0300: 408.985: [class unloading, 0.0012054 secs]2017-12-17T16:07:13.224+0300: 408.987: [scrub symbol table, 0.0010321 secs]2017-12-17T16:07:13.225+0300: 408.988: [scrub string table, 0.0001391 secs][1 CMS-remark: 212302K(349568K)] 354243K(506816K), 0.0281949 secs] [Times: user=0.16 sys=0.00, real=0.03 secs] 
2017-12-17T16:07:13.225+0300: 408.988: [CMS-concurrent-sweep-start]
2017-12-17T16:07:13.299+0300: 409.062: [CMS-concurrent-sweep: 0.074/0.074 secs] [Times: user=0.16 sys=0.00, real=0.07 secs] 
2017-12-17T16:07:13.299+0300: 409.062: [CMS-concurrent-reset-start]
2017-12-17T16:07:13.299+0300: 409.062: [CMS-concurrent-reset: 0.001/0.001 secs] [Times: user=0.00 sys=0.00, real=0.00 secs] 
2017-12-17T16:07:15.300+0300: 411.063: [GC (CMS Initial Mark) [1 CMS-initial-mark: 212252K(349568K)] 354192K(506816K), 0.0239286 secs] [Times: user=0.06 sys=0.00, real=0.02 secs] 
2017-12-17T16:07:15.324+0300: 411.087: [CMS-concurrent-mark-start]
2017-12-17T16:07:15.515+0300: 411.278: [CMS-concurrent-mark: 0.192/0.192 secs] [Times: user=0.56 sys=0.00, real=0.19 secs] 
2017-12-17T16:07:15.515+0300: 411.278: [CMS-concurrent-preclean-start]
2017-12-17T16:07:15.516+0300: 411.279: [CMS-concurrent-preclean: 0.001/0.001 secs] [Times: user=0.00 sys=0.00, real=0.00 secs] 
2017-12-17T16:07:15.516+0300: 411.279: [CMS-concurrent-abortable-preclean-start]
2017-12-17T16:07:15.516+0300: 411.279: [CMS-concurrent-abortable-preclean: 0.000/0.000 secs] [Times: user=0.00 sys=0.00, real=0.00 secs] 
2017-12-17T16:07:15.518+0300: 411.281: [GC (CMS Final Remark) [YG occupancy: 141940 K (157248 K)]2017-12-17T16:07:15.518+0300: 411.281: [Rescan (parallel) , 0.0255465 secs]2017-12-17T16:07:15.543+0300: 411.306: [weak refs processing, 0.0000143 secs]2017-12-17T16:07:15.543+0300: 411.306: [class unloading, 0.0013491 secs]2017-12-17T16:07:15.545+0300: 411.308: [scrub symbol table, 0.0012641 secs]2017-12-17T16:07:15.546+0300: 411.309: [scrub string table, 0.0001485 secs][1 CMS-remark: 212252K(349568K)] 354192K(506816K), 0.0284247 secs] [Times: user=0.17 sys=0.00, real=0.03 secs] 
2017-12-17T16:07:15.546+0300: 411.309: [CMS-concurrent-sweep-start]
2017-12-17T16:07:15.613+0300: 411.377: [CMS-concurrent-sweep: 0.067/0.067 secs] [Times: user=0.13 sys=0.00, real=0.07 secs] 
2017-12-17T16:07:15.614+0300: 411.377: [CMS-concurrent-reset-start]
2017-12-17T16:07:15.614+0300: 411.377: [CMS-concurrent-reset: 0.001/0.001 secs] [Times: user=0.00 sys=0.00, real=0.00 secs] 
2017-12-17T16:07:17.616+0300: 413.379: [GC (CMS Initial Mark) [1 CMS-initial-mark: 212201K(349568K)] 354142K(506816K), 0.0240691 secs] [Times: user=0.13 sys=0.00, real=0.02 secs] 
2017-12-17T16:07:17.640+0300: 413.403: [CMS-concurrent-mark-start]
2017-12-17T16:07:17.798+0300: 413.561: [CMS-concurrent-mark: 0.158/0.158 secs] [Times: user=0.47 sys=0.00, real=0.16 secs] 
2017-12-17T16:07:17.798+0300: 413.561: [CMS-concurrent-preclean-start]
2017-12-17T16:07:17.798+0300: 413.562: [CMS-concurrent-preclean: 0.001/0.001 secs] [Times: user=0.00 sys=0.00, real=0.00 secs] 
2017-12-17T16:07:17.798+0300: 413.562: [CMS-concurrent-abortable-preclean-start]
2017-12-17T16:07:17.798+0300: 413.562: [CMS-concurrent-abortable-preclean: 0.000/0.000 secs] [Times: user=0.00 sys=0.00, real=0.00 secs] 
2017-12-17T16:07:17.801+0300: 413.564: [GC (CMS Final Remark) [YG occupancy: 141940 K (157248 K)]2017-12-17T16:07:17.801+0300: 413.564: [Rescan (parallel) , 0.0255562 secs]2017-12-17T16:07:17.826+0300: 413.589: [weak refs processing, 0.0000134 secs]2017-12-17T16:07:17.826+0300: 413.589: [class unloading, 0.0011812 secs]2017-12-17T16:07:17.827+0300: 413.591: [scrub symbol table, 0.0007806 secs]2017-12-17T16:07:17.828+0300: 413.591: [scrub string table, 0.0001186 secs][1 CMS-remark: 212201K(349568K)] 354142K(506816K), 0.0277367 secs] [Times: user=0.16 sys=0.00, real=0.03 secs] 
2017-12-17T16:07:17.828+0300: 413.592: [CMS-concurrent-sweep-start]
2017-12-17T16:07:17.896+0300: 413.659: [CMS-concurrent-sweep: 0.067/0.067 secs] [Times: user=0.13 sys=0.00, real=0.07 secs] 
2017-12-17T16:07:17.896+0300: 413.659: [CMS-concurrent-reset-start]
2017-12-17T16:07:17.896+0300: 413.660: [CMS-concurrent-reset: 0.001/0.001 secs] [Times: user=0.00 sys=0.00, real=0.00 secs] 
2017-12-17T16:07:19.896+0300: 415.659: [GC (CMS Initial Mark) [1 CMS-initial-mark: 212152K(349568K)] 354093K(506816K), 0.0240520 secs] [Times: user=0.06 sys=0.00, real=0.02 secs] 
2017-12-17T16:07:19.920+0300: 415.683: [CMS-concurrent-mark-start]
2017-12-17T16:07:20.093+0300: 415.856: [CMS-concurrent-mark: 0.173/0.173 secs] [Times: user=0.51 sys=0.00, real=0.17 secs] 
2017-12-17T16:07:20.093+0300: 415.856: [CMS-concurrent-preclean-start]
2017-12-17T16:07:20.094+0300: 415.857: [CMS-concurrent-preclean: 0.001/0.001 secs] [Times: user=0.00 sys=0.00, real=0.00 secs] 
2017-12-17T16:07:20.094+0300: 415.857: [CMS-concurrent-abortable-preclean-start]
2017-12-17T16:07:20.094+0300: 415.857: [CMS-concurrent-abortable-preclean: 0.000/0.000 secs] [Times: user=0.00 sys=0.00, real=0.00 secs] 
2017-12-17T16:07:20.098+0300: 415.861: [GC (CMS Final Remark) [YG occupancy: 141940 K (157248 K)]2017-12-17T16:07:20.098+0300: 415.861: [Rescan (parallel) , 0.0259006 secs]2017-12-17T16:07:20.124+0300: 415.887: [weak refs processing, 0.0000165 secs]2017-12-17T16:07:20.124+0300: 415.887: [class unloading, 0.0013126 secs]2017-12-17T16:07:20.125+0300: 415.888: [scrub symbol table, 0.0009619 secs]2017-12-17T16:07:20.126+0300: 415.889: [scrub string table, 0.0001289 secs][1 CMS-remark: 212152K(349568K)] 354093K(506816K), 0.0284155 secs] [Times: user=0.06 sys=0.00, real=0.03 secs] 
2017-12-17T16:07:20.126+0300: 415.889: [CMS-concurrent-sweep-start]
2017-12-17T16:07:20.194+0300: 415.958: [CMS-concurrent-sweep: 0.068/0.068 secs] [Times: user=0.16 sys=0.00, real=0.07 secs] 
2017-12-17T16:07:20.194+0300: 415.958: [CMS-concurrent-reset-start]
2017-12-17T16:07:20.195+0300: 415.958: [CMS-concurrent-reset: 0.001/0.001 secs] [Times: user=0.00 sys=0.00, real=0.00 secs] 
2017-12-17T16:07:22.197+0300: 417.959: [GC (CMS Initial Mark) [1 CMS-initial-mark: 212106K(349568K)] 354046K(506816K), 0.0236304 secs] [Times: user=0.08 sys=0.00, real=0.02 secs] 
2017-12-17T16:07:22.220+0300: 417.983: [CMS-concurrent-mark-start]
2017-12-17T16:07:22.394+0300: 418.156: [CMS-concurrent-mark: 0.174/0.174 secs] [Times: user=0.51 sys=0.00, real=0.17 secs] 
2017-12-17T16:07:22.394+0300: 418.157: [CMS-concurrent-preclean-start]
2017-12-17T16:07:22.395+0300: 418.157: [CMS-concurrent-preclean: 0.001/0.001 secs] [Times: user=0.00 sys=0.00, real=0.00 secs] 
2017-12-17T16:07:22.395+0300: 418.157: [CMS-concurrent-abortable-preclean-start]
2017-12-17T16:07:22.395+0300: 418.157: [CMS-concurrent-abortable-preclean: 0.000/0.000 secs] [Times: user=0.00 sys=0.00, real=0.00 secs] 
2017-12-17T16:07:22.395+0300: 418.158: [GC (CMS Final Remark) [YG occupancy: 141940 K (157248 K)]2017-12-17T16:07:22.395+0300: 418.158: [Rescan (parallel) , 0.0257005 secs]2017-12-17T16:07:22.421+0300: 418.183: [weak refs processing, 0.0000185 secs]2017-12-17T16:07:22.421+0300: 418.183: [class unloading, 0.0011370 secs]2017-12-17T16:07:22.422+0300: 418.184: [scrub symbol table, 0.0007672 secs]2017-12-17T16:07:22.423+0300: 418.185: [scrub string table, 0.0001223 secs][1 CMS-remark: 212106K(349568K)] 354046K(506816K), 0.0278410 secs] [Times: user=0.09 sys=0.00, real=0.03 secs] 
2017-12-17T16:07:22.423+0300: 418.185: [CMS-concurrent-sweep-start]
2017-12-17T16:07:22.490+0300: 418.253: [CMS-concurrent-sweep: 0.067/0.067 secs] [Times: user=0.13 sys=0.00, real=0.07 secs] 
2017-12-17T16:07:22.490+0300: 418.253: [CMS-concurrent-reset-start]
2017-12-17T16:07:22.491+0300: 418.253: [CMS-concurrent-reset: 0.001/0.001 secs] [Times: user=0.00 sys=0.00, real=0.00 secs] 
2017-12-17T16:07:24.492+0300: 420.254: [GC (CMS Initial Mark) [1 CMS-initial-mark: 212061K(349568K)] 354002K(506816K), 0.0241744 secs] [Times: user=0.13 sys=0.00, real=0.02 secs] 
2017-12-17T16:07:24.516+0300: 420.278: [CMS-concurrent-mark-start]
2017-12-17T16:07:24.715+0300: 420.477: [CMS-concurrent-mark: 0.199/0.199 secs] [Times: user=0.56 sys=0.00, real=0.20 secs] 
2017-12-17T16:07:24.715+0300: 420.477: [CMS-concurrent-preclean-start]
2017-12-17T16:07:24.715+0300: 420.478: [CMS-concurrent-preclean: 0.001/0.001 secs] [Times: user=0.00 sys=0.00, real=0.00 secs] 
2017-12-17T16:07:24.715+0300: 420.478: [CMS-concurrent-abortable-preclean-start]
2017-12-17T16:07:24.715+0300: 420.478: [CMS-concurrent-abortable-preclean: 0.000/0.000 secs] [Times: user=0.00 sys=0.00, real=0.00 secs] 
2017-12-17T16:07:24.720+0300: 420.482: [GC (CMS Final Remark) [YG occupancy: 142882 K (157248 K)]2017-12-17T16:07:24.720+0300: 420.482: [Rescan (parallel) , 0.0244395 secs]2017-12-17T16:07:24.744+0300: 420.507: [weak refs processing, 0.0000205 secs]2017-12-17T16:07:24.744+0300: 420.507: [class unloading, 0.0016037 secs]2017-12-17T16:07:24.746+0300: 420.508: [scrub symbol table, 0.0017688 secs]2017-12-17T16:07:24.747+0300: 420.510: [scrub string table, 0.0002381 secs][1 CMS-remark: 212061K(349568K)] 354944K(506816K), 0.0282054 secs] [Times: user=0.11 sys=0.00, real=0.03 secs] 
2017-12-17T16:07:24.748+0300: 420.510: [CMS-concurrent-sweep-start]
2017-12-17T16:07:24.830+0300: 420.593: [CMS-concurrent-sweep: 0.083/0.083 secs] [Times: user=0.16 sys=0.00, real=0.08 secs] 
2017-12-17T16:07:24.830+0300: 420.593: [CMS-concurrent-reset-start]
2017-12-17T16:07:24.831+0300: 420.594: [CMS-concurrent-reset: 0.001/0.001 secs] [Times: user=0.00 sys=0.00, real=0.00 secs] 
2017-12-17T16:07:26.833+0300: 422.595: [GC (CMS Initial Mark) [1 CMS-initial-mark: 212015K(349568K)] 354898K(506816K), 0.0236740 secs] [Times: user=0.12 sys=0.00, real=0.02 secs] 
2017-12-17T16:07:26.856+0300: 422.619: [CMS-concurrent-mark-start]
2017-12-17T16:07:27.038+0300: 422.801: [CMS-concurrent-mark: 0.182/0.182 secs] [Times: user=0.51 sys=0.00, real=0.18 secs] 
2017-12-17T16:07:27.038+0300: 422.801: [CMS-concurrent-preclean-start]
2017-12-17T16:07:27.038+0300: 422.801: [CMS-concurrent-preclean: 0.000/0.000 secs] [Times: user=0.00 sys=0.00, real=0.00 secs] 
2017-12-17T16:07:27.038+0300: 422.801: [CMS-concurrent-abortable-preclean-start]
2017-12-17T16:07:27.038+0300: 422.801: [CMS-concurrent-abortable-preclean: 0.000/0.000 secs] [Times: user=0.00 sys=0.00, real=0.00 secs] 
2017-12-17T16:07:27.042+0300: 422.804: [GC (CMS Final Remark) [YG occupancy: 142882 K (157248 K)]2017-12-17T16:07:27.042+0300: 422.804: [Rescan (parallel) , 0.0257019 secs]2017-12-17T16:07:27.067+0300: 422.830: [weak refs processing, 0.0000191 secs]2017-12-17T16:07:27.067+0300: 422.830: [class unloading, 0.0012812 secs]2017-12-17T16:07:27.069+0300: 422.831: [scrub symbol table, 0.0010423 secs]2017-12-17T16:07:27.070+0300: 422.832: [scrub string table, 0.0001351 secs][1 CMS-remark: 212015K(349568K)] 354898K(506816K), 0.0282858 secs] [Times: user=0.08 sys=0.00, real=0.03 secs] 
2017-12-17T16:07:27.070+0300: 422.833: [CMS-concurrent-sweep-start]
2017-12-17T16:07:27.137+0300: 422.900: [CMS-concurrent-sweep: 0.067/0.067 secs] [Times: user=0.16 sys=0.00, real=0.07 secs] 
2017-12-17T16:07:27.137+0300: 422.900: [CMS-concurrent-reset-start]
2017-12-17T16:07:27.138+0300: 422.900: [CMS-concurrent-reset: 0.001/0.001 secs] [Times: user=0.00 sys=0.00, real=0.00 secs] 
2017-12-17T16:07:29.138+0300: 424.900: [GC (CMS Initial Mark) [1 CMS-initial-mark: 211976K(349568K)] 355804K(506816K), 0.0234012 secs] [Times: user=0.06 sys=0.00, real=0.02 secs] 
2017-12-17T16:07:29.161+0300: 424.924: [CMS-concurrent-mark-start]
2017-12-17T16:07:29.337+0300: 425.100: [CMS-concurrent-mark: 0.176/0.176 secs] [Times: user=0.56 sys=0.00, real=0.18 secs] 
2017-12-17T16:07:29.337+0300: 425.100: [CMS-concurrent-preclean-start]
2017-12-17T16:07:29.338+0300: 425.101: [CMS-concurrent-preclean: 0.001/0.001 secs] [Times: user=0.00 sys=0.00, real=0.00 secs] 
2017-12-17T16:07:29.338+0300: 425.101: [CMS-concurrent-abortable-preclean-start]
2017-12-17T16:07:29.338+0300: 425.101: [CMS-concurrent-abortable-preclean: 0.000/0.000 secs] [Times: user=0.00 sys=0.00, real=0.00 secs] 
2017-12-17T16:07:29.342+0300: 425.104: [GC (CMS Final Remark) [YG occupancy: 143828 K (157248 K)]2017-12-17T16:07:29.342+0300: 425.104: [Rescan (parallel) , 0.0258222 secs]2017-12-17T16:07:29.367+0300: 425.130: [weak refs processing, 0.0000165 secs]2017-12-17T16:07:29.367+0300: 425.130: [class unloading, 0.0014121 secs]2017-12-17T16:07:29.369+0300: 425.132: [scrub symbol table, 0.0012311 secs]2017-12-17T16:07:29.370+0300: 425.133: [scrub string table, 0.0001471 secs][1 CMS-remark: 211976K(349568K)] 355804K(506816K), 0.0287380 secs] [Times: user=0.12 sys=0.00, real=0.03 secs] 
2017-12-17T16:07:29.370+0300: 425.133: [CMS-concurrent-sweep-start]
2017-12-17T16:07:29.438+0300: 425.201: [CMS-concurrent-sweep: 0.067/0.067 secs] [Times: user=0.13 sys=0.00, real=0.07 secs] 
2017-12-17T16:07:29.438+0300: 425.201: [CMS-concurrent-reset-start]
2017-12-17T16:07:29.438+0300: 425.201: [CMS-concurrent-reset: 0.001/0.001 secs] [Times: user=0.00 sys=0.00, real=0.00 secs] 
2017-12-17T16:07:30.950+0300: 426.713: [GC (Allocation Failure) 2017-12-17T16:07:30.950+0300: 426.713: [ParNew: 157248K->157248K(157248K), 0.0000584 secs]2017-12-17T16:07:30.950+0300: 426.713: [CMS: 211933K->313196K(349568K), 0.7888023 secs] 369181K->313196K(506816K), [Metaspace: 9763K->9763K(1058816K)], 0.7890207 secs] [Times: user=0.78 sys=0.01, real=0.79 secs] 
2017-12-17T16:07:31.740+0300: 427.503: [GC (CMS Initial Mark) [1 CMS-initial-mark: 313196K(349568K)] 318989K(506816K), 0.0019413 secs] [Times: user=0.00 sys=0.00, real=0.00 secs] 
2017-12-17T16:07:31.742+0300: 427.505: [CMS-concurrent-mark-start]
2017-12-17T16:07:32.024+0300: 427.787: [CMS-concurrent-mark: 0.282/0.282 secs] [Times: user=0.56 sys=0.00, real=0.28 secs] 
2017-12-17T16:07:32.024+0300: 427.787: [CMS-concurrent-preclean-start]
2017-12-17T16:07:32.024+0300: 427.787: [CMS-concurrent-preclean: 0.000/0.000 secs] [Times: user=0.00 sys=0.00, real=0.00 secs] 
2017-12-17T16:07:32.024+0300: 427.787: [CMS-concurrent-abortable-preclean-start]
 CMS: abort preclean due to time 2017-12-17T16:07:37.059+0300: 432.822: [CMS-concurrent-abortable-preclean: 0.053/5.035 secs] [Times: user=4.32 sys=0.00, real=5.04 secs] 
2017-12-17T16:07:37.059+0300: 432.823: [GC (CMS Final Remark) [YG occupancy: 35134 K (157248 K)]2017-12-17T16:07:37.059+0300: 432.823: [Rescan (parallel) , 0.0072077 secs]2017-12-17T16:07:37.067+0300: 432.830: [weak refs processing, 0.0000220 secs]2017-12-17T16:07:37.067+0300: 432.830: [class unloading, 0.0012881 secs]2017-12-17T16:07:37.068+0300: 432.831: [scrub symbol table, 0.0009913 secs]2017-12-17T16:07:37.069+0300: 432.832: [scrub string table, 0.0001234 secs][1 CMS-remark: 313196K(349568K)] 348330K(506816K), 0.0096955 secs] [Times: user=0.00 sys=0.00, real=0.01 secs] 
2017-12-17T16:07:37.069+0300: 432.832: [CMS-concurrent-sweep-start]
2017-12-17T16:07:37.186+0300: 432.949: [CMS-concurrent-sweep: 0.117/0.117 secs] [Times: user=0.25 sys=0.00, real=0.12 secs] 
2017-12-17T16:07:37.186+0300: 432.949: [CMS-concurrent-reset-start]
2017-12-17T16:07:37.186+0300: 432.949: [CMS-concurrent-reset: 0.001/0.001 secs] [Times: user=0.00 sys=0.00, real=0.00 secs] 
2017-12-17T16:07:39.186+0300: 434.949: [GC (CMS Initial Mark) [1 CMS-initial-mark: 313196K(349568K)] 348330K(506816K), 0.0067943 secs] [Times: user=0.02 sys=0.00, real=0.04 secs] 
2017-12-17T16:07:39.225+0300: 434.988: [CMS-concurrent-mark-start]
2017-12-17T16:07:39.498+0300: 435.262: [CMS-concurrent-mark: 0.274/0.274 secs] [Times: user=0.80 sys=0.00, real=0.27 secs] 
2017-12-17T16:07:39.498+0300: 435.262: [CMS-concurrent-preclean-start]
2017-12-17T16:07:39.500+0300: 435.264: [CMS-concurrent-preclean: 0.002/0.002 secs] [Times: user=0.00 sys=0.00, real=0.00 secs] 
2017-12-17T16:07:39.500+0300: 435.264: [CMS-concurrent-abortable-preclean-start]
 CMS: abort preclean due to time 2017-12-17T16:07:44.505+0300: 440.268: [CMS-concurrent-abortable-preclean: 0.042/5.004 secs] [Times: user=5.01 sys=0.00, real=5.01 secs] 
2017-12-17T16:07:44.506+0300: 440.268: [GC (CMS Final Remark) [YG occupancy: 35134 K (157248 K)]2017-12-17T16:07:44.506+0300: 440.268: [Rescan (parallel) , 0.0073174 secs]2017-12-17T16:07:44.513+0300: 440.276: [weak refs processing, 0.0000134 secs]2017-12-17T16:07:44.513+0300: 440.276: [class unloading, 0.0013403 secs]2017-12-17T16:07:44.514+0300: 440.277: [scrub symbol table, 0.0010697 secs]2017-12-17T16:07:44.515+0300: 440.278: [scrub string table, 0.0001605 secs][1 CMS-remark: 313196K(349568K)] 348330K(506816K), 0.0099683 secs] [Times: user=0.06 sys=0.00, real=0.01 secs] 
2017-12-17T16:07:44.516+0300: 440.278: [CMS-concurrent-sweep-start]
2017-12-17T16:07:44.636+0300: 440.399: [CMS-concurrent-sweep: 0.120/0.120 secs] [Times: user=0.22 sys=0.00, real=0.12 secs] 
2017-12-17T16:07:44.636+0300: 440.399: [CMS-concurrent-reset-start]
2017-12-17T16:07:44.637+0300: 440.399: [CMS-concurrent-reset: 0.001/0.001 secs] [Times: user=0.05 sys=0.00, real=0.00 secs] 
2017-12-17T16:07:46.637+0300: 442.399: [GC (CMS Initial Mark) [1 CMS-initial-mark: 311433K(349568K)] 346567K(506816K), 0.0065665 secs] [Times: user=0.00 sys=0.00, real=0.01 secs] 
2017-12-17T16:07:46.643+0300: 442.406: [CMS-concurrent-mark-start]
2017-12-17T16:07:46.928+0300: 442.691: [CMS-concurrent-mark: 0.285/0.285 secs] [Times: user=0.84 sys=0.00, real=0.29 secs] 
2017-12-17T16:07:46.928+0300: 442.691: [CMS-concurrent-preclean-start]
2017-12-17T16:07:46.930+0300: 442.692: [CMS-concurrent-preclean: 0.001/0.001 secs] [Times: user=0.03 sys=0.00, real=0.00 secs] 
2017-12-17T16:07:46.930+0300: 442.692: [CMS-concurrent-abortable-preclean-start]
 CMS: abort preclean due to time 2017-12-17T16:07:51.944+0300: 447.707: [CMS-concurrent-abortable-preclean: 0.025/5.015 secs] [Times: user=5.01 sys=0.02, real=5.01 secs] 
2017-12-17T16:07:51.946+0300: 447.709: [GC (CMS Final Remark) [YG occupancy: 35134 K (157248 K)]2017-12-17T16:07:51.946+0300: 447.709: [Rescan (parallel) , 0.0071070 secs]2017-12-17T16:07:51.953+0300: 447.716: [weak refs processing, 0.0000174 secs]2017-12-17T16:07:51.953+0300: 447.716: [class unloading, 0.0016436 secs]2017-12-17T16:07:51.954+0300: 447.717: [scrub symbol table, 0.0013069 secs]2017-12-17T16:07:51.956+0300: 447.719: [scrub string table, 0.0001408 secs][1 CMS-remark: 311433K(349568K)] 346567K(506816K), 0.0102896 secs] [Times: user=0.05 sys=0.01, real=0.01 secs] 
2017-12-17T16:07:51.956+0300: 447.719: [CMS-concurrent-sweep-start]
2017-12-17T16:07:52.073+0300: 447.836: [CMS-concurrent-sweep: 0.117/0.117 secs] [Times: user=0.22 sys=0.00, real=0.12 secs] 
2017-12-17T16:07:52.073+0300: 447.836: [CMS-concurrent-reset-start]
2017-12-17T16:07:52.074+0300: 447.837: [CMS-concurrent-reset: 0.001/0.001 secs] [Times: user=0.00 sys=0.00, real=0.00 secs] 
2017-12-17T16:07:54.074+0300: 449.837: [GC (CMS Initial Mark) [1 CMS-initial-mark: 310654K(349568K)] 346437K(506816K), 0.0068339 secs] [Times: user=0.00 sys=0.00, real=0.01 secs] 
2017-12-17T16:07:54.081+0300: 449.844: [CMS-concurrent-mark-start]
2017-12-17T16:07:54.348+0300: 450.111: [CMS-concurrent-mark: 0.267/0.267 secs] [Times: user=0.80 sys=0.00, real=0.27 secs] 
2017-12-17T16:07:54.348+0300: 450.111: [CMS-concurrent-preclean-start]
2017-12-17T16:07:54.349+0300: 450.112: [CMS-concurrent-preclean: 0.001/0.001 secs] [Times: user=0.00 sys=0.00, real=0.00 secs] 
2017-12-17T16:07:54.349+0300: 450.112: [CMS-concurrent-abortable-preclean-start]
 CMS: abort preclean due to time 2017-12-17T16:07:59.350+0300: 455.113: [CMS-concurrent-abortable-preclean: 0.025/5.001 secs] [Times: user=5.01 sys=0.00, real=5.00 secs] 
2017-12-17T16:07:59.352+0300: 455.114: [GC (CMS Final Remark) [YG occupancy: 35783 K (157248 K)]2017-12-17T16:07:59.352+0300: 455.114: [Rescan (parallel) , 0.0073151 secs]2017-12-17T16:07:59.359+0300: 455.121: [weak refs processing, 0.0000311 secs]2017-12-17T16:07:59.359+0300: 455.121: [class unloading, 0.0012838 secs]2017-12-17T16:07:59.360+0300: 455.123: [scrub symbol table, 0.0013126 secs]2017-12-17T16:07:59.362+0300: 455.124: [scrub string table, 0.0001833 secs][1 CMS-remark: 310654K(349568K)] 346437K(506816K), 0.0101873 secs] [Times: user=0.00 sys=0.00, real=0.01 secs] 
2017-12-17T16:07:59.362+0300: 455.124: [CMS-concurrent-sweep-start]
2017-12-17T16:07:59.483+0300: 455.245: [CMS-concurrent-sweep: 0.121/0.121 secs] [Times: user=0.25 sys=0.00, real=0.12 secs] 
2017-12-17T16:07:59.483+0300: 455.245: [CMS-concurrent-reset-start]
2017-12-17T16:07:59.483+0300: 455.246: [CMS-concurrent-reset: 0.001/0.001 secs] [Times: user=0.00 sys=0.00, real=0.00 secs] 
2017-12-17T16:08:01.484+0300: 457.246: [GC (CMS Initial Mark) [1 CMS-initial-mark: 310167K(349568K)] 345951K(506816K), 0.0067908 secs] [Times: user=0.06 sys=0.00, real=0.01 secs] 
2017-12-17T16:08:01.491+0300: 457.253: [CMS-concurrent-mark-start]
2017-12-17T16:08:01.770+0300: 457.533: [CMS-concurrent-mark: 0.279/0.279 secs] [Times: user=0.84 sys=0.00, real=0.28 secs] 
2017-12-17T16:08:01.770+0300: 457.533: [CMS-concurrent-preclean-start]
2017-12-17T16:08:01.771+0300: 457.534: [CMS-concurrent-preclean: 0.001/0.001 secs] [Times: user=0.00 sys=0.00, real=0.00 secs] 
2017-12-17T16:08:01.771+0300: 457.534: [CMS-concurrent-abortable-preclean-start]
 CMS: abort preclean due to time 2017-12-17T16:08:06.871+0300: 462.634: [CMS-concurrent-abortable-preclean: 0.024/5.100 secs] [Times: user=5.10 sys=0.00, real=5.10 secs] 
2017-12-17T16:08:06.872+0300: 462.634: [GC (CMS Final Remark) [YG occupancy: 36429 K (157248 K)]2017-12-17T16:08:06.872+0300: 462.634: [Rescan (parallel) , 0.0070748 secs]2017-12-17T16:08:06.879+0300: 462.641: [weak refs processing, 0.0000262 secs]2017-12-17T16:08:06.879+0300: 462.642: [class unloading, 0.0011147 secs]2017-12-17T16:08:06.880+0300: 462.643: [scrub symbol table, 0.0010212 secs]2017-12-17T16:08:06.881+0300: 462.644: [scrub string table, 0.0001514 secs][1 CMS-remark: 310167K(349568K)] 346596K(506816K), 0.0094982 secs] [Times: user=0.00 sys=0.00, real=0.01 secs] 
2017-12-17T16:08:06.881+0300: 462.644: [CMS-concurrent-sweep-start]
2017-12-17T16:08:06.994+0300: 462.757: [CMS-concurrent-sweep: 0.113/0.113 secs] [Times: user=0.25 sys=0.00, real=0.11 secs] 
2017-12-17T16:08:06.994+0300: 462.757: [CMS-concurrent-reset-start]
2017-12-17T16:08:06.995+0300: 462.758: [CMS-concurrent-reset: 0.001/0.001 secs] [Times: user=0.00 sys=0.00, real=0.00 secs] 
2017-12-17T16:08:08.996+0300: 464.759: [GC (CMS Initial Mark) [1 CMS-initial-mark: 309813K(349568K)] 346242K(506816K), 0.0067717 secs] [Times: user=0.00 sys=0.00, real=0.01 secs] 
2017-12-17T16:08:09.002+0300: 464.765: [CMS-concurrent-mark-start]
2017-12-17T16:08:09.283+0300: 465.046: [CMS-concurrent-mark: 0.281/0.281 secs] [Times: user=0.84 sys=0.00, real=0.28 secs] 
2017-12-17T16:08:09.283+0300: 465.046: [CMS-concurrent-preclean-start]
2017-12-17T16:08:09.284+0300: 465.047: [CMS-concurrent-preclean: 0.001/0.001 secs] [Times: user=0.00 sys=0.00, real=0.00 secs] 
2017-12-17T16:08:09.284+0300: 465.047: [CMS-concurrent-abortable-preclean-start]
 CMS: abort preclean due to time 2017-12-17T16:08:14.284+0300: 470.047: [CMS-concurrent-abortable-preclean: 0.023/5.000 secs] [Times: user=5.01 sys=0.00, real=5.00 secs] 
2017-12-17T16:08:14.285+0300: 470.048: [GC (CMS Final Remark) [YG occupancy: 36429 K (157248 K)]2017-12-17T16:08:14.285+0300: 470.048: [Rescan (parallel) , 0.0074195 secs]2017-12-17T16:08:14.292+0300: 470.055: [weak refs processing, 0.0000131 secs]2017-12-17T16:08:14.292+0300: 470.055: [class unloading, 0.0015068 secs]2017-12-17T16:08:14.294+0300: 470.057: [scrub symbol table, 0.0008513 secs]2017-12-17T16:08:14.294+0300: 470.058: [scrub string table, 0.0001639 secs][1 CMS-remark: 309813K(349568K)] 346242K(506816K), 0.0100105 secs] [Times: user=0.06 sys=0.00, real=0.01 secs] 
2017-12-17T16:08:14.295+0300: 470.058: [CMS-concurrent-sweep-start]
2017-12-17T16:08:14.407+0300: 470.170: [CMS-concurrent-sweep: 0.112/0.112 secs] [Times: user=0.22 sys=0.00, real=0.11 secs] 
2017-12-17T16:08:14.407+0300: 470.170: [CMS-concurrent-reset-start]
2017-12-17T16:08:14.408+0300: 470.171: [CMS-concurrent-reset: 0.001/0.001 secs] [Times: user=0.00 sys=0.00, real=0.00 secs] 
2017-12-17T16:08:16.411+0300: 472.173: [GC (CMS Initial Mark) [1 CMS-initial-mark: 309526K(349568K)] 345955K(506816K), 0.0067298 secs] [Times: user=0.06 sys=0.00, real=0.01 secs] 
2017-12-17T16:08:16.417+0300: 472.180: [CMS-concurrent-mark-start]
2017-12-17T16:08:16.708+0300: 472.470: [CMS-concurrent-mark: 0.290/0.290 secs] [Times: user=0.86 sys=0.00, real=0.29 secs] 
2017-12-17T16:08:16.708+0300: 472.470: [CMS-concurrent-preclean-start]
2017-12-17T16:08:16.708+0300: 472.471: [CMS-concurrent-preclean: 0.001/0.001 secs] [Times: user=0.00 sys=0.00, real=0.00 secs] 
2017-12-17T16:08:16.708+0300: 472.471: [CMS-concurrent-abortable-preclean-start]
 CMS: abort preclean due to time 2017-12-17T16:08:21.718+0300: 477.481: [CMS-concurrent-abortable-preclean: 0.025/5.010 secs] [Times: user=5.02 sys=0.00, real=5.01 secs] 
2017-12-17T16:08:21.720+0300: 477.482: [GC (CMS Final Remark) [YG occupancy: 37019 K (157248 K)]2017-12-17T16:08:21.720+0300: 477.482: [Rescan (parallel) , 0.0070896 secs]2017-12-17T16:08:21.727+0300: 477.489: [weak refs processing, 0.0000163 secs]2017-12-17T16:08:21.727+0300: 477.489: [class unloading, 0.0013226 secs]2017-12-17T16:08:21.728+0300: 477.491: [scrub symbol table, 0.0009899 secs]2017-12-17T16:08:21.729+0300: 477.492: [scrub string table, 0.0001263 secs][1 CMS-remark: 309526K(349568K)] 346546K(506816K), 0.0096276 secs] [Times: user=0.00 sys=0.00, real=0.01 secs] 
2017-12-17T16:08:21.729+0300: 477.492: [CMS-concurrent-sweep-start]
2017-12-17T16:08:21.844+0300: 477.607: [CMS-concurrent-sweep: 0.115/0.115 secs] [Times: user=0.25 sys=0.00, real=0.12 secs] 
2017-12-17T16:08:21.844+0300: 477.607: [CMS-concurrent-reset-start]
2017-12-17T16:08:21.845+0300: 477.607: [CMS-concurrent-reset: 0.001/0.001 secs] [Times: user=0.00 sys=0.00, real=0.00 secs] 
2017-12-17T16:08:23.845+0300: 479.607: [GC (CMS Initial Mark) [1 CMS-initial-mark: 309291K(349568K)] 346311K(506816K), 0.0067318 secs] [Times: user=0.00 sys=0.00, real=0.01 secs] 
2017-12-17T16:08:23.851+0300: 479.614: [CMS-concurrent-mark-start]
2017-12-17T16:08:24.131+0300: 479.894: [CMS-concurrent-mark: 0.280/0.280 secs] [Times: user=0.84 sys=0.00, real=0.28 secs] 
2017-12-17T16:08:24.131+0300: 479.894: [CMS-concurrent-preclean-start]
2017-12-17T16:08:24.132+0300: 479.895: [CMS-concurrent-preclean: 0.001/0.001 secs] [Times: user=0.00 sys=0.00, real=0.00 secs] 
2017-12-17T16:08:24.132+0300: 479.895: [CMS-concurrent-abortable-preclean-start]
 CMS: abort preclean due to time 2017-12-17T16:08:29.132+0300: 484.895: [CMS-concurrent-abortable-preclean: 0.023/5.000 secs] [Times: user=5.01 sys=0.00, real=5.00 secs] 
2017-12-17T16:08:29.134+0300: 484.897: [GC (CMS Final Remark) [YG occupancy: 37665 K (157248 K)]2017-12-17T16:08:29.134+0300: 484.897: [Rescan (parallel) , 0.0070380 secs]2017-12-17T16:08:29.141+0300: 484.904: [weak refs processing, 0.0000151 secs]2017-12-17T16:08:29.141+0300: 484.904: [class unloading, 0.0013505 secs]2017-12-17T16:08:29.142+0300: 484.905: [scrub symbol table, 0.0009964 secs]2017-12-17T16:08:29.143+0300: 484.906: [scrub string table, 0.0001277 secs][1 CMS-remark: 309291K(349568K)] 346956K(506816K), 0.0095940 secs] [Times: user=0.02 sys=0.00, real=0.01 secs] 
2017-12-17T16:08:29.143+0300: 484.906: [CMS-concurrent-sweep-start]
2017-12-17T16:08:29.258+0300: 485.021: [CMS-concurrent-sweep: 0.115/0.115 secs] [Times: user=0.22 sys=0.00, real=0.12 secs] 
2017-12-17T16:08:29.258+0300: 485.021: [CMS-concurrent-reset-start]
2017-12-17T16:08:29.259+0300: 485.022: [CMS-concurrent-reset: 0.001/0.001 secs] [Times: user=0.00 sys=0.00, real=0.00 secs] 
2017-12-17T16:08:31.260+0300: 487.023: [GC (CMS Initial Mark) [1 CMS-initial-mark: 309093K(349568K)] 346759K(506816K), 0.0065827 secs] [Times: user=0.06 sys=0.00, real=0.01 secs] 
2017-12-17T16:08:31.266+0300: 487.029: [CMS-concurrent-mark-start]
2017-12-17T16:08:31.533+0300: 487.296: [CMS-concurrent-mark: 0.267/0.267 secs] [Times: user=0.80 sys=0.00, real=0.27 secs] 
2017-12-17T16:08:31.533+0300: 487.296: [CMS-concurrent-preclean-start]
2017-12-17T16:08:31.534+0300: 487.297: [CMS-concurrent-preclean: 0.001/0.001 secs] [Times: user=0.00 sys=0.00, real=0.00 secs] 
2017-12-17T16:08:31.534+0300: 487.297: [CMS-concurrent-abortable-preclean-start]
 CMS: abort preclean due to time 2017-12-17T16:08:36.535+0300: 492.297: [CMS-concurrent-abortable-preclean: 0.024/5.000 secs] [Times: user=4.99 sys=0.00, real=5.00 secs] 
2017-12-17T16:08:36.537+0300: 492.299: [GC (CMS Final Remark) [YG occupancy: 38314 K (157248 K)]2017-12-17T16:08:36.537+0300: 492.299: [Rescan (parallel) , 0.0073479 secs]2017-12-17T16:08:36.544+0300: 492.306: [weak refs processing, 0.0000222 secs]2017-12-17T16:08:36.544+0300: 492.306: [class unloading, 0.0010865 secs]2017-12-17T16:08:36.545+0300: 492.307: [scrub symbol table, 0.0008031 secs]2017-12-17T16:08:36.546+0300: 492.308: [scrub string table, 0.0001155 secs][1 CMS-remark: 309093K(349568K)] 347408K(506816K), 0.0094449 secs] [Times: user=0.06 sys=0.00, real=0.01 secs] 
2017-12-17T16:08:36.546+0300: 492.308: [CMS-concurrent-sweep-start]
2017-12-17T16:08:36.661+0300: 492.423: [CMS-concurrent-sweep: 0.114/0.114 secs] [Times: user=0.22 sys=0.00, real=0.12 secs] 
2017-12-17T16:08:36.661+0300: 492.423: [CMS-concurrent-reset-start]
2017-12-17T16:08:36.661+0300: 492.424: [CMS-concurrent-reset: 0.001/0.001 secs] [Times: user=0.00 sys=0.00, real=0.00 secs] 
2017-12-17T16:08:38.663+0300: 494.425: [GC (CMS Initial Mark) [1 CMS-initial-mark: 308897K(349568K)] 347212K(506816K), 0.0067387 secs] [Times: user=0.00 sys=0.00, real=0.01 secs] 
2017-12-17T16:08:38.669+0300: 494.432: [CMS-concurrent-mark-start]
2017-12-17T16:08:38.948+0300: 494.711: [CMS-concurrent-mark: 0.279/0.279 secs] [Times: user=0.84 sys=0.00, real=0.28 secs] 
2017-12-17T16:08:38.948+0300: 494.711: [CMS-concurrent-preclean-start]
2017-12-17T16:08:38.949+0300: 494.712: [CMS-concurrent-preclean: 0.001/0.001 secs] [Times: user=0.00 sys=0.00, real=0.00 secs] 
2017-12-17T16:08:38.949+0300: 494.712: [CMS-concurrent-abortable-preclean-start]
 CMS: abort preclean due to time 2017-12-17T16:08:44.049+0300: 499.812: [CMS-concurrent-abortable-preclean: 0.023/5.100 secs] [Times: user=5.10 sys=0.00, real=5.10 secs] 
2017-12-17T16:08:44.051+0300: 499.813: [GC (CMS Final Remark) [YG occupancy: 38314 K (157248 K)]2017-12-17T16:08:44.051+0300: 499.813: [Rescan (parallel) , 0.0071715 secs]2017-12-17T16:08:44.058+0300: 499.821: [weak refs processing, 0.0000214 secs]2017-12-17T16:08:44.058+0300: 499.821: [class unloading, 0.0013366 secs]2017-12-17T16:08:44.059+0300: 499.822: [scrub symbol table, 0.0010432 secs]2017-12-17T16:08:44.060+0300: 499.823: [scrub string table, 0.0001311 secs][1 CMS-remark: 308897K(349568K)] 347212K(506816K), 0.0097576 secs] [Times: user=0.06 sys=0.00, real=0.01 secs] 
2017-12-17T16:08:44.060+0300: 499.823: [CMS-concurrent-sweep-start]
2017-12-17T16:08:44.176+0300: 499.938: [CMS-concurrent-sweep: 0.115/0.115 secs] [Times: user=0.22 sys=0.00, real=0.12 secs] 
2017-12-17T16:08:44.176+0300: 499.938: [CMS-concurrent-reset-start]
2017-12-17T16:08:44.176+0300: 499.939: [CMS-concurrent-reset: 0.001/0.001 secs] [Times: user=0.00 sys=0.00, real=0.00 secs] 
2017-12-17T16:08:46.178+0300: 501.940: [GC (CMS Initial Mark) [1 CMS-initial-mark: 308724K(349568K)] 347039K(506816K), 0.0068795 secs] [Times: user=0.06 sys=0.00, real=0.01 secs] 
2017-12-17T16:08:46.185+0300: 501.947: [CMS-concurrent-mark-start]
2017-12-17T16:08:46.449+0300: 502.212: [CMS-concurrent-mark: 0.264/0.264 secs] [Times: user=0.80 sys=0.00, real=0.26 secs] 
2017-12-17T16:08:46.449+0300: 502.212: [CMS-concurrent-preclean-start]
2017-12-17T16:08:46.450+0300: 502.213: [CMS-concurrent-preclean: 0.001/0.001 secs] [Times: user=0.00 sys=0.00, real=0.00 secs] 
2017-12-17T16:08:46.450+0300: 502.213: [CMS-concurrent-abortable-preclean-start]
2017-12-17T16:08:51.094+0300: 506.856: [CMS-concurrent-abortable-preclean: 0.032/4.643 secs] [Times: user=3.63 sys=0.00, real=4.64 secs] 
2017-12-17T16:08:51.094+0300: 506.856: [GC (CMS Final Remark) [YG occupancy: 84717 K (157248 K)]2017-12-17T16:08:51.094+0300: 506.856: [Rescan (parallel) , 0.0280580 secs]2017-12-17T16:08:51.122+0300: 506.884: [weak refs processing, 0.0000257 secs]2017-12-17T16:08:51.122+0300: 506.884: [class unloading, 0.0014703 secs]2017-12-17T16:08:51.123+0300: 506.886: [scrub symbol table, 0.0010592 secs]2017-12-17T16:08:51.124+0300: 506.887: [scrub string table, 0.0001622 secs][1 CMS-remark: 308724K(349568K)] 393441K(506816K), 0.0308646 secs] [Times: user=0.08 sys=0.00, real=0.03 secs] 
2017-12-17T16:08:51.125+0300: 506.887: [CMS-concurrent-sweep-start]
2017-12-17T16:08:51.236+0300: 506.998: [CMS-concurrent-sweep: 0.111/0.111 secs] [Times: user=0.11 sys=0.00, real=0.11 secs] 
2017-12-17T16:08:51.236+0300: 506.998: [CMS-concurrent-reset-start]
2017-12-17T16:08:51.237+0300: 506.999: [CMS-concurrent-reset: 0.001/0.001 secs] [Times: user=0.00 sys=0.00, real=0.00 secs] 
2017-12-17T16:08:53.237+0300: 508.999: [GC (CMS Initial Mark) [1 CMS-initial-mark: 308573K(349568K)] 393290K(506816K), 0.0150557 secs] [Times: user=0.06 sys=0.00, real=0.02 secs] 
2017-12-17T16:08:53.252+0300: 509.014: [CMS-concurrent-mark-start]
2017-12-17T16:08:53.517+0300: 509.279: [CMS-concurrent-mark: 0.265/0.265 secs] [Times: user=0.80 sys=0.00, real=0.26 secs] 
2017-12-17T16:08:53.517+0300: 509.279: [CMS-concurrent-preclean-start]
2017-12-17T16:08:53.526+0300: 509.288: [CMS-concurrent-preclean: 0.008/0.009 secs] [Times: user=0.00 sys=0.00, real=0.01 secs] 
2017-12-17T16:08:53.526+0300: 509.288: [CMS-concurrent-abortable-preclean-start]
2017-12-17T16:08:53.526+0300: 509.288: [CMS-concurrent-abortable-preclean: 0.000/0.000 secs] [Times: user=0.00 sys=0.00, real=0.00 secs] 
2017-12-17T16:08:53.526+0300: 509.288: [GC (CMS Final Remark) [YG occupancy: 84717 K (157248 K)]2017-12-17T16:08:53.526+0300: 509.288: [Rescan (parallel) , 0.0159150 secs]2017-12-17T16:08:53.542+0300: 509.304: [weak refs processing, 0.0000134 secs]2017-12-17T16:08:53.542+0300: 509.304: [class unloading, 0.0012707 secs]2017-12-17T16:08:53.543+0300: 509.305: [scrub symbol table, 0.0009939 secs]2017-12-17T16:08:53.544+0300: 509.306: [scrub string table, 0.0001303 secs][1 CMS-remark: 308573K(349568K)] 393290K(506816K), 0.0183765 secs] [Times: user=0.08 sys=0.00, real=0.02 secs] 
2017-12-17T16:08:53.544+0300: 509.306: [CMS-concurrent-sweep-start]
2017-12-17T16:08:53.656+0300: 509.418: [CMS-concurrent-sweep: 0.111/0.111 secs] [Times: user=0.22 sys=0.00, real=0.11 secs] 
2017-12-17T16:08:53.656+0300: 509.418: [CMS-concurrent-reset-start]
2017-12-17T16:08:53.656+0300: 509.418: [CMS-concurrent-reset: 0.001/0.001 secs] [Times: user=0.00 sys=0.00, real=0.00 secs] 
2017-12-17T16:08:55.656+0300: 511.418: [GC (CMS Initial Mark) [1 CMS-initial-mark: 307818K(349568K)] 392535K(506816K), 0.0155184 secs] [Times: user=0.06 sys=0.00, real=0.02 secs] 
2017-12-17T16:08:55.671+0300: 511.434: [CMS-concurrent-mark-start]
2017-12-17T16:08:55.952+0300: 511.714: [CMS-concurrent-mark: 0.281/0.281 secs] [Times: user=0.84 sys=0.00, real=0.28 secs] 
2017-12-17T16:08:55.952+0300: 511.714: [CMS-concurrent-preclean-start]
2017-12-17T16:08:55.956+0300: 511.719: [CMS-concurrent-preclean: 0.004/0.004 secs] [Times: user=0.00 sys=0.00, real=0.00 secs] 
2017-12-17T16:08:55.956+0300: 511.719: [CMS-concurrent-abortable-preclean-start]
2017-12-17T16:08:55.956+0300: 511.719: [CMS-concurrent-abortable-preclean: 0.000/0.000 secs] [Times: user=0.00 sys=0.00, real=0.00 secs] 
2017-12-17T16:08:55.957+0300: 511.719: [GC (CMS Final Remark) [YG occupancy: 84717 K (157248 K)]2017-12-17T16:08:55.957+0300: 511.719: [Rescan (parallel) , 0.0169966 secs]2017-12-17T16:08:55.974+0300: 511.736: [weak refs processing, 0.0000148 secs]2017-12-17T16:08:55.974+0300: 511.736: [class unloading, 0.0011772 secs]2017-12-17T16:08:55.975+0300: 511.737: [scrub symbol table, 0.0010469 secs]2017-12-17T16:08:55.976+0300: 511.738: [scrub string table, 0.0001371 secs][1 CMS-remark: 307818K(349568K)] 392535K(506816K), 0.0194385 secs] [Times: user=0.09 sys=0.00, real=0.02 secs] 
2017-12-17T16:08:55.976+0300: 511.738: [CMS-concurrent-sweep-start]
2017-12-17T16:08:56.089+0300: 511.851: [CMS-concurrent-sweep: 0.112/0.112 secs] [Times: user=0.22 sys=0.00, real=0.11 secs] 
2017-12-17T16:08:56.089+0300: 511.851: [CMS-concurrent-reset-start]
2017-12-17T16:08:56.089+0300: 511.851: [CMS-concurrent-reset: 0.001/0.001 secs] [Times: user=0.00 sys=0.00, real=0.00 secs] 
2017-12-17T16:08:58.089+0300: 513.851: [GC (CMS Initial Mark) [1 CMS-initial-mark: 307297K(349568K)] 392660K(506816K), 0.0155771 secs] [Times: user=0.06 sys=0.00, real=0.02 secs] 
2017-12-17T16:08:58.104+0300: 513.867: [CMS-concurrent-mark-start]
2017-12-17T16:08:58.455+0300: 514.218: [CMS-concurrent-mark: 0.351/0.351 secs] [Times: user=1.03 sys=0.00, real=0.35 secs] 
2017-12-17T16:08:58.455+0300: 514.218: [CMS-concurrent-preclean-start]
2017-12-17T16:08:58.457+0300: 514.220: [CMS-concurrent-preclean: 0.002/0.002 secs] [Times: user=0.03 sys=0.00, real=0.00 secs] 
2017-12-17T16:08:58.457+0300: 514.220: [CMS-concurrent-abortable-preclean-start]
2017-12-17T16:08:58.457+0300: 514.220: [CMS-concurrent-abortable-preclean: 0.000/0.000 secs] [Times: user=0.00 sys=0.00, real=0.00 secs] 
2017-12-17T16:08:58.457+0300: 514.220: [GC (CMS Final Remark) [YG occupancy: 85362 K (157248 K)]2017-12-17T16:08:58.457+0300: 514.220: [Rescan (parallel) , 0.0205054 secs]2017-12-17T16:08:58.478+0300: 514.240: [weak refs processing, 0.0000214 secs]2017-12-17T16:08:58.478+0300: 514.240: [class unloading, 0.0014700 secs]2017-12-17T16:08:58.479+0300: 514.242: [scrub symbol table, 0.0012801 secs]2017-12-17T16:08:58.481+0300: 514.243: [scrub string table, 0.0001674 secs][1 CMS-remark: 307297K(349568K)] 392660K(506816K), 0.0235198 secs] [Times: user=0.08 sys=0.00, real=0.02 secs] 
2017-12-17T16:08:58.481+0300: 514.243: [CMS-concurrent-sweep-start]
2017-12-17T16:08:58.597+0300: 514.360: [CMS-concurrent-sweep: 0.116/0.116 secs] [Times: user=0.25 sys=0.00, real=0.12 secs] 
2017-12-17T16:08:58.597+0300: 514.360: [CMS-concurrent-reset-start]
2017-12-17T16:08:58.598+0300: 514.360: [CMS-concurrent-reset: 0.001/0.001 secs] [Times: user=0.00 sys=0.00, real=0.00 secs] 
2017-12-17T16:09:00.598+0300: 516.360: [GC (CMS Initial Mark) [1 CMS-initial-mark: 306941K(349568K)] 392304K(506816K), 0.0145904 secs] [Times: user=0.06 sys=0.00, real=0.01 secs] 
2017-12-17T16:09:00.613+0300: 516.375: [CMS-concurrent-mark-start]
2017-12-17T16:09:00.873+0300: 516.635: [CMS-concurrent-mark: 0.260/0.260 secs] [Times: user=0.75 sys=0.00, real=0.26 secs] 
2017-12-17T16:09:00.873+0300: 516.635: [CMS-concurrent-preclean-start]
2017-12-17T16:09:00.875+0300: 516.637: [CMS-concurrent-preclean: 0.002/0.002 secs] [Times: user=0.03 sys=0.00, real=0.00 secs] 
2017-12-17T16:09:00.875+0300: 516.637: [CMS-concurrent-abortable-preclean-start]
2017-12-17T16:09:00.875+0300: 516.637: [CMS-concurrent-abortable-preclean: 0.000/0.000 secs] [Times: user=0.00 sys=0.00, real=0.00 secs] 
2017-12-17T16:09:00.875+0300: 516.638: [GC (CMS Final Remark) [YG occupancy: 85362 K (157248 K)]2017-12-17T16:09:00.875+0300: 516.638: [Rescan (parallel) , 0.0169998 secs]2017-12-17T16:09:00.892+0300: 516.655: [weak refs processing, 0.0000165 secs]2017-12-17T16:09:00.892+0300: 516.655: [class unloading, 0.0012741 secs]2017-12-17T16:09:00.893+0300: 516.656: [scrub symbol table, 0.0010366 secs]2017-12-17T16:09:00.894+0300: 516.657: [scrub string table, 0.0001579 secs][1 CMS-remark: 306941K(349568K)] 392304K(506816K), 0.0195611 secs] [Times: user=0.08 sys=0.00, real=0.02 secs] 
2017-12-17T16:09:00.895+0300: 516.657: [CMS-concurrent-sweep-start]
2017-12-17T16:09:01.005+0300: 516.768: [CMS-concurrent-sweep: 0.110/0.111 secs] [Times: user=0.22 sys=0.00, real=0.11 secs] 
2017-12-17T16:09:01.005+0300: 516.768: [CMS-concurrent-reset-start]
2017-12-17T16:09:01.006+0300: 516.768: [CMS-concurrent-reset: 0.001/0.001 secs] [Times: user=0.00 sys=0.00, real=0.00 secs] 
2017-12-17T16:09:03.007+0300: 518.769: [GC (CMS Initial Mark) [1 CMS-initial-mark: 306657K(349568K)] 392019K(506816K), 0.0152966 secs] [Times: user=0.06 sys=0.00, real=0.02 secs] 
2017-12-17T16:09:03.022+0300: 518.785: [CMS-concurrent-mark-start]
2017-12-17T16:09:03.284+0300: 519.047: [CMS-concurrent-mark: 0.262/0.262 secs] [Times: user=0.80 sys=0.00, real=0.26 secs] 
2017-12-17T16:09:03.284+0300: 519.047: [CMS-concurrent-preclean-start]
2017-12-17T16:09:03.286+0300: 519.048: [CMS-concurrent-preclean: 0.002/0.002 secs] [Times: user=0.00 sys=0.00, real=0.00 secs] 
2017-12-17T16:09:03.286+0300: 519.048: [CMS-concurrent-abortable-preclean-start]
2017-12-17T16:09:03.286+0300: 519.048: [CMS-concurrent-abortable-preclean: 0.000/0.000 secs] [Times: user=0.00 sys=0.00, real=0.00 secs] 
2017-12-17T16:09:03.286+0300: 519.049: [GC (CMS Final Remark) [YG occupancy: 85362 K (157248 K)]2017-12-17T16:09:03.286+0300: 519.049: [Rescan (parallel) , 0.0159954 secs]2017-12-17T16:09:03.302+0300: 519.065: [weak refs processing, 0.0000165 secs]2017-12-17T16:09:03.302+0300: 519.065: [class unloading, 0.0012311 secs]2017-12-17T16:09:03.303+0300: 519.066: [scrub symbol table, 0.0010401 secs]2017-12-17T16:09:03.304+0300: 519.067: [scrub string table, 0.0001371 secs][1 CMS-remark: 306657K(349568K)] 392019K(506816K), 0.0184937 secs] [Times: user=0.06 sys=0.00, real=0.02 secs] 
2017-12-17T16:09:03.305+0300: 519.067: [CMS-concurrent-sweep-start]
2017-12-17T16:09:03.416+0300: 519.179: [CMS-concurrent-sweep: 0.111/0.111 secs] [Times: user=0.22 sys=0.00, real=0.11 secs] 
2017-12-17T16:09:03.416+0300: 519.179: [CMS-concurrent-reset-start]
2017-12-17T16:09:03.416+0300: 519.179: [CMS-concurrent-reset: 0.001/0.001 secs] [Times: user=0.00 sys=0.00, real=0.00 secs] 
2017-12-17T16:09:05.417+0300: 521.179: [GC (CMS Initial Mark) [1 CMS-initial-mark: 306408K(349568K)] 392420K(506816K), 0.0149590 secs] [Times: user=0.06 sys=0.00, real=0.01 secs] 
2017-12-17T16:09:05.432+0300: 521.194: [CMS-concurrent-mark-start]
2017-12-17T16:09:05.704+0300: 521.467: [CMS-concurrent-mark: 0.273/0.273 secs] [Times: user=0.80 sys=0.00, real=0.27 secs] 
2017-12-17T16:09:05.704+0300: 521.467: [CMS-concurrent-preclean-start]
2017-12-17T16:09:05.706+0300: 521.469: [CMS-concurrent-preclean: 0.001/0.001 secs] [Times: user=0.00 sys=0.00, real=0.00 secs] 
2017-12-17T16:09:05.706+0300: 521.469: [CMS-concurrent-abortable-preclean-start]
2017-12-17T16:09:05.706+0300: 521.469: [CMS-concurrent-abortable-preclean: 0.000/0.000 secs] [Times: user=0.00 sys=0.00, real=0.00 secs] 
2017-12-17T16:09:05.707+0300: 521.469: [GC (CMS Final Remark) [YG occupancy: 86011 K (157248 K)]2017-12-17T16:09:05.707+0300: 521.469: [Rescan (parallel) , 0.0162642 secs]2017-12-17T16:09:05.723+0300: 521.486: [weak refs processing, 0.0000222 secs]2017-12-17T16:09:05.723+0300: 521.486: [class unloading, 0.0012698 secs]2017-12-17T16:09:05.724+0300: 521.487: [scrub symbol table, 0.0009981 secs]2017-12-17T16:09:05.725+0300: 521.488: [scrub string table, 0.0001212 secs][1 CMS-remark: 306408K(349568K)] 392420K(506816K), 0.0187477 secs] [Times: user=0.06 sys=0.00, real=0.02 secs] 
2017-12-17T16:09:05.725+0300: 521.488: [CMS-concurrent-sweep-start]
2017-12-17T16:09:05.837+0300: 521.600: [CMS-concurrent-sweep: 0.112/0.112 secs] [Times: user=0.25 sys=0.00, real=0.11 secs] 
2017-12-17T16:09:05.837+0300: 521.600: [CMS-concurrent-reset-start]
2017-12-17T16:09:05.838+0300: 521.600: [CMS-concurrent-reset: 0.001/0.001 secs] [Times: user=0.00 sys=0.00, real=0.00 secs] 
2017-12-17T16:09:07.840+0300: 523.602: [GC (CMS Initial Mark) [1 CMS-initial-mark: 306190K(349568K)] 392202K(506816K), 0.0149701 secs] [Times: user=0.06 sys=0.00, real=0.02 secs] 
2017-12-17T16:09:07.855+0300: 523.617: [CMS-concurrent-mark-start]
2017-12-17T16:09:08.118+0300: 523.881: [CMS-concurrent-mark: 0.264/0.264 secs] [Times: user=0.80 sys=0.00, real=0.26 secs] 
2017-12-17T16:09:08.119+0300: 523.881: [CMS-concurrent-preclean-start]
2017-12-17T16:09:08.120+0300: 523.882: [CMS-concurrent-preclean: 0.001/0.001 secs] [Times: user=0.00 sys=0.00, real=0.00 secs] 
2017-12-17T16:09:08.120+0300: 523.882: [CMS-concurrent-abortable-preclean-start]
2017-12-17T16:09:08.120+0300: 523.882: [CMS-concurrent-abortable-preclean: 0.000/0.000 secs] [Times: user=0.00 sys=0.00, real=0.00 secs] 
2017-12-17T16:09:08.123+0300: 523.885: [GC (CMS Final Remark) [YG occupancy: 86011 K (157248 K)]2017-12-17T16:09:08.123+0300: 523.885: [Rescan (parallel) , 0.0166357 secs]2017-12-17T16:09:08.139+0300: 523.901: [weak refs processing, 0.0000163 secs]2017-12-17T16:09:08.139+0300: 523.901: [class unloading, 0.0012037 secs]2017-12-17T16:09:08.140+0300: 523.902: [scrub symbol table, 0.0010868 secs]2017-12-17T16:09:08.142+0300: 523.904: [scrub string table, 0.0001471 secs][1 CMS-remark: 306190K(349568K)] 392202K(506816K), 0.0191899 secs] [Times: user=0.06 sys=0.00, real=0.02 secs] 
2017-12-17T16:09:08.142+0300: 523.904: [CMS-concurrent-sweep-start]
2017-12-17T16:09:08.255+0300: 524.017: [CMS-concurrent-sweep: 0.113/0.113 secs] [Times: user=0.25 sys=0.00, real=0.11 secs] 
2017-12-17T16:09:08.255+0300: 524.017: [CMS-concurrent-reset-start]
2017-12-17T16:09:08.256+0300: 524.018: [CMS-concurrent-reset: 0.001/0.001 secs] [Times: user=0.00 sys=0.00, real=0.00 secs] 
2017-12-17T16:09:10.256+0300: 526.018: [GC (CMS Initial Mark) [1 CMS-initial-mark: 305997K(349568K)] 392009K(506816K), 0.0153140 secs] [Times: user=0.06 sys=0.00, real=0.01 secs] 
2017-12-17T16:09:10.271+0300: 526.033: [CMS-concurrent-mark-start]
2017-12-17T16:09:10.538+0300: 526.300: [CMS-concurrent-mark: 0.267/0.267 secs] [Times: user=0.80 sys=0.00, real=0.27 secs] 
2017-12-17T16:09:10.538+0300: 526.300: [CMS-concurrent-preclean-start]
2017-12-17T16:09:10.539+0300: 526.301: [CMS-concurrent-preclean: 0.001/0.001 secs] [Times: user=0.00 sys=0.00, real=0.00 secs] 
2017-12-17T16:09:10.539+0300: 526.301: [CMS-concurrent-abortable-preclean-start]
2017-12-17T16:09:10.539+0300: 526.301: [CMS-concurrent-abortable-preclean: 0.000/0.000 secs] [Times: user=0.00 sys=0.00, real=0.00 secs] 
2017-12-17T16:09:10.542+0300: 526.304: [GC (CMS Final Remark) [YG occupancy: 86011 K (157248 K)]2017-12-17T16:09:10.542+0300: 526.304: [Rescan (parallel) , 0.0168806 secs]2017-12-17T16:09:10.559+0300: 526.321: [weak refs processing, 0.0000237 secs]2017-12-17T16:09:10.559+0300: 526.321: [class unloading, 0.0011524 secs]2017-12-17T16:09:10.560+0300: 526.322: [scrub symbol table, 0.0007521 secs]2017-12-17T16:09:10.560+0300: 526.323: [scrub string table, 0.0001426 secs][1 CMS-remark: 305997K(349568K)] 392009K(506816K), 0.0190243 secs] [Times: user=0.08 sys=0.00, real=0.02 secs] 
2017-12-17T16:09:10.561+0300: 526.323: [CMS-concurrent-sweep-start]
2017-12-17T16:09:10.671+0300: 526.433: [CMS-concurrent-sweep: 0.110/0.110 secs] [Times: user=0.22 sys=0.00, real=0.11 secs] 
2017-12-17T16:09:10.671+0300: 526.433: [CMS-concurrent-reset-start]
2017-12-17T16:09:10.671+0300: 526.433: [CMS-concurrent-reset: 0.001/0.001 secs] [Times: user=0.00 sys=0.00, real=0.00 secs] 
2017-12-17T16:09:12.672+0300: 528.434: [GC (CMS Initial Mark) [1 CMS-initial-mark: 305837K(349568K)] 391848K(506816K), 0.0152971 secs] [Times: user=0.06 sys=0.00, real=0.02 secs] 
2017-12-17T16:09:12.687+0300: 528.449: [CMS-concurrent-mark-start]
2017-12-17T16:09:12.965+0300: 528.727: [CMS-concurrent-mark: 0.278/0.278 secs] [Times: user=0.84 sys=0.00, real=0.28 secs] 
2017-12-17T16:09:12.965+0300: 528.727: [CMS-concurrent-preclean-start]
2017-12-17T16:09:12.966+0300: 528.728: [CMS-concurrent-preclean: 0.001/0.001 secs] [Times: user=0.00 sys=0.00, real=0.00 secs] 
2017-12-17T16:09:12.966+0300: 528.728: [CMS-concurrent-abortable-preclean-start]
2017-12-17T16:09:12.966+0300: 528.728: [CMS-concurrent-abortable-preclean: 0.000/0.000 secs] [Times: user=0.00 sys=0.00, real=0.00 secs] 
2017-12-17T16:09:12.969+0300: 528.731: [GC (CMS Final Remark) [YG occupancy: 86011 K (157248 K)]2017-12-17T16:09:12.969+0300: 528.731: [Rescan (parallel) , 0.0169296 secs]2017-12-17T16:09:12.986+0300: 528.748: [weak refs processing, 0.0000157 secs]2017-12-17T16:09:12.986+0300: 528.748: [class unloading, 0.0011803 secs]2017-12-17T16:09:12.987+0300: 528.749: [scrub symbol table, 0.0010289 secs]2017-12-17T16:09:12.988+0300: 528.750: [scrub string table, 0.0001374 secs][1 CMS-remark: 305837K(349568K)] 391848K(506816K), 0.0193755 secs] [Times: user=0.08 sys=0.00, real=0.02 secs] 
2017-12-17T16:09:12.988+0300: 528.750: [CMS-concurrent-sweep-start]
2017-12-17T16:09:13.099+0300: 528.861: [CMS-concurrent-sweep: 0.111/0.111 secs] [Times: user=0.22 sys=0.00, real=0.11 secs] 
2017-12-17T16:09:13.099+0300: 528.861: [CMS-concurrent-reset-start]
2017-12-17T16:09:13.100+0300: 528.862: [CMS-concurrent-reset: 0.001/0.001 secs] [Times: user=0.00 sys=0.00, real=0.00 secs] 
2017-12-17T16:09:15.101+0300: 530.863: [GC (CMS Initial Mark) [1 CMS-initial-mark: 305679K(349568K)] 391691K(506816K), 0.0152478 secs] [Times: user=0.06 sys=0.00, real=0.01 secs] 
2017-12-17T16:09:15.116+0300: 530.878: [CMS-concurrent-mark-start]
2017-12-17T16:09:15.388+0300: 531.150: [CMS-concurrent-mark: 0.272/0.272 secs] [Times: user=0.84 sys=0.00, real=0.27 secs] 
2017-12-17T16:09:15.388+0300: 531.150: [CMS-concurrent-preclean-start]
2017-12-17T16:09:15.389+0300: 531.151: [CMS-concurrent-preclean: 0.001/0.001 secs] [Times: user=0.00 sys=0.00, real=0.00 secs] 
2017-12-17T16:09:15.389+0300: 531.151: [CMS-concurrent-abortable-preclean-start]
2017-12-17T16:09:15.389+0300: 531.151: [CMS-concurrent-abortable-preclean: 0.000/0.000 secs] [Times: user=0.00 sys=0.00, real=0.00 secs] 
2017-12-17T16:09:15.390+0300: 531.152: [GC (CMS Final Remark) [YG occupancy: 86011 K (157248 K)]2017-12-17T16:09:15.390+0300: 531.152: [Rescan (parallel) , 0.0162012 secs]2017-12-17T16:09:15.406+0300: 531.168: [weak refs processing, 0.0000168 secs]2017-12-17T16:09:15.406+0300: 531.168: [class unloading, 0.0011837 secs]2017-12-17T16:09:15.407+0300: 531.169: [scrub symbol table, 0.0007889 secs]2017-12-17T16:09:15.408+0300: 531.170: [scrub string table, 0.0001163 secs][1 CMS-remark: 305679K(349568K)] 391691K(506816K), 0.0183805 secs] [Times: user=0.06 sys=0.00, real=0.02 secs] 
2017-12-17T16:09:15.408+0300: 531.170: [CMS-concurrent-sweep-start]
2017-12-17T16:09:15.519+0300: 531.281: [CMS-concurrent-sweep: 0.111/0.111 secs] [Times: user=0.22 sys=0.00, real=0.11 secs] 
2017-12-17T16:09:15.519+0300: 531.281: [CMS-concurrent-reset-start]
2017-12-17T16:09:15.519+0300: 531.282: [CMS-concurrent-reset: 0.001/0.001 secs] [Times: user=0.00 sys=0.00, real=0.00 secs] 
2017-12-17T16:09:17.519+0300: 533.281: [GC (CMS Initial Mark) [1 CMS-initial-mark: 305531K(349568K)] 391543K(506816K), 0.0146722 secs] [Times: user=0.06 sys=0.00, real=0.01 secs] 
2017-12-17T16:09:17.534+0300: 533.296: [CMS-concurrent-mark-start]
2017-12-17T16:09:17.797+0300: 533.559: [CMS-concurrent-mark: 0.263/0.263 secs] [Times: user=0.80 sys=0.00, real=0.26 secs] 
2017-12-17T16:09:17.797+0300: 533.559: [CMS-concurrent-preclean-start]
2017-12-17T16:09:17.798+0300: 533.560: [CMS-concurrent-preclean: 0.001/0.001 secs] [Times: user=0.00 sys=0.00, real=0.00 secs] 
2017-12-17T16:09:17.798+0300: 533.560: [CMS-concurrent-abortable-preclean-start]
2017-12-17T16:09:17.798+0300: 533.560: [CMS-concurrent-abortable-preclean: 0.000/0.000 secs] [Times: user=0.00 sys=0.00, real=0.00 secs] 
2017-12-17T16:09:17.801+0300: 533.563: [GC (CMS Final Remark) [YG occupancy: 86011 K (157248 K)]2017-12-17T16:09:17.801+0300: 533.563: [Rescan (parallel) , 0.0168960 secs]2017-12-17T16:09:17.817+0300: 533.580: [weak refs processing, 0.0000134 secs]2017-12-17T16:09:17.817+0300: 533.580: [class unloading, 0.0011378 secs]2017-12-17T16:09:17.819+0300: 533.581: [scrub symbol table, 0.0007638 secs]2017-12-17T16:09:17.819+0300: 533.582: [scrub string table, 0.0001283 secs][1 CMS-remark: 305531K(349568K)] 391543K(506816K), 0.0189975 secs] [Times: user=0.08 sys=0.00, real=0.02 secs] 
2017-12-17T16:09:17.820+0300: 533.582: [CMS-concurrent-sweep-start]
2017-12-17T16:09:17.929+0300: 533.692: [CMS-concurrent-sweep: 0.110/0.110 secs] [Times: user=0.22 sys=0.00, real=0.11 secs] 
2017-12-17T16:09:17.929+0300: 533.692: [CMS-concurrent-reset-start]
2017-12-17T16:09:17.930+0300: 533.692: [CMS-concurrent-reset: 0.001/0.001 secs] [Times: user=0.00 sys=0.00, real=0.00 secs] 
2017-12-17T16:09:19.930+0300: 535.692: [GC (CMS Initial Mark) [1 CMS-initial-mark: 305399K(349568K)] 391410K(506816K), 0.0152213 secs] [Times: user=0.06 sys=0.00, real=0.01 secs] 
2017-12-17T16:09:19.945+0300: 535.708: [CMS-concurrent-mark-start]
2017-12-17T16:09:20.218+0300: 535.981: [CMS-concurrent-mark: 0.273/0.273 secs] [Times: user=0.84 sys=0.00, real=0.27 secs] 
2017-12-17T16:09:20.218+0300: 535.981: [CMS-concurrent-preclean-start]
2017-12-17T16:09:20.219+0300: 535.981: [CMS-concurrent-preclean: 0.001/0.001 secs] [Times: user=0.00 sys=0.00, real=0.00 secs] 
2017-12-17T16:09:20.219+0300: 535.981: [CMS-concurrent-abortable-preclean-start]
2017-12-17T16:09:20.219+0300: 535.981: [CMS-concurrent-abortable-preclean: 0.000/0.000 secs] [Times: user=0.00 sys=0.00, real=0.00 secs] 
2017-12-17T16:09:20.220+0300: 535.982: [GC (CMS Final Remark) [YG occupancy: 86011 K (157248 K)]2017-12-17T16:09:20.220+0300: 535.982: [Rescan (parallel) , 0.0163286 secs]2017-12-17T16:09:20.236+0300: 535.999: [weak refs processing, 0.0000160 secs]2017-12-17T16:09:20.236+0300: 535.999: [class unloading, 0.0012887 secs]2017-12-17T16:09:20.237+0300: 536.000: [scrub symbol table, 0.0010891 secs]2017-12-17T16:09:20.238+0300: 536.001: [scrub string table, 0.0001354 secs][1 CMS-remark: 305399K(349568K)] 391410K(506816K), 0.0189231 secs] [Times: user=0.06 sys=0.00, real=0.02 secs] 
2017-12-17T16:09:20.239+0300: 536.001: [CMS-concurrent-sweep-start]
2017-12-17T16:09:20.352+0300: 536.115: [CMS-concurrent-sweep: 0.114/0.114 secs] [Times: user=0.22 sys=0.00, real=0.11 secs] 
2017-12-17T16:09:20.352+0300: 536.115: [CMS-concurrent-reset-start]
2017-12-17T16:09:20.353+0300: 536.115: [CMS-concurrent-reset: 0.001/0.001 secs] [Times: user=0.00 sys=0.00, real=0.00 secs] 
2017-12-17T16:09:22.354+0300: 538.116: [GC (CMS Initial Mark) [1 CMS-initial-mark: 305278K(349568K)] 391290K(506816K), 0.0153758 secs] [Times: user=0.06 sys=0.00, real=0.01 secs] 
2017-12-17T16:09:22.369+0300: 538.132: [CMS-concurrent-mark-start]
2017-12-17T16:09:22.638+0300: 538.401: [CMS-concurrent-mark: 0.269/0.269 secs] [Times: user=0.84 sys=0.00, real=0.27 secs] 
2017-12-17T16:09:22.638+0300: 538.401: [CMS-concurrent-preclean-start]
2017-12-17T16:09:22.639+0300: 538.401: [CMS-concurrent-preclean: 0.001/0.001 secs] [Times: user=0.00 sys=0.00, real=0.00 secs] 
2017-12-17T16:09:22.639+0300: 538.401: [CMS-concurrent-abortable-preclean-start]
2017-12-17T16:09:22.639+0300: 538.401: [CMS-concurrent-abortable-preclean: 0.000/0.000 secs] [Times: user=0.00 sys=0.00, real=0.00 secs] 
2017-12-17T16:09:22.642+0300: 538.404: [GC (CMS Final Remark) [YG occupancy: 86011 K (157248 K)]2017-12-17T16:09:22.642+0300: 538.404: [Rescan (parallel) , 0.0158930 secs]2017-12-17T16:09:22.657+0300: 538.420: [weak refs processing, 0.0000134 secs]2017-12-17T16:09:22.658+0300: 538.420: [class unloading, 0.0010857 secs]2017-12-17T16:09:22.659+0300: 538.421: [scrub symbol table, 0.0007698 secs]2017-12-17T16:09:22.659+0300: 538.422: [scrub string table, 0.0001209 secs][1 CMS-remark: 305278K(349568K)] 391290K(506816K), 0.0179432 secs] [Times: user=0.06 sys=0.00, real=0.02 secs] 
2017-12-17T16:09:22.660+0300: 538.422: [CMS-concurrent-sweep-start]
2017-12-17T16:09:22.771+0300: 538.533: [CMS-concurrent-sweep: 0.111/0.111 secs] [Times: user=0.22 sys=0.00, real=0.11 secs] 
2017-12-17T16:09:22.771+0300: 538.533: [CMS-concurrent-reset-start]
2017-12-17T16:09:22.771+0300: 538.534: [CMS-concurrent-reset: 0.001/0.001 secs] [Times: user=0.00 sys=0.00, real=0.00 secs] 
2017-12-17T16:09:24.773+0300: 540.535: [GC (CMS Initial Mark) [1 CMS-initial-mark: 305169K(349568K)] 391826K(506816K), 0.0156783 secs] [Times: user=0.06 sys=0.00, real=0.02 secs] 
2017-12-17T16:09:24.788+0300: 540.550: [CMS-concurrent-mark-start]
2017-12-17T16:09:25.065+0300: 540.827: [CMS-concurrent-mark: 0.277/0.277 secs] [Times: user=0.84 sys=0.00, real=0.28 secs] 
2017-12-17T16:09:25.066+0300: 540.827: [CMS-concurrent-preclean-start]
2017-12-17T16:09:25.066+0300: 540.828: [CMS-concurrent-preclean: 0.001/0.001 secs] [Times: user=0.00 sys=0.00, real=0.00 secs] 
2017-12-17T16:09:25.066+0300: 540.828: [CMS-concurrent-abortable-preclean-start]
2017-12-17T16:09:25.066+0300: 540.828: [CMS-concurrent-abortable-preclean: 0.000/0.000 secs] [Times: user=0.00 sys=0.00, real=0.00 secs] 
2017-12-17T16:09:25.070+0300: 540.831: [GC (CMS Final Remark) [YG occupancy: 86657 K (157248 K)]2017-12-17T16:09:25.070+0300: 540.831: [Rescan (parallel) , 0.0167703 secs]2017-12-17T16:09:25.086+0300: 540.848: [weak refs processing, 0.0000131 secs]2017-12-17T16:09:25.086+0300: 540.848: [class unloading, 0.0012068 secs]2017-12-17T16:09:25.088+0300: 540.849: [scrub symbol table, 0.0007635 secs]2017-12-17T16:09:25.088+0300: 540.850: [scrub string table, 0.0001175 secs][1 CMS-remark: 305169K(349568K)] 391826K(506816K), 0.0189399 secs] [Times: user=0.16 sys=0.00, real=0.02 secs] 
2017-12-17T16:09:25.089+0300: 540.850: [CMS-concurrent-sweep-start]
2017-12-17T16:09:25.200+0300: 540.962: [CMS-concurrent-sweep: 0.112/0.112 secs] [Times: user=0.22 sys=0.00, real=0.11 secs] 
2017-12-17T16:09:25.200+0300: 540.962: [CMS-concurrent-reset-start]
2017-12-17T16:09:25.201+0300: 540.963: [CMS-concurrent-reset: 0.001/0.001 secs] [Times: user=0.00 sys=0.00, real=0.00 secs] 
2017-12-17T16:09:27.202+0300: 542.964: [GC (CMS Initial Mark) [1 CMS-initial-mark: 305068K(349568K)] 391725K(506816K), 0.0155258 secs] [Times: user=0.06 sys=0.00, real=0.02 secs] 
2017-12-17T16:09:27.217+0300: 542.979: [CMS-concurrent-mark-start]
2017-12-17T16:09:27.500+0300: 543.262: [CMS-concurrent-mark: 0.282/0.282 secs] [Times: user=0.84 sys=0.00, real=0.28 secs] 
2017-12-17T16:09:27.500+0300: 543.262: [CMS-concurrent-preclean-start]
2017-12-17T16:09:27.500+0300: 543.262: [CMS-concurrent-preclean: 0.001/0.001 secs] [Times: user=0.00 sys=0.00, real=0.00 secs] 
2017-12-17T16:09:27.500+0300: 543.262: [CMS-concurrent-abortable-preclean-start]
2017-12-17T16:09:27.500+0300: 543.262: [CMS-concurrent-abortable-preclean: 0.000/0.000 secs] [Times: user=0.00 sys=0.00, real=0.00 secs] 
2017-12-17T16:09:27.505+0300: 543.267: [GC (CMS Final Remark) [YG occupancy: 86657 K (157248 K)]2017-12-17T16:09:27.505+0300: 543.267: [Rescan (parallel) , 0.0168393 secs]2017-12-17T16:09:27.521+0300: 543.283: [weak refs processing, 0.0000200 secs]2017-12-17T16:09:27.521+0300: 543.283: [class unloading, 0.0013845 secs]2017-12-17T16:09:27.523+0300: 543.285: [scrub symbol table, 0.0012550 secs]2017-12-17T16:09:27.524+0300: 543.286: [scrub string table, 0.0001434 secs][1 CMS-remark: 305068K(349568K)] 391725K(506816K), 0.0197168 secs] [Times: user=0.08 sys=0.00, real=0.02 secs] 
2017-12-17T16:09:27.524+0300: 543.286: [CMS-concurrent-sweep-start]
2017-12-17T16:09:27.638+0300: 543.400: [CMS-concurrent-sweep: 0.114/0.114 secs] [Times: user=0.22 sys=0.00, real=0.11 secs] 
2017-12-17T16:09:27.638+0300: 543.400: [CMS-concurrent-reset-start]
2017-12-17T16:09:27.639+0300: 543.401: [CMS-concurrent-reset: 0.001/0.001 secs] [Times: user=0.00 sys=0.00, real=0.00 secs] 
2017-12-17T16:09:29.641+0300: 545.403: [GC (CMS Initial Mark) [1 CMS-initial-mark: 304980K(349568K)] 392286K(506816K), 0.0155514 secs] [Times: user=0.00 sys=0.00, real=0.01 secs] 
2017-12-17T16:09:29.656+0300: 545.418: [CMS-concurrent-mark-start]
2017-12-17T16:09:29.925+0300: 545.687: [CMS-concurrent-mark: 0.269/0.269 secs] [Times: user=0.84 sys=0.00, real=0.27 secs] 
2017-12-17T16:09:29.925+0300: 545.687: [CMS-concurrent-preclean-start]
2017-12-17T16:09:29.926+0300: 545.688: [CMS-concurrent-preclean: 0.001/0.001 secs] [Times: user=0.00 sys=0.00, real=0.00 secs] 
2017-12-17T16:09:29.926+0300: 545.688: [CMS-concurrent-abortable-preclean-start]
2017-12-17T16:09:29.926+0300: 545.688: [CMS-concurrent-abortable-preclean: 0.000/0.000 secs] [Times: user=0.00 sys=0.00, real=0.00 secs] 
2017-12-17T16:09:29.929+0300: 545.691: [GC (CMS Final Remark) [YG occupancy: 87306 K (157248 K)]2017-12-17T16:09:29.929+0300: 545.691: [Rescan (parallel) , 0.0167341 secs]2017-12-17T16:09:29.945+0300: 545.707: [weak refs processing, 0.0000225 secs]2017-12-17T16:09:29.945+0300: 545.708: [class unloading, 0.0010897 secs]2017-12-17T16:09:29.946+0300: 545.709: [scrub symbol table, 0.0007823 secs]2017-12-17T16:09:29.947+0300: 545.709: [scrub string table, 0.0001186 secs][1 CMS-remark: 304980K(349568K)] 392286K(506816K), 0.0188067 secs] [Times: user=0.08 sys=0.00, real=0.02 secs] 
2017-12-17T16:09:29.947+0300: 545.710: [CMS-concurrent-sweep-start]
2017-12-17T16:09:30.058+0300: 545.820: [CMS-concurrent-sweep: 0.111/0.111 secs] [Times: user=0.22 sys=0.00, real=0.11 secs] 
2017-12-17T16:09:30.058+0300: 545.821: [CMS-concurrent-reset-start]
2017-12-17T16:09:30.059+0300: 545.821: [CMS-concurrent-reset: 0.001/0.001 secs] [Times: user=0.00 sys=0.00, real=0.00 secs] 
2017-12-17T16:09:32.060+0300: 547.822: [GC (CMS Initial Mark) [1 CMS-initial-mark: 304904K(349568K)] 392210K(506816K), 0.0152880 secs] [Times: user=0.01 sys=0.02, real=0.02 secs] 
2017-12-17T16:09:32.075+0300: 547.837: [CMS-concurrent-mark-start]
2017-12-17T16:09:32.352+0300: 548.115: [CMS-concurrent-mark: 0.277/0.277 secs] [Times: user=0.80 sys=0.00, real=0.28 secs] 
2017-12-17T16:09:32.352+0300: 548.115: [CMS-concurrent-preclean-start]
2017-12-17T16:09:32.353+0300: 548.115: [CMS-concurrent-preclean: 0.001/0.001 secs] [Times: user=0.00 sys=0.00, real=0.00 secs] 
2017-12-17T16:09:32.353+0300: 548.115: [CMS-concurrent-abortable-preclean-start]
2017-12-17T16:09:32.353+0300: 548.115: [CMS-concurrent-abortable-preclean: 0.000/0.000 secs] [Times: user=0.00 sys=0.00, real=0.00 secs] 
2017-12-17T16:09:32.357+0300: 548.119: [GC (CMS Final Remark) [YG occupancy: 87306 K (157248 K)]2017-12-17T16:09:32.357+0300: 548.119: [Rescan (parallel) , 0.0167275 secs]2017-12-17T16:09:32.373+0300: 548.136: [weak refs processing, 0.0000134 secs]2017-12-17T16:09:32.373+0300: 548.136: [class unloading, 0.0011629 secs]2017-12-17T16:09:32.375+0300: 548.137: [scrub symbol table, 0.0007709 secs]2017-12-17T16:09:32.375+0300: 548.138: [scrub string table, 0.0001197 secs][1 CMS-remark: 304904K(349568K)] 392210K(506816K), 0.0188652 secs] [Times: user=0.08 sys=0.00, real=0.02 secs] 
2017-12-17T16:09:32.375+0300: 548.138: [CMS-concurrent-sweep-start]
2017-12-17T16:09:32.486+0300: 548.248: [CMS-concurrent-sweep: 0.110/0.110 secs] [Times: user=0.22 sys=0.00, real=0.11 secs] 
2017-12-17T16:09:32.486+0300: 548.248: [CMS-concurrent-reset-start]
2017-12-17T16:09:32.486+0300: 548.249: [CMS-concurrent-reset: 0.001/0.001 secs] [Times: user=0.00 sys=0.00, real=0.00 secs] 
2017-12-17T16:09:34.487+0300: 550.249: [GC (CMS Initial Mark) [1 CMS-initial-mark: 304834K(349568K)] 392140K(506816K), 0.0152276 secs] [Times: user=0.06 sys=0.00, real=0.02 secs] 
2017-12-17T16:09:34.502+0300: 550.264: [CMS-concurrent-mark-start]
2017-12-17T16:09:34.776+0300: 550.539: [CMS-concurrent-mark: 0.274/0.274 secs] [Times: user=0.84 sys=0.00, real=0.27 secs] 
2017-12-17T16:09:34.776+0300: 550.539: [CMS-concurrent-preclean-start]
2017-12-17T16:09:34.777+0300: 550.539: [CMS-concurrent-preclean: 0.001/0.001 secs] [Times: user=0.00 sys=0.00, real=0.00 secs] 
2017-12-17T16:09:34.777+0300: 550.539: [CMS-concurrent-abortable-preclean-start]
2017-12-17T16:09:34.777+0300: 550.539: [CMS-concurrent-abortable-preclean: 0.000/0.000 secs] [Times: user=0.00 sys=0.00, real=0.00 secs] 
2017-12-17T16:09:34.777+0300: 550.540: [GC (CMS Final Remark) [YG occupancy: 87306 K (157248 K)]2017-12-17T16:09:34.777+0300: 550.540: [Rescan (parallel) , 0.0172675 secs]2017-12-17T16:09:34.795+0300: 550.557: [weak refs processing, 0.0000143 secs]2017-12-17T16:09:34.795+0300: 550.557: [class unloading, 0.0012103 secs]2017-12-17T16:09:34.796+0300: 550.558: [scrub symbol table, 0.0007743 secs]2017-12-17T16:09:34.797+0300: 550.559: [scrub string table, 0.0001200 secs][1 CMS-remark: 304834K(349568K)] 392140K(506816K), 0.0194588 secs] [Times: user=0.08 sys=0.00, real=0.02 secs] 
2017-12-17T16:09:34.797+0300: 550.559: [CMS-concurrent-sweep-start]
2017-12-17T16:09:34.910+0300: 550.672: [CMS-concurrent-sweep: 0.113/0.113 secs] [Times: user=0.22 sys=0.00, real=0.11 secs] 
2017-12-17T16:09:34.910+0300: 550.672: [CMS-concurrent-reset-start]
2017-12-17T16:09:34.910+0300: 550.673: [CMS-concurrent-reset: 0.001/0.001 secs] [Times: user=0.00 sys=0.00, real=0.00 secs] 
2017-12-17T16:09:36.911+0300: 552.673: [GC (CMS Initial Mark) [1 CMS-initial-mark: 304766K(349568K)] 392072K(506816K), 0.0154066 secs] [Times: user=0.02 sys=0.00, real=0.02 secs] 
2017-12-17T16:09:36.926+0300: 552.689: [CMS-concurrent-mark-start]
2017-12-17T16:09:37.199+0300: 552.961: [CMS-concurrent-mark: 0.272/0.272 secs] [Times: user=0.80 sys=0.00, real=0.27 secs] 
2017-12-17T16:09:37.199+0300: 552.961: [CMS-concurrent-preclean-start]
2017-12-17T16:09:37.199+0300: 552.962: [CMS-concurrent-preclean: 0.001/0.001 secs] [Times: user=0.00 sys=0.00, real=0.00 secs] 
2017-12-17T16:09:37.199+0300: 552.962: [CMS-concurrent-abortable-preclean-start]
2017-12-17T16:09:37.199+0300: 552.962: [CMS-concurrent-abortable-preclean: 0.000/0.000 secs] [Times: user=0.00 sys=0.00, real=0.00 secs] 
2017-12-17T16:09:37.204+0300: 552.966: [GC (CMS Final Remark) [YG occupancy: 87306 K (157248 K)]2017-12-17T16:09:37.204+0300: 552.966: [Rescan (parallel) , 0.0167383 secs]2017-12-17T16:09:37.220+0300: 552.983: [weak refs processing, 0.0000174 secs]2017-12-17T16:09:37.220+0300: 552.983: [class unloading, 0.0011606 secs]2017-12-17T16:09:37.222+0300: 552.984: [scrub symbol table, 0.0007820 secs]2017-12-17T16:09:37.222+0300: 552.985: [scrub string table, 0.0001183 secs][1 CMS-remark: 304766K(349568K)] 392072K(506816K), 0.0188897 secs] [Times: user=0.08 sys=0.00, real=0.02 secs] 
2017-12-17T16:09:37.223+0300: 552.985: [CMS-concurrent-sweep-start]
2017-12-17T16:09:37.333+0300: 553.095: [CMS-concurrent-sweep: 0.110/0.110 secs] [Times: user=0.22 sys=0.00, real=0.11 secs] 
2017-12-17T16:09:37.333+0300: 553.095: [CMS-concurrent-reset-start]
2017-12-17T16:09:37.333+0300: 553.096: [CMS-concurrent-reset: 0.001/0.001 secs] [Times: user=0.00 sys=0.00, real=0.00 secs] 
2017-12-17T16:09:39.335+0300: 555.097: [GC (CMS Initial Mark) [1 CMS-initial-mark: 304699K(349568K)] 392006K(506816K), 0.0149276 secs] [Times: user=0.06 sys=0.00, real=0.01 secs] 
2017-12-17T16:09:39.350+0300: 555.112: [CMS-concurrent-mark-start]
2017-12-17T16:09:39.621+0300: 555.384: [CMS-concurrent-mark: 0.271/0.271 secs] [Times: user=0.80 sys=0.00, real=0.27 secs] 
2017-12-17T16:09:39.621+0300: 555.384: [CMS-concurrent-preclean-start]
2017-12-17T16:09:39.622+0300: 555.384: [CMS-concurrent-preclean: 0.001/0.001 secs] [Times: user=0.00 sys=0.00, real=0.00 secs] 
2017-12-17T16:09:39.622+0300: 555.384: [CMS-concurrent-abortable-preclean-start]
2017-12-17T16:09:39.622+0300: 555.384: [CMS-concurrent-abortable-preclean: 0.000/0.000 secs] [Times: user=0.00 sys=0.00, real=0.00 secs] 
2017-12-17T16:09:39.624+0300: 555.386: [GC (CMS Final Remark) [YG occupancy: 87306 K (157248 K)]2017-12-17T16:09:39.624+0300: 555.386: [Rescan (parallel) , 0.0164381 secs]2017-12-17T16:09:39.640+0300: 555.403: [weak refs processing, 0.0000145 secs]2017-12-17T16:09:39.640+0300: 555.403: [class unloading, 0.0014118 secs]2017-12-17T16:09:39.641+0300: 555.404: [scrub symbol table, 0.0012887 secs]2017-12-17T16:09:39.643+0300: 555.405: [scrub string table, 0.0001423 secs][1 CMS-remark: 304699K(349568K)] 392006K(506816K), 0.0193556 secs] [Times: user=0.13 sys=0.00, real=0.02 secs] 
2017-12-17T16:09:39.643+0300: 555.406: [CMS-concurrent-sweep-start]
2017-12-17T16:09:39.756+0300: 555.518: [CMS-concurrent-sweep: 0.113/0.113 secs] [Times: user=0.22 sys=0.00, real=0.11 secs] 
2017-12-17T16:09:39.756+0300: 555.518: [CMS-concurrent-reset-start]
2017-12-17T16:09:39.756+0300: 555.519: [CMS-concurrent-reset: 0.001/0.001 secs] [Times: user=0.00 sys=0.00, real=0.00 secs] 
2017-12-17T16:09:41.757+0300: 557.519: [GC (CMS Initial Mark) [1 CMS-initial-mark: 304634K(349568K)] 391940K(506816K), 0.0154314 secs] [Times: user=0.06 sys=0.00, real=0.02 secs] 
2017-12-17T16:09:41.772+0300: 557.535: [CMS-concurrent-mark-start]
2017-12-17T16:09:42.033+0300: 557.794: [CMS-concurrent-mark: 0.259/0.259 secs] [Times: user=0.80 sys=0.00, real=0.26 secs] 
2017-12-17T16:09:42.033+0300: 557.794: [CMS-concurrent-preclean-start]
2017-12-17T16:09:42.033+0300: 557.795: [CMS-concurrent-preclean: 0.001/0.001 secs] [Times: user=0.00 sys=0.00, real=0.00 secs] 
2017-12-17T16:09:42.033+0300: 557.795: [CMS-concurrent-abortable-preclean-start]
2017-12-17T16:09:42.033+0300: 557.795: [CMS-concurrent-abortable-preclean: 0.000/0.000 secs] [Times: user=0.00 sys=0.00, real=0.00 secs] 
2017-12-17T16:09:42.036+0300: 557.797: [GC (CMS Final Remark) [YG occupancy: 87306 K (157248 K)]2017-12-17T16:09:42.036+0300: 557.797: [Rescan (parallel) , 0.0169102 secs]2017-12-17T16:09:42.052+0300: 557.814: [weak refs processing, 0.0000177 secs]2017-12-17T16:09:42.053+0300: 557.814: [class unloading, 0.0011826 secs]2017-12-17T16:09:42.054+0300: 557.815: [scrub symbol table, 0.0010329 secs]2017-12-17T16:09:42.055+0300: 557.817: [scrub string table, 0.0001374 secs][1 CMS-remark: 304634K(349568K)] 391940K(506816K), 0.0193487 secs] [Times: user=0.08 sys=0.00, real=0.02 secs] 
2017-12-17T16:09:42.055+0300: 557.817: [CMS-concurrent-sweep-start]
2017-12-17T16:09:42.166+0300: 557.928: [CMS-concurrent-sweep: 0.111/0.111 secs] [Times: user=0.22 sys=0.00, real=0.11 secs] 
2017-12-17T16:09:42.166+0300: 557.928: [CMS-concurrent-reset-start]
2017-12-17T16:09:42.167+0300: 557.929: [CMS-concurrent-reset: 0.001/0.001 secs] [Times: user=0.00 sys=0.00, real=0.00 secs] 
2017-12-17T16:09:44.169+0300: 559.930: [GC (CMS Initial Mark) [1 CMS-initial-mark: 304565K(349568K)] 391871K(506816K), 0.0153351 secs] [Times: user=0.06 sys=0.00, real=0.02 secs] 
2017-12-17T16:09:44.184+0300: 559.946: [CMS-concurrent-mark-start]
2017-12-17T16:09:44.444+0300: 560.206: [CMS-concurrent-mark: 0.260/0.260 secs] [Times: user=0.75 sys=0.00, real=0.26 secs] 
2017-12-17T16:09:44.444+0300: 560.206: [CMS-concurrent-preclean-start]
2017-12-17T16:09:44.445+0300: 560.206: [CMS-concurrent-preclean: 0.001/0.001 secs] [Times: user=0.00 sys=0.00, real=0.00 secs] 
2017-12-17T16:09:44.445+0300: 560.206: [CMS-concurrent-abortable-preclean-start]
2017-12-17T16:09:44.445+0300: 560.206: [CMS-concurrent-abortable-preclean: 0.000/0.000 secs] [Times: user=0.00 sys=0.00, real=0.00 secs] 
2017-12-17T16:09:44.448+0300: 560.209: [GC (CMS Final Remark) [YG occupancy: 87306 K (157248 K)]2017-12-17T16:09:44.448+0300: 560.210: [Rescan (parallel) , 0.0161613 secs]2017-12-17T16:09:44.464+0300: 560.226: [weak refs processing, 0.0000165 secs]2017-12-17T16:09:44.464+0300: 560.226: [class unloading, 0.0011974 secs]2017-12-17T16:09:44.465+0300: 560.227: [scrub symbol table, 0.0007923 secs]2017-12-17T16:09:44.466+0300: 560.228: [scrub string table, 0.0001186 secs][1 CMS-remark: 304565K(349568K)] 391871K(506816K), 0.0183648 secs] [Times: user=0.06 sys=0.00, real=0.02 secs] 
2017-12-17T16:09:44.466+0300: 560.228: [CMS-concurrent-sweep-start]
2017-12-17T16:09:44.576+0300: 560.338: [CMS-concurrent-sweep: 0.110/0.110 secs] [Times: user=0.22 sys=0.00, real=0.11 secs] 
2017-12-17T16:09:44.576+0300: 560.338: [CMS-concurrent-reset-start]
2017-12-17T16:09:44.577+0300: 560.339: [CMS-concurrent-reset: 0.001/0.001 secs] [Times: user=0.00 sys=0.00, real=0.00 secs] 
2017-12-17T16:09:46.578+0300: 562.340: [GC (CMS Initial Mark) [1 CMS-initial-mark: 304495K(349568K)] 391802K(506816K), 0.0153390 secs] [Times: user=0.06 sys=0.00, real=0.01 secs] 
2017-12-17T16:09:46.593+0300: 562.355: [CMS-concurrent-mark-start]
2017-12-17T16:09:46.863+0300: 562.625: [CMS-concurrent-mark: 0.270/0.270 secs] [Times: user=0.80 sys=0.00, real=0.27 secs] 
2017-12-17T16:09:46.863+0300: 562.625: [CMS-concurrent-preclean-start]
2017-12-17T16:09:46.864+0300: 562.626: [CMS-concurrent-preclean: 0.001/0.001 secs] [Times: user=0.03 sys=0.00, real=0.00 secs] 
2017-12-17T16:09:46.864+0300: 562.626: [CMS-concurrent-abortable-preclean-start]
2017-12-17T16:09:46.864+0300: 562.626: [CMS-concurrent-abortable-preclean: 0.000/0.000 secs] [Times: user=0.00 sys=0.00, real=0.00 secs] 
2017-12-17T16:09:46.867+0300: 562.629: [GC (CMS Final Remark) [YG occupancy: 87306 K (157248 K)]2017-12-17T16:09:46.867+0300: 562.629: [Rescan (parallel) , 0.0167797 secs]2017-12-17T16:09:46.883+0300: 562.645: [weak refs processing, 0.0000123 secs]2017-12-17T16:09:46.883+0300: 562.645: [class unloading, 0.0011404 secs]2017-12-17T16:09:46.885+0300: 562.647: [scrub symbol table, 0.0010580 secs]2017-12-17T16:09:46.886+0300: 562.648: [scrub string table, 0.0001368 secs][1 CMS-remark: 304495K(349568K)] 391802K(506816K), 0.0192042 secs] [Times: user=0.08 sys=0.00, real=0.02 secs] 
2017-12-17T16:09:46.886+0300: 562.648: [CMS-concurrent-sweep-start]
2017-12-17T16:09:46.996+0300: 562.758: [CMS-concurrent-sweep: 0.110/0.110 secs] [Times: user=0.22 sys=0.00, real=0.11 secs] 
2017-12-17T16:09:46.996+0300: 562.758: [CMS-concurrent-reset-start]
2017-12-17T16:09:46.996+0300: 562.758: [CMS-concurrent-reset: 0.001/0.001 secs] [Times: user=0.00 sys=0.00, real=0.00 secs] 
2017-12-17T16:09:48.998+0300: 564.760: [GC (CMS Initial Mark) [1 CMS-initial-mark: 304429K(349568K)] 391735K(506816K), 0.0151435 secs] [Times: user=0.06 sys=0.00, real=0.02 secs] 
2017-12-17T16:09:49.013+0300: 564.775: [CMS-concurrent-mark-start]
2017-12-17T16:09:49.296+0300: 565.058: [CMS-concurrent-mark: 0.283/0.283 secs] [Times: user=0.84 sys=0.00, real=0.28 secs] 
2017-12-17T16:09:49.296+0300: 565.058: [CMS-concurrent-preclean-start]
2017-12-17T16:09:49.297+0300: 565.059: [CMS-concurrent-preclean: 0.001/0.001 secs] [Times: user=0.03 sys=0.00, real=0.00 secs] 
2017-12-17T16:09:49.297+0300: 565.059: [CMS-concurrent-abortable-preclean-start]
2017-12-17T16:09:49.297+0300: 565.059: [CMS-concurrent-abortable-preclean: 0.000/0.000 secs] [Times: user=0.00 sys=0.00, real=0.00 secs] 
2017-12-17T16:09:49.297+0300: 565.059: [GC (CMS Final Remark) [YG occupancy: 87306 K (157248 K)]2017-12-17T16:09:49.297+0300: 565.059: [Rescan (parallel) , 0.0166750 secs]2017-12-17T16:09:49.314+0300: 565.076: [weak refs processing, 0.0000165 secs]2017-12-17T16:09:49.314+0300: 565.076: [class unloading, 0.0011883 secs]2017-12-17T16:09:49.315+0300: 565.077: [scrub symbol table, 0.0010249 secs]2017-12-17T16:09:49.316+0300: 565.078: [scrub string table, 0.0001388 secs][1 CMS-remark: 304429K(349568K)] 391735K(506816K), 0.0191135 secs] [Times: user=0.08 sys=0.00, real=0.02 secs] 
2017-12-17T16:09:49.316+0300: 565.078: [CMS-concurrent-sweep-start]
2017-12-17T16:09:49.427+0300: 565.189: [CMS-concurrent-sweep: 0.111/0.111 secs] [Times: user=0.22 sys=0.00, real=0.11 secs] 
2017-12-17T16:09:49.427+0300: 565.189: [CMS-concurrent-reset-start]
2017-12-17T16:09:49.427+0300: 565.190: [CMS-concurrent-reset: 0.001/0.001 secs] [Times: user=0.00 sys=0.00, real=0.00 secs] 
2017-12-17T16:09:51.429+0300: 567.191: [GC (CMS Initial Mark) [1 CMS-initial-mark: 304369K(349568K)] 391675K(506816K), 0.0159147 secs] [Times: user=0.06 sys=0.00, real=0.02 secs] 
2017-12-17T16:09:51.445+0300: 567.207: [CMS-concurrent-mark-start]
2017-12-17T16:09:51.719+0300: 567.481: [CMS-concurrent-mark: 0.274/0.274 secs] [Times: user=0.84 sys=0.00, real=0.27 secs] 
2017-12-17T16:09:51.719+0300: 567.481: [CMS-concurrent-preclean-start]
2017-12-17T16:09:51.720+0300: 567.482: [CMS-concurrent-preclean: 0.001/0.001 secs] [Times: user=0.00 sys=0.00, real=0.00 secs] 
2017-12-17T16:09:51.720+0300: 567.482: [CMS-concurrent-abortable-preclean-start]
2017-12-17T16:09:51.720+0300: 567.482: [CMS-concurrent-abortable-preclean: 0.000/0.000 secs] [Times: user=0.00 sys=0.00, real=0.00 secs] 
2017-12-17T16:09:51.721+0300: 567.483: [GC (CMS Final Remark) [YG occupancy: 87306 K (157248 K)]2017-12-17T16:09:51.721+0300: 567.483: [Rescan (parallel) , 0.0191902 secs]2017-12-17T16:09:51.740+0300: 567.502: [weak refs processing, 0.0000197 secs]2017-12-17T16:09:51.740+0300: 567.502: [class unloading, 0.0013491 secs]2017-12-17T16:09:51.741+0300: 567.503: [scrub symbol table, 0.0012527 secs]2017-12-17T16:09:51.742+0300: 567.505: [scrub string table, 0.0001465 secs][1 CMS-remark: 304369K(349568K)] 391675K(506816K), 0.0220401 secs] [Times: user=0.05 sys=0.00, real=0.02 secs] 
2017-12-17T16:09:51.743+0300: 567.505: [CMS-concurrent-sweep-start]
2017-12-17T16:09:51.855+0300: 567.617: [CMS-concurrent-sweep: 0.112/0.112 secs] [Times: user=0.25 sys=0.00, real=0.11 secs] 
2017-12-17T16:09:51.855+0300: 567.617: [CMS-concurrent-reset-start]
2017-12-17T16:09:51.855+0300: 567.618: [CMS-concurrent-reset: 0.001/0.001 secs] [Times: user=0.00 sys=0.00, real=0.00 secs] 
2017-12-17T16:09:53.855+0300: 569.617: [GC (CMS Initial Mark) [1 CMS-initial-mark: 304310K(349568K)] 391616K(506816K), 0.0157305 secs] [Times: user=0.06 sys=0.00, real=0.02 secs] 
2017-12-17T16:09:53.871+0300: 569.633: [CMS-concurrent-mark-start]
2017-12-17T16:09:54.147+0300: 569.909: [CMS-concurrent-mark: 0.276/0.276 secs] [Times: user=0.80 sys=0.00, real=0.28 secs] 
2017-12-17T16:09:54.147+0300: 569.909: [CMS-concurrent-preclean-start]
2017-12-17T16:09:54.147+0300: 569.910: [CMS-concurrent-preclean: 0.001/0.001 secs] [Times: user=0.00 sys=0.00, real=0.00 secs] 
2017-12-17T16:09:54.147+0300: 569.910: [CMS-concurrent-abortable-preclean-start]
2017-12-17T16:09:54.147+0300: 569.910: [CMS-concurrent-abortable-preclean: 0.000/0.000 secs] [Times: user=0.00 sys=0.00, real=0.00 secs] 
2017-12-17T16:09:54.149+0300: 569.911: [GC (CMS Final Remark) [YG occupancy: 87306 K (157248 K)]2017-12-17T16:09:54.149+0300: 569.911: [Rescan (parallel) , 0.0168763 secs]2017-12-17T16:09:54.166+0300: 569.928: [weak refs processing, 0.0000140 secs]2017-12-17T16:09:54.166+0300: 569.928: [class unloading, 0.0011370 secs]2017-12-17T16:09:54.167+0300: 569.929: [scrub symbol table, 0.0007746 secs]2017-12-17T16:09:54.167+0300: 569.930: [scrub string table, 0.0001229 secs][1 CMS-remark: 304310K(349568K)] 391616K(506816K), 0.0189983 secs] [Times: user=0.08 sys=0.00, real=0.02 secs] 
2017-12-17T16:09:54.168+0300: 569.930: [CMS-concurrent-sweep-start]
2017-12-17T16:09:54.279+0300: 570.042: [CMS-concurrent-sweep: 0.112/0.112 secs] [Times: user=0.22 sys=0.00, real=0.11 secs] 
2017-12-17T16:09:54.279+0300: 570.042: [CMS-concurrent-reset-start]
2017-12-17T16:09:54.280+0300: 570.042: [CMS-concurrent-reset: 0.001/0.001 secs] [Times: user=0.00 sys=0.00, real=0.00 secs] 
2017-12-17T16:09:56.281+0300: 572.043: [GC (CMS Initial Mark) [1 CMS-initial-mark: 304253K(349568K)] 391559K(506816K), 0.0153379 secs] [Times: user=0.06 sys=0.00, real=0.02 secs] 
2017-12-17T16:09:56.296+0300: 572.059: [CMS-concurrent-mark-start]
2017-12-17T16:09:56.573+0300: 572.335: [CMS-concurrent-mark: 0.277/0.277 secs] [Times: user=0.84 sys=0.00, real=0.28 secs] 
2017-12-17T16:09:56.573+0300: 572.335: [CMS-concurrent-preclean-start]
2017-12-17T16:09:56.574+0300: 572.336: [CMS-concurrent-preclean: 0.001/0.001 secs] [Times: user=0.00 sys=0.00, real=0.00 secs] 
2017-12-17T16:09:56.574+0300: 572.336: [CMS-concurrent-abortable-preclean-start]
2017-12-17T16:09:56.574+0300: 572.336: [CMS-concurrent-abortable-preclean: 0.000/0.000 secs] [Times: user=0.00 sys=0.00, real=0.00 secs] 
2017-12-17T16:09:56.574+0300: 572.336: [GC (CMS Final Remark) [YG occupancy: 87306 K (157248 K)]2017-12-17T16:09:56.574+0300: 572.336: [Rescan (parallel) , 0.0167580 secs]2017-12-17T16:09:56.590+0300: 572.353: [weak refs processing, 0.0000140 secs]2017-12-17T16:09:56.590+0300: 572.353: [class unloading, 0.0011652 secs]2017-12-17T16:09:56.592+0300: 572.354: [scrub symbol table, 0.0010463 secs]2017-12-17T16:09:56.593+0300: 572.355: [scrub string table, 0.0001368 secs][1 CMS-remark: 304253K(349568K)] 391559K(506816K), 0.0192010 secs] [Times: user=0.08 sys=0.00, real=0.02 secs] 
2017-12-17T16:09:56.593+0300: 572.355: [CMS-concurrent-sweep-start]
2017-12-17T16:09:56.705+0300: 572.468: [CMS-concurrent-sweep: 0.112/0.112 secs] [Times: user=0.22 sys=0.00, real=0.11 secs] 
2017-12-17T16:09:56.705+0300: 572.468: [CMS-concurrent-reset-start]
2017-12-17T16:09:56.706+0300: 572.468: [CMS-concurrent-reset: 0.001/0.001 secs] [Times: user=0.00 sys=0.00, real=0.00 secs] 
2017-12-17T16:09:58.708+0300: 574.470: [GC (CMS Initial Mark) [1 CMS-initial-mark: 304192K(349568K)] 392144K(506816K), 0.0149097 secs] [Times: user=0.06 sys=0.00, real=0.02 secs] 
2017-12-17T16:09:58.723+0300: 574.485: [CMS-concurrent-mark-start]
2017-12-17T16:09:58.996+0300: 574.758: [CMS-concurrent-mark: 0.273/0.273 secs] [Times: user=0.80 sys=0.00, real=0.27 secs] 
2017-12-17T16:09:58.996+0300: 574.758: [CMS-concurrent-preclean-start]
2017-12-17T16:09:58.996+0300: 574.759: [CMS-concurrent-preclean: 0.001/0.001 secs] [Times: user=0.00 sys=0.00, real=0.00 secs] 
2017-12-17T16:09:58.996+0300: 574.759: [CMS-concurrent-abortable-preclean-start]
2017-12-17T16:09:58.996+0300: 574.759: [CMS-concurrent-abortable-preclean: 0.000/0.000 secs] [Times: user=0.00 sys=0.00, real=0.00 secs] 
2017-12-17T16:09:59.000+0300: 574.762: [GC (CMS Final Remark) [YG occupancy: 87951 K (157248 K)]2017-12-17T16:09:59.000+0300: 574.762: [Rescan (parallel) , 0.0166996 secs]2017-12-17T16:09:59.016+0300: 574.779: [weak refs processing, 0.0000154 secs]2017-12-17T16:09:59.016+0300: 574.779: [class unloading, 0.0012527 secs]2017-12-17T16:09:59.018+0300: 574.780: [scrub symbol table, 0.0010304 secs]2017-12-17T16:09:59.019+0300: 574.781: [scrub string table, 0.0001371 secs][1 CMS-remark: 304192K(349568K)] 392144K(506816K), 0.0192130 secs] [Times: user=0.08 sys=0.00, real=0.02 secs] 
2017-12-17T16:09:59.019+0300: 574.782: [CMS-concurrent-sweep-start]
2017-12-17T16:09:59.130+0300: 574.892: [CMS-concurrent-sweep: 0.111/0.111 secs] [Times: user=0.22 sys=0.00, real=0.11 secs] 
2017-12-17T16:09:59.130+0300: 574.893: [CMS-concurrent-reset-start]
2017-12-17T16:09:59.130+0300: 574.893: [CMS-concurrent-reset: 0.001/0.001 secs] [Times: user=0.00 sys=0.00, real=0.00 secs] 
2017-12-17T16:10:01.133+0300: 576.894: [GC (CMS Initial Mark) [1 CMS-initial-mark: 304136K(349568K)] 392737K(506816K), 0.0157388 secs] [Times: user=0.06 sys=0.00, real=0.02 secs] 
2017-12-17T16:10:01.148+0300: 576.910: [CMS-concurrent-mark-start]
2017-12-17T16:10:01.435+0300: 577.197: [CMS-concurrent-mark: 0.287/0.287 secs] [Times: user=0.89 sys=0.00, real=0.29 secs] 
2017-12-17T16:10:01.435+0300: 577.197: [CMS-concurrent-preclean-start]
2017-12-17T16:10:01.436+0300: 577.198: [CMS-concurrent-preclean: 0.001/0.001 secs] [Times: user=0.00 sys=0.00, real=0.00 secs] 
2017-12-17T16:10:01.436+0300: 577.198: [CMS-concurrent-abortable-preclean-start]
2017-12-17T16:10:01.436+0300: 577.198: [CMS-concurrent-abortable-preclean: 0.000/0.000 secs] [Times: user=0.00 sys=0.00, real=0.00 secs] 
2017-12-17T16:10:01.440+0300: 577.201: [GC (CMS Final Remark) [YG occupancy: 88600 K (157248 K)]2017-12-17T16:10:01.440+0300: 577.201: [Rescan (parallel) , 0.0168467 secs]2017-12-17T16:10:01.456+0300: 577.218: [weak refs processing, 0.0000165 secs]2017-12-17T16:10:01.457+0300: 577.218: [class unloading, 0.0014070 secs]2017-12-17T16:10:01.458+0300: 577.220: [scrub symbol table, 0.0012544 secs]2017-12-17T16:10:01.459+0300: 577.221: [scrub string table, 0.0001457 secs][1 CMS-remark: 304136K(349568K)] 392737K(506816K), 0.0197464 secs] [Times: user=0.08 sys=0.00, real=0.02 secs] 
2017-12-17T16:10:01.459+0300: 577.221: [CMS-concurrent-sweep-start]
2017-12-17T16:10:01.572+0300: 577.334: [CMS-concurrent-sweep: 0.113/0.113 secs] [Times: user=0.22 sys=0.00, real=0.11 secs] 
2017-12-17T16:10:01.572+0300: 577.334: [CMS-concurrent-reset-start]
2017-12-17T16:10:01.573+0300: 577.335: [CMS-concurrent-reset: 0.001/0.001 secs] [Times: user=0.00 sys=0.00, real=0.00 secs] 
2017-12-17T16:10:03.573+0300: 579.335: [GC (CMS Initial Mark) [1 CMS-initial-mark: 304082K(349568K)] 392683K(506816K), 0.0152966 secs] [Times: user=0.06 sys=0.00, real=0.02 secs] 
2017-12-17T16:10:03.588+0300: 579.350: [CMS-concurrent-mark-start]
2017-12-17T16:10:03.862+0300: 579.624: [CMS-concurrent-mark: 0.274/0.274 secs] [Times: user=0.80 sys=0.00, real=0.27 secs] 
2017-12-17T16:10:03.862+0300: 579.624: [CMS-concurrent-preclean-start]
2017-12-17T16:10:03.862+0300: 579.624: [CMS-concurrent-preclean: 0.001/0.001 secs] [Times: user=0.00 sys=0.00, real=0.00 secs] 
2017-12-17T16:10:03.862+0300: 579.624: [CMS-concurrent-abortable-preclean-start]
2017-12-17T16:10:03.862+0300: 579.624: [CMS-concurrent-abortable-preclean: 0.000/0.000 secs] [Times: user=0.00 sys=0.00, real=0.00 secs] 
2017-12-17T16:10:03.865+0300: 579.627: [GC (CMS Final Remark) [YG occupancy: 88600 K (157248 K)]2017-12-17T16:10:03.865+0300: 579.627: [Rescan (parallel) , 0.0168869 secs]2017-12-17T16:10:03.882+0300: 579.643: [weak refs processing, 0.0000160 secs]2017-12-17T16:10:03.882+0300: 579.643: [class unloading, 0.0012619 secs]2017-12-17T16:10:03.883+0300: 579.645: [scrub symbol table, 0.0010452 secs]2017-12-17T16:10:03.884+0300: 579.646: [scrub string table, 0.0001360 secs][1 CMS-remark: 304082K(349568K)] 392683K(506816K), 0.0194285 secs] [Times: user=0.09 sys=0.00, real=0.02 secs] 
2017-12-17T16:10:03.884+0300: 579.646: [CMS-concurrent-sweep-start]
2017-12-17T16:10:03.994+0300: 579.756: [CMS-concurrent-sweep: 0.110/0.110 secs] [Times: user=0.22 sys=0.00, real=0.11 secs] 
2017-12-17T16:10:03.994+0300: 579.756: [CMS-concurrent-reset-start]
2017-12-17T16:10:03.994+0300: 579.756: [CMS-concurrent-reset: 0.001/0.001 secs] [Times: user=0.00 sys=0.00, real=0.00 secs] 
2017-12-17T16:10:05.997+0300: 581.759: [GC (CMS Initial Mark) [1 CMS-initial-mark: 304028K(349568K)] 392629K(506816K), 0.0150363 secs] [Times: user=0.06 sys=0.00, real=0.02 secs] 
2017-12-17T16:10:06.012+0300: 581.774: [CMS-concurrent-mark-start]
2017-12-17T16:10:06.290+0300: 582.052: [CMS-concurrent-mark: 0.279/0.279 secs] [Times: user=0.84 sys=0.00, real=0.28 secs] 
2017-12-17T16:10:06.290+0300: 582.052: [CMS-concurrent-preclean-start]
2017-12-17T16:10:06.291+0300: 582.053: [CMS-concurrent-preclean: 0.001/0.001 secs] [Times: user=0.00 sys=0.00, real=0.00 secs] 
2017-12-17T16:10:06.291+0300: 582.053: [CMS-concurrent-abortable-preclean-start]
2017-12-17T16:10:06.291+0300: 582.053: [CMS-concurrent-abortable-preclean: 0.000/0.000 secs] [Times: user=0.00 sys=0.00, real=0.00 secs] 
2017-12-17T16:10:06.293+0300: 582.055: [GC (CMS Final Remark) [YG occupancy: 88600 K (157248 K)]2017-12-17T16:10:06.293+0300: 582.055: [Rescan (parallel) , 0.0166739 secs]2017-12-17T16:10:06.309+0300: 582.071: [weak refs processing, 0.0000157 secs]2017-12-17T16:10:06.309+0300: 582.071: [class unloading, 0.0012017 secs]2017-12-17T16:10:06.311+0300: 582.073: [scrub symbol table, 0.0010224 secs]2017-12-17T16:10:06.312+0300: 582.074: [scrub string table, 0.0001403 secs][1 CMS-remark: 304028K(349568K)] 392629K(506816K), 0.0191269 secs] [Times: user=0.08 sys=0.00, real=0.02 secs] 
2017-12-17T16:10:06.312+0300: 582.074: [CMS-concurrent-sweep-start]
2017-12-17T16:10:06.422+0300: 582.184: [CMS-concurrent-sweep: 0.111/0.111 secs] [Times: user=0.22 sys=0.00, real=0.11 secs] 
2017-12-17T16:10:06.422+0300: 582.185: [CMS-concurrent-reset-start]
2017-12-17T16:10:06.423+0300: 582.185: [CMS-concurrent-reset: 0.001/0.001 secs] [Times: user=0.00 sys=0.00, real=0.00 secs] 
2017-12-17T16:10:08.424+0300: 584.186: [GC (CMS Initial Mark) [1 CMS-initial-mark: 303976K(349568K)] 392577K(506816K), 0.0151888 secs] [Times: user=0.06 sys=0.00, real=0.01 secs] 
2017-12-17T16:10:08.439+0300: 584.201: [CMS-concurrent-mark-start]
2017-12-17T16:10:08.719+0300: 584.482: [CMS-concurrent-mark: 0.281/0.281 secs] [Times: user=0.84 sys=0.00, real=0.28 secs] 
2017-12-17T16:10:08.720+0300: 584.482: [CMS-concurrent-preclean-start]
2017-12-17T16:10:08.720+0300: 584.482: [CMS-concurrent-preclean: 0.001/0.001 secs] [Times: user=0.00 sys=0.00, real=0.00 secs] 
2017-12-17T16:10:08.720+0300: 584.482: [CMS-concurrent-abortable-preclean-start]
2017-12-17T16:10:08.720+0300: 584.482: [CMS-concurrent-abortable-preclean: 0.000/0.000 secs] [Times: user=0.00 sys=0.00, real=0.00 secs] 
2017-12-17T16:10:08.722+0300: 584.484: [GC (CMS Final Remark) [YG occupancy: 88600 K (157248 K)]2017-12-17T16:10:08.722+0300: 584.484: [Rescan (parallel) , 0.0169353 secs]2017-12-17T16:10:08.739+0300: 584.501: [weak refs processing, 0.0000163 secs]2017-12-17T16:10:08.739+0300: 584.501: [class unloading, 0.0012579 secs]2017-12-17T16:10:08.740+0300: 584.502: [scrub symbol table, 0.0010267 secs]2017-12-17T16:10:08.741+0300: 584.503: [scrub string table, 0.0001371 secs][1 CMS-remark: 303976K(349568K)] 392577K(506816K), 0.0194676 secs] [Times: user=0.08 sys=0.00, real=0.02 secs] 
2017-12-17T16:10:08.741+0300: 584.503: [CMS-concurrent-sweep-start]
2017-12-17T16:10:08.855+0300: 584.617: [CMS-concurrent-sweep: 0.113/0.113 secs] [Times: user=0.22 sys=0.00, real=0.11 secs] 
2017-12-17T16:10:08.855+0300: 584.617: [CMS-concurrent-reset-start]
2017-12-17T16:10:08.855+0300: 584.617: [CMS-concurrent-reset: 0.001/0.001 secs] [Times: user=0.00 sys=0.00, real=0.00 secs] 
2017-12-17T16:10:10.856+0300: 586.618: [GC (CMS Initial Mark) [1 CMS-initial-mark: 303923K(349568K)] 392523K(506816K), 0.0158109 secs] [Times: user=0.00 sys=0.00, real=0.02 secs] 
2017-12-17T16:10:10.871+0300: 586.634: [CMS-concurrent-mark-start]
2017-12-17T16:10:11.160+0300: 586.922: [CMS-concurrent-mark: 0.288/0.288 secs] [Times: user=0.89 sys=0.00, real=0.29 secs] 
2017-12-17T16:10:11.160+0300: 586.922: [CMS-concurrent-preclean-start]
2017-12-17T16:10:11.160+0300: 586.923: [CMS-concurrent-preclean: 0.001/0.001 secs] [Times: user=0.00 sys=0.00, real=0.00 secs] 
2017-12-17T16:10:11.160+0300: 586.923: [CMS-concurrent-abortable-preclean-start]
2017-12-17T16:10:11.160+0300: 586.923: [CMS-concurrent-abortable-preclean: 0.000/0.000 secs] [Times: user=0.00 sys=0.00, real=0.00 secs] 
2017-12-17T16:10:11.163+0300: 586.925: [GC (CMS Final Remark) [YG occupancy: 88600 K (157248 K)]2017-12-17T16:10:11.163+0300: 586.925: [Rescan (parallel) , 0.0168703 secs]2017-12-17T16:10:11.179+0300: 586.942: [weak refs processing, 0.0000151 secs]2017-12-17T16:10:11.179+0300: 586.942: [class unloading, 0.0012074 secs]2017-12-17T16:10:11.181+0300: 586.943: [scrub symbol table, 0.0010489 secs]2017-12-17T16:10:11.182+0300: 586.944: [scrub string table, 0.0001366 secs][1 CMS-remark: 303923K(349568K)] 392523K(506816K), 0.0193519 secs] [Times: user=0.08 sys=0.00, real=0.02 secs] 
2017-12-17T16:10:11.182+0300: 586.944: [CMS-concurrent-sweep-start]
2017-12-17T16:10:11.292+0300: 587.055: [CMS-concurrent-sweep: 0.110/0.110 secs] [Times: user=0.22 sys=0.00, real=0.11 secs] 
2017-12-17T16:10:11.292+0300: 587.055: [CMS-concurrent-reset-start]
2017-12-17T16:10:11.293+0300: 587.055: [CMS-concurrent-reset: 0.001/0.001 secs] [Times: user=0.05 sys=0.00, real=0.00 secs] 
2017-12-17T16:10:13.294+0300: 589.056: [GC (CMS Initial Mark) [1 CMS-initial-mark: 303872K(349568K)] 392473K(506816K), 0.0155061 secs] [Times: user=0.06 sys=0.00, real=0.02 secs] 
2017-12-17T16:10:13.309+0300: 589.072: [CMS-concurrent-mark-start]
2017-12-17T16:10:13.580+0300: 589.342: [CMS-concurrent-mark: 0.271/0.271 secs] [Times: user=0.80 sys=0.00, real=0.27 secs] 
2017-12-17T16:10:13.580+0300: 589.342: [CMS-concurrent-preclean-start]
2017-12-17T16:10:13.581+0300: 589.343: [CMS-concurrent-preclean: 0.001/0.001 secs] [Times: user=0.00 sys=0.00, real=0.00 secs] 
2017-12-17T16:10:13.581+0300: 589.343: [CMS-concurrent-abortable-preclean-start]
2017-12-17T16:10:13.581+0300: 589.343: [CMS-concurrent-abortable-preclean: 0.000/0.000 secs] [Times: user=0.00 sys=0.00, real=0.00 secs] 
2017-12-17T16:10:13.583+0300: 589.345: [GC (CMS Final Remark) [YG occupancy: 88600 K (157248 K)]2017-12-17T16:10:13.583+0300: 589.345: [Rescan (parallel) , 0.0164381 secs]2017-12-17T16:10:13.599+0300: 589.362: [weak refs processing, 0.0000160 secs]2017-12-17T16:10:13.599+0300: 589.362: [class unloading, 0.0012097 secs]2017-12-17T16:10:13.600+0300: 589.363: [scrub symbol table, 0.0010304 secs]2017-12-17T16:10:13.601+0300: 589.364: [scrub string table, 0.0001346 secs][1 CMS-remark: 303872K(349568K)] 392473K(506816K), 0.0188988 secs] [Times: user=0.06 sys=0.00, real=0.02 secs] 
2017-12-17T16:10:13.602+0300: 589.364: [CMS-concurrent-sweep-start]
2017-12-17T16:10:13.712+0300: 589.474: [CMS-concurrent-sweep: 0.110/0.110 secs] [Times: user=0.22 sys=0.00, real=0.11 secs] 
2017-12-17T16:10:13.712+0300: 589.474: [CMS-concurrent-reset-start]
2017-12-17T16:10:13.713+0300: 589.475: [CMS-concurrent-reset: 0.001/0.001 secs] [Times: user=0.00 sys=0.00, real=0.00 secs] 
2017-12-17T16:10:15.713+0300: 591.475: [GC (CMS Initial Mark) [1 CMS-initial-mark: 303824K(349568K)] 441270K(506816K), 0.0646343 secs] [Times: user=0.28 sys=0.00, real=0.06 secs] 
2017-12-17T16:10:15.777+0300: 591.540: [CMS-concurrent-mark-start]
2017-12-17T16:10:16.050+0300: 591.813: [CMS-concurrent-mark: 0.272/0.272 secs] [Times: user=0.53 sys=0.00, real=0.27 secs] 
2017-12-17T16:10:16.050+0300: 591.813: [CMS-concurrent-preclean-start]
2017-12-17T16:10:16.050+0300: 591.813: [CMS-concurrent-preclean: 0.000/0.000 secs] [Times: user=0.00 sys=0.00, real=0.00 secs] 
2017-12-17T16:10:16.050+0300: 591.813: [CMS-concurrent-abortable-preclean-start]
2017-12-17T16:10:16.050+0300: 591.813: [CMS-concurrent-abortable-preclean: 0.000/0.000 secs] [Times: user=0.00 sys=0.00, real=0.00 secs] 
2017-12-17T16:10:16.051+0300: 591.813: [GC (CMS Final Remark) [YG occupancy: 137445 K (157248 K)]2017-12-17T16:10:16.051+0300: 591.813: [Rescan (parallel) , 0.0257507 secs]2017-12-17T16:10:16.076+0300: 591.839: [weak refs processing, 0.0000251 secs]2017-12-17T16:10:16.076+0300: 591.839: [class unloading, 0.0013605 secs]2017-12-17T16:10:16.078+0300: 591.840: [scrub symbol table, 0.0008066 secs]2017-12-17T16:10:16.079+0300: 591.841: [scrub string table, 0.0001403 secs][1 CMS-remark: 303824K(349568K)] 441270K(506816K), 0.0281495 secs] [Times: user=0.06 sys=0.00, real=0.03 secs] 
2017-12-17T16:10:16.079+0300: 591.841: [CMS-concurrent-sweep-start]
2017-12-17T16:10:16.192+0300: 591.954: [CMS-concurrent-sweep: 0.113/0.113 secs] [Times: user=0.16 sys=0.00, real=0.11 secs] 
2017-12-17T16:10:16.192+0300: 591.954: [CMS-concurrent-reset-start]
2017-12-17T16:10:16.192+0300: 591.955: [CMS-concurrent-reset: 0.001/0.001 secs] [Times: user=0.00 sys=0.00, real=0.00 secs] 
2017-12-17T16:10:18.193+0300: 593.954: [GC (CMS Initial Mark) [1 CMS-initial-mark: 303811K(349568K)] 441257K(506816K), 0.0234816 secs] [Times: user=0.06 sys=0.00, real=0.02 secs] 
2017-12-17T16:10:18.216+0300: 593.978: [CMS-concurrent-mark-start]
2017-12-17T16:10:18.479+0300: 594.241: [CMS-concurrent-mark: 0.263/0.263 secs] [Times: user=0.80 sys=0.00, real=0.26 secs] 
2017-12-17T16:10:18.479+0300: 594.241: [CMS-concurrent-preclean-start]
2017-12-17T16:10:18.490+0300: 594.252: [CMS-concurrent-preclean: 0.009/0.011 secs] [Times: user=0.03 sys=0.00, real=0.01 secs] 
2017-12-17T16:10:18.490+0300: 594.252: [CMS-concurrent-abortable-preclean-start]
2017-12-17T16:10:18.490+0300: 594.252: [CMS-concurrent-abortable-preclean: 0.000/0.000 secs] [Times: user=0.00 sys=0.00, real=0.00 secs] 
2017-12-17T16:10:18.490+0300: 594.252: [GC (CMS Final Remark) [YG occupancy: 137445 K (157248 K)]2017-12-17T16:10:18.490+0300: 594.252: [Rescan (parallel) , 0.0252577 secs]2017-12-17T16:10:18.515+0300: 594.277: [weak refs processing, 0.0000134 secs]2017-12-17T16:10:18.515+0300: 594.277: [class unloading, 0.0014994 secs]2017-12-17T16:10:18.517+0300: 594.279: [scrub symbol table, 0.0013183 secs]2017-12-17T16:10:18.518+0300: 594.280: [scrub string table, 0.0001340 secs][1 CMS-remark: 303811K(349568K)] 441257K(506816K), 0.0282821 secs] [Times: user=0.09 sys=0.00, real=0.03 secs] 
2017-12-17T16:10:18.518+0300: 594.280: [CMS-concurrent-sweep-start]
2017-12-17T16:10:18.630+0300: 594.392: [CMS-concurrent-sweep: 0.112/0.112 secs] [Times: user=0.22 sys=0.00, real=0.11 secs] 
2017-12-17T16:10:18.630+0300: 594.392: [CMS-concurrent-reset-start]
2017-12-17T16:10:18.631+0300: 594.393: [CMS-concurrent-reset: 0.001/0.001 secs] [Times: user=0.00 sys=0.00, real=0.00 secs] 
2017-12-17T16:10:20.631+0300: 596.393: [GC (CMS Initial Mark) [1 CMS-initial-mark: 302936K(349568K)] 440382K(506816K), 0.0235739 secs] [Times: user=0.11 sys=0.00, real=0.02 secs] 
2017-12-17T16:10:20.654+0300: 596.416: [CMS-concurrent-mark-start]
2017-12-17T16:10:20.916+0300: 596.678: [CMS-concurrent-mark: 0.262/0.262 secs] [Times: user=0.75 sys=0.00, real=0.26 secs] 
2017-12-17T16:10:20.916+0300: 596.678: [CMS-concurrent-preclean-start]
2017-12-17T16:10:20.920+0300: 596.681: [CMS-concurrent-preclean: 0.003/0.003 secs] [Times: user=0.03 sys=0.00, real=0.00 secs] 
2017-12-17T16:10:20.920+0300: 596.681: [CMS-concurrent-abortable-preclean-start]
2017-12-17T16:10:20.920+0300: 596.681: [CMS-concurrent-abortable-preclean: 0.000/0.000 secs] [Times: user=0.00 sys=0.00, real=0.00 secs] 
2017-12-17T16:10:20.920+0300: 596.682: [GC (CMS Final Remark) [YG occupancy: 137445 K (157248 K)]2017-12-17T16:10:20.920+0300: 596.682: [Rescan (parallel) , 0.0254157 secs]2017-12-17T16:10:20.945+0300: 596.707: [weak refs processing, 0.0000237 secs]2017-12-17T16:10:20.945+0300: 596.707: [class unloading, 0.0014095 secs]2017-12-17T16:10:20.947+0300: 596.708: [scrub symbol table, 0.0010968 secs]2017-12-17T16:10:20.948+0300: 596.710: [scrub string table, 0.0001423 secs][1 CMS-remark: 302936K(349568K)] 440382K(506816K), 0.0281749 secs] [Times: user=0.08 sys=0.00, real=0.03 secs] 
2017-12-17T16:10:20.948+0300: 596.710: [CMS-concurrent-sweep-start]
2017-12-17T16:10:21.058+0300: 596.820: [CMS-concurrent-sweep: 0.110/0.110 secs] [Times: user=0.22 sys=0.00, real=0.11 secs] 
2017-12-17T16:10:21.058+0300: 596.820: [CMS-concurrent-reset-start]
2017-12-17T16:10:21.058+0300: 596.820: [CMS-concurrent-reset: 0.001/0.001 secs] [Times: user=0.00 sys=0.00, real=0.00 secs] 
2017-12-17T16:10:23.058+0300: 598.820: [GC (CMS Initial Mark) [1 CMS-initial-mark: 302509K(349568K)] 440864K(506816K), 0.0239517 secs] [Times: user=0.06 sys=0.00, real=0.02 secs] 
2017-12-17T16:10:23.082+0300: 598.844: [CMS-concurrent-mark-start]
2017-12-17T16:10:23.350+0300: 599.112: [CMS-concurrent-mark: 0.268/0.268 secs] [Times: user=0.80 sys=0.00, real=0.27 secs] 
2017-12-17T16:10:23.350+0300: 599.112: [CMS-concurrent-preclean-start]
2017-12-17T16:10:23.352+0300: 599.114: [CMS-concurrent-preclean: 0.002/0.002 secs] [Times: user=0.03 sys=0.00, real=0.00 secs] 
2017-12-17T16:10:23.352+0300: 599.114: [CMS-concurrent-abortable-preclean-start]
2017-12-17T16:10:23.352+0300: 599.114: [CMS-concurrent-abortable-preclean: 0.000/0.000 secs] [Times: user=0.00 sys=0.00, real=0.00 secs] 
2017-12-17T16:10:23.353+0300: 599.115: [GC (CMS Final Remark) [YG occupancy: 138354 K (157248 K)]2017-12-17T16:10:23.353+0300: 599.115: [Rescan (parallel) , 0.0264803 secs]2017-12-17T16:10:23.379+0300: 599.141: [weak refs processing, 0.0000188 secs]2017-12-17T16:10:23.379+0300: 599.141: [class unloading, 0.0013157 secs]2017-12-17T16:10:23.380+0300: 599.142: [scrub symbol table, 0.0012177 secs]2017-12-17T16:10:23.382+0300: 599.144: [scrub string table, 0.0001477 secs][1 CMS-remark: 302509K(349568K)] 440864K(506816K), 0.0292512 secs] [Times: user=0.06 sys=0.00, real=0.03 secs] 
2017-12-17T16:10:23.382+0300: 599.144: [CMS-concurrent-sweep-start]
2017-12-17T16:10:23.492+0300: 599.254: [CMS-concurrent-sweep: 0.110/0.110 secs] [Times: user=0.22 sys=0.00, real=0.11 secs] 
2017-12-17T16:10:23.492+0300: 599.254: [CMS-concurrent-reset-start]
2017-12-17T16:10:23.493+0300: 599.255: [CMS-concurrent-reset: 0.001/0.001 secs] [Times: user=0.05 sys=0.00, real=0.00 secs] 
2017-12-17T16:10:25.494+0300: 601.256: [GC (CMS Initial Mark) [1 CMS-initial-mark: 302185K(349568K)] 440540K(506816K), 0.0237544 secs] [Times: user=0.06 sys=0.00, real=0.02 secs] 
2017-12-17T16:10:25.517+0300: 601.280: [CMS-concurrent-mark-start]
2017-12-17T16:10:25.789+0300: 601.551: [CMS-concurrent-mark: 0.271/0.271 secs] [Times: user=0.84 sys=0.00, real=0.27 secs] 
2017-12-17T16:10:25.789+0300: 601.551: [CMS-concurrent-preclean-start]
2017-12-17T16:10:25.791+0300: 601.553: [CMS-concurrent-preclean: 0.002/0.002 secs] [Times: user=0.00 sys=0.00, real=0.00 secs] 
2017-12-17T16:10:25.791+0300: 601.553: [CMS-concurrent-abortable-preclean-start]
2017-12-17T16:10:25.791+0300: 601.553: [CMS-concurrent-abortable-preclean: 0.000/0.000 secs] [Times: user=0.00 sys=0.00, real=0.00 secs] 
2017-12-17T16:10:25.792+0300: 601.554: [GC (CMS Final Remark) [YG occupancy: 138354 K (157248 K)]2017-12-17T16:10:25.792+0300: 601.554: [Rescan (parallel) , 0.0251331 secs]2017-12-17T16:10:25.817+0300: 601.579: [weak refs processing, 0.0000140 secs]2017-12-17T16:10:25.817+0300: 601.579: [class unloading, 0.0012006 secs]2017-12-17T16:10:25.818+0300: 601.580: [scrub symbol table, 0.0010261 secs]2017-12-17T16:10:25.819+0300: 601.581: [scrub string table, 0.0001357 secs][1 CMS-remark: 302185K(349568K)] 440540K(506816K), 0.0275748 secs] [Times: user=0.16 sys=0.00, real=0.03 secs] 
2017-12-17T16:10:25.819+0300: 601.581: [CMS-concurrent-sweep-start]
2017-12-17T16:10:25.929+0300: 601.691: [CMS-concurrent-sweep: 0.110/0.110 secs] [Times: user=0.22 sys=0.00, real=0.11 secs] 
2017-12-17T16:10:25.929+0300: 601.691: [CMS-concurrent-reset-start]
2017-12-17T16:10:25.929+0300: 601.691: [CMS-concurrent-reset: 0.001/0.001 secs] [Times: user=0.00 sys=0.00, real=0.00 secs] 
2017-12-17T16:10:27.929+0300: 603.691: [GC (CMS Initial Mark) [1 CMS-initial-mark: 301913K(349568K)] 440267K(506816K), 0.0238750 secs] [Times: user=0.06 sys=0.00, real=0.02 secs] 
2017-12-17T16:10:27.953+0300: 603.715: [CMS-concurrent-mark-start]
2017-12-17T16:10:28.229+0300: 603.991: [CMS-concurrent-mark: 0.276/0.276 secs] [Times: user=0.84 sys=0.00, real=0.28 secs] 
2017-12-17T16:10:28.229+0300: 603.991: [CMS-concurrent-preclean-start]
2017-12-17T16:10:28.231+0300: 603.993: [CMS-concurrent-preclean: 0.002/0.002 secs] [Times: user=0.00 sys=0.00, real=0.00 secs] 
2017-12-17T16:10:28.231+0300: 603.993: [CMS-concurrent-abortable-preclean-start]
2017-12-17T16:10:28.231+0300: 603.993: [CMS-concurrent-abortable-preclean: 0.000/0.000 secs] [Times: user=0.00 sys=0.00, real=0.00 secs] 
2017-12-17T16:10:28.232+0300: 603.994: [GC (CMS Final Remark) [YG occupancy: 138354 K (157248 K)]2017-12-17T16:10:28.232+0300: 603.994: [Rescan (parallel) , 0.0247902 secs]2017-12-17T16:10:28.256+0300: 604.019: [weak refs processing, 0.0000131 secs]2017-12-17T16:10:28.256+0300: 604.019: [class unloading, 0.0012744 secs]2017-12-17T16:10:28.258+0300: 604.020: [scrub symbol table, 0.0010460 secs]2017-12-17T16:10:28.259+0300: 604.021: [scrub string table, 0.0001349 secs][1 CMS-remark: 301913K(349568K)] 440267K(506816K), 0.0273370 secs] [Times: user=0.16 sys=0.00, real=0.03 secs] 
2017-12-17T16:10:28.259+0300: 604.021: [CMS-concurrent-sweep-start]
2017-12-17T16:10:28.368+0300: 604.130: [CMS-concurrent-sweep: 0.109/0.109 secs] [Times: user=0.22 sys=0.00, real=0.11 secs] 
2017-12-17T16:10:28.368+0300: 604.130: [CMS-concurrent-reset-start]
2017-12-17T16:10:28.369+0300: 604.131: [CMS-concurrent-reset: 0.001/0.001 secs] [Times: user=0.00 sys=0.00, real=0.00 secs] 
2017-12-17T16:10:30.369+0300: 606.131: [GC (CMS Initial Mark) [1 CMS-initial-mark: 301676K(349568K)] 440676K(506816K), 0.0236709 secs] [Times: user=0.13 sys=0.00, real=0.02 secs] 
2017-12-17T16:10:30.392+0300: 606.155: [CMS-concurrent-mark-start]
2017-12-17T16:10:30.664+0300: 606.426: [CMS-concurrent-mark: 0.271/0.271 secs] [Times: user=0.80 sys=0.00, real=0.27 secs] 
2017-12-17T16:10:30.664+0300: 606.426: [CMS-concurrent-preclean-start]
2017-12-17T16:10:30.665+0300: 606.427: [CMS-concurrent-preclean: 0.002/0.002 secs] [Times: user=0.00 sys=0.00, real=0.00 secs] 
2017-12-17T16:10:30.665+0300: 606.427: [CMS-concurrent-abortable-preclean-start]
2017-12-17T16:10:30.665+0300: 606.428: [CMS-concurrent-abortable-preclean: 0.000/0.000 secs] [Times: user=0.00 sys=0.00, real=0.00 secs] 
2017-12-17T16:10:30.666+0300: 606.428: [GC (CMS Final Remark) [YG occupancy: 139000 K (157248 K)]2017-12-17T16:10:30.666+0300: 606.428: [Rescan (parallel) , 0.0256096 secs]2017-12-17T16:10:30.691+0300: 606.454: [weak refs processing, 0.0000137 secs]2017-12-17T16:10:30.691+0300: 606.454: [class unloading, 0.0012205 secs]2017-12-17T16:10:30.692+0300: 606.455: [scrub symbol table, 0.0010341 secs]2017-12-17T16:10:30.693+0300: 606.456: [scrub string table, 0.0001696 secs][1 CMS-remark: 301676K(349568K)] 440676K(506816K), 0.0281321 secs] [Times: user=0.12 sys=0.00, real=0.03 secs] 
2017-12-17T16:10:30.694+0300: 606.456: [CMS-concurrent-sweep-start]
2017-12-17T16:10:30.805+0300: 606.568: [CMS-concurrent-sweep: 0.112/0.112 secs] [Times: user=0.22 sys=0.00, real=0.11 secs] 
2017-12-17T16:10:30.805+0300: 606.568: [CMS-concurrent-reset-start]
2017-12-17T16:10:30.806+0300: 606.568: [CMS-concurrent-reset: 0.001/0.001 secs] [Times: user=0.00 sys=0.00, real=0.00 secs] 
2017-12-17T16:10:32.806+0300: 608.568: [GC (CMS Initial Mark) [1 CMS-initial-mark: 301463K(349568K)] 441113K(506816K), 0.0239109 secs] [Times: user=0.06 sys=0.00, real=0.02 secs] 
2017-12-17T16:10:32.830+0300: 608.592: [CMS-concurrent-mark-start]
2017-12-17T16:10:33.084+0300: 608.846: [CMS-concurrent-mark: 0.254/0.254 secs] [Times: user=0.75 sys=0.00, real=0.25 secs] 
2017-12-17T16:10:33.084+0300: 608.846: [CMS-concurrent-preclean-start]
2017-12-17T16:10:33.085+0300: 608.847: [CMS-concurrent-preclean: 0.001/0.001 secs] [Times: user=0.00 sys=0.00, real=0.00 secs] 
2017-12-17T16:10:33.085+0300: 608.847: [CMS-concurrent-abortable-preclean-start]
2017-12-17T16:10:33.085+0300: 608.847: [CMS-concurrent-abortable-preclean: 0.000/0.000 secs] [Times: user=0.00 sys=0.00, real=0.00 secs] 
2017-12-17T16:10:33.087+0300: 608.849: [GC (CMS Final Remark) [YG occupancy: 139649 K (157248 K)]2017-12-17T16:10:33.087+0300: 608.849: [Rescan (parallel) , 0.0255776 secs]2017-12-17T16:10:33.112+0300: 608.875: [weak refs processing, 0.0000128 secs]2017-12-17T16:10:33.112+0300: 608.875: [class unloading, 0.0011569 secs]2017-12-17T16:10:33.113+0300: 608.876: [scrub symbol table, 0.0010406 secs]2017-12-17T16:10:33.114+0300: 608.877: [scrub string table, 0.0001468 secs][1 CMS-remark: 301463K(349568K)] 441113K(506816K), 0.0280013 secs] [Times: user=0.06 sys=0.00, real=0.03 secs] 
2017-12-17T16:10:33.115+0300: 608.877: [CMS-concurrent-sweep-start]
2017-12-17T16:10:33.224+0300: 608.986: [CMS-concurrent-sweep: 0.109/0.109 secs] [Times: user=0.22 sys=0.00, real=0.11 secs] 
2017-12-17T16:10:33.224+0300: 608.986: [CMS-concurrent-reset-start]
2017-12-17T16:10:33.224+0300: 608.987: [CMS-concurrent-reset: 0.001/0.001 secs] [Times: user=0.00 sys=0.00, real=0.00 secs] 
2017-12-17T16:10:35.225+0300: 610.986: [GC (CMS Initial Mark) [1 CMS-initial-mark: 301274K(349568K)] 440923K(506816K), 0.0239428 secs] [Times: user=0.06 sys=0.00, real=0.02 secs] 
2017-12-17T16:10:35.249+0300: 611.010: [CMS-concurrent-mark-start]
2017-12-17T16:10:35.515+0300: 611.276: [CMS-concurrent-mark: 0.266/0.266 secs] [Times: user=0.80 sys=0.00, real=0.27 secs] 
2017-12-17T16:10:35.515+0300: 611.276: [CMS-concurrent-preclean-start]
2017-12-17T16:10:35.516+0300: 611.277: [CMS-concurrent-preclean: 0.001/0.001 secs] [Times: user=0.00 sys=0.00, real=0.00 secs] 
2017-12-17T16:10:35.516+0300: 611.277: [CMS-concurrent-abortable-preclean-start]
2017-12-17T16:10:35.516+0300: 611.277: [CMS-concurrent-abortable-preclean: 0.000/0.000 secs] [Times: user=0.00 sys=0.00, real=0.00 secs] 
2017-12-17T16:10:35.518+0300: 611.279: [GC (CMS Final Remark) [YG occupancy: 139649 K (157248 K)]2017-12-17T16:10:35.518+0300: 611.279: [Rescan (parallel) , 0.0254527 secs]2017-12-17T16:10:35.543+0300: 611.305: [weak refs processing, 0.0000154 secs]2017-12-17T16:10:35.543+0300: 611.305: [class unloading, 0.0012228 secs]2017-12-17T16:10:35.544+0300: 611.306: [scrub symbol table, 0.0007957 secs]2017-12-17T16:10:35.545+0300: 611.307: [scrub string table, 0.0001197 secs][1 CMS-remark: 301274K(349568K)] 440923K(506816K), 0.0276848 secs] [Times: user=0.13 sys=0.00, real=0.03 secs] 
2017-12-17T16:10:35.545+0300: 611.307: [CMS-concurrent-sweep-start]
2017-12-17T16:10:35.655+0300: 611.417: [CMS-concurrent-sweep: 0.110/0.110 secs] [Times: user=0.22 sys=0.00, real=0.11 secs] 
2017-12-17T16:10:35.655+0300: 611.417: [CMS-concurrent-reset-start]
2017-12-17T16:10:35.656+0300: 611.417: [CMS-concurrent-reset: 0.001/0.001 secs] [Times: user=0.00 sys=0.00, real=0.00 secs] 
2017-12-17T16:10:37.656+0300: 613.418: [GC (CMS Initial Mark) [1 CMS-initial-mark: 301110K(349568K)] 440886K(506816K), 0.0238801 secs] [Times: user=0.13 sys=0.00, real=0.02 secs] 
2017-12-17T16:10:37.680+0300: 613.442: [CMS-concurrent-mark-start]
2017-12-17T16:10:37.941+0300: 613.702: [CMS-concurrent-mark: 0.261/0.261 secs] [Times: user=0.80 sys=0.00, real=0.26 secs] 
2017-12-17T16:10:37.941+0300: 613.702: [CMS-concurrent-preclean-start]
2017-12-17T16:10:37.942+0300: 613.703: [CMS-concurrent-preclean: 0.001/0.001 secs] [Times: user=0.00 sys=0.00, real=0.00 secs] 
2017-12-17T16:10:37.942+0300: 613.703: [CMS-concurrent-abortable-preclean-start]
2017-12-17T16:10:37.942+0300: 613.703: [CMS-concurrent-abortable-preclean: 0.000/0.000 secs] [Times: user=0.00 sys=0.00, real=0.00 secs] 
2017-12-17T16:10:37.945+0300: 613.706: [GC (CMS Final Remark) [YG occupancy: 139776 K (157248 K)]2017-12-17T16:10:37.945+0300: 613.706: [Rescan (parallel) , 0.0268138 secs]2017-12-17T16:10:37.971+0300: 613.733: [weak refs processing, 0.0000254 secs]2017-12-17T16:10:37.971+0300: 613.733: [class unloading, 0.0014463 secs]2017-12-17T16:10:37.973+0300: 613.735: [scrub symbol table, 0.0010449 secs]2017-12-17T16:10:37.974+0300: 613.736: [scrub string table, 0.0001696 secs][1 CMS-remark: 301110K(349568K)] 440886K(506816K), 0.0295748 secs] [Times: user=0.16 sys=0.00, real=0.03 secs] 
2017-12-17T16:10:37.974+0300: 613.736: [CMS-concurrent-sweep-start]
2017-12-17T16:10:38.084+0300: 613.845: [CMS-concurrent-sweep: 0.109/0.109 secs] [Times: user=0.22 sys=0.00, real=0.11 secs] 
2017-12-17T16:10:38.084+0300: 613.845: [CMS-concurrent-reset-start]
2017-12-17T16:10:38.084+0300: 613.846: [CMS-concurrent-reset: 0.001/0.001 secs] [Times: user=0.00 sys=0.00, real=0.00 secs] 
2017-12-17T16:10:40.085+0300: 615.846: [GC (CMS Initial Mark) [1 CMS-initial-mark: 300958K(349568K)] 440734K(506816K), 0.0239346 secs] [Times: user=0.13 sys=0.00, real=0.02 secs] 
2017-12-17T16:10:40.109+0300: 615.870: [CMS-concurrent-mark-start]
2017-12-17T16:10:40.378+0300: 616.140: [CMS-concurrent-mark: 0.269/0.269 secs] [Times: user=0.80 sys=0.00, real=0.27 secs] 
2017-12-17T16:10:40.378+0300: 616.140: [CMS-concurrent-preclean-start]
2017-12-17T16:10:40.379+0300: 616.141: [CMS-concurrent-preclean: 0.001/0.001 secs] [Times: user=0.00 sys=0.00, real=0.00 secs] 
2017-12-17T16:10:40.379+0300: 616.141: [CMS-concurrent-abortable-preclean-start]
2017-12-17T16:10:40.379+0300: 616.141: [CMS-concurrent-abortable-preclean: 0.000/0.000 secs] [Times: user=0.00 sys=0.00, real=0.00 secs] 
2017-12-17T16:10:40.383+0300: 616.144: [GC (CMS Final Remark) [YG occupancy: 139776 K (157248 K)]2017-12-17T16:10:40.383+0300: 616.144: [Rescan (parallel) , 0.0258399 secs]2017-12-17T16:10:40.408+0300: 616.170: [weak refs processing, 0.0000145 secs]2017-12-17T16:10:40.408+0300: 616.170: [class unloading, 0.0013237 secs]2017-12-17T16:10:40.410+0300: 616.172: [scrub symbol table, 0.0012835 secs]2017-12-17T16:10:40.411+0300: 616.173: [scrub string table, 0.0001477 secs][1 CMS-remark: 300958K(349568K)] 440734K(506816K), 0.0286761 secs] [Times: user=0.13 sys=0.00, real=0.03 secs] 
2017-12-17T16:10:40.411+0300: 616.173: [CMS-concurrent-sweep-start]
2017-12-17T16:10:40.520+0300: 616.282: [CMS-concurrent-sweep: 0.109/0.109 secs] [Times: user=0.22 sys=0.00, real=0.11 secs] 
2017-12-17T16:10:40.521+0300: 616.282: [CMS-concurrent-reset-start]
2017-12-17T16:10:40.521+0300: 616.283: [CMS-concurrent-reset: 0.001/0.001 secs] [Times: user=0.00 sys=0.00, real=0.00 secs] 
2017-12-17T16:10:42.522+0300: 618.284: [GC (CMS Initial Mark) [1 CMS-initial-mark: 300815K(349568K)] 440591K(506816K), 0.0245684 secs] [Times: user=0.13 sys=0.00, real=0.02 secs] 
2017-12-17T16:10:42.546+0300: 618.308: [CMS-concurrent-mark-start]
2017-12-17T16:10:42.820+0300: 618.582: [CMS-concurrent-mark: 0.274/0.274 secs] [Times: user=0.80 sys=0.00, real=0.27 secs] 
2017-12-17T16:10:42.820+0300: 618.582: [CMS-concurrent-preclean-start]
2017-12-17T16:10:42.821+0300: 618.583: [CMS-concurrent-preclean: 0.001/0.001 secs] [Times: user=0.03 sys=0.00, real=0.00 secs] 
2017-12-17T16:10:42.821+0300: 618.583: [CMS-concurrent-abortable-preclean-start]
2017-12-17T16:10:42.821+0300: 618.583: [CMS-concurrent-abortable-preclean: 0.000/0.000 secs] [Times: user=0.00 sys=0.00, real=0.00 secs] 
2017-12-17T16:10:42.823+0300: 618.585: [GC (CMS Final Remark) [YG occupancy: 139776 K (157248 K)]2017-12-17T16:10:42.823+0300: 618.585: [Rescan (parallel) , 0.0254958 secs]2017-12-17T16:10:42.848+0300: 618.610: [weak refs processing, 0.0000123 secs]2017-12-17T16:10:42.848+0300: 618.610: [class unloading, 0.0011128 secs]2017-12-17T16:10:42.849+0300: 618.611: [scrub symbol table, 0.0008191 secs]2017-12-17T16:10:42.850+0300: 618.612: [scrub string table, 0.0001232 secs][1 CMS-remark: 300815K(349568K)] 440591K(506816K), 0.0276329 secs] [Times: user=0.08 sys=0.00, real=0.03 secs] 
2017-12-17T16:10:42.850+0300: 618.612: [CMS-concurrent-sweep-start]
2017-12-17T16:10:42.959+0300: 618.721: [CMS-concurrent-sweep: 0.109/0.109 secs] [Times: user=0.22 sys=0.00, real=0.11 secs] 
2017-12-17T16:10:42.959+0300: 618.721: [CMS-concurrent-reset-start]
2017-12-17T16:10:42.960+0300: 618.722: [CMS-concurrent-reset: 0.001/0.001 secs] [Times: user=0.00 sys=0.00, real=0.00 secs] 
2017-12-17T16:10:44.961+0300: 620.723: [GC (CMS Initial Mark) [1 CMS-initial-mark: 300683K(349568K)] 440459K(506816K), 0.0239486 secs] [Times: user=0.06 sys=0.00, real=0.02 secs] 
2017-12-17T16:10:44.985+0300: 620.747: [CMS-concurrent-mark-start]
2017-12-17T16:10:45.253+0300: 621.015: [CMS-concurrent-mark: 0.269/0.269 secs] [Times: user=0.80 sys=0.00, real=0.27 secs] 
2017-12-17T16:10:45.253+0300: 621.015: [CMS-concurrent-preclean-start]
2017-12-17T16:10:45.254+0300: 621.016: [CMS-concurrent-preclean: 0.001/0.001 secs] [Times: user=0.00 sys=0.00, real=0.00 secs] 
2017-12-17T16:10:45.254+0300: 621.016: [CMS-concurrent-abortable-preclean-start]
2017-12-17T16:10:45.254+0300: 621.016: [CMS-concurrent-abortable-preclean: 0.000/0.000 secs] [Times: user=0.00 sys=0.00, real=0.00 secs] 
2017-12-17T16:10:45.258+0300: 621.020: [GC (CMS Final Remark) [YG occupancy: 139776 K (157248 K)]2017-12-17T16:10:45.258+0300: 621.020: [Rescan (parallel) , 0.0254171 secs]2017-12-17T16:10:45.283+0300: 621.045: [weak refs processing, 0.0000157 secs]2017-12-17T16:10:45.283+0300: 621.045: [class unloading, 0.0011378 secs]2017-12-17T16:10:45.284+0300: 621.046: [scrub symbol table, 0.0010070 secs]2017-12-17T16:10:45.285+0300: 621.047: [scrub string table, 0.0001357 secs][1 CMS-remark: 300683K(349568K)] 440459K(506816K), 0.0277906 secs] [Times: user=0.08 sys=0.00, real=0.03 secs] 
2017-12-17T16:10:45.285+0300: 621.048: [CMS-concurrent-sweep-start]
2017-12-17T16:10:45.395+0300: 621.157: [CMS-concurrent-sweep: 0.110/0.110 secs] [Times: user=0.25 sys=0.00, real=0.11 secs] 
2017-12-17T16:10:45.395+0300: 621.157: [CMS-concurrent-reset-start]
2017-12-17T16:10:45.396+0300: 621.158: [CMS-concurrent-reset: 0.001/0.001 secs] [Times: user=0.00 sys=0.00, real=0.00 secs] 
2017-12-17T16:10:47.396+0300: 623.158: [GC (CMS Initial Mark) [1 CMS-initial-mark: 300559K(349568K)] 440335K(506816K), 0.0240871 secs] [Times: user=0.06 sys=0.00, real=0.02 secs] 
2017-12-17T16:10:47.420+0300: 623.182: [CMS-concurrent-mark-start]
2017-12-17T16:10:47.681+0300: 623.443: [CMS-concurrent-mark: 0.261/0.261 secs] [Times: user=0.80 sys=0.00, real=0.26 secs] 
2017-12-17T16:10:47.681+0300: 623.443: [CMS-concurrent-preclean-start]
2017-12-17T16:10:47.681+0300: 623.444: [CMS-concurrent-preclean: 0.001/0.001 secs] [Times: user=0.00 sys=0.00, real=0.00 secs] 
2017-12-17T16:10:47.681+0300: 623.444: [CMS-concurrent-abortable-preclean-start]
2017-12-17T16:10:47.681+0300: 623.444: [CMS-concurrent-abortable-preclean: 0.000/0.000 secs] [Times: user=0.00 sys=0.00, real=0.00 secs] 
2017-12-17T16:10:47.682+0300: 623.444: [GC (CMS Final Remark) [YG occupancy: 139776 K (157248 K)]2017-12-17T16:10:47.682+0300: 623.444: [Rescan (parallel) , 0.0268654 secs]2017-12-17T16:10:47.709+0300: 623.471: [weak refs processing, 0.0000157 secs]2017-12-17T16:10:47.709+0300: 623.471: [class unloading, 0.0013180 secs]2017-12-17T16:10:47.710+0300: 623.472: [scrub symbol table, 0.0010418 secs]2017-12-17T16:10:47.711+0300: 623.473: [scrub string table, 0.0001386 secs][1 CMS-remark: 300559K(349568K)] 440335K(506816K), 0.0294485 secs] [Times: user=0.16 sys=0.00, real=0.03 secs] 
2017-12-17T16:10:47.711+0300: 623.473: [CMS-concurrent-sweep-start]
2017-12-17T16:10:47.823+0300: 623.586: [CMS-concurrent-sweep: 0.112/0.112 secs] [Times: user=0.22 sys=0.00, real=0.11 secs] 
2017-12-17T16:10:47.823+0300: 623.586: [CMS-concurrent-reset-start]
2017-12-17T16:10:47.824+0300: 623.586: [CMS-concurrent-reset: 0.001/0.001 secs] [Times: user=0.00 sys=0.00, real=0.00 secs] 
2017-12-17T16:10:49.824+0300: 625.586: [GC (CMS Initial Mark) [1 CMS-initial-mark: 300442K(349568K)] 440218K(506816K), 0.0235218 secs] [Times: user=0.12 sys=0.00, real=0.02 secs] 
2017-12-17T16:10:49.848+0300: 625.610: [CMS-concurrent-mark-start]
2017-12-17T16:10:50.119+0300: 625.882: [CMS-concurrent-mark: 0.272/0.272 secs] [Times: user=0.80 sys=0.00, real=0.27 secs] 
2017-12-17T16:10:50.119+0300: 625.882: [CMS-concurrent-preclean-start]
2017-12-17T16:10:50.120+0300: 625.883: [CMS-concurrent-preclean: 0.001/0.001 secs] [Times: user=0.00 sys=0.00, real=0.00 secs] 
2017-12-17T16:10:50.120+0300: 625.883: [CMS-concurrent-abortable-preclean-start]
2017-12-17T16:10:50.120+0300: 625.883: [CMS-concurrent-abortable-preclean: 0.000/0.000 secs] [Times: user=0.00 sys=0.00, real=0.00 secs] 
2017-12-17T16:10:50.124+0300: 625.886: [GC (CMS Final Remark) [YG occupancy: 139776 K (157248 K)]2017-12-17T16:10:50.124+0300: 625.886: [Rescan (parallel) , 0.0251517 secs]2017-12-17T16:10:50.149+0300: 625.911: [weak refs processing, 0.0000191 secs]2017-12-17T16:10:50.149+0300: 625.911: [class unloading, 0.0011937 secs]2017-12-17T16:10:50.150+0300: 625.912: [scrub symbol table, 0.0010572 secs]2017-12-17T16:10:50.151+0300: 625.913: [scrub string table, 0.0001368 secs][1 CMS-remark: 300442K(349568K)] 440218K(506816K), 0.0276321 secs] [Times: user=0.08 sys=0.00, real=0.03 secs] 
2017-12-17T16:10:50.151+0300: 625.914: [CMS-concurrent-sweep-start]
2017-12-17T16:10:50.261+0300: 626.023: [CMS-concurrent-sweep: 0.109/0.109 secs] [Times: user=0.22 sys=0.00, real=0.11 secs] 
2017-12-17T16:10:50.261+0300: 626.023: [CMS-concurrent-reset-start]
2017-12-17T16:10:50.261+0300: 626.024: [CMS-concurrent-reset: 0.001/0.001 secs] [Times: user=0.00 sys=0.00, real=0.00 secs] 
2017-12-17T16:10:52.263+0300: 628.024: [GC (CMS Initial Mark) [1 CMS-initial-mark: 300339K(349568K)] 440115K(506816K), 0.0236070 secs] [Times: user=0.06 sys=0.00, real=0.02 secs] 
2017-12-17T16:10:52.286+0300: 628.048: [CMS-concurrent-mark-start]
2017-12-17T16:10:52.557+0300: 628.318: [CMS-concurrent-mark: 0.270/0.270 secs] [Times: user=0.84 sys=0.00, real=0.27 secs] 
2017-12-17T16:10:52.557+0300: 628.318: [CMS-concurrent-preclean-start]
2017-12-17T16:10:52.557+0300: 628.319: [CMS-concurrent-preclean: 0.001/0.001 secs] [Times: user=0.00 sys=0.00, real=0.00 secs] 
2017-12-17T16:10:52.557+0300: 628.319: [CMS-concurrent-abortable-preclean-start]
2017-12-17T16:10:52.557+0300: 628.319: [CMS-concurrent-abortable-preclean: 0.000/0.000 secs] [Times: user=0.00 sys=0.00, real=0.00 secs] 
2017-12-17T16:10:52.559+0300: 628.320: [GC (CMS Final Remark) [YG occupancy: 139776 K (157248 K)]2017-12-17T16:10:52.559+0300: 628.320: [Rescan (parallel) , 0.0255839 secs]2017-12-17T16:10:52.584+0300: 628.346: [weak refs processing, 0.0000148 secs]2017-12-17T16:10:52.584+0300: 628.346: [class unloading, 0.0013522 secs]2017-12-17T16:10:52.586+0300: 628.347: [scrub symbol table, 0.0012168 secs]2017-12-17T16:10:52.587+0300: 628.348: [scrub string table, 0.0001457 secs][1 CMS-remark: 300339K(349568K)] 440115K(506816K), 0.0283807 secs] [Times: user=0.08 sys=0.00, real=0.03 secs] 
2017-12-17T16:10:52.587+0300: 628.349: [CMS-concurrent-sweep-start]
2017-12-17T16:10:52.627+0300: 628.388: [GC (Allocation Failure) 2017-12-17T16:10:52.627+0300: 628.388: [ParNew: 139776K->139776K(157248K), 0.0000185 secs]2017-12-17T16:10:52.627+0300: 628.388: [CMS2017-12-17T16:10:52.700+0300: 628.461: [CMS-concurrent-sweep: 0.110/0.113 secs] [Times: user=0.14 sys=0.00, real=0.11 secs] 
 (concurrent mode failure): 300239K->349567K(349568K), 0.9723648 secs] 440015K->425639K(506816K), [Metaspace: 9666K->9666K(1058816K)], 0.9724626 secs] [Times: user=0.94 sys=0.03, real=0.97 secs] 
2017-12-17T16:10:55.600+0300: 631.361: [GC (CMS Initial Mark) [1 CMS-initial-mark: 349567K(349568K)] 426701K(506816K), 0.0520838 secs] [Times: user=0.05 sys=0.00, real=0.05 secs] 
2017-12-17T16:10:55.652+0300: 631.413: [CMS-concurrent-mark-start]
2017-12-17T16:10:55.966+0300: 631.727: [CMS-concurrent-mark: 0.314/0.314 secs] [Times: user=0.94 sys=0.00, real=0.31 secs] 
2017-12-17T16:10:55.966+0300: 631.727: [CMS-concurrent-preclean-start]
2017-12-17T16:10:56.283+0300: 632.045: [CMS-concurrent-preclean: 0.318/0.318 secs] [Times: user=0.62 sys=0.00, real=0.32 secs] 
2017-12-17T16:10:56.283+0300: 632.045: [CMS-concurrent-abortable-preclean-start]
2017-12-17T16:10:56.283+0300: 632.045: [CMS-concurrent-abortable-preclean: 0.000/0.000 secs] [Times: user=0.00 sys=0.00, real=0.00 secs] 
2017-12-17T16:10:56.285+0300: 632.046: [GC (CMS Final Remark) [YG occupancy: 77133 K (157248 K)]2017-12-17T16:10:56.285+0300: 632.046: [Rescan (parallel) , 0.0575920 secs]2017-12-17T16:10:56.342+0300: 632.104: [weak refs processing, 0.0000151 secs]2017-12-17T16:10:56.342+0300: 632.104: [class unloading, 0.0012465 secs]2017-12-17T16:10:56.343+0300: 632.105: [scrub symbol table, 0.0010503 secs]2017-12-17T16:10:56.345+0300: 632.106: [scrub string table, 0.0001386 secs][1 CMS-remark: 349567K(349568K)] 426701K(506816K), 0.0601303 secs] [Times: user=0.22 sys=0.00, real=0.06 secs] 
2017-12-17T16:10:56.345+0300: 632.106: [CMS-concurrent-sweep-start]
2017-12-17T16:10:56.475+0300: 632.236: [CMS-concurrent-sweep: 0.130/0.130 secs] [Times: user=0.28 sys=0.00, real=0.13 secs] 
2017-12-17T16:10:56.475+0300: 632.236: [CMS-concurrent-reset-start]
2017-12-17T16:10:56.475+0300: 632.237: [CMS-concurrent-reset: 0.001/0.001 secs] [Times: user=0.00 sys=0.00, real=0.00 secs] 
2017-12-17T16:10:58.475+0300: 634.237: [GC (CMS Initial Mark) [1 CMS-initial-mark: 349471K(349568K)] 427054K(506816K), 0.0520622 secs] [Times: user=0.05 sys=0.00, real=0.05 secs] 
2017-12-17T16:10:58.527+0300: 634.289: [CMS-concurrent-mark-start]
2017-12-17T16:10:58.830+0300: 634.592: [CMS-concurrent-mark: 0.303/0.303 secs] [Times: user=0.94 sys=0.00, real=0.30 secs] 
2017-12-17T16:10:58.830+0300: 634.592: [CMS-concurrent-preclean-start]
2017-12-17T16:10:58.831+0300: 634.593: [CMS-concurrent-preclean: 0.001/0.001 secs] [Times: user=0.00 sys=0.00, real=0.00 secs] 
2017-12-17T16:10:58.831+0300: 634.593: [CMS-concurrent-abortable-preclean-start]
2017-12-17T16:10:58.831+0300: 634.593: [CMS-concurrent-abortable-preclean: 0.000/0.000 secs] [Times: user=0.00 sys=0.00, real=0.00 secs] 
2017-12-17T16:10:58.834+0300: 634.595: [GC (CMS Final Remark) [YG occupancy: 77582 K (157248 K)]2017-12-17T16:10:58.834+0300: 634.595: [Rescan (parallel) , 0.0579666 secs]2017-12-17T16:10:58.892+0300: 634.653: [weak refs processing, 0.0000154 secs]2017-12-17T16:10:58.892+0300: 634.653: [class unloading, 0.0012436 secs]2017-12-17T16:10:58.893+0300: 634.655: [scrub symbol table, 0.0010734 secs]2017-12-17T16:10:58.894+0300: 634.656: [scrub string table, 0.0001417 secs][1 CMS-remark: 349471K(349568K)] 427054K(506816K), 0.0605069 secs] [Times: user=0.33 sys=0.00, real=0.06 secs] 
2017-12-17T16:10:58.894+0300: 634.656: [CMS-concurrent-sweep-start]
2017-12-17T16:10:59.018+0300: 634.780: [CMS-concurrent-sweep: 0.124/0.124 secs] [Times: user=0.25 sys=0.00, real=0.12 secs] 
2017-12-17T16:10:59.018+0300: 634.780: [CMS-concurrent-reset-start]
2017-12-17T16:10:59.019+0300: 634.781: [CMS-concurrent-reset: 0.001/0.001 secs] [Times: user=0.00 sys=0.00, real=0.00 secs] 
2017-12-17T16:11:01.020+0300: 636.782: [GC (CMS Initial Mark) [1 CMS-initial-mark: 349362K(349568K)] 426945K(506816K), 0.0526175 secs] [Times: user=0.05 sys=0.00, real=0.05 secs] 
2017-12-17T16:11:01.072+0300: 636.834: [CMS-concurrent-mark-start]
2017-12-17T16:11:01.380+0300: 637.142: [CMS-concurrent-mark: 0.308/0.308 secs] [Times: user=0.94 sys=0.00, real=0.31 secs] 
2017-12-17T16:11:01.380+0300: 637.142: [CMS-concurrent-preclean-start]
2017-12-17T16:11:01.381+0300: 637.143: [CMS-concurrent-preclean: 0.001/0.001 secs] [Times: user=0.00 sys=0.00, real=0.00 secs] 
2017-12-17T16:11:01.381+0300: 637.143: [CMS-concurrent-abortable-preclean-start]
2017-12-17T16:11:01.381+0300: 637.143: [CMS-concurrent-abortable-preclean: 0.000/0.000 secs] [Times: user=0.00 sys=0.00, real=0.00 secs] 
2017-12-17T16:11:01.381+0300: 637.143: [GC (CMS Final Remark) [YG occupancy: 77582 K (157248 K)]2017-12-17T16:11:01.381+0300: 637.143: [Rescan (parallel) , 0.0594320 secs]2017-12-17T16:11:01.441+0300: 637.203: [weak refs processing, 0.0000131 secs]2017-12-17T16:11:01.441+0300: 637.203: [class unloading, 0.0011210 secs]2017-12-17T16:11:01.442+0300: 637.204: [scrub symbol table, 0.0007587 secs]2017-12-17T16:11:01.442+0300: 637.204: [scrub string table, 0.0001289 secs][1 CMS-remark: 349362K(349568K)] 426945K(506816K), 0.0615110 secs] [Times: user=0.28 sys=0.00, real=0.06 secs] 
2017-12-17T16:11:01.443+0300: 637.205: [CMS-concurrent-sweep-start]
2017-12-17T16:11:01.566+0300: 637.328: [CMS-concurrent-sweep: 0.124/0.124 secs] [Times: user=0.25 sys=0.00, real=0.12 secs] 
2017-12-17T16:11:01.566+0300: 637.328: [CMS-concurrent-reset-start]
2017-12-17T16:11:01.567+0300: 637.329: [CMS-concurrent-reset: 0.001/0.001 secs] [Times: user=0.00 sys=0.00, real=0.00 secs] 
2017-12-17T16:11:03.568+0300: 639.330: [GC (CMS Initial Mark) [1 CMS-initial-mark: 349274K(349568K)] 426857K(506816K), 0.0536616 secs] [Times: user=0.06 sys=0.00, real=0.05 secs] 
2017-12-17T16:11:03.621+0300: 639.384: [CMS-concurrent-mark-start]
2017-12-17T16:11:03.949+0300: 639.711: [CMS-concurrent-mark: 0.327/0.327 secs] [Times: user=0.98 sys=0.00, real=0.33 secs] 
2017-12-17T16:11:03.949+0300: 639.711: [CMS-concurrent-preclean-start]
2017-12-17T16:11:03.949+0300: 639.711: [CMS-concurrent-preclean: 0.001/0.001 secs] [Times: user=0.00 sys=0.00, real=0.00 secs] 
2017-12-17T16:11:03.949+0300: 639.711: [CMS-concurrent-abortable-preclean-start]
2017-12-17T16:11:03.949+0300: 639.711: [CMS-concurrent-abortable-preclean: 0.000/0.000 secs] [Times: user=0.00 sys=0.00, real=0.00 secs] 
2017-12-17T16:11:03.951+0300: 639.713: [GC (CMS Final Remark) [YG occupancy: 77582 K (157248 K)]2017-12-17T16:11:03.951+0300: 639.713: [Rescan (parallel) , 0.0739394 secs]2017-12-17T16:11:04.025+0300: 639.787: [weak refs processing, 0.0000125 secs]2017-12-17T16:11:04.025+0300: 639.787: [class unloading, 0.0011205 secs]2017-12-17T16:11:04.026+0300: 639.788: [scrub symbol table, 0.0007997 secs]2017-12-17T16:11:04.026+0300: 639.789: [scrub string table, 0.0001340 secs][1 CMS-remark: 349274K(349568K)] 426857K(506816K), 0.0760600 secs] [Times: user=0.47 sys=0.00, real=0.08 secs] 
2017-12-17T16:11:04.027+0300: 639.789: [CMS-concurrent-sweep-start]
2017-12-17T16:11:04.151+0300: 639.913: [CMS-concurrent-sweep: 0.125/0.125 secs] [Times: user=0.25 sys=0.00, real=0.12 secs] 
2017-12-17T16:11:04.151+0300: 639.913: [CMS-concurrent-reset-start]
2017-12-17T16:11:04.152+0300: 639.914: [CMS-concurrent-reset: 0.001/0.001 secs] [Times: user=0.00 sys=0.00, real=0.00 secs] 
2017-12-17T16:11:06.153+0300: 641.915: [GC (CMS Initial Mark) [1 CMS-initial-mark: 349189K(349568K)] 426772K(506816K), 0.0551558 secs] [Times: user=0.06 sys=0.00, real=0.05 secs] 
2017-12-17T16:11:06.208+0300: 641.970: [CMS-concurrent-mark-start]
2017-12-17T16:11:06.520+0300: 642.283: [CMS-concurrent-mark: 0.313/0.313 secs] [Times: user=0.94 sys=0.00, real=0.31 secs] 
2017-12-17T16:11:06.520+0300: 642.283: [CMS-concurrent-preclean-start]
2017-12-17T16:11:06.521+0300: 642.283: [CMS-concurrent-preclean: 0.001/0.001 secs] [Times: user=0.00 sys=0.00, real=0.00 secs] 
2017-12-17T16:11:06.521+0300: 642.283: [CMS-concurrent-abortable-preclean-start]
2017-12-17T16:11:06.521+0300: 642.283: [CMS-concurrent-abortable-preclean: 0.000/0.000 secs] [Times: user=0.00 sys=0.00, real=0.00 secs] 
2017-12-17T16:11:06.521+0300: 642.284: [GC (CMS Final Remark) [YG occupancy: 77582 K (157248 K)]2017-12-17T16:11:06.521+0300: 642.284: [Rescan (parallel) , 0.0592610 secs]2017-12-17T16:11:06.581+0300: 642.343: [weak refs processing, 0.0000157 secs]2017-12-17T16:11:06.581+0300: 642.343: [class unloading, 0.0011310 secs]2017-12-17T16:11:06.582+0300: 642.344: [scrub symbol table, 0.0007686 secs]2017-12-17T16:11:06.583+0300: 642.345: [scrub string table, 0.0001237 secs][1 CMS-remark: 349189K(349568K)] 426772K(506816K), 0.0613642 secs] [Times: user=0.30 sys=0.00, real=0.06 secs] 
2017-12-17T16:11:06.583+0300: 642.345: [CMS-concurrent-sweep-start]
2017-12-17T16:11:06.706+0300: 642.469: [CMS-concurrent-sweep: 0.123/0.123 secs] [Times: user=0.25 sys=0.00, real=0.12 secs] 
2017-12-17T16:11:06.706+0300: 642.469: [CMS-concurrent-reset-start]
2017-12-17T16:11:06.707+0300: 642.469: [CMS-concurrent-reset: 0.001/0.001 secs] [Times: user=0.00 sys=0.00, real=0.00 secs] 
2017-12-17T16:11:08.708+0300: 644.470: [GC (CMS Initial Mark) [1 CMS-initial-mark: 349106K(349568K)] 426689K(506816K), 0.0537682 secs] [Times: user=0.05 sys=0.00, real=0.05 secs] 
2017-12-17T16:11:08.761+0300: 644.524: [CMS-concurrent-mark-start]
2017-12-17T16:11:09.057+0300: 644.819: [CMS-concurrent-mark: 0.296/0.296 secs] [Times: user=0.89 sys=0.00, real=0.30 secs] 
2017-12-17T16:11:09.057+0300: 644.819: [CMS-concurrent-preclean-start]
2017-12-17T16:11:09.058+0300: 644.820: [CMS-concurrent-preclean: 0.001/0.001 secs] [Times: user=0.00 sys=0.00, real=0.00 secs] 
2017-12-17T16:11:09.058+0300: 644.820: [CMS-concurrent-abortable-preclean-start]
2017-12-17T16:11:09.058+0300: 644.820: [CMS-concurrent-abortable-preclean: 0.000/0.000 secs] [Times: user=0.00 sys=0.00, real=0.00 secs] 
2017-12-17T16:11:09.060+0300: 644.822: [GC (CMS Final Remark) [YG occupancy: 77582 K (157248 K)]2017-12-17T16:11:09.060+0300: 644.822: [Rescan (parallel) , 0.0579931 secs]2017-12-17T16:11:09.118+0300: 644.880: [weak refs processing, 0.0000160 secs]2017-12-17T16:11:09.118+0300: 644.880: [class unloading, 0.0011604 secs]2017-12-17T16:11:09.119+0300: 644.881: [scrub symbol table, 0.0007726 secs]2017-12-17T16:11:09.120+0300: 644.882: [scrub string table, 0.0001246 secs][1 CMS-remark: 349106K(349568K)] 426689K(506816K), 0.0601340 secs] [Times: user=0.22 sys=0.00, real=0.06 secs] 
2017-12-17T16:11:09.120+0300: 644.882: [CMS-concurrent-sweep-start]
2017-12-17T16:11:09.286+0300: 645.048: [CMS-concurrent-sweep: 0.166/0.166 secs] [Times: user=0.34 sys=0.00, real=0.17 secs] 
2017-12-17T16:11:09.286+0300: 645.049: [CMS-concurrent-reset-start]
2017-12-17T16:11:09.287+0300: 645.049: [CMS-concurrent-reset: 0.001/0.001 secs] [Times: user=0.00 sys=0.00, real=0.00 secs] 
2017-12-17T16:11:11.288+0300: 647.049: [GC (CMS Initial Mark) [1 CMS-initial-mark: 349027K(349568K)] 426610K(506816K), 0.0523495 secs] [Times: user=0.06 sys=0.00, real=0.05 secs] 
2017-12-17T16:11:11.340+0300: 647.102: [CMS-concurrent-mark-start]
2017-12-17T16:11:11.651+0300: 647.413: [CMS-concurrent-mark: 0.311/0.311 secs] [Times: user=0.94 sys=0.00, real=0.31 secs] 
2017-12-17T16:11:11.651+0300: 647.413: [CMS-concurrent-preclean-start]
2017-12-17T16:11:11.652+0300: 647.413: [CMS-concurrent-preclean: 0.001/0.001 secs] [Times: user=0.00 sys=0.00, real=0.00 secs] 
2017-12-17T16:11:11.652+0300: 647.413: [CMS-concurrent-abortable-preclean-start]
2017-12-17T16:11:11.652+0300: 647.413: [CMS-concurrent-abortable-preclean: 0.000/0.000 secs] [Times: user=0.00 sys=0.00, real=0.00 secs] 
2017-12-17T16:11:11.654+0300: 647.415: [GC (CMS Final Remark) [YG occupancy: 77582 K (157248 K)]2017-12-17T16:11:11.654+0300: 647.415: [Rescan (parallel) , 0.0906732 secs]2017-12-17T16:11:11.744+0300: 647.506: [weak refs processing, 0.0000134 secs]2017-12-17T16:11:11.744+0300: 647.506: [class unloading, 0.0011073 secs]2017-12-17T16:11:11.745+0300: 647.507: [scrub symbol table, 0.0008105 secs]2017-12-17T16:11:11.746+0300: 647.508: [scrub string table, 0.0001240 secs][1 CMS-remark: 349027K(349568K)] 426610K(506816K), 0.0927884 secs] [Times: user=0.45 sys=0.00, real=0.09 secs] 
2017-12-17T16:11:11.746+0300: 647.508: [CMS-concurrent-sweep-start]
2017-12-17T16:11:11.870+0300: 647.631: [CMS-concurrent-sweep: 0.123/0.123 secs] [Times: user=0.25 sys=0.00, real=0.12 secs] 
2017-12-17T16:11:11.870+0300: 647.631: [CMS-concurrent-reset-start]
2017-12-17T16:11:11.870+0300: 647.632: [CMS-concurrent-reset: 0.001/0.001 secs] [Times: user=0.00 sys=0.00, real=0.00 secs] 
2017-12-17T16:11:13.872+0300: 649.633: [GC (CMS Initial Mark) [1 CMS-initial-mark: 348952K(349568K)] 426985K(506816K), 0.0526925 secs] [Times: user=0.05 sys=0.00, real=0.05 secs] 
2017-12-17T16:11:13.924+0300: 649.686: [CMS-concurrent-mark-start]
2017-12-17T16:11:14.233+0300: 649.994: [CMS-concurrent-mark: 0.308/0.308 secs] [Times: user=0.94 sys=0.00, real=0.31 secs] 
2017-12-17T16:11:14.233+0300: 649.994: [CMS-concurrent-preclean-start]
2017-12-17T16:11:14.233+0300: 649.995: [CMS-concurrent-preclean: 0.001/0.001 secs] [Times: user=0.00 sys=0.00, real=0.00 secs] 
2017-12-17T16:11:14.233+0300: 649.995: [CMS-concurrent-abortable-preclean-start]
2017-12-17T16:11:14.233+0300: 649.995: [CMS-concurrent-abortable-preclean: 0.000/0.000 secs] [Times: user=0.00 sys=0.00, real=0.00 secs] 
2017-12-17T16:11:14.236+0300: 649.997: [GC (CMS Final Remark) [YG occupancy: 78032 K (157248 K)]2017-12-17T16:11:14.236+0300: 649.997: [Rescan (parallel) , 0.0577320 secs]2017-12-17T16:11:14.293+0300: 650.055: [weak refs processing, 0.0000143 secs]2017-12-17T16:11:14.293+0300: 650.055: [class unloading, 0.0011130 secs]2017-12-17T16:11:14.294+0300: 650.056: [scrub symbol table, 0.0007661 secs]2017-12-17T16:11:14.295+0300: 650.057: [scrub string table, 0.0001226 secs][1 CMS-remark: 348952K(349568K)] 426985K(506816K), 0.0598146 secs] [Times: user=0.30 sys=0.00, real=0.06 secs] 
2017-12-17T16:11:14.295+0300: 650.057: [CMS-concurrent-sweep-start]
2017-12-17T16:11:14.418+0300: 650.180: [CMS-concurrent-sweep: 0.123/0.123 secs] [Times: user=0.25 sys=0.00, real=0.12 secs] 
2017-12-17T16:11:14.418+0300: 650.180: [CMS-concurrent-reset-start]
2017-12-17T16:11:14.419+0300: 650.180: [CMS-concurrent-reset: 0.001/0.001 secs] [Times: user=0.00 sys=0.00, real=0.00 secs] 
2017-12-17T16:11:16.421+0300: 652.182: [GC (CMS Initial Mark) [1 CMS-initial-mark: 348882K(349568K)] 426915K(506816K), 0.0535957 secs] [Times: user=0.06 sys=0.00, real=0.05 secs] 
2017-12-17T16:11:16.474+0300: 652.236: [CMS-concurrent-mark-start]
2017-12-17T16:11:16.787+0300: 652.549: [CMS-concurrent-mark: 0.313/0.313 secs] [Times: user=0.94 sys=0.00, real=0.31 secs] 
2017-12-17T16:11:16.787+0300: 652.549: [CMS-concurrent-preclean-start]
2017-12-17T16:11:16.788+0300: 652.550: [CMS-concurrent-preclean: 0.001/0.001 secs] [Times: user=0.00 sys=0.00, real=0.00 secs] 
2017-12-17T16:11:16.788+0300: 652.550: [CMS-concurrent-abortable-preclean-start]
2017-12-17T16:11:16.788+0300: 652.550: [CMS-concurrent-abortable-preclean: 0.000/0.000 secs] [Times: user=0.00 sys=0.00, real=0.00 secs] 
2017-12-17T16:11:16.791+0300: 652.552: [GC (CMS Final Remark) [YG occupancy: 78488 K (157248 K)]2017-12-17T16:11:16.791+0300: 652.552: [Rescan (parallel) , 0.0733370 secs]2017-12-17T16:11:16.864+0300: 652.626: [weak refs processing, 0.0000125 secs]2017-12-17T16:11:16.864+0300: 652.626: [class unloading, 0.0011113 secs]2017-12-17T16:11:16.865+0300: 652.627: [scrub symbol table, 0.0007746 secs]2017-12-17T16:11:16.866+0300: 652.628: [scrub string table, 0.0001220 secs][1 CMS-remark: 348882K(349568K)] 427371K(506816K), 0.0754203 secs] [Times: user=0.45 sys=0.00, real=0.08 secs] 
2017-12-17T16:11:16.866+0300: 652.628: [CMS-concurrent-sweep-start]
2017-12-17T16:11:16.989+0300: 652.751: [CMS-concurrent-sweep: 0.123/0.123 secs] [Times: user=0.25 sys=0.00, real=0.12 secs] 
2017-12-17T16:11:16.989+0300: 652.751: [CMS-concurrent-reset-start]
2017-12-17T16:11:16.990+0300: 652.752: [CMS-concurrent-reset: 0.001/0.001 secs] [Times: user=0.00 sys=0.00, real=0.00 secs] 
2017-12-17T16:11:18.990+0300: 654.752: [GC (CMS Initial Mark) [1 CMS-initial-mark: 348811K(349568K)] 427300K(506816K), 0.0537779 secs] [Times: user=0.05 sys=0.02, real=0.05 secs] 
2017-12-17T16:11:19.044+0300: 654.806: [CMS-concurrent-mark-start]
2017-12-17T16:11:19.353+0300: 655.115: [CMS-concurrent-mark: 0.309/0.309 secs] [Times: user=0.89 sys=0.00, real=0.31 secs] 
2017-12-17T16:11:19.353+0300: 655.115: [CMS-concurrent-preclean-start]
2017-12-17T16:11:19.354+0300: 655.116: [CMS-concurrent-preclean: 0.001/0.001 secs] [Times: user=0.00 sys=0.00, real=0.00 secs] 
2017-12-17T16:11:19.354+0300: 655.116: [CMS-concurrent-abortable-preclean-start]
2017-12-17T16:11:19.354+0300: 655.116: [CMS-concurrent-abortable-preclean: 0.000/0.000 secs] [Times: user=0.00 sys=0.00, real=0.00 secs] 
2017-12-17T16:11:19.357+0300: 655.118: [GC (CMS Final Remark) [YG occupancy: 78488 K (157248 K)]2017-12-17T16:11:19.357+0300: 655.118: [Rescan (parallel) , 0.0578919 secs]2017-12-17T16:11:19.414+0300: 655.176: [weak refs processing, 0.0000131 secs]2017-12-17T16:11:19.415+0300: 655.176: [class unloading, 0.0011085 secs]2017-12-17T16:11:19.416+0300: 655.178: [scrub symbol table, 0.0007607 secs]2017-12-17T16:11:19.416+0300: 655.178: [scrub string table, 0.0001223 secs][1 CMS-remark: 348811K(349568K)] 427300K(506816K), 0.0599549 secs] [Times: user=0.22 sys=0.00, real=0.06 secs] 
2017-12-17T16:11:19.417+0300: 655.178: [CMS-concurrent-sweep-start]
2017-12-17T16:11:19.540+0300: 655.302: [CMS-concurrent-sweep: 0.124/0.124 secs] [Times: user=0.25 sys=0.00, real=0.12 secs] 
2017-12-17T16:11:19.540+0300: 655.302: [CMS-concurrent-reset-start]
2017-12-17T16:11:19.541+0300: 655.303: [CMS-concurrent-reset: 0.001/0.001 secs] [Times: user=0.00 sys=0.00, real=0.00 secs] 
2017-12-17T16:11:21.543+0300: 657.305: [GC (CMS Initial Mark) [1 CMS-initial-mark: 348746K(349568K)] 427234K(506816K), 0.0537180 secs] [Times: user=0.05 sys=0.00, real=0.05 secs] 
2017-12-17T16:11:21.596+0300: 657.358: [CMS-concurrent-mark-start]
2017-12-17T16:11:21.905+0300: 657.667: [CMS-concurrent-mark: 0.309/0.309 secs] [Times: user=0.94 sys=0.00, real=0.31 secs] 
2017-12-17T16:11:21.905+0300: 657.667: [CMS-concurrent-preclean-start]
2017-12-17T16:11:21.906+0300: 657.668: [CMS-concurrent-preclean: 0.001/0.001 secs] [Times: user=0.00 sys=0.00, real=0.00 secs] 
2017-12-17T16:11:21.906+0300: 657.668: [CMS-concurrent-abortable-preclean-start]
2017-12-17T16:11:21.906+0300: 657.668: [CMS-concurrent-abortable-preclean: 0.000/0.000 secs] [Times: user=0.00 sys=0.00, real=0.00 secs] 
2017-12-17T16:11:21.909+0300: 657.671: [GC (CMS Final Remark) [YG occupancy: 78488 K (157248 K)]2017-12-17T16:11:21.909+0300: 657.671: [Rescan (parallel) , 0.0579789 secs]2017-12-17T16:11:21.967+0300: 657.729: [weak refs processing, 0.0000123 secs]2017-12-17T16:11:21.967+0300: 657.729: [class unloading, 0.0011470 secs]2017-12-17T16:11:21.968+0300: 657.730: [scrub symbol table, 0.0007789 secs]2017-12-17T16:11:21.968+0300: 657.731: [scrub string table, 0.0001237 secs][1 CMS-remark: 348746K(349568K)] 427234K(506816K), 0.0600960 secs] [Times: user=0.30 sys=0.00, real=0.06 secs] 
2017-12-17T16:11:21.969+0300: 657.731: [CMS-concurrent-sweep-start]
2017-12-17T16:11:22.112+0300: 657.875: [CMS-concurrent-sweep: 0.144/0.144 secs] [Times: user=0.28 sys=0.00, real=0.14 secs] 
2017-12-17T16:11:22.113+0300: 657.875: [CMS-concurrent-reset-start]
2017-12-17T16:11:22.113+0300: 657.875: [CMS-concurrent-reset: 0.001/0.001 secs] [Times: user=0.00 sys=0.00, real=0.00 secs] 
2017-12-17T16:11:24.113+0300: 659.875: [GC (CMS Initial Mark) [1 CMS-initial-mark: 348682K(349568K)] 427171K(506816K), 0.0532582 secs] [Times: user=0.08 sys=0.00, real=0.05 secs] 
2017-12-17T16:11:24.166+0300: 659.928: [CMS-concurrent-mark-start]
2017-12-17T16:11:24.462+0300: 660.224: [CMS-concurrent-mark: 0.296/0.296 secs] [Times: user=0.89 sys=0.00, real=0.30 secs] 
2017-12-17T16:11:24.462+0300: 660.224: [CMS-concurrent-preclean-start]
2017-12-17T16:11:24.463+0300: 660.225: [CMS-concurrent-preclean: 0.001/0.001 secs] [Times: user=0.00 sys=0.00, real=0.00 secs] 
2017-12-17T16:11:24.463+0300: 660.225: [CMS-concurrent-abortable-preclean-start]
2017-12-17T16:11:24.463+0300: 660.225: [CMS-concurrent-abortable-preclean: 0.000/0.000 secs] [Times: user=0.00 sys=0.00, real=0.00 secs] 
2017-12-17T16:11:24.465+0300: 660.227: [GC (CMS Final Remark) [YG occupancy: 78488 K (157248 K)]2017-12-17T16:11:24.465+0300: 660.227: [Rescan (parallel) , 0.0924976 secs]2017-12-17T16:11:24.557+0300: 660.319: [weak refs processing, 0.0000145 secs]2017-12-17T16:11:24.557+0300: 660.319: [class unloading, 0.0011458 secs]2017-12-17T16:11:24.558+0300: 660.320: [scrub symbol table, 0.0007621 secs]2017-12-17T16:11:24.559+0300: 660.321: [scrub string table, 0.0001215 secs][1 CMS-remark: 348682K(349568K)] 427171K(506816K), 0.0946048 secs] [Times: user=0.45 sys=0.00, real=0.09 secs] 
2017-12-17T16:11:24.559+0300: 660.321: [CMS-concurrent-sweep-start]
2017-12-17T16:11:24.702+0300: 660.464: [CMS-concurrent-sweep: 0.143/0.143 secs] [Times: user=0.28 sys=0.00, real=0.14 secs] 
2017-12-17T16:11:24.702+0300: 660.464: [CMS-concurrent-reset-start]
2017-12-17T16:11:24.703+0300: 660.465: [CMS-concurrent-reset: 0.001/0.001 secs] [Times: user=0.00 sys=0.00, real=0.00 secs] 
2017-12-17T16:11:26.705+0300: 662.467: [GC (CMS Initial Mark) [1 CMS-initial-mark: 348621K(349568K)] 427110K(506816K), 0.0526033 secs] [Times: user=0.05 sys=0.00, real=0.05 secs] 
2017-12-17T16:11:26.757+0300: 662.520: [CMS-concurrent-mark-start]
2017-12-17T16:11:27.066+0300: 662.828: [CMS-concurrent-mark: 0.308/0.308 secs] [Times: user=0.94 sys=0.00, real=0.31 secs] 
2017-12-17T16:11:27.066+0300: 662.828: [CMS-concurrent-preclean-start]
2017-12-17T16:11:27.067+0300: 662.828: [CMS-concurrent-preclean: 0.001/0.001 secs] [Times: user=0.00 sys=0.00, real=0.00 secs] 
2017-12-17T16:11:27.067+0300: 662.828: [CMS-concurrent-abortable-preclean-start]
2017-12-17T16:11:27.067+0300: 662.828: [CMS-concurrent-abortable-preclean: 0.000/0.000 secs] [Times: user=0.00 sys=0.00, real=0.00 secs] 
2017-12-17T16:11:27.069+0300: 662.830: [GC (CMS Final Remark) [YG occupancy: 78488 K (157248 K)]2017-12-17T16:11:27.069+0300: 662.830: [Rescan (parallel) , 0.0576214 secs]2017-12-17T16:11:27.126+0300: 662.888: [weak refs processing, 0.0000125 secs]2017-12-17T16:11:27.126+0300: 662.888: [class unloading, 0.0011224 secs]2017-12-17T16:11:27.127+0300: 662.889: [scrub symbol table, 0.0007792 secs]2017-12-17T16:11:27.128+0300: 662.889: [scrub string table, 0.0001217 secs][1 CMS-remark: 348621K(349568K)] 427110K(506816K), 0.0597166 secs] [Times: user=0.30 sys=0.00, real=0.06 secs] 
2017-12-17T16:11:27.128+0300: 662.890: [CMS-concurrent-sweep-start]
2017-12-17T16:11:27.252+0300: 663.014: [CMS-concurrent-sweep: 0.124/0.124 secs] [Times: user=0.25 sys=0.00, real=0.12 secs] 
2017-12-17T16:11:27.252+0300: 663.014: [CMS-concurrent-reset-start]
2017-12-17T16:11:27.253+0300: 663.014: [CMS-concurrent-reset: 0.001/0.001 secs] [Times: user=0.00 sys=0.00, real=0.00 secs] 
2017-12-17T16:11:29.253+0300: 665.014: [GC (CMS Initial Mark) [1 CMS-initial-mark: 348561K(349568K)] 427049K(506816K), 0.0527433 secs] [Times: user=0.05 sys=0.00, real=0.05 secs] 
2017-12-17T16:11:29.305+0300: 665.067: [CMS-concurrent-mark-start]
2017-12-17T16:11:29.600+0300: 665.362: [CMS-concurrent-mark: 0.295/0.295 secs] [Times: user=0.89 sys=0.00, real=0.29 secs] 
2017-12-17T16:11:29.600+0300: 665.362: [CMS-concurrent-preclean-start]
2017-12-17T16:11:29.601+0300: 665.362: [CMS-concurrent-preclean: 0.001/0.001 secs] [Times: user=0.00 sys=0.00, real=0.00 secs] 
2017-12-17T16:11:29.601+0300: 665.362: [CMS-concurrent-abortable-preclean-start]
2017-12-17T16:11:29.601+0300: 665.362: [CMS-concurrent-abortable-preclean: 0.000/0.000 secs] [Times: user=0.00 sys=0.00, real=0.00 secs] 
2017-12-17T16:11:29.604+0300: 665.365: [GC (CMS Final Remark) [YG occupancy: 78488 K (157248 K)]2017-12-17T16:11:29.604+0300: 665.365: [Rescan (parallel) , 0.0576385 secs]2017-12-17T16:11:29.661+0300: 665.423: [weak refs processing, 0.0000182 secs]2017-12-17T16:11:29.661+0300: 665.423: [class unloading, 0.0011598 secs]2017-12-17T16:11:29.662+0300: 665.424: [scrub symbol table, 0.0007763 secs]2017-12-17T16:11:29.663+0300: 665.425: [scrub string table, 0.0001254 secs][1 CMS-remark: 348561K(349568K)] 427049K(506816K), 0.0597858 secs] [Times: user=0.26 sys=0.00, real=0.06 secs] 
2017-12-17T16:11:29.663+0300: 665.425: [CMS-concurrent-sweep-start]
2017-12-17T16:11:29.786+0300: 665.548: [CMS-concurrent-sweep: 0.123/0.123 secs] [Times: user=0.25 sys=0.00, real=0.12 secs] 
2017-12-17T16:11:29.786+0300: 665.548: [CMS-concurrent-reset-start]
2017-12-17T16:11:29.787+0300: 665.549: [CMS-concurrent-reset: 0.001/0.001 secs] [Times: user=0.00 sys=0.00, real=0.00 secs] 
2017-12-17T16:11:31.787+0300: 667.548: [GC (CMS Initial Mark) [1 CMS-initial-mark: 348502K(349568K)] 429450K(506816K), 0.0993922 secs] [Times: user=0.12 sys=0.00, real=0.10 secs] 
2017-12-17T16:11:31.886+0300: 667.648: [CMS-concurrent-mark-start]
2017-12-17T16:11:32.191+0300: 667.952: [CMS-concurrent-mark: 0.305/0.305 secs] [Times: user=0.59 sys=0.00, real=0.31 secs] 
2017-12-17T16:11:32.191+0300: 667.952: [CMS-concurrent-preclean-start]
2017-12-17T16:11:32.191+0300: 667.953: [CMS-concurrent-preclean: 0.001/0.001 secs] [Times: user=0.00 sys=0.00, real=0.00 secs] 
2017-12-17T16:11:32.191+0300: 667.953: [CMS-concurrent-abortable-preclean-start]
2017-12-17T16:11:32.191+0300: 667.953: [CMS-concurrent-abortable-preclean: 0.000/0.000 secs] [Times: user=0.00 sys=0.00, real=0.00 secs] 
2017-12-17T16:11:32.192+0300: 667.953: [GC (CMS Final Remark) [YG occupancy: 80948 K (157248 K)]2017-12-17T16:11:32.192+0300: 667.953: [Rescan (parallel) , 0.0590015 secs]2017-12-17T16:11:32.251+0300: 668.012: [weak refs processing, 0.0000174 secs]2017-12-17T16:11:32.251+0300: 668.012: [class unloading, 0.0012493 secs]2017-12-17T16:11:32.252+0300: 668.013: [scrub symbol table, 0.0010386 secs]2017-12-17T16:11:32.253+0300: 668.014: [scrub string table, 0.0001394 secs][1 CMS-remark: 348502K(349568K)] 429450K(506816K), 0.0615250 secs] [Times: user=0.28 sys=0.00, real=0.06 secs] 
2017-12-17T16:11:32.253+0300: 668.015: [CMS-concurrent-sweep-start]
2017-12-17T16:11:32.378+0300: 668.139: [CMS-concurrent-sweep: 0.125/0.125 secs] [Times: user=0.13 sys=0.00, real=0.13 secs] 
2017-12-17T16:11:32.378+0300: 668.139: [CMS-concurrent-reset-start]
2017-12-17T16:11:32.378+0300: 668.140: [CMS-concurrent-reset: 0.001/0.001 secs] [Times: user=0.00 sys=0.00, real=0.00 secs] 
2017-12-17T16:11:34.378+0300: 670.139: [GC (CMS Initial Mark) [1 CMS-initial-mark: 348454K(349568K)] 476130K(506816K), 0.0539224 secs] [Times: user=0.11 sys=0.00, real=0.05 secs] 
2017-12-17T16:11:34.432+0300: 670.193: [CMS-concurrent-mark-start]
2017-12-17T16:11:34.729+0300: 670.491: [CMS-concurrent-mark: 0.297/0.297 secs] [Times: user=0.89 sys=0.00, real=0.30 secs] 
2017-12-17T16:11:34.729+0300: 670.491: [CMS-concurrent-preclean-start]
2017-12-17T16:11:34.738+0300: 670.500: [CMS-concurrent-preclean: 0.008/0.009 secs] [Times: user=0.03 sys=0.00, real=0.01 secs] 
2017-12-17T16:11:34.738+0300: 670.500: [CMS-concurrent-abortable-preclean-start]
2017-12-17T16:11:34.738+0300: 670.500: [CMS-concurrent-abortable-preclean: 0.000/0.000 secs] [Times: user=0.00 sys=0.00, real=0.00 secs] 
2017-12-17T16:11:34.739+0300: 670.500: [GC (CMS Final Remark) [YG occupancy: 127675 K (157248 K)]2017-12-17T16:11:34.739+0300: 670.500: [Rescan (parallel) , 0.0793213 secs]2017-12-17T16:11:34.818+0300: 670.580: [weak refs processing, 0.0000185 secs]2017-12-17T16:11:34.818+0300: 670.580: [class unloading, 0.0013146 secs]2017-12-17T16:11:34.819+0300: 670.581: [scrub symbol table, 0.0011005 secs]2017-12-17T16:11:34.820+0300: 670.582: [scrub string table, 0.0001428 secs][1 CMS-remark: 348454K(349568K)] 476130K(506816K), 0.0819779 secs] [Times: user=0.36 sys=0.00, real=0.08 secs] 
2017-12-17T16:11:34.821+0300: 670.582: [CMS-concurrent-sweep-start]
2017-12-17T16:11:34.947+0300: 670.709: [CMS-concurrent-sweep: 0.127/0.127 secs] [Times: user=0.25 sys=0.00, real=0.13 secs] 
2017-12-17T16:11:34.947+0300: 670.709: [CMS-concurrent-reset-start]
2017-12-17T16:11:34.948+0300: 670.709: [CMS-concurrent-reset: 0.001/0.001 secs] [Times: user=0.00 sys=0.00, real=0.00 secs] 
2017-12-17T16:11:36.948+0300: 672.710: [GC (CMS Initial Mark) [1 CMS-initial-mark: 347858K(349568K)] 476758K(506816K), 0.0537682 secs] [Times: user=0.11 sys=0.00, real=0.05 secs] 
2017-12-17T16:11:37.002+0300: 672.763: [CMS-concurrent-mark-start]
2017-12-17T16:11:37.299+0300: 673.061: [CMS-concurrent-mark: 0.297/0.297 secs] [Times: user=0.89 sys=0.00, real=0.30 secs] 
2017-12-17T16:11:37.299+0300: 673.061: [CMS-concurrent-preclean-start]
2017-12-17T16:11:37.304+0300: 673.066: [CMS-concurrent-preclean: 0.005/0.005 secs] [Times: user=0.00 sys=0.00, real=0.00 secs] 
2017-12-17T16:11:37.304+0300: 673.066: [CMS-concurrent-abortable-preclean-start]
2017-12-17T16:11:37.304+0300: 673.066: [CMS-concurrent-abortable-preclean: 0.000/0.000 secs] [Times: user=0.00 sys=0.00, real=0.00 secs] 
2017-12-17T16:11:37.304+0300: 673.066: [GC (CMS Final Remark) [YG occupancy: 128899 K (157248 K)]2017-12-17T16:11:37.304+0300: 673.066: [Rescan (parallel) , 0.0576157 secs]2017-12-17T16:11:37.362+0300: 673.124: [weak refs processing, 0.0000140 secs]2017-12-17T16:11:37.362+0300: 673.124: [class unloading, 0.0011387 secs]2017-12-17T16:11:37.363+0300: 673.125: [scrub symbol table, 0.0010141 secs]2017-12-17T16:11:37.364+0300: 673.126: [scrub string table, 0.0001403 secs][1 CMS-remark: 347858K(349568K)] 476758K(506816K), 0.0599880 secs] [Times: user=0.30 sys=0.00, real=0.06 secs] 
2017-12-17T16:11:37.364+0300: 673.126: [CMS-concurrent-sweep-start]
2017-12-17T16:11:37.491+0300: 673.253: [CMS-concurrent-sweep: 0.127/0.127 secs] [Times: user=0.25 sys=0.00, real=0.13 secs] 
2017-12-17T16:11:37.491+0300: 673.253: [CMS-concurrent-reset-start]
2017-12-17T16:11:37.491+0300: 673.253: [CMS-concurrent-reset: 0.001/0.001 secs] [Times: user=0.00 sys=0.00, real=0.00 secs] 
2017-12-17T16:11:39.491+0300: 675.253: [GC (CMS Initial Mark) [1 CMS-initial-mark: 347301K(349568K)] 476200K(506816K), 0.0525565 secs] [Times: user=0.11 sys=0.00, real=0.05 secs] 
2017-12-17T16:11:39.543+0300: 675.305: [CMS-concurrent-mark-start]
2017-12-17T16:11:39.854+0300: 675.616: [CMS-concurrent-mark: 0.310/0.310 secs] [Times: user=0.89 sys=0.00, real=0.31 secs] 
2017-12-17T16:11:39.854+0300: 675.616: [CMS-concurrent-preclean-start]
2017-12-17T16:11:39.856+0300: 675.618: [CMS-concurrent-preclean: 0.002/0.002 secs] [Times: user=0.03 sys=0.00, real=0.00 secs] 
2017-12-17T16:11:39.856+0300: 675.618: [CMS-concurrent-abortable-preclean-start]
2017-12-17T16:11:39.856+0300: 675.618: [CMS-concurrent-abortable-preclean: 0.000/0.000 secs] [Times: user=0.00 sys=0.00, real=0.00 secs] 
2017-12-17T16:11:39.856+0300: 675.618: [GC (CMS Final Remark) [YG occupancy: 128899 K (157248 K)]2017-12-17T16:11:39.856+0300: 675.618: [Rescan (parallel) , 0.0703132 secs]2017-12-17T16:11:39.927+0300: 675.689: [weak refs processing, 0.0000128 secs]2017-12-17T16:11:39.927+0300: 675.689: [class unloading, 0.0011897 secs]2017-12-17T16:11:39.928+0300: 675.690: [scrub symbol table, 0.0007741 secs]2017-12-17T16:11:39.929+0300: 675.691: [scrub string table, 0.0001223 secs][1 CMS-remark: 347301K(349568K)] 476200K(506816K), 0.0724666 secs] [Times: user=0.34 sys=0.00, real=0.07 secs] 
2017-12-17T16:11:39.929+0300: 675.691: [CMS-concurrent-sweep-start]
2017-12-17T16:11:40.052+0300: 675.814: [CMS-concurrent-sweep: 0.124/0.124 secs] [Times: user=0.25 sys=0.00, real=0.12 secs] 
2017-12-17T16:11:40.052+0300: 675.814: [CMS-concurrent-reset-start]
2017-12-17T16:11:40.053+0300: 675.815: [CMS-concurrent-reset: 0.001/0.001 secs] [Times: user=0.00 sys=0.00, real=0.00 secs] 
2017-12-17T16:11:42.053+0300: 677.815: [GC (CMS Initial Mark) [1 CMS-initial-mark: 346916K(349568K)] 476265K(506816K), 0.0537525 secs] [Times: user=0.11 sys=0.00, real=0.05 secs] 
2017-12-17T16:11:42.107+0300: 677.869: [CMS-concurrent-mark-start]
2017-12-17T16:11:42.416+0300: 678.178: [CMS-concurrent-mark: 0.309/0.309 secs] [Times: user=0.94 sys=0.00, real=0.31 secs] 
2017-12-17T16:11:42.416+0300: 678.178: [CMS-concurrent-preclean-start]
2017-12-17T16:11:42.417+0300: 678.180: [CMS-concurrent-preclean: 0.002/0.002 secs] [Times: user=0.00 sys=0.00, real=0.00 secs] 
2017-12-17T16:11:42.417+0300: 678.180: [CMS-concurrent-abortable-preclean-start]
2017-12-17T16:11:42.418+0300: 678.180: [CMS-concurrent-abortable-preclean: 0.000/0.000 secs] [Times: user=0.00 sys=0.00, real=0.00 secs] 
2017-12-17T16:11:42.419+0300: 678.181: [GC (CMS Final Remark) [YG occupancy: 129349 K (157248 K)]2017-12-17T16:11:42.419+0300: 678.181: [Rescan (parallel) , 0.1014081 secs]2017-12-17T16:11:42.520+0300: 678.282: [weak refs processing, 0.0000131 secs]2017-12-17T16:11:42.520+0300: 678.282: [class unloading, 0.0011347 secs]2017-12-17T16:11:42.521+0300: 678.283: [scrub symbol table, 0.0010994 secs]2017-12-17T16:11:42.522+0300: 678.284: [scrub string table, 0.0001426 secs][1 CMS-remark: 346916K(349568K)] 476265K(506816K), 0.1038629 secs] [Times: user=0.61 sys=0.00, real=0.10 secs] 
2017-12-17T16:11:42.522+0300: 678.285: [CMS-concurrent-sweep-start]
2017-12-17T16:11:42.647+0300: 678.409: [CMS-concurrent-sweep: 0.124/0.124 secs] [Times: user=0.25 sys=0.00, real=0.13 secs] 
2017-12-17T16:11:42.647+0300: 678.409: [CMS-concurrent-reset-start]
2017-12-17T16:11:42.648+0300: 678.410: [CMS-concurrent-reset: 0.001/0.001 secs] [Times: user=0.00 sys=0.00, real=0.00 secs] 
2017-12-17T16:11:44.650+0300: 680.411: [GC (CMS Initial Mark) [1 CMS-initial-mark: 346598K(349568K)] 475948K(506816K), 0.0532656 secs] [Times: user=0.09 sys=0.00, real=0.05 secs] 
2017-12-17T16:11:44.703+0300: 680.464: [CMS-concurrent-mark-start]
2017-12-17T16:11:45.006+0300: 680.768: [CMS-concurrent-mark: 0.303/0.303 secs] [Times: user=0.94 sys=0.00, real=0.30 secs] 
2017-12-17T16:11:45.006+0300: 680.768: [CMS-concurrent-preclean-start]
2017-12-17T16:11:45.008+0300: 680.769: [CMS-concurrent-preclean: 0.002/0.002 secs] [Times: user=0.00 sys=0.00, real=0.00 secs] 
2017-12-17T16:11:45.008+0300: 680.769: [CMS-concurrent-abortable-preclean-start]
2017-12-17T16:11:45.008+0300: 680.769: [CMS-concurrent-abortable-preclean: 0.000/0.000 secs] [Times: user=0.00 sys=0.00, real=0.00 secs] 
2017-12-17T16:11:45.010+0300: 680.771: [GC (CMS Final Remark) [YG occupancy: 129349 K (157248 K)]2017-12-17T16:11:45.010+0300: 680.771: [Rescan (parallel) , 0.0577542 secs]2017-12-17T16:11:45.067+0300: 680.829: [weak refs processing, 0.0000134 secs]2017-12-17T16:11:45.067+0300: 680.829: [class unloading, 0.0011202 secs]2017-12-17T16:11:45.068+0300: 680.830: [scrub symbol table, 0.0007977 secs]2017-12-17T16:11:45.069+0300: 680.831: [scrub string table, 0.0001257 secs][1 CMS-remark: 346598K(349568K)] 475948K(506816K), 0.0598731 secs] [Times: user=0.36 sys=0.00, real=0.06 secs] 
2017-12-17T16:11:45.069+0300: 680.831: [CMS-concurrent-sweep-start]
2017-12-17T16:11:45.203+0300: 680.964: [CMS-concurrent-sweep: 0.134/0.134 secs] [Times: user=0.25 sys=0.00, real=0.13 secs] 
2017-12-17T16:11:45.203+0300: 680.964: [CMS-concurrent-reset-start]
2017-12-17T16:11:45.204+0300: 680.965: [CMS-concurrent-reset: 0.001/0.001 secs] [Times: user=0.00 sys=0.00, real=0.00 secs] 
2017-12-17T16:11:47.204+0300: 682.965: [GC (CMS Initial Mark) [1 CMS-initial-mark: 346334K(349568K)] 475684K(506816K), 0.0525448 secs] [Times: user=0.05 sys=0.00, real=0.05 secs] 
2017-12-17T16:11:47.257+0300: 683.018: [CMS-concurrent-mark-start]
2017-12-17T16:11:47.563+0300: 683.325: [CMS-concurrent-mark: 0.307/0.307 secs] [Times: user=0.94 sys=0.00, real=0.31 secs] 
2017-12-17T16:11:47.563+0300: 683.325: [CMS-concurrent-preclean-start]
2017-12-17T16:11:47.565+0300: 683.326: [CMS-concurrent-preclean: 0.002/0.002 secs] [Times: user=0.00 sys=0.00, real=0.00 secs] 
2017-12-17T16:11:47.565+0300: 683.326: [CMS-concurrent-abortable-preclean-start]
2017-12-17T16:11:47.565+0300: 683.326: [CMS-concurrent-abortable-preclean: 0.000/0.000 secs] [Times: user=0.00 sys=0.00, real=0.00 secs] 
2017-12-17T16:11:47.565+0300: 683.327: [GC (CMS Final Remark) [YG occupancy: 129349 K (157248 K)]2017-12-17T16:11:47.565+0300: 683.327: [Rescan (parallel) , 0.0583943 secs]2017-12-17T16:11:47.624+0300: 683.385: [weak refs processing, 0.0000134 secs]2017-12-17T16:11:47.624+0300: 683.385: [class unloading, 0.0013685 secs]2017-12-17T16:11:47.625+0300: 683.386: [scrub symbol table, 0.0009263 secs]2017-12-17T16:11:47.626+0300: 683.387: [scrub string table, 0.0001223 secs][1 CMS-remark: 346334K(349568K)] 475684K(506816K), 0.0608972 secs] [Times: user=0.22 sys=0.00, real=0.06 secs] 
2017-12-17T16:11:47.626+0300: 683.387: [CMS-concurrent-sweep-start]
2017-12-17T16:11:47.750+0300: 683.511: [CMS-concurrent-sweep: 0.124/0.124 secs] [Times: user=0.25 sys=0.00, real=0.12 secs] 
2017-12-17T16:11:47.750+0300: 683.511: [CMS-concurrent-reset-start]
2017-12-17T16:11:47.750+0300: 683.512: [CMS-concurrent-reset: 0.001/0.001 secs] [Times: user=0.00 sys=0.00, real=0.00 secs] 
2017-12-17T16:11:49.750+0300: 685.511: [GC (CMS Initial Mark) [1 CMS-initial-mark: 346110K(349568K)] 475915K(506816K), 0.0524573 secs] [Times: user=0.09 sys=0.00, real=0.05 secs] 
2017-12-17T16:11:49.802+0300: 685.564: [CMS-concurrent-mark-start]
2017-12-17T16:11:50.111+0300: 685.872: [CMS-concurrent-mark: 0.309/0.309 secs] [Times: user=0.94 sys=0.00, real=0.31 secs] 
2017-12-17T16:11:50.111+0300: 685.872: [CMS-concurrent-preclean-start]
2017-12-17T16:11:50.112+0300: 685.873: [CMS-concurrent-preclean: 0.001/0.001 secs] [Times: user=0.00 sys=0.00, real=0.00 secs] 
2017-12-17T16:11:50.112+0300: 685.874: [CMS-concurrent-abortable-preclean-start]
2017-12-17T16:11:50.112+0300: 685.874: [CMS-concurrent-abortable-preclean: 0.000/0.000 secs] [Times: user=0.00 sys=0.00, real=0.00 secs] 
2017-12-17T16:11:50.115+0300: 685.876: [GC (CMS Final Remark) [YG occupancy: 129805 K (157248 K)]2017-12-17T16:11:50.115+0300: 685.876: [Rescan (parallel) , 0.0919171 secs]2017-12-17T16:11:50.207+0300: 685.968: [weak refs processing, 0.0000185 secs]2017-12-17T16:11:50.207+0300: 685.968: [class unloading, 0.0012641 secs]2017-12-17T16:11:50.208+0300: 685.969: [scrub symbol table, 0.0010252 secs]2017-12-17T16:11:50.209+0300: 685.970: [scrub string table, 0.0001388 secs][1 CMS-remark: 346110K(349568K)] 475915K(506816K), 0.0944414 secs] [Times: user=0.45 sys=0.00, real=0.09 secs] 
2017-12-17T16:11:50.209+0300: 685.971: [CMS-concurrent-sweep-start]
2017-12-17T16:11:50.336+0300: 686.098: [CMS-concurrent-sweep: 0.127/0.127 secs] [Times: user=0.25 sys=0.00, real=0.13 secs] 
2017-12-17T16:11:50.336+0300: 686.098: [CMS-concurrent-reset-start]
2017-12-17T16:11:50.337+0300: 686.099: [CMS-concurrent-reset: 0.001/0.001 secs] [Times: user=0.00 sys=0.00, real=0.00 secs] 
2017-12-17T16:11:52.337+0300: 688.098: [GC (CMS Initial Mark) [1 CMS-initial-mark: 345927K(349568K)] 475733K(506816K), 0.0543552 secs] [Times: user=0.05 sys=0.00, real=0.05 secs] 
2017-12-17T16:11:52.391+0300: 688.153: [CMS-concurrent-mark-start]
2017-12-17T16:11:52.699+0300: 688.461: [CMS-concurrent-mark: 0.308/0.308 secs] [Times: user=0.94 sys=0.00, real=0.31 secs] 
2017-12-17T16:11:52.699+0300: 688.461: [CMS-concurrent-preclean-start]
2017-12-17T16:11:52.700+0300: 688.462: [CMS-concurrent-preclean: 0.001/0.001 secs] [Times: user=0.00 sys=0.00, real=0.00 secs] 
2017-12-17T16:11:52.700+0300: 688.462: [CMS-concurrent-abortable-preclean-start]
2017-12-17T16:11:52.700+0300: 688.462: [CMS-concurrent-abortable-preclean: 0.000/0.000 secs] [Times: user=0.00 sys=0.00, real=0.00 secs] 
2017-12-17T16:11:52.702+0300: 688.463: [GC (CMS Final Remark) [YG occupancy: 129805 K (157248 K)]2017-12-17T16:11:52.702+0300: 688.463: [Rescan (parallel) , 0.0740461 secs]2017-12-17T16:11:52.776+0300: 688.537: [weak refs processing, 0.0000131 secs]2017-12-17T16:11:52.776+0300: 688.537: [class unloading, 0.0011892 secs]2017-12-17T16:11:52.777+0300: 688.539: [scrub symbol table, 0.0010543 secs]2017-12-17T16:11:52.778+0300: 688.540: [scrub string table, 0.0001408 secs][1 CMS-remark: 345927K(349568K)] 475733K(506816K), 0.0765054 secs] [Times: user=0.48 sys=0.00, real=0.08 secs] 
2017-12-17T16:11:52.778+0300: 688.540: [CMS-concurrent-sweep-start]
2017-12-17T16:11:52.904+0300: 688.665: [CMS-concurrent-sweep: 0.126/0.126 secs] [Times: user=0.25 sys=0.00, real=0.13 secs] 
2017-12-17T16:11:52.904+0300: 688.665: [CMS-concurrent-reset-start]
2017-12-17T16:11:52.904+0300: 688.666: [CMS-concurrent-reset: 0.001/0.001 secs] [Times: user=0.00 sys=0.00, real=0.00 secs] 
2017-12-17T16:11:54.904+0300: 690.666: [GC (CMS Initial Mark) [1 CMS-initial-mark: 345756K(349568K)] 475562K(506816K), 0.0522081 secs] [Times: user=0.11 sys=0.00, real=0.05 secs] 
2017-12-17T16:11:54.956+0300: 690.718: [CMS-concurrent-mark-start]
2017-12-17T16:11:55.264+0300: 691.026: [CMS-concurrent-mark: 0.308/0.308 secs] [Times: user=0.89 sys=0.00, real=0.31 secs] 
2017-12-17T16:11:55.264+0300: 691.026: [CMS-concurrent-preclean-start]
2017-12-17T16:11:55.265+0300: 691.027: [CMS-concurrent-preclean: 0.001/0.001 secs] [Times: user=0.00 sys=0.00, real=0.00 secs] 
2017-12-17T16:11:55.265+0300: 691.027: [CMS-concurrent-abortable-preclean-start]
2017-12-17T16:11:55.265+0300: 691.027: [CMS-concurrent-abortable-preclean: 0.000/0.000 secs] [Times: user=0.00 sys=0.00, real=0.00 secs] 
2017-12-17T16:11:55.268+0300: 691.029: [GC (CMS Final Remark) [YG occupancy: 129805 K (157248 K)]2017-12-17T16:11:55.268+0300: 691.029: [Rescan (parallel) , 0.0579370 secs]2017-12-17T16:11:55.326+0300: 691.087: [weak refs processing, 0.0000140 secs]2017-12-17T16:11:55.326+0300: 691.087: [class unloading, 0.0011877 secs]2017-12-17T16:11:55.327+0300: 691.089: [scrub symbol table, 0.0010221 secs]2017-12-17T16:11:55.328+0300: 691.090: [scrub string table, 0.0001411 secs][1 CMS-remark: 345756K(349568K)] 475562K(506816K), 0.0603695 secs] [Times: user=0.22 sys=0.00, real=0.06 secs] 
2017-12-17T16:11:55.328+0300: 691.090: [CMS-concurrent-sweep-start]
2017-12-17T16:11:55.452+0300: 691.214: [CMS-concurrent-sweep: 0.124/0.124 secs] [Times: user=0.25 sys=0.00, real=0.12 secs] 
2017-12-17T16:11:55.452+0300: 691.214: [CMS-concurrent-reset-start]
2017-12-17T16:11:55.452+0300: 691.214: [CMS-concurrent-reset: 0.001/0.001 secs] [Times: user=0.00 sys=0.00, real=0.00 secs] 
2017-12-17T16:11:57.452+0300: 693.214: [GC (CMS Initial Mark) [1 CMS-initial-mark: 345603K(349568K)] 475409K(506816K), 0.0533146 secs] [Times: user=0.05 sys=0.00, real=0.05 secs] 
2017-12-17T16:11:57.505+0300: 693.267: [CMS-concurrent-mark-start]
2017-12-17T16:11:57.809+0300: 693.571: [CMS-concurrent-mark: 0.303/0.303 secs] [Times: user=0.89 sys=0.00, real=0.30 secs] 
2017-12-17T16:11:57.809+0300: 693.571: [CMS-concurrent-preclean-start]
2017-12-17T16:11:57.810+0300: 693.572: [CMS-concurrent-preclean: 0.001/0.001 secs] [Times: user=0.03 sys=0.00, real=0.00 secs] 
2017-12-17T16:11:57.810+0300: 693.572: [CMS-concurrent-abortable-preclean-start]
2017-12-17T16:11:57.810+0300: 693.572: [CMS-concurrent-abortable-preclean: 0.000/0.000 secs] [Times: user=0.00 sys=0.00, real=0.00 secs] 
2017-12-17T16:11:57.813+0300: 693.574: [GC (CMS Final Remark) [YG occupancy: 129805 K (157248 K)]2017-12-17T16:11:57.813+0300: 693.574: [Rescan (parallel) , 0.0600898 secs]2017-12-17T16:11:57.873+0300: 693.635: [weak refs processing, 0.0000140 secs]2017-12-17T16:11:57.873+0300: 693.635: [class unloading, 0.0011963 secs]2017-12-17T16:11:57.874+0300: 693.636: [scrub symbol table, 0.0010235 secs]2017-12-17T16:11:57.875+0300: 693.637: [scrub string table, 0.0001388 secs][1 CMS-remark: 345603K(349568K)] 475409K(506816K), 0.0625297 secs] [Times: user=0.34 sys=0.00, real=0.06 secs] 
2017-12-17T16:11:57.875+0300: 693.637: [CMS-concurrent-sweep-start]
2017-12-17T16:11:57.999+0300: 693.761: [CMS-concurrent-sweep: 0.124/0.124 secs] [Times: user=0.25 sys=0.00, real=0.12 secs] 
2017-12-17T16:11:57.999+0300: 693.761: [CMS-concurrent-reset-start]
2017-12-17T16:11:57.999+0300: 693.761: [CMS-concurrent-reset: 0.001/0.001 secs] [Times: user=0.00 sys=0.00, real=0.00 secs] 
2017-12-17T16:11:59.999+0300: 695.761: [GC (CMS Initial Mark) [1 CMS-initial-mark: 345466K(349568K)] 475272K(506816K), 0.0531521 secs] [Times: user=0.09 sys=0.00, real=0.05 secs] 
2017-12-17T16:12:00.052+0300: 695.814: [CMS-concurrent-mark-start]
2017-12-17T16:12:00.357+0300: 696.119: [CMS-concurrent-mark: 0.305/0.305 secs] [Times: user=0.94 sys=0.00, real=0.31 secs] 
2017-12-17T16:12:00.357+0300: 696.120: [CMS-concurrent-preclean-start]
2017-12-17T16:12:00.358+0300: 696.120: [CMS-concurrent-preclean: 0.001/0.001 secs] [Times: user=0.00 sys=0.00, real=0.00 secs] 
2017-12-17T16:12:00.358+0300: 696.120: [CMS-concurrent-abortable-preclean-start]
2017-12-17T16:12:00.358+0300: 696.120: [CMS-concurrent-abortable-preclean: 0.000/0.000 secs] [Times: user=0.00 sys=0.00, real=0.00 secs] 
2017-12-17T16:12:00.361+0300: 696.123: [GC (CMS Final Remark) [YG occupancy: 129805 K (157248 K)]2017-12-17T16:12:00.361+0300: 696.123: [Rescan (parallel) , 0.0819300 secs]2017-12-17T16:12:00.443+0300: 696.205: [weak refs processing, 0.0000137 secs]2017-12-17T16:12:00.443+0300: 696.205: [class unloading, 0.0011863 secs]2017-12-17T16:12:00.444+0300: 696.206: [scrub symbol table, 0.0010309 secs]2017-12-17T16:12:00.445+0300: 696.207: [scrub string table, 0.0001414 secs][1 CMS-remark: 345466K(349568K)] 475272K(506816K), 0.0843676 secs] [Times: user=0.36 sys=0.00, real=0.08 secs] 
2017-12-17T16:12:00.445+0300: 696.207: [CMS-concurrent-sweep-start]
2017-12-17T16:12:00.569+0300: 696.331: [CMS-concurrent-sweep: 0.124/0.124 secs] [Times: user=0.25 sys=0.00, real=0.12 secs] 
2017-12-17T16:12:00.569+0300: 696.331: [CMS-concurrent-reset-start]
2017-12-17T16:12:00.570+0300: 696.332: [CMS-concurrent-reset: 0.001/0.001 secs] [Times: user=0.00 sys=0.00, real=0.00 secs] 
2017-12-17T16:12:02.572+0300: 698.333: [GC (CMS Initial Mark) [1 CMS-initial-mark: 345338K(349568K)] 475593K(506816K), 0.0542868 secs] [Times: user=0.05 sys=0.00, real=0.05 secs] 
2017-12-17T16:12:02.626+0300: 698.387: [CMS-concurrent-mark-start]
2017-12-17T16:12:02.930+0300: 698.692: [CMS-concurrent-mark: 0.304/0.304 secs] [Times: user=0.94 sys=0.00, real=0.30 secs] 
2017-12-17T16:12:02.930+0300: 698.692: [CMS-concurrent-preclean-start]
2017-12-17T16:12:02.931+0300: 698.692: [CMS-concurrent-preclean: 0.001/0.001 secs] [Times: user=0.00 sys=0.00, real=0.00 secs] 
2017-12-17T16:12:02.931+0300: 698.692: [CMS-concurrent-abortable-preclean-start]
2017-12-17T16:12:02.931+0300: 698.692: [CMS-concurrent-abortable-preclean: 0.000/0.000 secs] [Times: user=0.00 sys=0.00, real=0.00 secs] 
2017-12-17T16:12:02.932+0300: 698.693: [GC (CMS Final Remark) [YG occupancy: 130255 K (157248 K)]2017-12-17T16:12:02.932+0300: 698.693: [Rescan (parallel) , 0.0579629 secs]2017-12-17T16:12:02.990+0300: 698.751: [weak refs processing, 0.0000140 secs]2017-12-17T16:12:02.990+0300: 698.751: [class unloading, 0.0011974 secs]2017-12-17T16:12:02.991+0300: 698.752: [scrub symbol table, 0.0010267 secs]2017-12-17T16:12:02.992+0300: 698.753: [scrub string table, 0.0001391 secs][1 CMS-remark: 345338K(349568K)] 475593K(506816K), 0.0604074 secs] [Times: user=0.20 sys=0.00, real=0.06 secs] 
2017-12-17T16:12:02.992+0300: 698.753: [CMS-concurrent-sweep-start]
2017-12-17T16:12:03.120+0300: 698.881: [CMS-concurrent-sweep: 0.128/0.128 secs] [Times: user=0.25 sys=0.00, real=0.13 secs] 
2017-12-17T16:12:03.120+0300: 698.881: [CMS-concurrent-reset-start]
2017-12-17T16:12:03.120+0300: 698.881: [CMS-concurrent-reset: 0.001/0.001 secs] [Times: user=0.00 sys=0.00, real=0.00 secs] 
2017-12-17T16:12:05.121+0300: 700.882: [GC (CMS Initial Mark) [1 CMS-initial-mark: 345227K(349568K)] 475482K(506816K), 0.0535296 secs] [Times: user=0.11 sys=0.00, real=0.05 secs] 
2017-12-17T16:12:05.174+0300: 700.936: [CMS-concurrent-mark-start]
2017-12-17T16:12:05.484+0300: 701.246: [CMS-concurrent-mark: 0.310/0.310 secs] [Times: user=0.89 sys=0.00, real=0.31 secs] 
2017-12-17T16:12:05.484+0300: 701.246: [CMS-concurrent-preclean-start]
2017-12-17T16:12:05.485+0300: 701.246: [CMS-concurrent-preclean: 0.001/0.001 secs] [Times: user=0.00 sys=0.00, real=0.00 secs] 
2017-12-17T16:12:05.485+0300: 701.246: [CMS-concurrent-abortable-preclean-start]
2017-12-17T16:12:05.485+0300: 701.246: [CMS-concurrent-abortable-preclean: 0.000/0.000 secs] [Times: user=0.00 sys=0.00, real=0.00 secs] 
2017-12-17T16:12:05.487+0300: 701.248: [GC (CMS Final Remark) [YG occupancy: 130255 K (157248 K)]2017-12-17T16:12:05.487+0300: 701.248: [Rescan (parallel) , 0.0577990 secs]2017-12-17T16:12:05.544+0300: 701.306: [weak refs processing, 0.0000174 secs]2017-12-17T16:12:05.544+0300: 701.306: [class unloading, 0.0013673 secs]2017-12-17T16:12:05.546+0300: 701.307: [scrub symbol table, 0.0012619 secs]2017-12-17T16:12:05.547+0300: 701.308: [scrub string table, 0.0001494 secs][1 CMS-remark: 345227K(349568K)] 475482K(506816K), 0.0606688 secs] [Times: user=0.19 sys=0.00, real=0.06 secs] 
2017-12-17T16:12:05.547+0300: 701.309: [CMS-concurrent-sweep-start]
2017-12-17T16:12:05.694+0300: 701.456: [CMS-concurrent-sweep: 0.147/0.147 secs] [Times: user=0.31 sys=0.00, real=0.15 secs] 
2017-12-17T16:12:05.694+0300: 701.456: [CMS-concurrent-reset-start]
2017-12-17T16:12:05.695+0300: 701.456: [CMS-concurrent-reset: 0.001/0.001 secs] [Times: user=0.00 sys=0.00, real=0.00 secs] 
2017-12-17T16:12:07.696+0300: 703.457: [GC (CMS Initial Mark) [1 CMS-initial-mark: 345122K(349568K)] 475377K(506816K), 0.0522215 secs] [Times: user=0.11 sys=0.00, real=0.05 secs] 
2017-12-17T16:12:07.748+0300: 703.509: [CMS-concurrent-mark-start]
2017-12-17T16:12:08.054+0300: 703.815: [CMS-concurrent-mark: 0.306/0.306 secs] [Times: user=0.89 sys=0.00, real=0.31 secs] 
2017-12-17T16:12:08.054+0300: 703.815: [CMS-concurrent-preclean-start]
2017-12-17T16:12:08.054+0300: 703.816: [CMS-concurrent-preclean: 0.001/0.001 secs] [Times: user=0.00 sys=0.00, real=0.00 secs] 
2017-12-17T16:12:08.054+0300: 703.816: [CMS-concurrent-abortable-preclean-start]
2017-12-17T16:12:08.054+0300: 703.816: [CMS-concurrent-abortable-preclean: 0.000/0.000 secs] [Times: user=0.00 sys=0.00, real=0.00 secs] 
2017-12-17T16:12:08.057+0300: 703.818: [GC (CMS Final Remark) [YG occupancy: 130255 K (157248 K)]2017-12-17T16:12:08.057+0300: 703.818: [Rescan (parallel) , 0.0932827 secs]2017-12-17T16:12:08.150+0300: 703.911: [weak refs processing, 0.0000171 secs]2017-12-17T16:12:08.150+0300: 703.911: [class unloading, 0.0011347 secs]2017-12-17T16:12:08.151+0300: 703.913: [scrub symbol table, 0.0010401 secs]2017-12-17T16:12:08.152+0300: 703.914: [scrub string table, 0.0001420 secs][1 CMS-remark: 345122K(349568K)] 475377K(506816K), 0.0956867 secs] [Times: user=0.45 sys=0.00, real=0.10 secs] 
2017-12-17T16:12:08.152+0300: 703.914: [CMS-concurrent-sweep-start]
2017-12-17T16:12:08.295+0300: 704.056: [CMS-concurrent-sweep: 0.143/0.143 secs] [Times: user=0.31 sys=0.00, real=0.14 secs] 
2017-12-17T16:12:08.295+0300: 704.056: [CMS-concurrent-reset-start]
2017-12-17T16:12:08.296+0300: 704.057: [CMS-concurrent-reset: 0.001/0.001 secs] [Times: user=0.00 sys=0.00, real=0.00 secs] 
2017-12-17T16:12:10.296+0300: 706.057: [GC (CMS Initial Mark) [1 CMS-initial-mark: 345022K(349568K)] 475277K(506816K), 0.0532781 secs] [Times: user=0.09 sys=0.00, real=0.05 secs] 
2017-12-17T16:12:10.349+0300: 706.111: [CMS-concurrent-mark-start]
2017-12-17T16:12:10.659+0300: 706.421: [CMS-concurrent-mark: 0.310/0.310 secs] [Times: user=0.94 sys=0.00, real=0.31 secs] 
2017-12-17T16:12:10.659+0300: 706.421: [CMS-concurrent-preclean-start]
2017-12-17T16:12:10.660+0300: 706.421: [CMS-concurrent-preclean: 0.001/0.001 secs] [Times: user=0.00 sys=0.00, real=0.00 secs] 
2017-12-17T16:12:10.660+0300: 706.421: [CMS-concurrent-abortable-preclean-start]
2017-12-17T16:12:10.660+0300: 706.421: [CMS-concurrent-abortable-preclean: 0.000/0.000 secs] [Times: user=0.00 sys=0.00, real=0.00 secs] 
2017-12-17T16:12:10.661+0300: 706.422: [GC (CMS Final Remark) [YG occupancy: 130255 K (157248 K)]2017-12-17T16:12:10.661+0300: 706.422: [Rescan (parallel) , 0.0579700 secs]2017-12-17T16:12:10.719+0300: 706.480: [weak refs processing, 0.0000140 secs]2017-12-17T16:12:10.719+0300: 706.480: [class unloading, 0.0012034 secs]2017-12-17T16:12:10.720+0300: 706.481: [scrub symbol table, 0.0010227 secs]2017-12-17T16:12:10.721+0300: 706.482: [scrub string table, 0.0001400 secs][1 CMS-remark: 345022K(349568K)] 475277K(506816K), 0.0604165 secs] [Times: user=0.30 sys=0.00, real=0.06 secs] 
2017-12-17T16:12:10.721+0300: 706.483: [CMS-concurrent-sweep-start]
2017-12-17T16:12:10.845+0300: 706.607: [CMS-concurrent-sweep: 0.124/0.124 secs] [Times: user=0.25 sys=0.00, real=0.12 secs] 
2017-12-17T16:12:10.845+0300: 706.607: [CMS-concurrent-reset-start]
2017-12-17T16:12:10.846+0300: 706.608: [CMS-concurrent-reset: 0.001/0.001 secs] [Times: user=0.00 sys=0.00, real=0.00 secs] 
2017-12-17T16:12:12.847+0300: 708.608: [GC (CMS Initial Mark) [1 CMS-initial-mark: 344937K(349568K)] 475648K(506816K), 0.0520890 secs] [Times: user=0.11 sys=0.00, real=0.05 secs] 
2017-12-17T16:12:12.899+0300: 708.660: [CMS-concurrent-mark-start]
2017-12-17T16:12:13.202+0300: 708.963: [CMS-concurrent-mark: 0.303/0.303 secs] [Times: user=0.89 sys=0.00, real=0.30 secs] 
2017-12-17T16:12:13.202+0300: 708.963: [CMS-concurrent-preclean-start]
2017-12-17T16:12:13.202+0300: 708.964: [CMS-concurrent-preclean: 0.001/0.001 secs] [Times: user=0.00 sys=0.00, real=0.00 secs] 
2017-12-17T16:12:13.202+0300: 708.964: [CMS-concurrent-abortable-preclean-start]
2017-12-17T16:12:13.202+0300: 708.964: [CMS-concurrent-abortable-preclean: 0.000/0.000 secs] [Times: user=0.00 sys=0.00, real=0.00 secs] 
2017-12-17T16:12:13.206+0300: 708.967: [GC (CMS Final Remark) [YG occupancy: 130711 K (157248 K)]2017-12-17T16:12:13.206+0300: 708.967: [Rescan (parallel) , 0.0859305 secs]2017-12-17T16:12:13.292+0300: 709.053: [weak refs processing, 0.0000145 secs]2017-12-17T16:12:13.292+0300: 709.053: [class unloading, 0.0012818 secs]2017-12-17T16:12:13.293+0300: 709.055: [scrub symbol table, 0.0010255 secs]2017-12-17T16:12:13.294+0300: 709.056: [scrub string table, 0.0001386 secs][1 CMS-remark: 344937K(349568K)] 475648K(506816K), 0.0884611 secs] [Times: user=0.44 sys=0.00, real=0.09 secs] 
2017-12-17T16:12:13.294+0300: 709.056: [CMS-concurrent-sweep-start]
2017-12-17T16:12:13.418+0300: 709.180: [CMS-concurrent-sweep: 0.124/0.124 secs] [Times: user=0.25 sys=0.00, real=0.12 secs] 
2017-12-17T16:12:13.418+0300: 709.180: [CMS-concurrent-reset-start]
2017-12-17T16:12:13.419+0300: 709.181: [CMS-concurrent-reset: 0.001/0.001 secs] [Times: user=0.00 sys=0.00, real=0.00 secs] 
2017-12-17T16:12:15.420+0300: 711.181: [GC (CMS Initial Mark) [1 CMS-initial-mark: 344853K(349568K)] 475564K(506816K), 0.0523096 secs] [Times: user=0.11 sys=0.00, real=0.05 secs] 
2017-12-17T16:12:15.472+0300: 711.234: [CMS-concurrent-mark-start]
2017-12-17T16:12:15.780+0300: 711.542: [CMS-concurrent-mark: 0.308/0.308 secs] [Times: user=0.89 sys=0.00, real=0.31 secs] 
2017-12-17T16:12:15.780+0300: 711.542: [CMS-concurrent-preclean-start]
2017-12-17T16:12:15.781+0300: 711.543: [CMS-concurrent-preclean: 0.001/0.001 secs] [Times: user=0.00 sys=0.00, real=0.00 secs] 
2017-12-17T16:12:15.781+0300: 711.543: [CMS-concurrent-abortable-preclean-start]
2017-12-17T16:12:15.781+0300: 711.543: [CMS-concurrent-abortable-preclean: 0.000/0.000 secs] [Times: user=0.00 sys=0.00, real=0.00 secs] 
2017-12-17T16:12:15.784+0300: 711.545: [GC (CMS Final Remark) [YG occupancy: 130711 K (157248 K)]2017-12-17T16:12:15.784+0300: 711.545: [Rescan (parallel) , 0.0585556 secs]2017-12-17T16:12:15.842+0300: 711.604: [weak refs processing, 0.0000134 secs]2017-12-17T16:12:15.842+0300: 711.604: [class unloading, 0.0012145 secs]2017-12-17T16:12:15.843+0300: 711.605: [scrub symbol table, 0.0010401 secs]2017-12-17T16:12:15.844+0300: 711.606: [scrub string table, 0.0001522 secs][1 CMS-remark: 344853K(349568K)] 475564K(506816K), 0.0610431 secs] [Times: user=0.25 sys=0.00, real=0.06 secs] 
2017-12-17T16:12:15.845+0300: 711.607: [CMS-concurrent-sweep-start]
2017-12-17T16:12:15.977+0300: 711.739: [CMS-concurrent-sweep: 0.133/0.133 secs] [Times: user=0.25 sys=0.00, real=0.13 secs] 
2017-12-17T16:12:15.977+0300: 711.739: [CMS-concurrent-reset-start]
2017-12-17T16:12:15.978+0300: 711.740: [CMS-concurrent-reset: 0.001/0.001 secs] [Times: user=0.00 sys=0.00, real=0.00 secs] 
2017-12-17T16:12:17.979+0300: 713.741: [GC (CMS Initial Mark) [1 CMS-initial-mark: 344771K(349568K)] 475483K(506816K), 0.0543672 secs] [Times: user=0.11 sys=0.00, real=0.05 secs] 
2017-12-17T16:12:18.033+0300: 713.795: [CMS-concurrent-mark-start]
2017-12-17T16:12:18.339+0300: 714.101: [CMS-concurrent-mark: 0.306/0.306 secs] [Times: user=0.89 sys=0.00, real=0.31 secs] 
2017-12-17T16:12:18.339+0300: 714.101: [CMS-concurrent-preclean-start]
2017-12-17T16:12:18.340+0300: 714.102: [CMS-concurrent-preclean: 0.001/0.001 secs] [Times: user=0.03 sys=0.00, real=0.00 secs] 
2017-12-17T16:12:18.340+0300: 714.102: [CMS-concurrent-abortable-preclean-start]
2017-12-17T16:12:18.340+0300: 714.102: [CMS-concurrent-abortable-preclean: 0.000/0.000 secs] [Times: user=0.00 sys=0.00, real=0.00 secs] 
2017-12-17T16:12:18.340+0300: 714.102: [GC (CMS Final Remark) [YG occupancy: 130711 K (157248 K)]2017-12-17T16:12:18.340+0300: 714.102: [Rescan (parallel) , 0.0597385 secs]2017-12-17T16:12:18.400+0300: 714.162: [weak refs processing, 0.0000128 secs]2017-12-17T16:12:18.400+0300: 714.162: [class unloading, 0.0011883 secs]2017-12-17T16:12:18.401+0300: 714.163: [scrub symbol table, 0.0010184 secs]2017-12-17T16:12:18.402+0300: 714.164: [scrub string table, 0.0001440 secs][1 CMS-remark: 344771K(349568K)] 475483K(506816K), 0.0621656 secs] [Times: user=0.23 sys=0.00, real=0.06 secs] 
2017-12-17T16:12:18.403+0300: 714.165: [CMS-concurrent-sweep-start]
2017-12-17T16:12:18.538+0300: 714.300: [CMS-concurrent-sweep: 0.135/0.135 secs] [Times: user=0.25 sys=0.00, real=0.13 secs] 
2017-12-17T16:12:18.538+0300: 714.300: [CMS-concurrent-reset-start]
2017-12-17T16:12:18.538+0300: 714.300: [CMS-concurrent-reset: 0.001/0.001 secs] [Times: user=0.00 sys=0.00, real=0.00 secs] 
2017-12-17T16:12:20.539+0300: 716.300: [GC (CMS Initial Mark) [1 CMS-initial-mark: 344697K(349568K)] 475408K(506816K), 0.0526483 secs] [Times: user=0.11 sys=0.00, real=0.05 secs] 
2017-12-17T16:12:20.592+0300: 716.353: [CMS-concurrent-mark-start]
2017-12-17T16:12:20.902+0300: 716.663: [CMS-concurrent-mark: 0.310/0.310 secs] [Times: user=0.94 sys=0.00, real=0.31 secs] 
2017-12-17T16:12:20.902+0300: 716.663: [CMS-concurrent-preclean-start]
2017-12-17T16:12:20.903+0300: 716.664: [CMS-concurrent-preclean: 0.001/0.001 secs] [Times: user=0.00 sys=0.00, real=0.00 secs] 
2017-12-17T16:12:20.903+0300: 716.664: [CMS-concurrent-abortable-preclean-start]
2017-12-17T16:12:20.903+0300: 716.664: [CMS-concurrent-abortable-preclean: 0.000/0.000 secs] [Times: user=0.00 sys=0.00, real=0.00 secs] 
2017-12-17T16:12:20.906+0300: 716.667: [GC (CMS Final Remark) [YG occupancy: 130711 K (157248 K)]2017-12-17T16:12:20.906+0300: 716.667: [Rescan (parallel) , 0.1020984 secs]2017-12-17T16:12:21.008+0300: 716.769: [weak refs processing, 0.0000131 secs]2017-12-17T16:12:21.008+0300: 716.769: [class unloading, 0.0011356 secs]2017-12-17T16:12:21.009+0300: 716.770: [scrub symbol table, 0.0010640 secs]2017-12-17T16:12:21.010+0300: 716.771: [scrub string table, 0.0001460 secs][1 CMS-remark: 344697K(349568K)] 475408K(506816K), 0.1045240 secs] [Times: user=0.56 sys=0.01, real=0.10 secs] 
2017-12-17T16:12:21.010+0300: 716.771: [CMS-concurrent-sweep-start]
2017-12-17T16:12:21.134+0300: 716.896: [CMS-concurrent-sweep: 0.124/0.124 secs] [Times: user=0.25 sys=0.00, real=0.12 secs] 
2017-12-17T16:12:21.134+0300: 716.896: [CMS-concurrent-reset-start]
2017-12-17T16:12:21.135+0300: 716.896: [CMS-concurrent-reset: 0.001/0.001 secs] [Times: user=0.00 sys=0.00, real=0.00 secs] 
2017-12-17T16:12:23.136+0300: 718.897: [GC (CMS Initial Mark) [1 CMS-initial-mark: 344625K(349568K)] 475336K(506816K), 0.0526113 secs] [Times: user=0.09 sys=0.00, real=0.05 secs] 
2017-12-17T16:12:23.188+0300: 718.950: [CMS-concurrent-mark-start]
2017-12-17T16:12:23.491+0300: 719.253: [CMS-concurrent-mark: 0.303/0.303 secs] [Times: user=0.94 sys=0.00, real=0.30 secs] 
2017-12-17T16:12:23.491+0300: 719.253: [CMS-concurrent-preclean-start]
2017-12-17T16:12:23.492+0300: 719.253: [CMS-concurrent-preclean: 0.001/0.001 secs] [Times: user=0.00 sys=0.00, real=0.00 secs] 
2017-12-17T16:12:23.492+0300: 719.253: [CMS-concurrent-abortable-preclean-start]
2017-12-17T16:12:23.492+0300: 719.253: [CMS-concurrent-abortable-preclean: 0.000/0.000 secs] [Times: user=0.00 sys=0.00, real=0.00 secs] 
2017-12-17T16:12:23.492+0300: 719.254: [GC (CMS Final Remark) [YG occupancy: 130711 K (157248 K)]2017-12-17T16:12:23.492+0300: 719.254: [Rescan (parallel) , 0.0576636 secs]2017-12-17T16:12:23.550+0300: 719.311: [weak refs processing, 0.0000200 secs]2017-12-17T16:12:23.550+0300: 719.311: [class unloading, 0.0013873 secs]2017-12-17T16:12:23.552+0300: 719.313: [scrub symbol table, 0.0012482 secs]2017-12-17T16:12:23.553+0300: 719.314: [scrub string table, 0.0001468 secs][1 CMS-remark: 344625K(349568K)] 475336K(506816K), 0.0605399 secs] [Times: user=0.23 sys=0.00, real=0.06 secs] 
2017-12-17T16:12:23.553+0300: 719.314: [CMS-concurrent-sweep-start]
2017-12-17T16:12:23.677+0300: 719.439: [CMS-concurrent-sweep: 0.124/0.124 secs] [Times: user=0.25 sys=0.00, real=0.12 secs] 
2017-12-17T16:12:23.677+0300: 719.439: [CMS-concurrent-reset-start]
2017-12-17T16:12:23.678+0300: 719.439: [CMS-concurrent-reset: 0.001/0.001 secs] [Times: user=0.00 sys=0.00, real=0.00 secs] 
2017-12-17T16:12:25.680+0300: 721.441: [GC (CMS Initial Mark) [1 CMS-initial-mark: 344559K(349568K)] 476325K(506816K), 0.0536408 secs] [Times: user=0.09 sys=0.00, real=0.05 secs] 
2017-12-17T16:12:25.733+0300: 721.495: [CMS-concurrent-mark-start]
2017-12-17T16:12:26.040+0300: 721.802: [CMS-concurrent-mark: 0.307/0.307 secs] [Times: user=0.94 sys=0.00, real=0.31 secs] 
2017-12-17T16:12:26.040+0300: 721.802: [CMS-concurrent-preclean-start]
2017-12-17T16:12:26.041+0300: 721.802: [CMS-concurrent-preclean: 0.001/0.001 secs] [Times: user=0.00 sys=0.00, real=0.00 secs] 
2017-12-17T16:12:26.041+0300: 721.803: [CMS-concurrent-abortable-preclean-start]
2017-12-17T16:12:26.041+0300: 721.803: [CMS-concurrent-abortable-preclean: 0.000/0.000 secs] [Times: user=0.00 sys=0.00, real=0.00 secs] 
2017-12-17T16:12:26.044+0300: 721.805: [GC (CMS Final Remark) [YG occupancy: 131765 K (157248 K)]2017-12-17T16:12:26.044+0300: 721.805: [Rescan (parallel) , 0.0811200 secs]2017-12-17T16:12:26.125+0300: 721.886: [weak refs processing, 0.0000148 secs]2017-12-17T16:12:26.125+0300: 721.886: [class unloading, 0.0011817 secs]2017-12-17T16:12:26.126+0300: 721.887: [scrub symbol table, 0.0010865 secs]2017-12-17T16:12:26.127+0300: 721.888: [scrub string table, 0.0001611 secs][1 CMS-remark: 344559K(349568K)] 476325K(506816K), 0.0836355 secs] [Times: user=0.51 sys=0.00, real=0.08 secs] 
2017-12-17T16:12:26.127+0300: 721.889: [CMS-concurrent-sweep-start]
2017-12-17T16:12:26.251+0300: 722.013: [CMS-concurrent-sweep: 0.124/0.124 secs] [Times: user=0.25 sys=0.00, real=0.12 secs] 
2017-12-17T16:12:26.252+0300: 722.013: [CMS-concurrent-reset-start]
2017-12-17T16:12:26.252+0300: 722.014: [CMS-concurrent-reset: 0.001/0.001 secs] [Times: user=0.00 sys=0.00, real=0.00 secs] 
2017-12-17T16:12:28.254+0300: 724.015: [GC (CMS Initial Mark) [1 CMS-initial-mark: 344499K(349568K)] 476265K(506816K), 0.0537009 secs] [Times: user=0.09 sys=0.00, real=0.05 secs] 
2017-12-17T16:12:28.307+0300: 724.069: [CMS-concurrent-mark-start]
2017-12-17T16:12:28.618+0300: 724.380: [CMS-concurrent-mark: 0.311/0.311 secs] [Times: user=0.94 sys=0.00, real=0.31 secs] 
2017-12-17T16:12:28.618+0300: 724.380: [CMS-concurrent-preclean-start]
2017-12-17T16:12:28.619+0300: 724.381: [CMS-concurrent-preclean: 0.001/0.001 secs] [Times: user=0.00 sys=0.00, real=0.00 secs] 
2017-12-17T16:12:28.619+0300: 724.381: [CMS-concurrent-abortable-preclean-start]
2017-12-17T16:12:28.619+0300: 724.381: [CMS-concurrent-abortable-preclean: 0.000/0.000 secs] [Times: user=0.00 sys=0.00, real=0.00 secs] 
2017-12-17T16:12:28.619+0300: 724.381: [GC (CMS Final Remark) [YG occupancy: 131765 K (157248 K)]2017-12-17T16:12:28.619+0300: 724.381: [Rescan (parallel) , 0.0598024 secs]2017-12-17T16:12:28.679+0300: 724.441: [weak refs processing, 0.0000177 secs]2017-12-17T16:12:28.679+0300: 724.441: [class unloading, 0.0015273 secs]2017-12-17T16:12:28.681+0300: 724.442: [scrub symbol table, 0.0013100 secs]2017-12-17T16:12:28.682+0300: 724.443: [scrub string table, 0.0001468 secs][1 CMS-remark: 344499K(349568K)] 476265K(506816K), 0.0628783 secs] [Times: user=0.25 sys=0.02, real=0.06 secs] 
2017-12-17T16:12:28.682+0300: 724.444: [CMS-concurrent-sweep-start]
2017-12-17T16:12:28.813+0300: 724.575: [CMS-concurrent-sweep: 0.131/0.131 secs] [Times: user=0.30 sys=0.00, real=0.13 secs] 
2017-12-17T16:12:28.813+0300: 724.575: [CMS-concurrent-reset-start]
2017-12-17T16:12:28.814+0300: 724.576: [CMS-concurrent-reset: 0.001/0.001 secs] [Times: user=0.00 sys=0.00, real=0.00 secs] 
2017-12-17T16:12:30.815+0300: 726.576: [GC (CMS Initial Mark) [1 CMS-initial-mark: 344432K(349568K)] 476654K(506816K), 0.0534868 secs] [Times: user=0.11 sys=0.00, real=0.05 secs] 
2017-12-17T16:12:30.868+0300: 726.630: [CMS-concurrent-mark-start]
2017-12-17T16:12:31.175+0300: 726.937: [CMS-concurrent-mark: 0.307/0.307 secs] [Times: user=0.89 sys=0.00, real=0.31 secs] 
2017-12-17T16:12:31.175+0300: 726.937: [CMS-concurrent-preclean-start]
2017-12-17T16:12:31.176+0300: 726.937: [CMS-concurrent-preclean: 0.001/0.001 secs] [Times: user=0.00 sys=0.00, real=0.00 secs] 
2017-12-17T16:12:31.176+0300: 726.937: [CMS-concurrent-abortable-preclean-start]
2017-12-17T16:12:31.176+0300: 726.937: [CMS-concurrent-abortable-preclean: 0.000/0.000 secs] [Times: user=0.00 sys=0.00, real=0.00 secs] 
2017-12-17T16:12:31.179+0300: 726.940: [GC (CMS Final Remark) [YG occupancy: 132221 K (157248 K)]2017-12-17T16:12:31.179+0300: 726.940: [Rescan (parallel) , 0.0590469 secs]2017-12-17T16:12:31.238+0300: 726.999: [weak refs processing, 0.0000194 secs]2017-12-17T16:12:31.238+0300: 726.999: [class unloading, 0.0013539 secs]2017-12-17T16:12:31.239+0300: 727.001: [scrub symbol table, 0.0010554 secs]2017-12-17T16:12:31.240+0300: 727.002: [scrub string table, 0.0001426 secs][1 CMS-remark: 344432K(349568K)] 476654K(506816K), 0.0616895 secs] [Times: user=0.22 sys=0.00, real=0.06 secs] 
2017-12-17T16:12:31.240+0300: 727.002: [CMS-concurrent-sweep-start]
2017-12-17T16:12:31.364+0300: 727.126: [CMS-concurrent-sweep: 0.124/0.124 secs] [Times: user=0.25 sys=0.00, real=0.12 secs] 
2017-12-17T16:12:31.365+0300: 727.126: [CMS-concurrent-reset-start]
2017-12-17T16:12:31.365+0300: 727.127: [CMS-concurrent-reset: 0.001/0.001 secs] [Times: user=0.00 sys=0.00, real=0.00 secs] 
2017-12-17T16:12:33.367+0300: 729.128: [GC (CMS Initial Mark) [1 CMS-initial-mark: 344371K(349568K)] 476592K(506816K), 0.0533072 secs] [Times: user=0.08 sys=0.00, real=0.05 secs] 
2017-12-17T16:12:33.420+0300: 729.182: [CMS-concurrent-mark-start]
2017-12-17T16:12:33.726+0300: 729.487: [CMS-concurrent-mark: 0.306/0.306 secs] [Times: user=0.94 sys=0.00, real=0.31 secs] 
2017-12-17T16:12:33.726+0300: 729.487: [CMS-concurrent-preclean-start]
2017-12-17T16:12:33.726+0300: 729.488: [CMS-concurrent-preclean: 0.001/0.001 secs] [Times: user=0.00 sys=0.00, real=0.00 secs] 
2017-12-17T16:12:33.726+0300: 729.488: [CMS-concurrent-abortable-preclean-start]
2017-12-17T16:12:33.726+0300: 729.488: [CMS-concurrent-abortable-preclean: 0.000/0.000 secs] [Times: user=0.00 sys=0.00, real=0.00 secs] 
2017-12-17T16:12:33.728+0300: 729.489: [GC (CMS Final Remark) [YG occupancy: 132221 K (157248 K)]2017-12-17T16:12:33.728+0300: 729.489: [Rescan (parallel) , 0.0581291 secs]2017-12-17T16:12:33.786+0300: 729.548: [weak refs processing, 0.0000314 secs]2017-12-17T16:12:33.786+0300: 729.548: [class unloading, 0.0014358 secs]2017-12-17T16:12:33.787+0300: 729.549: [scrub symbol table, 0.0009012 secs]2017-12-17T16:12:33.788+0300: 729.550: [scrub string table, 0.0001286 secs][1 CMS-remark: 344371K(349568K)] 476592K(506816K), 0.0607170 secs] [Times: user=0.30 sys=0.00, real=0.06 secs] 
2017-12-17T16:12:33.788+0300: 729.550: [CMS-concurrent-sweep-start]
2017-12-17T16:12:33.912+0300: 729.673: [CMS-concurrent-sweep: 0.123/0.123 secs] [Times: user=0.25 sys=0.00, real=0.12 secs] 
2017-12-17T16:12:33.912+0300: 729.674: [CMS-concurrent-reset-start]
2017-12-17T16:12:33.912+0300: 729.674: [CMS-concurrent-reset: 0.001/0.001 secs] [Times: user=0.00 sys=0.00, real=0.00 secs] 
2017-12-17T16:12:35.912+0300: 731.674: [GC (CMS Initial Mark) [1 CMS-initial-mark: 344312K(349568K)] 476533K(506816K), 0.0529309 secs] [Times: user=0.09 sys=0.00, real=0.05 secs] 
2017-12-17T16:12:35.965+0300: 731.727: [CMS-concurrent-mark-start]
2017-12-17T16:12:36.273+0300: 732.035: [CMS-concurrent-mark: 0.308/0.308 secs] [Times: user=0.94 sys=0.00, real=0.31 secs] 
2017-12-17T16:12:36.273+0300: 732.035: [CMS-concurrent-preclean-start]
2017-12-17T16:12:36.273+0300: 732.035: [CMS-concurrent-preclean: 0.001/0.001 secs] [Times: user=0.00 sys=0.00, real=0.00 secs] 
2017-12-17T16:12:36.273+0300: 732.035: [CMS-concurrent-abortable-preclean-start]
2017-12-17T16:12:36.273+0300: 732.035: [CMS-concurrent-abortable-preclean: 0.000/0.000 secs] [Times: user=0.00 sys=0.00, real=0.00 secs] 
2017-12-17T16:12:36.277+0300: 732.039: [GC (CMS Final Remark) [YG occupancy: 132221 K (157248 K)]2017-12-17T16:12:36.277+0300: 732.039: [Rescan (parallel) , 0.0589764 secs]2017-12-17T16:12:36.336+0300: 732.098: [weak refs processing, 0.0000180 secs]2017-12-17T16:12:36.336+0300: 732.098: [class unloading, 0.0012371 secs]2017-12-17T16:12:36.337+0300: 732.099: [scrub symbol table, 0.0010281 secs]2017-12-17T16:12:36.338+0300: 732.100: [scrub string table, 0.0001397 secs][1 CMS-remark: 344312K(349568K)] 476533K(506816K), 0.0614751 secs] [Times: user=0.28 sys=0.00, real=0.06 secs] 
2017-12-17T16:12:36.338+0300: 732.100: [CMS-concurrent-sweep-start]
2017-12-17T16:12:36.462+0300: 732.224: [CMS-concurrent-sweep: 0.124/0.124 secs] [Times: user=0.25 sys=0.00, real=0.12 secs] 
2017-12-17T16:12:36.463+0300: 732.224: [CMS-concurrent-reset-start]
2017-12-17T16:12:36.463+0300: 732.225: [CMS-concurrent-reset: 0.001/0.001 secs] [Times: user=0.00 sys=0.00, real=0.00 secs] 
2017-12-17T16:12:38.465+0300: 734.226: [GC (CMS Initial Mark) [1 CMS-initial-mark: 344253K(349568K)] 476474K(506816K), 0.0531632 secs] [Times: user=0.05 sys=0.00, real=0.05 secs] 
2017-12-17T16:12:38.518+0300: 734.279: [CMS-concurrent-mark-start]
2017-12-17T16:12:38.822+0300: 734.583: [CMS-concurrent-mark: 0.304/0.304 secs] [Times: user=0.89 sys=0.00, real=0.30 secs] 
2017-12-17T16:12:38.822+0300: 734.583: [CMS-concurrent-preclean-start]
2017-12-17T16:12:38.823+0300: 734.584: [CMS-concurrent-preclean: 0.001/0.001 secs] [Times: user=0.00 sys=0.00, real=0.00 secs] 
2017-12-17T16:12:38.823+0300: 734.584: [CMS-concurrent-abortable-preclean-start]
2017-12-17T16:12:38.823+0300: 734.584: [CMS-concurrent-abortable-preclean: 0.000/0.000 secs] [Times: user=0.00 sys=0.00, real=0.00 secs] 
2017-12-17T16:12:38.826+0300: 734.587: [GC (CMS Final Remark) [YG occupancy: 132221 K (157248 K)]2017-12-17T16:12:38.826+0300: 734.587: [Rescan (parallel) , 0.0581964 secs]2017-12-17T16:12:38.884+0300: 734.645: [weak refs processing, 0.0000171 secs]2017-12-17T16:12:38.884+0300: 734.645: [class unloading, 0.0012208 secs]2017-12-17T16:12:38.885+0300: 734.646: [scrub symbol table, 0.0010258 secs]2017-12-17T16:12:38.886+0300: 734.647: [scrub string table, 0.0001386 secs][1 CMS-remark: 344253K(349568K)] 476474K(506816K), 0.0606705 secs] [Times: user=0.25 sys=0.00, real=0.06 secs] 
2017-12-17T16:12:38.886+0300: 734.647: [CMS-concurrent-sweep-start]
2017-12-17T16:12:39.012+0300: 734.773: [CMS-concurrent-sweep: 0.126/0.126 secs] [Times: user=0.25 sys=0.00, real=0.13 secs] 
2017-12-17T16:12:39.012+0300: 734.773: [CMS-concurrent-reset-start]
2017-12-17T16:12:39.013+0300: 734.774: [CMS-concurrent-reset: 0.001/0.001 secs] [Times: user=0.00 sys=0.00, real=0.00 secs] 
2017-12-17T16:12:41.015+0300: 736.776: [GC (CMS Initial Mark) [1 CMS-initial-mark: 344197K(349568K)] 476868K(506816K), 0.0542894 secs] [Times: user=0.09 sys=0.00, real=0.05 secs] 
2017-12-17T16:12:41.069+0300: 736.830: [CMS-concurrent-mark-start]
2017-12-17T16:12:41.377+0300: 737.138: [CMS-concurrent-mark: 0.308/0.308 secs] [Times: user=0.94 sys=0.00, real=0.31 secs] 
2017-12-17T16:12:41.377+0300: 737.138: [CMS-concurrent-preclean-start]
2017-12-17T16:12:41.378+0300: 737.139: [CMS-concurrent-preclean: 0.001/0.001 secs] [Times: user=0.00 sys=0.00, real=0.00 secs] 
2017-12-17T16:12:41.378+0300: 737.139: [CMS-concurrent-abortable-preclean-start]
2017-12-17T16:12:41.378+0300: 737.139: [CMS-concurrent-abortable-preclean: 0.000/0.000 secs] [Times: user=0.00 sys=0.00, real=0.00 secs] 
2017-12-17T16:12:41.381+0300: 737.142: [GC (CMS Final Remark) [YG occupancy: 132671 K (157248 K)]2017-12-17T16:12:41.381+0300: 737.142: [Rescan (parallel) , 0.0580345 secs]2017-12-17T16:12:41.439+0300: 737.200: [weak refs processing, 0.0000174 secs]2017-12-17T16:12:41.439+0300: 737.200: [class unloading, 0.0012085 secs]2017-12-17T16:12:41.440+0300: 737.201: [scrub symbol table, 0.0010281 secs]2017-12-17T16:12:41.441+0300: 737.202: [scrub string table, 0.0001440 secs][1 CMS-remark: 344197K(349568K)] 476868K(506816K), 0.0605049 secs] [Times: user=0.28 sys=0.00, real=0.06 secs] 
2017-12-17T16:12:41.441+0300: 737.202: [CMS-concurrent-sweep-start]
2017-12-17T16:12:41.566+0300: 737.327: [CMS-concurrent-sweep: 0.125/0.125 secs] [Times: user=0.25 sys=0.00, real=0.13 secs] 
2017-12-17T16:12:41.566+0300: 737.327: [CMS-concurrent-reset-start]
2017-12-17T16:12:41.567+0300: 737.328: [CMS-concurrent-reset: 0.001/0.001 secs] [Times: user=0.00 sys=0.00, real=0.00 secs] 
2017-12-17T16:12:43.568+0300: 739.329: [GC (CMS Initial Mark) [1 CMS-initial-mark: 344143K(349568K)] 476815K(506816K), 0.0530620 secs] [Times: user=0.05 sys=0.00, real=0.05 secs] 
2017-12-17T16:12:43.621+0300: 739.382: [CMS-concurrent-mark-start]
2017-12-17T16:12:43.929+0300: 739.690: [CMS-concurrent-mark: 0.308/0.308 secs] [Times: user=0.94 sys=0.00, real=0.31 secs] 
2017-12-17T16:12:43.929+0300: 739.690: [CMS-concurrent-preclean-start]
2017-12-17T16:12:43.930+0300: 739.691: [CMS-concurrent-preclean: 0.001/0.001 secs] [Times: user=0.00 sys=0.00, real=0.00 secs] 
2017-12-17T16:12:43.930+0300: 739.691: [CMS-concurrent-abortable-preclean-start]
2017-12-17T16:12:43.930+0300: 739.691: [CMS-concurrent-abortable-preclean: 0.000/0.000 secs] [Times: user=0.00 sys=0.00, real=0.00 secs] 
2017-12-17T16:12:43.931+0300: 739.692: [GC (CMS Final Remark) [YG occupancy: 132671 K (157248 K)]2017-12-17T16:12:43.931+0300: 739.692: [Rescan (parallel) , 0.0579566 secs]2017-12-17T16:12:43.989+0300: 739.750: [weak refs processing, 0.0000148 secs]2017-12-17T16:12:43.989+0300: 739.750: [class unloading, 0.0014726 secs]2017-12-17T16:12:43.990+0300: 739.751: [scrub symbol table, 0.0010945 secs]2017-12-17T16:12:43.991+0300: 739.753: [scrub string table, 0.0001368 secs][1 CMS-remark: 344143K(349568K)] 476815K(506816K), 0.0607615 secs] [Times: user=0.36 sys=0.00, real=0.06 secs] 
2017-12-17T16:12:43.991+0300: 739.753: [CMS-concurrent-sweep-start]
2017-12-17T16:12:44.116+0300: 739.877: [CMS-concurrent-sweep: 0.124/0.124 secs] [Times: user=0.25 sys=0.00, real=0.13 secs] 
2017-12-17T16:12:44.116+0300: 739.877: [CMS-concurrent-reset-start]
2017-12-17T16:12:44.116+0300: 739.878: [CMS-concurrent-reset: 0.001/0.001 secs] [Times: user=0.00 sys=0.00, real=0.00 secs] 
2017-12-17T16:12:46.118+0300: 741.879: [GC (CMS Initial Mark) [1 CMS-initial-mark: 344088K(349568K)] 476759K(506816K), 0.0531609 secs] [Times: user=0.11 sys=0.00, real=0.05 secs] 
2017-12-17T16:12:46.171+0300: 741.932: [CMS-concurrent-mark-start]
2017-12-17T16:12:46.529+0300: 742.291: [CMS-concurrent-mark: 0.359/0.359 secs] [Times: user=1.03 sys=0.00, real=0.36 secs] 
2017-12-17T16:12:46.529+0300: 742.291: [CMS-concurrent-preclean-start]
2017-12-17T16:12:46.530+0300: 742.291: [CMS-concurrent-preclean: 0.001/0.001 secs] [Times: user=0.03 sys=0.00, real=0.00 secs] 
2017-12-17T16:12:46.530+0300: 742.291: [CMS-concurrent-abortable-preclean-start]
2017-12-17T16:12:46.530+0300: 742.291: [CMS-concurrent-abortable-preclean: 0.000/0.000 secs] [Times: user=0.00 sys=0.00, real=0.00 secs] 
2017-12-17T16:12:46.533+0300: 742.294: [GC (CMS Final Remark) [YG occupancy: 132671 K (157248 K)]2017-12-17T16:12:46.533+0300: 742.294: [Rescan (parallel) , 0.0599638 secs]2017-12-17T16:12:46.593+0300: 742.354: [weak refs processing, 0.0000131 secs]2017-12-17T16:12:46.593+0300: 742.354: [class unloading, 0.0011689 secs]2017-12-17T16:12:46.594+0300: 742.355: [scrub symbol table, 0.0008117 secs]2017-12-17T16:12:46.595+0300: 742.356: [scrub string table, 0.0001217 secs][1 CMS-remark: 344088K(349568K)] 476759K(506816K), 0.0621348 secs] [Times: user=0.36 sys=0.00, real=0.06 secs] 
2017-12-17T16:12:46.595+0300: 742.356: [CMS-concurrent-sweep-start]
2017-12-17T16:12:46.729+0300: 742.490: [CMS-concurrent-sweep: 0.134/0.134 secs] [Times: user=0.25 sys=0.00, real=0.13 secs] 
2017-12-17T16:12:46.729+0300: 742.490: [CMS-concurrent-reset-start]
2017-12-17T16:12:46.729+0300: 742.491: [CMS-concurrent-reset: 0.001/0.001 secs] [Times: user=0.00 sys=0.00, real=0.00 secs] 
2017-12-17T16:12:48.732+0300: 744.493: [GC (CMS Initial Mark) [1 CMS-initial-mark: 344036K(349568K)] 476707K(506816K), 0.0539621 secs] [Times: user=0.06 sys=0.00, real=0.05 secs] 
2017-12-17T16:12:48.786+0300: 744.547: [CMS-concurrent-mark-start]
2017-12-17T16:12:49.105+0300: 744.867: [CMS-concurrent-mark: 0.320/0.320 secs] [Times: user=0.98 sys=0.00, real=0.32 secs] 
2017-12-17T16:12:49.105+0300: 744.867: [CMS-concurrent-preclean-start]
2017-12-17T16:12:49.106+0300: 744.868: [CMS-concurrent-preclean: 0.001/0.001 secs] [Times: user=0.00 sys=0.00, real=0.00 secs] 
2017-12-17T16:12:49.106+0300: 744.868: [CMS-concurrent-abortable-preclean-start]
2017-12-17T16:12:49.106+0300: 744.868: [CMS-concurrent-abortable-preclean: 0.000/0.000 secs] [Times: user=0.00 sys=0.00, real=0.00 secs] 
2017-12-17T16:12:49.109+0300: 744.870: [GC (CMS Final Remark) [YG occupancy: 132671 K (157248 K)]2017-12-17T16:12:49.109+0300: 744.870: [Rescan (parallel) , 0.0586757 secs]2017-12-17T16:12:49.167+0300: 744.929: [weak refs processing, 0.0000137 secs]2017-12-17T16:12:49.167+0300: 744.929: [class unloading, 0.0012020 secs]2017-12-17T16:12:49.168+0300: 744.930: [scrub symbol table, 0.0010164 secs]2017-12-17T16:12:49.170+0300: 744.931: [scrub string table, 0.0001408 secs][1 CMS-remark: 344036K(349568K)] 476707K(506816K), 0.0611144 secs] [Times: user=0.36 sys=0.00, real=0.06 secs] 
2017-12-17T16:12:49.170+0300: 744.931: [CMS-concurrent-sweep-start]
2017-12-17T16:12:49.294+0300: 745.056: [CMS-concurrent-sweep: 0.124/0.124 secs] [Times: user=0.25 sys=0.00, real=0.12 secs] 
2017-12-17T16:12:49.294+0300: 745.056: [CMS-concurrent-reset-start]
2017-12-17T16:12:49.294+0300: 745.056: [CMS-concurrent-reset: 0.001/0.001 secs] [Times: user=0.00 sys=0.00, real=0.00 secs] 
2017-12-17T16:12:51.296+0300: 747.057: [GC (CMS Initial Mark) [1 CMS-initial-mark: 343982K(349568K)] 476653K(506816K), 0.0523353 secs] [Times: user=0.09 sys=0.00, real=0.05 secs] 
2017-12-17T16:12:51.348+0300: 747.110: [CMS-concurrent-mark-start]
2017-12-17T16:12:51.656+0300: 747.418: [CMS-concurrent-mark: 0.308/0.308 secs] [Times: user=0.94 sys=0.00, real=0.31 secs] 
2017-12-17T16:12:51.656+0300: 747.418: [CMS-concurrent-preclean-start]
2017-12-17T16:12:51.657+0300: 747.418: [CMS-concurrent-preclean: 0.001/0.001 secs] [Times: user=0.00 sys=0.00, real=0.00 secs] 
2017-12-17T16:12:51.657+0300: 747.418: [CMS-concurrent-abortable-preclean-start]
2017-12-17T16:12:51.657+0300: 747.418: [CMS-concurrent-abortable-preclean: 0.000/0.000 secs] [Times: user=0.00 sys=0.00, real=0.00 secs] 
2017-12-17T16:12:51.659+0300: 747.420: [GC (CMS Final Remark) [YG occupancy: 132671 K (157248 K)]2017-12-17T16:12:51.659+0300: 747.420: [Rescan (parallel) , 0.0579772 secs]2017-12-17T16:12:51.717+0300: 747.478: [weak refs processing, 0.0000137 secs]2017-12-17T16:12:51.717+0300: 747.478: [class unloading, 0.0011969 secs]2017-12-17T16:12:51.718+0300: 747.480: [scrub symbol table, 0.0010366 secs]2017-12-17T16:12:51.719+0300: 747.481: [scrub string table, 0.0001383 secs][1 CMS-remark: 343982K(349568K)] 476653K(506816K), 0.0604279 secs] [Times: user=0.28 sys=0.00, real=0.06 secs] 
2017-12-17T16:12:51.719+0300: 747.481: [CMS-concurrent-sweep-start]
2017-12-17T16:12:51.876+0300: 747.638: [CMS-concurrent-sweep: 0.157/0.157 secs] [Times: user=0.31 sys=0.00, real=0.16 secs] 
2017-12-17T16:12:51.876+0300: 747.638: [CMS-concurrent-reset-start]
2017-12-17T16:12:51.877+0300: 747.638: [CMS-concurrent-reset: 0.001/0.001 secs] [Times: user=0.00 sys=0.00, real=0.00 secs] 
2017-12-17T16:12:53.877+0300: 749.639: [GC (CMS Initial Mark) [1 CMS-initial-mark: 343929K(349568K)] 477057K(506816K), 0.0536673 secs] [Times: user=0.05 sys=0.00, real=0.05 secs] 
2017-12-17T16:12:53.930+0300: 749.692: [CMS-concurrent-mark-start]
2017-12-17T16:12:54.246+0300: 750.008: [CMS-concurrent-mark: 0.316/0.316 secs] [Times: user=0.94 sys=0.00, real=0.32 secs] 
2017-12-17T16:12:54.246+0300: 750.008: [CMS-concurrent-preclean-start]
2017-12-17T16:12:54.247+0300: 750.009: [CMS-concurrent-preclean: 0.001/0.001 secs] [Times: user=0.00 sys=0.00, real=0.00 secs] 
2017-12-17T16:12:54.247+0300: 750.009: [CMS-concurrent-abortable-preclean-start]
2017-12-17T16:12:54.247+0300: 750.009: [CMS-concurrent-abortable-preclean: 0.000/0.000 secs] [Times: user=0.00 sys=0.00, real=0.00 secs] 
2017-12-17T16:12:54.249+0300: 750.010: [GC (CMS Final Remark) [YG occupancy: 133127 K (157248 K)]2017-12-17T16:12:54.249+0300: 750.011: [Rescan (parallel) , 0.0579478 secs]2017-12-17T16:12:54.308+0300: 750.068: [weak refs processing, 0.0000160 secs]2017-12-17T16:12:54.308+0300: 750.068: [class unloading, 0.0011655 secs]2017-12-17T16:12:54.309+0300: 750.070: [scrub symbol table, 0.0007946 secs]2017-12-17T16:12:54.310+0300: 750.070: [scrub string table, 0.0001226 secs][1 CMS-remark: 343929K(349568K)] 477057K(506816K), 0.0601137 secs] [Times: user=0.33 sys=0.01, real=0.06 secs] 
2017-12-17T16:12:54.310+0300: 750.071: [CMS-concurrent-sweep-start]
2017-12-17T16:12:54.436+0300: 750.196: [CMS-concurrent-sweep: 0.126/0.126 secs] [Times: user=0.25 sys=0.00, real=0.13 secs] 
2017-12-17T16:12:54.436+0300: 750.197: [CMS-concurrent-reset-start]
2017-12-17T16:12:54.436+0300: 750.197: [CMS-concurrent-reset: 0.001/0.001 secs] [Times: user=0.00 sys=0.00, real=0.00 secs] 
2017-12-17T16:12:56.438+0300: 752.199: [GC (CMS Initial Mark) [1 CMS-initial-mark: 343877K(349568K)] 477004K(506816K), 0.0541722 secs] [Times: user=0.05 sys=0.00, real=0.05 secs] 
2017-12-17T16:12:56.492+0300: 752.253: [CMS-concurrent-mark-start]
2017-12-17T16:12:56.808+0300: 752.569: [CMS-concurrent-mark: 0.316/0.316 secs] [Times: user=0.94 sys=0.00, real=0.32 secs] 
2017-12-17T16:12:56.808+0300: 752.569: [CMS-concurrent-preclean-start]
2017-12-17T16:12:56.808+0300: 752.569: [CMS-concurrent-preclean: 0.001/0.001 secs] [Times: user=0.00 sys=0.00, real=0.00 secs] 
2017-12-17T16:12:56.808+0300: 752.569: [CMS-concurrent-abortable-preclean-start]
2017-12-17T16:12:56.808+0300: 752.569: [CMS-concurrent-abortable-preclean: 0.000/0.000 secs] [Times: user=0.00 sys=0.00, real=0.00 secs] 
2017-12-17T16:12:56.811+0300: 752.572: [GC (CMS Final Remark) [YG occupancy: 133127 K (157248 K)]2017-12-17T16:12:56.811+0300: 752.572: [Rescan (parallel) , 0.0727015 secs]2017-12-17T16:12:56.883+0300: 752.644: [weak refs processing, 0.0000137 secs]2017-12-17T16:12:56.883+0300: 752.644: [class unloading, 0.0012071 secs]2017-12-17T16:12:56.885+0300: 752.646: [scrub symbol table, 0.0010686 secs]2017-12-17T16:12:56.886+0300: 752.647: [scrub string table, 0.0001434 secs][1 CMS-remark: 343877K(349568K)] 477004K(506816K), 0.0752030 secs] [Times: user=0.38 sys=0.00, real=0.07 secs] 
2017-12-17T16:12:56.886+0300: 752.647: [CMS-concurrent-sweep-start]
2017-12-17T16:12:57.009+0300: 752.771: [CMS-concurrent-sweep: 0.124/0.124 secs] [Times: user=0.25 sys=0.00, real=0.12 secs] 
2017-12-17T16:12:57.010+0300: 752.771: [CMS-concurrent-reset-start]
2017-12-17T16:12:57.010+0300: 752.771: [CMS-concurrent-reset: 0.001/0.001 secs] [Times: user=0.00 sys=0.00, real=0.00 secs] 
2017-12-17T16:12:59.011+0300: 754.772: [GC (CMS Initial Mark) [1 CMS-initial-mark: 343824K(349568K)] 476952K(506816K), 0.0540128 secs] [Times: user=0.05 sys=0.00, real=0.05 secs] 
2017-12-17T16:12:59.065+0300: 754.826: [CMS-concurrent-mark-start]
2017-12-17T16:12:59.372+0300: 755.133: [CMS-concurrent-mark: 0.307/0.307 secs] [Times: user=0.94 sys=0.00, real=0.31 secs] 
2017-12-17T16:12:59.372+0300: 755.133: [CMS-concurrent-preclean-start]
2017-12-17T16:12:59.373+0300: 755.134: [CMS-concurrent-preclean: 0.001/0.001 secs] [Times: user=0.00 sys=0.00, real=0.00 secs] 
2017-12-17T16:12:59.373+0300: 755.134: [CMS-concurrent-abortable-preclean-start]
2017-12-17T16:12:59.373+0300: 755.134: [CMS-concurrent-abortable-preclean: 0.000/0.000 secs] [Times: user=0.00 sys=0.00, real=0.00 secs] 
2017-12-17T16:12:59.377+0300: 755.138: [GC (CMS Final Remark) [YG occupancy: 133127 K (157248 K)]2017-12-17T16:12:59.377+0300: 755.138: [Rescan (parallel) , 0.0578075 secs]2017-12-17T16:12:59.434+0300: 755.196: [weak refs processing, 0.0000134 secs]2017-12-17T16:12:59.434+0300: 755.196: [class unloading, 0.0011698 secs]2017-12-17T16:12:59.436+0300: 755.197: [scrub symbol table, 0.0008088 secs]2017-12-17T16:12:59.436+0300: 755.198: [scrub string table, 0.0001349 secs][1 CMS-remark: 343824K(349568K)] 476952K(506816K), 0.0599937 secs] [Times: user=0.30 sys=0.00, real=0.06 secs] 
2017-12-17T16:12:59.437+0300: 755.198: [CMS-concurrent-sweep-start]
2017-12-17T16:12:59.560+0300: 755.322: [CMS-concurrent-sweep: 0.124/0.124 secs] [Times: user=0.25 sys=0.00, real=0.12 secs] 
2017-12-17T16:12:59.560+0300: 755.322: [CMS-concurrent-reset-start]
2017-12-17T16:12:59.561+0300: 755.322: [CMS-concurrent-reset: 0.001/0.001 secs] [Times: user=0.00 sys=0.00, real=0.00 secs] 
2017-12-17T16:13:00.834+0300: 756.595: [GC (Allocation Failure) 2017-12-17T16:13:00.834+0300: 756.595: [ParNew: 157248K->157248K(157248K), 0.0000177 secs]2017-12-17T16:13:00.834+0300: 756.595: [CMS: 343773K->349568K(349568K), 1.0413714 secs] 501021K->493593K(506816K), [Metaspace: 9661K->9661K(1058816K)], 1.0414586 secs] [Times: user=1.03 sys=0.02, real=1.04 secs] 
2017-12-17T16:13:01.875+0300: 757.637: [GC (CMS Initial Mark) [1 CMS-initial-mark: 349568K(349568K)] 493595K(506816K), 0.0965061 secs] [Times: user=0.09 sys=0.00, real=0.10 secs] 
2017-12-17T16:13:01.972+0300: 757.733: [CMS-concurrent-mark-start]
2017-12-17T16:13:02.044+0300: 757.806: [Full GC (Allocation Failure) 2017-12-17T16:13:02.044+0300: 757.806: [CMS2017-12-17T16:13:02.267+0300: 758.028: [CMS-concurrent-mark: 0.294/0.295 secs] [Times: user=0.67 sys=0.00, real=0.30 secs] 
 (concurrent mode failure): 349568K->349568K(349568K), 1.1018158 secs] 506815K->506801K(506816K), [Metaspace: 9650K->9650K(1058816K)], 1.1018720 secs] [Times: user=1.28 sys=0.05, real=1.10 secs] 
2017-12-17T16:13:03.146+0300: 758.908: [Full GC (Allocation Failure) 2017-12-17T16:13:03.146+0300: 758.908: [CMS: 349568K->349567K(349568K), 1.0096473 secs] 506815K->506811K(506816K), [Metaspace: 9650K->9650K(1058816K)], 1.0096957 secs] [Times: user=0.97 sys=0.03, real=1.01 secs] 
2017-12-17T16:13:04.156+0300: 759.918: [GC (CMS Initial Mark) [1 CMS-initial-mark: 349567K(349568K)] 506813K(506816K), 0.0965680 secs] [Times: user=0.13 sys=0.00, real=0.10 secs] 
2017-12-17T16:13:04.253+0300: 760.014: [CMS-concurrent-mark-start]
2017-12-17T16:13:04.253+0300: 760.015: [Full GC (Allocation Failure) 2017-12-17T16:13:04.253+0300: 760.015: [CMS2017-12-17T16:13:04.546+0300: 760.307: [CMS-concurrent-mark: 0.292/0.293 secs] [Times: user=0.56 sys=0.00, real=0.29 secs] 
 (concurrent mode failure): 349567K->349567K(349568K), 1.1293247 secs] 506815K->506815K(506816K), [Metaspace: 9646K->9646K(1058816K)], 1.1293695 secs] [Times: user=1.37 sys=0.03, real=1.13 secs] 
2017-12-17T16:13:05.383+0300: 761.144: [Full GC (Allocation Failure) 2017-12-17T16:13:05.383+0300: 761.144: [CMS: 349567K->349567K(349568K), 0.8216625 secs] 506815K->506815K(506816K), [Metaspace: 9646K->9646K(1058816K)], 0.8217039 secs] [Times: user=0.83 sys=0.00, real=0.82 secs] 
2017-12-17T16:13:06.204+0300: 761.966: [Full GC (Allocation Failure) 2017-12-17T16:13:06.204+0300: 761.966: [CMS: 349567K->349568K(349568K), 1.0013842 secs] 506815K->506781K(506816K), [Metaspace: 9646K->9646K(1058816K)], 1.0014489 secs] [Times: user=0.98 sys=0.02, real=1.00 secs] 
2017-12-17T16:13:07.206+0300: 762.968: [GC (CMS Initial Mark) [1 CMS-initial-mark: 349568K(349568K)] 506781K(506816K), 0.0981959 secs] [Times: user=0.11 sys=0.00, real=0.10 secs] 
2017-12-17T16:13:07.304+0300: 763.066: [CMS-concurrent-mark-start]
2017-12-17T16:13:07.305+0300: 763.066: [Full GC (Allocation Failure) 2017-12-17T16:13:07.305+0300: 763.066: [CMS2017-12-17T16:13:07.611+0300: 763.372: [CMS-concurrent-mark: 0.306/0.307 secs] [Times: user=0.62 sys=0.00, real=0.31 secs] 
 (concurrent mode failure): 349568K->349568K(349568K), 1.3197502 secs] 506815K->506806K(506816K), [Metaspace: 9576K->9576K(1058816K)], 1.3198115 secs] [Times: user=1.61 sys=0.03, real=1.32 secs] 
2017-12-17T16:13:08.625+0300: 764.386: [Full GC (Allocation Failure) 2017-12-17T16:13:08.625+0300: 764.386: [CMS: 349568K->349568K(349568K), 0.8281110 secs] 506815K->506814K(506816K), [Metaspace: 9576K->9576K(1058816K)], 0.8281520 secs] [Times: user=0.81 sys=0.02, real=0.83 secs] 
2017-12-17T16:13:09.453+0300: 765.215: [Full GC (Allocation Failure) 2017-12-17T16:13:09.453+0300: 765.215: [CMS: 349568K->349568K(349568K), 0.8196646 secs] 506815K->506815K(506816K), [Metaspace: 9576K->9576K(1058816K)], 0.8197067 secs] [Times: user=0.78 sys=0.05, real=0.82 secs] 
2017-12-17T16:13:10.273+0300: 766.035: [Full GC (Allocation Failure) 2017-12-17T16:13:10.273+0300: 766.035: [CMS: 349568K->349568K(349568K), 0.8238992 secs] 506815K->506813K(506816K), [Metaspace: 9576K->9576K(1058816K)], 0.8239399 secs] [Times: user=0.81 sys=0.00, real=0.82 secs] 
2017-12-17T16:13:11.097+0300: 766.859: [GC (CMS Initial Mark) [1 CMS-initial-mark: 349568K(349568K)] 506814K(506816K), 0.0956904 secs] [Times: user=0.11 sys=0.00, real=0.10 secs] 
2017-12-17T16:13:11.193+0300: 766.954: [CMS-concurrent-mark-start]
2017-12-17T16:13:11.193+0300: 766.955: [Full GC (Allocation Failure) 2017-12-17T16:13:11.193+0300: 766.955: [CMS2017-12-17T16:13:11.501+0300: 767.262: [CMS-concurrent-mark: 0.307/0.308 secs] [Times: user=0.59 sys=0.00, real=0.31 secs] 
 (concurrent mode failure): 349568K->349567K(349568K), 1.3204299 secs] 506815K->506815K(506816K), [Metaspace: 9576K->9576K(1058816K)], 1.3204758 secs] [Times: user=1.59 sys=0.02, real=1.32 secs] 
2017-12-17T16:13:12.514+0300: 768.275: [Full GC (Allocation Failure) 2017-12-17T16:13:12.514+0300: 768.275: [CMS: 349567K->349567K(349568K), 0.8468627 secs] 506815K->506815K(506816K), [Metaspace: 9576K->9576K(1058816K)], 0.8469052 secs] [Times: user=0.83 sys=0.02, real=0.85 secs] 
2017-12-17T16:13:13.361+0300: 769.122: [Full GC (Allocation Failure) 2017-12-17T16:13:13.361+0300: 769.122: [CMS: 349567K->349567K(349568K), 0.8346703 secs] 506815K->506815K(506816K), [Metaspace: 9576K->9576K(1058816K)], 0.8347062 secs] [Times: user=0.84 sys=0.00, real=0.84 secs] 
2017-12-17T16:13:14.196+0300: 769.957: [GC (CMS Initial Mark) [1 CMS-initial-mark: 349567K(349568K)] 506815K(506816K), 0.0965318 secs] [Times: user=0.11 sys=0.00, real=0.10 secs] 
2017-12-17T16:13:14.293+0300: 770.054: [CMS-concurrent-mark-start]
2017-12-17T16:13:14.293+0300: 770.054: [Full GC (Allocation Failure) 2017-12-17T16:13:14.293+0300: 770.054: [CMS2017-12-17T16:13:14.600+0300: 770.361: [CMS-concurrent-mark: 0.307/0.307 secs] [Times: user=0.62 sys=0.00, real=0.31 secs] 
 (concurrent mode failure): 349567K->349567K(349568K), 1.1409124 secs] 506815K->506815K(506816K), [Metaspace: 9576K->9576K(1058816K)], 1.1409612 secs] [Times: user=1.43 sys=0.01, real=1.14 secs] 
2017-12-17T16:13:15.434+0300: 771.195: [Full GC (Allocation Failure) 2017-12-17T16:13:15.434+0300: 771.195: [CMS: 349567K->349567K(349568K), 0.8503481 secs] 506815K->506815K(506816K), [Metaspace: 9576K->9576K(1058816K)], 0.8503843 secs] [Times: user=0.83 sys=0.03, real=0.85 secs] 
2017-12-17T16:13:16.284+0300: 772.046: [Full GC (Allocation Failure) 2017-12-17T16:13:16.285+0300: 772.046: [CMS: 349567K->349567K(349568K), 0.8514329 secs] 506815K->506815K(506816K), [Metaspace: 9576K->9576K(1058816K)], 0.8514856 secs] [Times: user=0.83 sys=0.02, real=0.85 secs] 
2017-12-17T16:13:17.136+0300: 772.897: [Full GC (Allocation Failure) 2017-12-17T16:13:17.136+0300: 772.897: [CMS: 349567K->349567K(349568K), 0.8297483 secs] 506815K->506815K(506816K), [Metaspace: 9576K->9576K(1058816K)], 0.8297862 secs] [Times: user=0.83 sys=0.02, real=0.83 secs] 
2017-12-17T16:13:17.966+0300: 773.727: [Full GC (Allocation Failure) 2017-12-17T16:13:17.966+0300: 773.727: [CMS: 349567K->349567K(349568K), 0.8516738 secs] 506815K->506815K(506816K), [Metaspace: 9576K->9576K(1058816K)], 0.8517388 secs] [Times: user=0.83 sys=0.02, real=0.85 secs] 
2017-12-17T16:13:18.818+0300: 774.579: [GC (CMS Initial Mark) [1 CMS-initial-mark: 349567K(349568K)] 506815K(506816K), 0.0966786 secs] [Times: user=0.11 sys=0.00, real=0.10 secs] 
2017-12-17T16:13:18.915+0300: 774.676: [CMS-concurrent-mark-start]
2017-12-17T16:13:18.915+0300: 774.676: [Full GC (Allocation Failure) 2017-12-17T16:13:18.915+0300: 774.676: [CMS2017-12-17T16:13:19.212+0300: 774.973: [CMS-concurrent-mark: 0.297/0.297 secs] [Times: user=0.59 sys=0.00, real=0.30 secs] 
 (concurrent mode failure): 349567K->349567K(349568K), 1.1283277 secs] 506815K->506815K(506816K), [Metaspace: 9576K->9576K(1058816K)], 1.1283719 secs] [Times: user=1.42 sys=0.00, real=1.13 secs] 
2017-12-17T16:13:20.043+0300: 775.805: [Full GC (Allocation Failure) 2017-12-17T16:13:20.043+0300: 775.805: [CMS: 349567K->349567K(349568K), 0.8354783 secs] 506815K->506815K(506816K), [Metaspace: 9576K->9576K(1058816K)], 0.8355202 secs] [Times: user=0.81 sys=0.02, real=0.84 secs] 
2017-12-17T16:13:20.879+0300: 776.640: [GC (CMS Initial Mark) [1 CMS-initial-mark: 349567K(349568K)] 506815K(506816K), 0.0966424 secs] [Times: user=0.13 sys=0.00, real=0.10 secs] 
2017-12-17T16:13:20.976+0300: 776.737: [CMS-concurrent-mark-start]
2017-12-17T16:13:20.976+0300: 776.737: [Full GC (Allocation Failure) 2017-12-17T16:13:20.976+0300: 776.737: [CMS2017-12-17T16:13:21.288+0300: 777.050: [CMS-concurrent-mark: 0.312/0.312 secs] [Times: user=0.62 sys=0.00, real=0.31 secs] 
 (concurrent mode failure): 349567K->349567K(349568K), 1.3327383 secs] 506815K->506813K(506816K), [Metaspace: 9578K->9578K(1058816K)], 1.3328261 secs] [Times: user=1.62 sys=0.02, real=1.33 secs] 
2017-12-17T16:13:22.309+0300: 778.070: [Full GC (Allocation Failure) 2017-12-17T16:13:22.309+0300: 778.070: [CMS: 349567K->349567K(349568K), 0.8290971 secs] 506815K->506815K(506816K), [Metaspace: 9578K->9578K(1058816K)], 0.8291356 secs] [Times: user=0.81 sys=0.02, real=0.83 secs] 
2017-12-17T16:13:23.138+0300: 778.900: [Full GC (Allocation Failure) 2017-12-17T16:13:23.138+0300: 778.900: [CMS: 349567K->349567K(349568K), 0.8443760 secs] 506815K->506815K(506816K), [Metaspace: 9578K->9578K(1058816K)], 0.8444225 secs] [Times: user=0.83 sys=0.02, real=0.85 secs] 
2017-12-17T16:13:23.983+0300: 779.744: [Full GC (Allocation Failure) 2017-12-17T16:13:23.983+0300: 779.744: [CMS: 349567K->349567K(349568K), 0.8357238 secs] 506815K->506815K(506816K), [Metaspace: 9578K->9578K(1058816K)], 0.8357657 secs] [Times: user=0.78 sys=0.06, real=0.84 secs] 
2017-12-17T16:13:24.819+0300: 780.580: [GC (CMS Initial Mark) [1 CMS-initial-mark: 349567K(349568K)] 506815K(506816K), 0.0970073 secs] [Times: user=0.11 sys=0.00, real=0.10 secs] 
2017-12-17T16:13:24.916+0300: 780.677: [CMS-concurrent-mark-start]
2017-12-17T16:13:24.916+0300: 780.677: [Full GC (Allocation Failure) 2017-12-17T16:13:24.916+0300: 780.677: [CMS2017-12-17T16:13:25.226+0300: 780.988: [CMS-concurrent-mark: 0.310/0.311 secs] [Times: user=0.62 sys=0.00, real=0.31 secs] 
 (concurrent mode failure): 349567K->349568K(349568K), 1.3271942 secs] 506815K->506813K(506816K), [Metaspace: 9578K->9578K(1058816K)], 1.3272370 secs] [Times: user=1.57 sys=0.06, real=1.33 secs] 
2017-12-17T16:13:26.243+0300: 782.005: [Full GC (Allocation Failure) 2017-12-17T16:13:26.243+0300: 782.005: [CMS: 349568K->349568K(349568K), 0.8508342 secs] 506815K->506815K(506816K), [Metaspace: 9578K->9578K(1058816K)], 0.8508766 secs] [Times: user=0.86 sys=0.00, real=0.85 secs] 
2017-12-17T16:13:27.094+0300: 782.856: [Full GC (Allocation Failure) 2017-12-17T16:13:27.094+0300: 782.856: [CMS: 349568K->349568K(349568K), 0.8376801 secs] 506815K->506815K(506816K), [Metaspace: 9579K->9579K(1058816K)], 0.8377220 secs] [Times: user=0.84 sys=0.00, real=0.84 secs] 
2017-12-17T16:13:27.932+0300: 783.694: [Full GC (Allocation Failure) 2017-12-17T16:13:27.932+0300: 783.694: [CMS: 349568K->349567K(349568K), 1.0113890 secs] 506815K->506815K(506816K), [Metaspace: 9579K->9579K(1058816K)], 1.0114560 secs] [Times: user=0.98 sys=0.02, real=1.01 secs] 
2017-12-17T16:13:28.944+0300: 784.706: [GC (CMS Initial Mark) [1 CMS-initial-mark: 349567K(349568K)] 506815K(506816K), 0.0964038 secs] [Times: user=0.13 sys=0.00, real=0.10 secs] 
2017-12-17T16:13:29.040+0300: 784.802: [CMS-concurrent-mark-start]
2017-12-17T16:13:29.040+0300: 784.802: [Full GC (Allocation Failure) 2017-12-17T16:13:29.040+0300: 784.802: [CMS2017-12-17T16:13:29.345+0300: 785.106: [CMS-concurrent-mark: 0.304/0.304 secs] [Times: user=0.59 sys=0.00, real=0.31 secs] 
 (concurrent mode failure): 349567K->349567K(349568K), 1.1333837 secs] 506815K->506813K(506816K), [Metaspace: 9579K->9579K(1058816K)], 1.1334268 secs] [Times: user=1.42 sys=0.00, real=1.13 secs] 
2017-12-17T16:13:30.175+0300: 785.936: [Full GC (Allocation Failure) 2017-12-17T16:13:30.175+0300: 785.936: [CMS: 349567K->349567K(349568K), 0.8365688 secs] 506815K->506815K(506816K), [Metaspace: 9579K->9579K(1058816K)], 0.8366113 secs] [Times: user=0.84 sys=0.00, real=0.84 secs] 
2017-12-17T16:13:31.012+0300: 786.773: [GC (CMS Initial Mark) [1 CMS-initial-mark: 349567K(349568K)] 506815K(506816K), 0.0970073 secs] [Times: user=0.11 sys=0.00, real=0.10 secs] 
2017-12-17T16:13:31.109+0300: 786.870: [CMS-concurrent-mark-start]
2017-12-17T16:13:31.109+0300: 786.870: [Full GC (Allocation Failure) 2017-12-17T16:13:31.109+0300: 786.870: [CMS2017-12-17T16:13:31.408+0300: 787.169: [CMS-concurrent-mark: 0.299/0.300 secs] [Times: user=0.59 sys=0.00, real=0.30 secs] 
 (concurrent mode failure): 349567K->349567K(349568K), 1.1261467 secs] 506815K->506815K(506816K), [Metaspace: 9579K->9579K(1058816K)], 1.1261898 secs] [Times: user=1.40 sys=0.02, real=1.13 secs] 
2017-12-17T16:13:32.235+0300: 787.996: [Full GC (Allocation Failure) 2017-12-17T16:13:32.235+0300: 787.996: [CMS: 349567K->349567K(349568K), 0.8415581 secs] 506815K->506815K(506816K), [Metaspace: 9579K->9579K(1058816K)], 0.8415980 secs] [Times: user=0.84 sys=0.00, real=0.84 secs] 
2017-12-17T16:13:33.077+0300: 788.838: [Full GC (Allocation Failure) 2017-12-17T16:13:33.077+0300: 788.838: [CMS: 349567K->349567K(349568K), 1.0361751 secs] 506815K->506815K(506816K), [Metaspace: 9579K->9579K(1058816K)], 1.0362188 secs] [Times: user=1.00 sys=0.05, real=1.04 secs] 
2017-12-17T16:13:34.113+0300: 789.874: [GC (CMS Initial Mark) [1 CMS-initial-mark: 349567K(349568K)] 506815K(506816K), 0.0971176 secs] [Times: user=0.09 sys=0.00, real=0.10 secs] 
2017-12-17T16:13:34.211+0300: 789.972: [CMS-concurrent-mark-start]
2017-12-17T16:13:34.211+0300: 789.972: [Full GC (Allocation Failure) 2017-12-17T16:13:34.211+0300: 789.972: [CMS2017-12-17T16:13:34.507+0300: 790.268: [CMS-concurrent-mark: 0.296/0.296 secs] [Times: user=0.59 sys=0.00, real=0.30 secs] 
 (concurrent mode failure): 349567K->349567K(349568K), 1.1526352 secs] 506815K->506815K(506816K), [Metaspace: 9579K->9579K(1058816K)], 1.1526811 secs] [Times: user=1.45 sys=0.00, real=1.15 secs] 
2017-12-17T16:13:35.364+0300: 791.125: [Full GC (Allocation Failure) 2017-12-17T16:13:35.364+0300: 791.125: [CMS: 349567K->349567K(349568K), 1.0404676 secs] 506815K->506798K(506816K), [Metaspace: 9579K->9579K(1058816K)], 1.0405090 secs] [Times: user=1.00 sys=0.05, real=1.04 secs] 
2017-12-17T16:13:36.404+0300: 792.166: [GC (CMS Initial Mark) [1 CMS-initial-mark: 349567K(349568K)] 506801K(506816K), 0.0973623 secs] [Times: user=0.09 sys=0.00, real=0.10 secs] 
2017-12-17T16:13:36.502+0300: 792.263: [CMS-concurrent-mark-start]
2017-12-17T16:13:36.502+0300: 792.263: [Full GC (Allocation Failure) 2017-12-17T16:13:36.502+0300: 792.263: [CMS2017-12-17T16:13:36.811+0300: 792.572: [CMS-concurrent-mark: 0.308/0.309 secs] [Times: user=0.62 sys=0.00, real=0.31 secs] 
 (concurrent mode failure): 349568K->349568K(349568K), 1.3372515 secs] 506815K->506810K(506816K), [Metaspace: 9579K->9579K(1058816K)], 1.3372982 secs] [Times: user=1.65 sys=0.00, real=1.34 secs] 
2017-12-17T16:13:37.840+0300: 793.601: [Full GC (Allocation Failure) 2017-12-17T16:13:37.840+0300: 793.601: [CMS: 349568K->349568K(349568K), 0.8675369 secs] 506815K->506813K(506816K), [Metaspace: 9579K->9579K(1058816K)], 0.8675876 secs] [Times: user=0.83 sys=0.06, real=0.87 secs] 
2017-12-17T16:13:38.707+0300: 794.469: [GC (CMS Initial Mark) [1 CMS-initial-mark: 349568K(349568K)] 506815K(506816K), 0.0975516 secs] [Times: user=0.11 sys=0.00, real=0.10 secs] 
2017-12-17T16:13:38.805+0300: 794.566: [CMS-concurrent-mark-start]
2017-12-17T16:13:38.805+0300: 794.567: [Full GC (Allocation Failure) 2017-12-17T16:13:38.805+0300: 794.567: [CMS2017-12-17T16:13:39.110+0300: 794.871: [CMS-concurrent-mark: 0.304/0.305 secs] [Times: user=0.59 sys=0.00, real=0.30 secs] 
 (concurrent mode failure): 349568K->349568K(349568K), 1.1569383 secs] 506815K->506815K(506816K), [Metaspace: 9579K->9579K(1058816K)], 1.1569830 secs] [Times: user=1.44 sys=0.01, real=1.16 secs] 
2017-12-17T16:13:39.962+0300: 795.724: [Full GC (Allocation Failure) 2017-12-17T16:13:39.962+0300: 795.724: [CMS: 349568K->349568K(349568K), 0.8626961 secs] 506815K->506815K(506816K), [Metaspace: 9579K->9579K(1058816K)], 0.8627377 secs] [Times: user=0.84 sys=0.02, real=0.86 secs] 
2017-12-17T16:13:40.825+0300: 796.587: [Full GC (Allocation Failure) 2017-12-17T16:13:40.825+0300: 796.587: [CMS: 349568K->349568K(349568K), 0.8346008 secs] 506815K->506812K(506816K), [Metaspace: 9579K->9579K(1058816K)], 0.8346367 secs] [Times: user=0.81 sys=0.03, real=0.84 secs] 
2017-12-17T16:13:41.660+0300: 797.421: [GC (CMS Initial Mark) [1 CMS-initial-mark: 349568K(349568K)] 506815K(506816K), 0.0985360 secs] [Times: user=0.09 sys=0.00, real=0.10 secs] 
2017-12-17T16:13:41.759+0300: 797.520: [CMS-concurrent-mark-start]
2017-12-17T16:13:41.759+0300: 797.520: [Full GC (Allocation Failure) 2017-12-17T16:13:41.759+0300: 797.520: [CMS2017-12-17T16:13:42.056+0300: 797.817: [CMS-concurrent-mark: 0.296/0.297 secs] [Times: user=0.59 sys=0.00, real=0.30 secs] 
 (concurrent mode failure): 349568K->349568K(349568K), 1.1595487 secs] 506815K->506814K(506816K), [Metaspace: 9579K->9579K(1058816K)], 1.1595912 secs] [Times: user=1.45 sys=0.00, real=1.16 secs] 
2017-12-17T16:13:42.919+0300: 798.680: [Full GC (Allocation Failure) 2017-12-17T16:13:42.919+0300: 798.680: [CMS: 349568K->349567K(349568K), 1.0294619 secs] 506814K->506814K(506816K), [Metaspace: 9579K->9579K(1058816K)], 1.0295063 secs] [Times: user=1.01 sys=0.02, real=1.03 secs] 
2017-12-17T16:13:43.948+0300: 799.710: [Full GC (Allocation Failure) 2017-12-17T16:13:43.948+0300: 799.710: [CMS: 349567K->349567K(349568K), 0.8484108 secs] 506814K->506814K(506816K), [Metaspace: 9579K->9579K(1058816K)], 0.8484479 secs] [Times: user=0.84 sys=0.01, real=0.85 secs] 
2017-12-17T16:13:44.797+0300: 800.558: [Full GC (Allocation Failure) 2017-12-17T16:13:44.797+0300: 800.558: [CMS: 349567K->349567K(349568K), 0.8367872 secs] 506815K->506813K(506816K), [Metaspace: 9579K->9579K(1058816K)], 0.8368516 secs] [Times: user=0.80 sys=0.03, real=0.84 secs] 
2017-12-17T16:13:45.634+0300: 801.395: [GC (CMS Initial Mark) [1 CMS-initial-mark: 349567K(349568K)] 506813K(506816K), 0.0979855 secs] [Times: user=0.11 sys=0.02, real=0.10 secs] 
2017-12-17T16:13:45.732+0300: 801.493: [CMS-concurrent-mark-start]
2017-12-17T16:13:45.732+0300: 801.494: [Full GC (Allocation Failure) 2017-12-17T16:13:45.732+0300: 801.494: [CMS2017-12-17T16:13:46.032+0300: 801.794: [CMS-concurrent-mark: 0.299/0.300 secs] [Times: user=0.59 sys=0.00, real=0.30 secs] 
 (concurrent mode failure): 349567K->349567K(349568K), 1.1393395 secs] 506815K->506815K(506816K), [Metaspace: 9579K->9579K(1058816K)], 1.1393800 secs] [Times: user=1.44 sys=0.00, real=1.14 secs] 
2017-12-17T16:13:46.873+0300: 802.633: [Full GC (Allocation Failure) 2017-12-17T16:13:46.873+0300: 802.633: [CMS: 349568K->349568K(349568K), 0.8391433 secs] 506816K->506816K(506816K), [Metaspace: 9579K->9579K(1058816K)], 0.8391946 secs] [Times: user=0.81 sys=0.02, real=0.84 secs] 
2017-12-17T16:13:47.712+0300: 803.472: [Full GC (Allocation Failure) 2017-12-17T16:13:47.712+0300: 803.472: [CMS: 349568K->349568K(349568K), 0.8344784 secs] 506816K->506815K(506816K), [Metaspace: 9579K->9579K(1058816K)], 0.8345417 secs] [Times: user=0.83 sys=0.01, real=0.83 secs] 
2017-12-17T16:13:48.546+0300: 804.307: [Full GC (Allocation Failure) 2017-12-17T16:13:48.546+0300: 804.307: [CMS: 349568K->349568K(349568K), 0.8726576 secs] 506816K->506816K(506816K), [Metaspace: 9579K->9579K(1058816K)], 0.8727015 secs] [Times: user=0.84 sys=0.03, real=0.87 secs] 
2017-12-17T16:13:49.419+0300: 805.180: [Full GC (Allocation Failure) 2017-12-17T16:13:49.419+0300: 805.180: [CMS: 349568K->349568K(349568K), 0.8624464 secs] 506816K->506816K(506816K), [Metaspace: 9579K->9579K(1058816K)], 0.8624983 secs] [Times: user=0.84 sys=0.02, real=0.86 secs] 
2017-12-17T16:13:50.282+0300: 806.043: [Full GC (Allocation Failure) 2017-12-17T16:13:50.282+0300: 806.043: [CMS: 349568K->349568K(349568K), 0.8389497 secs] 506816K->506815K(506816K), [Metaspace: 9579K->9579K(1058816K)], 0.8389922 secs] [Times: user=0.84 sys=0.00, real=0.84 secs] 
2017-12-17T16:13:51.121+0300: 806.882: [GC (CMS Initial Mark) [1 CMS-initial-mark: 349568K(349568K)] 506815K(506816K), 0.0962680 secs] [Times: user=0.11 sys=0.00, real=0.10 secs] 
2017-12-17T16:13:51.217+0300: 806.978: [CMS-concurrent-mark-start]
2017-12-17T16:13:51.217+0300: 806.978: [Full GC (Allocation Failure) 2017-12-17T16:13:51.217+0300: 806.978: [CMS2017-12-17T16:13:51.516+0300: 807.277: [CMS-concurrent-mark: 0.298/0.298 secs] [Times: user=0.59 sys=0.00, real=0.30 secs] 
 (concurrent mode failure): 349568K->349568K(349568K), 1.1227617 secs] 506815K->506815K(506816K), [Metaspace: 9579K->9579K(1058816K)], 1.1228070 secs] [Times: user=1.40 sys=0.02, real=1.12 secs] 
2017-12-17T16:13:52.340+0300: 808.101: [Full GC (Allocation Failure) 2017-12-17T16:13:52.340+0300: 808.101: [CMS: 349568K->349568K(349568K), 0.8344496 secs] 506816K->506815K(506816K), [Metaspace: 9579K->9579K(1058816K)], 0.8344918 secs] [Times: user=0.81 sys=0.03, real=0.84 secs] 
2017-12-17T16:13:53.175+0300: 808.936: [Full GC (Allocation Failure) 2017-12-17T16:13:53.175+0300: 808.936: [CMS: 349568K->349568K(349568K), 0.8281939 secs] 506816K->506816K(506816K), [Metaspace: 9579K->9579K(1058816K)], 0.8282350 secs] [Times: user=0.78 sys=0.05, real=0.83 secs] 
2017-12-17T16:13:54.003+0300: 809.764: [Full GC (Allocation Failure) 2017-12-17T16:13:54.003+0300: 809.764: [CMS: 349568K->349568K(349568K), 0.8410289 secs] 506816K->506815K(506816K), [Metaspace: 9579K->9579K(1058816K)], 0.8410646 secs] [Times: user=0.83 sys=0.02, real=0.84 secs] 
2017-12-17T16:13:54.845+0300: 810.606: [GC (CMS Initial Mark) [1 CMS-initial-mark: 349568K(349568K)] 506815K(506816K), 0.0970566 secs] [Times: user=0.09 sys=0.00, real=0.10 secs] 
2017-12-17T16:13:54.942+0300: 810.703: [CMS-concurrent-mark-start]
2017-12-17T16:13:54.942+0300: 810.703: [Full GC (Allocation Failure) 2017-12-17T16:13:54.942+0300: 810.703: [CMS2017-12-17T16:13:55.239+0300: 811.000: [CMS-concurrent-mark: 0.296/0.297 secs] [Times: user=0.59 sys=0.00, real=0.30 secs] 
 (concurrent mode failure): 349568K->349568K(349568K), 1.1334858 secs] 506816K->506813K(506816K), [Metaspace: 9579K->9579K(1058816K)], 1.1335289 secs] [Times: user=1.39 sys=0.05, real=1.13 secs] 
2017-12-17T16:13:56.076+0300: 811.837: [Full GC (Allocation Failure) 2017-12-17T16:13:56.076+0300: 811.837: [CMS: 349568K->349568K(349568K), 0.8491159 secs] 506816K->506815K(506816K), [Metaspace: 9579K->9579K(1058816K)], 0.8491655 secs] [Times: user=0.81 sys=0.03, real=0.85 secs] 
2017-12-17T16:13:56.925+0300: 812.686: [Full GC (Allocation Failure) 2017-12-17T16:13:56.925+0300: 812.686: [CMS: 349568K->349568K(349568K), 0.8489408 secs] 506815K->506815K(506816K), [Metaspace: 9579K->9579K(1058816K)], 0.8489873 secs] [Times: user=0.84 sys=0.00, real=0.85 secs] 
2017-12-17T16:13:57.774+0300: 813.535: [Full GC (Allocation Failure) 2017-12-17T16:13:57.774+0300: 813.535: [CMS: 349568K->349568K(349568K), 0.8225757 secs] 506815K->506815K(506816K), [Metaspace: 9579K->9579K(1058816K)], 0.8226142 secs] [Times: user=0.83 sys=0.00, real=0.82 secs] 
2017-12-17T16:13:58.597+0300: 814.358: [Full GC (Allocation Failure) 2017-12-17T16:13:58.597+0300: 814.358: [CMS: 349568K->349567K(349568K), 1.0344018 secs] 506815K->506798K(506816K), [Metaspace: 9579K->9579K(1058816K)], 1.0344477 secs] [Times: user=1.00 sys=0.03, real=1.03 secs] 
2017-12-17T16:13:59.631+0300: 815.393: [GC (CMS Initial Mark) [1 CMS-initial-mark: 349567K(349568K)] 506798K(506816K), 0.0967827 secs] [Times: user=0.16 sys=0.00, real=0.10 secs] 
2017-12-17T16:13:59.728+0300: 815.490: [CMS-concurrent-mark-start]
2017-12-17T16:13:59.730+0300: 815.491: [Full GC (Allocation Failure) 2017-12-17T16:13:59.730+0300: 815.491: [CMS2017-12-17T16:14:00.318+0300: 816.079: [CMS-concurrent-mark: 0.589/0.590 secs] [Times: user=1.19 sys=0.02, real=0.59 secs] 
 (concurrent mode failure): 349567K->3064K(349568K), 0.7740907 secs] 506815K->3064K(506816K), [Metaspace: 9579K->9579K(1058816K)], 0.7741344 secs] [Times: user=1.36 sys=0.02, real=0.77 secs] 
Heap
 par new generation   total 157248K, used 5462K [0x00000000e0000000, 0x00000000eaaa0000, 0x00000000eaaa0000)
  eden space 139776K,   3% used [0x00000000e0000000, 0x00000000e0555aa8, 0x00000000e8880000)
  from space 17472K,   0% used [0x00000000e8880000, 0x00000000e8880000, 0x00000000e9990000)
  to   space 17472K,   0% used [0x00000000e9990000, 0x00000000e9990000, 0x00000000eaaa0000)
 concurrent mark-sweep generation total 349568K, used 3064K [0x00000000eaaa0000, 0x0000000100000000, 0x0000000100000000)
 Metaspace       used 9601K, capacity 9954K, committed 10496K, reserved 1058816K
  class space    used 1126K, capacity 1215K, committed 1280K, reserved 1048576K
